Archive member included to satisfy reference by file (symbol)

/usr/local/mcuxpressoide-10.2.1_795/ide/tools/bin/../lib/gcc/arm-none-eabi/7.2.1/../../../../arm-none-eabi/lib/thumb/v6-m/libcr_semihost_nf.a(_cr__main.o)
                              ./startup/startup_mkl46z4.o (__main)
/usr/local/mcuxpressoide-10.2.1_795/ide/tools/bin/../lib/gcc/arm-none-eabi/7.2.1/../../../../arm-none-eabi/lib/thumb/v6-m/libcr_semihost_nf.a(_cr_assert.o)
                              ./utilities/fsl_debug_console.o (__assertion_failed)
/usr/local/mcuxpressoide-10.2.1_795/ide/tools/bin/../lib/gcc/arm-none-eabi/7.2.1/../../../../arm-none-eabi/lib/thumb/v6-m/libcr_semihost_nf.a(__ciob.o)
                              /usr/local/mcuxpressoide-10.2.1_795/ide/tools/bin/../lib/gcc/arm-none-eabi/7.2.1/../../../../arm-none-eabi/lib/thumb/v6-m/libcr_semihost_nf.a(_cr_assert.o) (__Ciob)
/usr/local/mcuxpressoide-10.2.1_795/ide/tools/bin/../lib/gcc/arm-none-eabi/7.2.1/../../../../arm-none-eabi/lib/thumb/v6-m/libcr_semihost_nf.a(__sys_appexit.o)
                              /usr/local/mcuxpressoide-10.2.1_795/ide/tools/bin/../lib/gcc/arm-none-eabi/7.2.1/../../../../arm-none-eabi/lib/thumb/v6-m/libcr_semihost_nf.a(_cr_assert.o) (__sys_appexit)
/usr/local/mcuxpressoide-10.2.1_795/ide/tools/bin/../lib/gcc/arm-none-eabi/7.2.1/../../../../arm-none-eabi/lib/thumb/v6-m/libcr_c.a(memcpy.o)
                              ./drivers/fsl_ftfx_cache.o (memcpy)
/usr/local/mcuxpressoide-10.2.1_795/ide/tools/bin/../lib/gcc/arm-none-eabi/7.2.1/../../../../arm-none-eabi/lib/thumb/v6-m/libcr_c.a(memset.o)
                              ./drivers/fsl_ftfx_cache.o (memset)
/usr/local/mcuxpressoide-10.2.1_795/ide/tools/bin/../lib/gcc/arm-none-eabi/7.2.1/../../../../arm-none-eabi/lib/thumb/v6-m/libcr_c.a(_deferredlazyseek.o)
                              /usr/local/mcuxpressoide-10.2.1_795/ide/tools/bin/../lib/gcc/arm-none-eabi/7.2.1/../../../../arm-none-eabi/lib/thumb/v6-m/libcr_semihost_nf.a(_cr_assert.o) (__flsbuf)
/usr/local/mcuxpressoide-10.2.1_795/ide/tools/bin/../lib/gcc/arm-none-eabi/7.2.1/../../../../arm-none-eabi/lib/thumb/v6-m/libcr_c.a(_fflush.o)
                              /usr/local/mcuxpressoide-10.2.1_795/ide/tools/bin/../lib/gcc/arm-none-eabi/7.2.1/../../../../arm-none-eabi/lib/thumb/v6-m/libcr_c.a(_deferredlazyseek.o) (_fflush)
/usr/local/mcuxpressoide-10.2.1_795/ide/tools/bin/../lib/gcc/arm-none-eabi/7.2.1/../../../../arm-none-eabi/lib/thumb/v6-m/libcr_c.a(_writebuf.o)
                              /usr/local/mcuxpressoide-10.2.1_795/ide/tools/bin/../lib/gcc/arm-none-eabi/7.2.1/../../../../arm-none-eabi/lib/thumb/v6-m/libcr_c.a(_deferredlazyseek.o) (_Cwritebuf)
/usr/local/mcuxpressoide-10.2.1_795/ide/tools/bin/../lib/gcc/arm-none-eabi/7.2.1/../../../../arm-none-eabi/lib/thumb/v6-m/libcr_c.a(alloc.o)
                              ./source/ringBuffer.o (malloc)
/usr/local/mcuxpressoide-10.2.1_795/ide/tools/bin/../lib/gcc/arm-none-eabi/7.2.1/../../../../arm-none-eabi/lib/thumb/v6-m/libcr_c.a(fputs.o)
                              /usr/local/mcuxpressoide-10.2.1_795/ide/tools/bin/../lib/gcc/arm-none-eabi/7.2.1/../../../../arm-none-eabi/lib/thumb/v6-m/libcr_semihost_nf.a(_cr_assert.o) (fputs)
/usr/local/mcuxpressoide-10.2.1_795/ide/tools/bin/../lib/gcc/arm-none-eabi/7.2.1/../../../../arm-none-eabi/lib/thumb/v6-m/libcr_c.a(fseek.o)
                              /usr/local/mcuxpressoide-10.2.1_795/ide/tools/bin/../lib/gcc/arm-none-eabi/7.2.1/../../../../arm-none-eabi/lib/thumb/v6-m/libcr_c.a(_deferredlazyseek.o) (fseek)
/usr/local/mcuxpressoide-10.2.1_795/ide/tools/bin/../lib/gcc/arm-none-eabi/7.2.1/../../../../arm-none-eabi/lib/thumb/v6-m/libcr_c.a(ftell.o)
                              /usr/local/mcuxpressoide-10.2.1_795/ide/tools/bin/../lib/gcc/arm-none-eabi/7.2.1/../../../../arm-none-eabi/lib/thumb/v6-m/libcr_c.a(fseek.o) (ftell)
/usr/local/mcuxpressoide-10.2.1_795/ide/tools/bin/../lib/gcc/arm-none-eabi/7.2.1/../../../../arm-none-eabi/lib/thumb/v6-m/libcr_c.a(initio.o)
                              /usr/local/mcuxpressoide-10.2.1_795/ide/tools/bin/../lib/gcc/arm-none-eabi/7.2.1/../../../../arm-none-eabi/lib/thumb/v6-m/libcr_semihost_nf.a(_cr__main.o) (_initio)
/usr/local/mcuxpressoide-10.2.1_795/ide/tools/bin/../lib/gcc/arm-none-eabi/7.2.1/../../../../arm-none-eabi/lib/thumb/v6-m/libcr_c.a(printf.o)
                              ./utilities/fsl_assert.o (_printf)
/usr/local/mcuxpressoide-10.2.1_795/ide/tools/bin/../lib/gcc/arm-none-eabi/7.2.1/../../../../arm-none-eabi/lib/thumb/v6-m/libcr_c.a(setvbuf.o)
                              /usr/local/mcuxpressoide-10.2.1_795/ide/tools/bin/../lib/gcc/arm-none-eabi/7.2.1/../../../../arm-none-eabi/lib/thumb/v6-m/libcr_c.a(initio.o) (setvbuf)
/usr/local/mcuxpressoide-10.2.1_795/ide/tools/bin/../lib/gcc/arm-none-eabi/7.2.1/../../../../arm-none-eabi/lib/thumb/v6-m/libcr_c.a(strlen.o)
                              ./utilities/fsl_str.o (strlen)
[...]
Memory Configuration

Name             Origin             Length             Attributes
PROGRAM_FLASH    0x0000000000000000 0x0000000000040000 xr
SRAM             0x000000001fffe000 0x0000000000008000 xrw
*default*        0x0000000000000000 0xffffffffffffffff

Linker script and memory map

LOAD ./utilities/fsl_assert.o
LOAD ./utilities/fsl_debug_console.o
LOAD ./utilities/fsl_io.o
LOAD ./utilities/fsl_log.o
LOAD ./utilities/fsl_str.o
LOAD ./startup/startup_mkl46z4.o
LOAD ./source/SD2_board.o
LOAD ./source/ejemploUartRB.o
LOAD ./source/mtb.o
LOAD ./source/ringBuffer.o
LOAD ./source/semihost_hardfault.o
LOAD ./source/uart_ringBufer.o
LOAD ./drivers/fsl_clock.o
LOAD ./drivers/fsl_common.o
LOAD ./drivers/fsl_ftfx_cache.o
LOAD ./drivers/fsl_ftfx_controller.o
LOAD ./drivers/fsl_ftfx_flash.o
LOAD ./drivers/fsl_ftfx_flexnvm.o
LOAD ./drivers/fsl_gpio.o
LOAD ./drivers/fsl_lpsci.o
LOAD ./drivers/fsl_smc.o
LOAD ./drivers/fsl_uart.o
LOAD ./board/src/board.o
LOAD ./board/src/clock_config.o
LOAD ./board/peripherals.o
LOAD ./board/pin_mux.o
LOAD ./CMSIS/system_MKL46Z4.o
START GROUP
LOAD /usr/local/mcuxpressoide-10.2.1_795/ide/tools/bin/../lib/gcc/arm-none-eabi/7.2.1/../../../../arm-none-eabi/lib/thumb/v6-m/libcr_semihost_nf.a
LOAD /usr/local/mcuxpressoide-10.2.1_795/ide/tools/bin/../lib/gcc/arm-none-eabi/7.2.1/../../../../arm-none-eabi/lib/thumb/v6-m/libcr_c.a
LOAD /usr/local/mcuxpressoide-10.2.1_795/ide/tools/bin/../lib/gcc/arm-none-eabi/7.2.1/thumb/v6-m/libcr_eabihelpers.a
END GROUP
                0x0000000000000000                __base_PROGRAM_FLASH = 0x0
                0x0000000000000000                __base_Flash = 0x0
                0x0000000000040000                __top_PROGRAM_FLASH = 0x40000
                0x0000000000040000                __top_Flash = 0x40000
                0x000000001fffe000                __base_SRAM = 0x1fffe000
                0x000000001fffe000                __base_RAM = 0x1fffe000
                0x0000000020006000                __top_SRAM = 0x20006000
                0x0000000020006000                __top_RAM = 0x20006000

.text           0x0000000000000000     0x2cd4
 FILL mask 0xff
                0x0000000000000000                __vectors_start__ = ABSOLUTE (.)
 *(SORT_BY_ALIGNMENT(.isr_vector))
 .isr_vector    0x0000000000000000       0xc0 ./startup/startup_mkl46z4.o
                0x0000000000000000                __Vectors
                0x0000000000000000                g_pfnVectors
                0x00000000000000c0                . = ALIGN (0x4)
                0x00000000000000c0                __section_table_start = .
                0x00000000000000c0                __data_section_table = .
                0x00000000000000c0        0x4 LONG 0x2cd4 LOADADDR (.data)
                0x00000000000000c4        0x4 LONG 0x1fffe080 ADDR (.data)
                0x00000000000000c8        0x4 LONG 0xc SIZEOF (.data)
                0x00000000000000cc                __data_section_table_end = .
                0x00000000000000cc                __bss_section_table = .
                0x00000000000000cc        0x4 LONG 0x1fffe08c ADDR (.bss)
                0x00000000000000d0        0x4 LONG 0xe8 SIZEOF (.bss)
                0x00000000000000d4                __bss_section_table_end = .
                0x00000000000000d4                __section_table_end = .
 *(SORT_BY_ALIGNMENT(.after_vectors*))
 .after_vectors.reset
                0x00000000000000d4       0x4c ./startup/startup_mkl46z4.o
                0x00000000000000d4                ResetISR
 .after_vectors.init_data
                0x0000000000000120       0x16 ./startup/startup_mkl46z4.o
                0x0000000000000120                data_init
 .after_vectors.init_bss
                0x0000000000000136       0x12 ./startup/startup_mkl46z4.o
                0x0000000000000136                bss_init
 .after_vectors
                0x0000000000000148      0x10c ./startup/startup_mkl46z4.o
                0x0000000000000148                NMI_Handler
                0x000000000000014c                SVC_Handler
                0x000000000000014e                PendSV_Handler
                0x0000000000000150                SysTick_Handler
                0x0000000000000152                PIT_DriverIRQHandler
                0x0000000000000152                DMA0_DriverIRQHandler
                0x0000000000000152                SPI1_DriverIRQHandler
                0x0000000000000152                LPTMR0_DriverIRQHandler
                0x0000000000000152                PORTC_PORTD_DriverIRQHandler
                0x0000000000000152                I2S0_DriverIRQHandler
                0x0000000000000152                TPM2_DriverIRQHandler
                0x0000000000000152                TSI0_DriverIRQHandler
                0x0000000000000152                RTC_Seconds_DriverIRQHandler
                0x0000000000000152                LLWU_DriverIRQHandler
                0x0000000000000152                MCG_DriverIRQHandler
                0x0000000000000152                FTFA_DriverIRQHandler
                0x0000000000000152                IntDefaultHandler
                0x0000000000000152                USB0_DriverIRQHandler
                0x0000000000000152                DAC0_DriverIRQHandler
                0x0000000000000152                LVD_LVW_DriverIRQHandler
                0x0000000000000152                TPM0_DriverIRQHandler
                0x0000000000000152                Reserved20_DriverIRQHandler
                0x0000000000000152                DMA3_DriverIRQHandler
                0x0000000000000152                PORTA_DriverIRQHandler
                0x0000000000000152                TPM1_DriverIRQHandler
                0x0000000000000152                RTC_DriverIRQHandler
                0x0000000000000152                LCD_DriverIRQHandler
                0x0000000000000152                DMA1_DriverIRQHandler
                0x0000000000000152                I2C1_DriverIRQHandler
                0x0000000000000152                SPI0_DriverIRQHandler
                0x0000000000000152                ADC0_DriverIRQHandler
                0x0000000000000152                CMP0_DriverIRQHandler
                0x0000000000000152                DMA2_DriverIRQHandler
                0x0000000000000152                I2C0_DriverIRQHandler
                0x0000000000000154                DMA0_IRQHandler
                0x000000000000015c                DMA1_IRQHandler
                0x0000000000000164                DMA2_IRQHandler
                0x000000000000016c                DMA3_IRQHandler
                0x0000000000000174                Reserved20_IRQHandler
                0x000000000000017c                FTFA_IRQHandler
                0x0000000000000184                LVD_LVW_IRQHandler
                0x000000000000018c                LLWU_IRQHandler
                0x0000000000000194                I2C0_IRQHandler
                0x000000000000019c                I2C1_IRQHandler
                0x00000000000001a4                SPI0_IRQHandler
                0x00000000000001ac                SPI1_IRQHandler
                0x00000000000001bc                UART1_IRQHandler
                0x00000000000001c4                UART2_IRQHandler
                0x00000000000001cc                ADC0_IRQHandler
                0x00000000000001d4                CMP0_IRQHandler
                0x00000000000001dc                TPM0_IRQHandler
                0x00000000000001e4                TPM1_IRQHandler
                0x00000000000001ec                TPM2_IRQHandler
                0x00000000000001f4                RTC_IRQHandler
                0x00000000000001fc                RTC_Seconds_IRQHandler
                0x0000000000000204                PIT_IRQHandler
                0x000000000000020c                I2S0_IRQHandler
                0x0000000000000214                USB0_IRQHandler
                0x000000000000021c                DAC0_IRQHandler
                0x0000000000000224                TSI0_IRQHandler
                0x000000000000022c                MCG_IRQHandler
                0x0000000000000234                LPTMR0_IRQHandler
                0x000000000000023c                LCD_IRQHandler
                0x0000000000000244                PORTA_IRQHandler
                0x000000000000024c                PORTC_PORTD_IRQHandler
                0x0000000000000400                . = 0x400
 *fill*         0x0000000000000254      0x1ac ff
                0x0000000000000400                PROVIDE (__FLASH_CONFIG_START__, .)
 *(SORT_BY_ALIGNMENT(.FlashConfig))
 .FlashConfig   0x0000000000000400       0x10 ./startup/startup_mkl46z4.o
                0x0000000000000400                Flash_Config
                0x0000000000000410                PROVIDE (__FLASH_CONFIG_END__, .)
                0x0000000000000001                ASSERT (! ((__FLASH_CONFIG_START__ == __FLASH_CONFIG_END__)), Linker Flash Config Support Enabled, but no .FlashConfig section provided within application)
 *(SORT_BY_ALIGNMENT(.text*))
 .text.CLOCK_EnableClock
                0x0000000000000410       0x34 ./source/SD2_board.o
 .text.PORT_SetPinConfig
                0x0000000000000444       0x38 ./source/SD2_board.o
 .text.board_init
                0x000000000000047c      0x178 ./source/SD2_board.o
                0x000000000000047c                board_init
 .text.HardFault_Handler
                0x00000000000005f4       0x30 ./source/semihost_hardfault.o
                0x00000000000005f4                HardFault_Handler
 .text.__NVIC_EnableIRQ
                0x0000000000000624       0x34 ./source/uart_ringBufer.o
 .text.__NVIC_DisableIRQ
                0x0000000000000658       0x40 ./source/uart_ringBufer.o
 .text.CLOCK_SetLpsci0Clock
                0x0000000000000698       0x38 ./source/uart_ringBufer.o
 .text.PORT_SetPinMux
                0x00000000000006d0       0x40 ./source/uart_ringBufer.o
 .text.uart_ringBuffer_init
                0x0000000000000710       0xb0 ./source/uart_ringBufer.o
                0x0000000000000710                uart_ringBuffer_init
 .text.uart_ringBuffer_recDatos
                0x00000000000007c0       0x6c ./source/uart_ringBufer.o
                0x00000000000007c0                uart_ringBuffer_recDatos
 .text.uart_ringBuffer_envDatos
                0x000000000000082c       0x84 ./source/uart_ringBufer.o
                0x000000000000082c                uart_ringBuffer_envDatos
 .text.UART0_IRQHandler
                0x00000000000008b0       0xc4 ./source/uart_ringBufer.o
                0x00000000000008b0                UART0_IRQHandler
 .text.CLOCK_SetEr32kClock
                0x0000000000000974       0x34 ./drivers/fsl_clock.o
 .text.CLOCK_SetPllFllSelClock
                0x00000000000009a8       0x38 ./drivers/fsl_clock.o
 .text.CLOCK_GetMcgExtClkFreq
                0x00000000000009e0       0x28 ./drivers/fsl_clock.o
 .text.CLOCK_GetFllExtRefClkFreq
                0x0000000000000a08       0xa4 ./drivers/fsl_clock.o
 .text.CLOCK_GetInternalRefClkSelectFreq
                0x0000000000000aac       0x40 ./drivers/fsl_clock.o
 .text.CLOCK_GetFllRefClkFreq
                0x0000000000000aec       0x2c ./drivers/fsl_clock.o
 .text.CLOCK_GetOscRangeFromFreq
                0x0000000000000b18       0x4c ./drivers/fsl_clock.o
 .text.CLOCK_GetOsc0ErClkFreq
                0x0000000000000b64       0x3c ./drivers/fsl_clock.o
                0x0000000000000b64                CLOCK_GetOsc0ErClkFreq
 .text.CLOCK_GetEr32kClkFreq
                0x0000000000000ba0       0x74 ./drivers/fsl_clock.o
                0x0000000000000ba0                CLOCK_GetEr32kClkFreq
 .text.CLOCK_GetPllFllSelClkFreq
                0x0000000000000c14       0x4c ./drivers/fsl_clock.o
                0x0000000000000c14                CLOCK_GetPllFllSelClkFreq
 .text.CLOCK_GetFreq
                0x0000000000000c60       0xe0 ./drivers/fsl_clock.o
                0x0000000000000c60                CLOCK_GetFreq
 .text.CLOCK_SetSimConfig
                0x0000000000000d40       0x38 ./drivers/fsl_clock.o
                0x0000000000000d40                CLOCK_SetSimConfig
 .text.CLOCK_GetOutClkFreq
                0x0000000000000d78       0x60 ./drivers/fsl_clock.o
                0x0000000000000d78                CLOCK_GetOutClkFreq
 .text.CLOCK_GetFllFreq
                0x0000000000000dd8       0x84 ./drivers/fsl_clock.o
                0x0000000000000dd8                CLOCK_GetFllFreq
 .text.CLOCK_GetInternalRefClkFreq
                0x0000000000000e5c       0x28 ./drivers/fsl_clock.o
                0x0000000000000e5c                CLOCK_GetInternalRefClkFreq
 .text.CLOCK_GetPll0Freq
                0x0000000000000e84       0x70 ./drivers/fsl_clock.o
                0x0000000000000e84                CLOCK_GetPll0Freq
 .text.CLOCK_SetInternalRefClkConfig
                0x0000000000000ef4      0x128 ./drivers/fsl_clock.o
                0x0000000000000ef4                CLOCK_SetInternalRefClkConfig
 .text.CLOCK_EnablePll0
                0x000000000000101c       0x90 ./drivers/fsl_clock.o
                0x000000000000101c                CLOCK_EnablePll0
 .text.CLOCK_InitOsc0
                0x00000000000010ac       0x94 ./drivers/fsl_clock.o
                0x00000000000010ac                CLOCK_InitOsc0
 .text.CLOCK_SetPbeMode
                0x0000000000001140       0xb0 ./drivers/fsl_clock.o
                0x0000000000001140                CLOCK_SetPbeMode
 .text.CLOCK_BootToPeeMode
                0x00000000000011f0       0x70 ./drivers/fsl_clock.o
                0x00000000000011f0                CLOCK_BootToPeeMode
 .text.GPIO_PinInit
                0x0000000000001260       0x64 ./drivers/fsl_gpio.o
                0x0000000000001260                GPIO_PinInit
 .text.CLOCK_EnableClock
                0x00000000000012c4       0x34 ./drivers/fsl_lpsci.o
 .text.LPSCI_GetInstance
                0x00000000000012f8       0x48 ./drivers/fsl_lpsci.o
                0x00000000000012f8                LPSCI_GetInstance
 .text.LPSCI_Init
                0x0000000000001340      0x278 ./drivers/fsl_lpsci.o
                0x0000000000001340                LPSCI_Init
 .text.LPSCI_GetDefaultConfig
                0x00000000000015b8       0x48 ./drivers/fsl_lpsci.o
                0x00000000000015b8                LPSCI_GetDefaultConfig
 .text.LPSCI_EnableInterrupts
                0x0000000000001600       0x58 ./drivers/fsl_lpsci.o
                0x0000000000001600                LPSCI_EnableInterrupts
 .text.LPSCI_DisableInterrupts
                0x0000000000001658       0x64 ./drivers/fsl_lpsci.o
                0x0000000000001658                LPSCI_DisableInterrupts
 .text.LPSCI_GetEnabledInterrupts
                0x00000000000016bc       0x38 ./drivers/fsl_lpsci.o
                0x00000000000016bc                LPSCI_GetEnabledInterrupts
 .text.LPSCI_ClearStatusFlags
                0x00000000000016f4       0x94 ./drivers/fsl_lpsci.o
                0x00000000000016f4                LPSCI_ClearStatusFlags
 .text.UART0_DriverIRQHandler
                0x0000000000001788       0x24 ./drivers/fsl_lpsci.o
                0x0000000000001788                UART0_DriverIRQHandler
 .text.UART1_DriverIRQHandler
                0x00000000000017ac       0x24 ./drivers/fsl_uart.o
                0x00000000000017ac                UART1_DriverIRQHandler
 .text.UART2_DriverIRQHandler
                0x00000000000017d0       0x24 ./drivers/fsl_uart.o
                0x00000000000017d0                UART2_DriverIRQHandler
 .text.CLOCK_SetSimSafeDivs
                0x00000000000017f4       0x20 ./board/src/clock_config.o
 .text.CLOCK_SetXtal0Freq
                0x0000000000001814       0x1c ./board/src/clock_config.o
 .text.CLOCK_CONFIG_SetFllExtRefDiv
                0x0000000000001830       0x3c ./board/src/clock_config.o
 .text.BOARD_BootClockRUN
                0x000000000000186c       0x64 ./board/src/clock_config.o
                0x000000000000186c                BOARD_BootClockRUN
 .text.SystemInit
                0x00000000000018d0       0x1c ./CMSIS/system_MKL46Z4.o
                0x00000000000018d0                SystemInit
 .text.__assertion_failed
                0x00000000000018ec       0x4c /usr/local/mcuxpressoide-10.2.1_795/ide/tools/bin/../lib/gcc/arm-none-eabi/7.2.1/../../../../arm-none-eabi/lib/thumb/v6-m/libcr_semihost_nf.a(_cr_assert.o)
                0x00000000000018ec                __assertion_failed
 .text.__sys_appexit
                0x0000000000001938        0xc /usr/local/mcuxpressoide-10.2.1_795/ide/tools/bin/../lib/gcc/arm-none-eabi/7.2.1/../../../../arm-none-eabi/lib/thumb/v6-m/libcr_semihost_nf.a(__sys_appexit.o)
                0x0000000000001938                __exit
                0x0000000000001938                __sys_appexit
 .text._deferredlazyseek
                0x0000000000001944       0x40 /usr/local/mcuxpressoide-10.2.1_795/ide/tools/bin/../lib/gcc/arm-none-eabi/7.2.1/../../../../arm-none-eabi/lib/thumb/v6-m/libcr_c.a(_deferredlazyseek.o)
                0x0000000000001944                _deferredlazyseek
 .text.__flsbuf
                0x0000000000001984      0x14c /usr/local/mcuxpressoide-10.2.1_795/ide/tools/bin/../lib/gcc/arm-none-eabi/7.2.1/../../../../arm-none-eabi/lib/thumb/v6-m/libcr_c.a(_deferredlazyseek.o)
                0x0000000000001984                __flsbuf
 .text._fflush  0x0000000000001ad0       0x5c /usr/local/mcuxpressoide-10.2.1_795/ide/tools/bin/../lib/gcc/arm-none-eabi/7.2.1/../../../../arm-none-eabi/lib/thumb/v6-m/libcr_c.a(_fflush.o)
                0x0000000000001ad0                _fflush
 .text._Cwritebuf
                0x0000000000001b2c       0x68 /usr/local/mcuxpressoide-10.2.1_795/ide/tools/bin/../lib/gcc/arm-none-eabi/7.2.1/../../../../arm-none-eabi/lib/thumb/v6-m/libcr_c.a(_writebuf.o)
                0x0000000000001b2c                _Cwritebuf
 .text.malloc   0x0000000000001b94       0xcc /usr/local/mcuxpressoide-10.2.1_795/ide/tools/bin/../lib/gcc/arm-none-eabi/7.2.1/../../../../arm-none-eabi/lib/thumb/v6-m/libcr_c.a(alloc.o)
                0x0000000000001b94                malloc
 .text._Csys_alloc
                0x0000000000001c60       0x20 /usr/local/mcuxpressoide-10.2.1_795/ide/tools/bin/../lib/gcc/arm-none-eabi/7.2.1/../../../../arm-none-eabi/lib/thumb/v6-m/libcr_c.a(alloc.o)
                0x0000000000001c60                _Csys_alloc
 .text.fseek    0x0000000000001c80       0xf0 /usr/local/mcuxpressoide-10.2.1_795/ide/tools/bin/../lib/gcc/arm-none-eabi/7.2.1/../../../../arm-none-eabi/lib/thumb/v6-m/libcr_c.a(fseek.o)
                0x0000000000001c80                fseek
 .text.ftell    0x0000000000001d70       0x48 /usr/local/mcuxpressoide-10.2.1_795/ide/tools/bin/../lib/gcc/arm-none-eabi/7.2.1/../../../../arm-none-eabi/lib/thumb/v6-m/libcr_c.a(ftell.o)
                0x0000000000001d70                ftell
 .text._initio  0x0000000000001db8       0x7c /usr/local/mcuxpressoide-10.2.1_795/ide/tools/bin/../lib/gcc/arm-none-eabi/7.2.1/../../../../arm-none-eabi/lib/thumb/v6-m/libcr_c.a(initio.o)
                0x0000000000001db8                _initio
 .text.setvbuf  0x0000000000001e34       0x48 /usr/local/mcuxpressoide-10.2.1_795/ide/tools/bin/../lib/gcc/arm-none-eabi/7.2.1/../../../../arm-none-eabi/lib/thumb/v6-m/libcr_c.a(setvbuf.o)
                0x0000000000001e34                setvbuf
 .text.strlen   0x0000000000001e7c       0x58 /usr/local/mcuxpressoide-10.2.1_795/ide/tools/bin/../lib/gcc/arm-none-eabi/7.2.1/../../../../arm-none-eabi/lib/thumb/v6-m/libcr_c.a(strlen.o)
                0x0000000000001e7c                strlen
 .text._sbrk    0x0000000000001ed4       0x40 /usr/local/mcuxpressoide-10.2.1_795/ide/tools/bin/../lib/gcc/arm-none-eabi/7.2.1/../../../../arm-none-eabi/lib/thumb/v6-m/libcr_c.a(_cr_sbrk.o)
                0x0000000000001ed4                _sbrk
 .text._fdopen  0x0000000000001f14       0x74 /usr/local/mcuxpressoide-10.2.1_795/ide/tools/bin/../lib/gcc/arm-none-eabi/7.2.1/../../../../arm-none-eabi/lib/thumb/v6-m/libcr_c.a(_fdopen.o)
                0x0000000000001f14                _fdopen
 .text.fclose   0x0000000000001f88       0x5c /usr/local/mcuxpressoide-10.2.1_795/ide/tools/bin/../lib/gcc/arm-none-eabi/7.2.1/../../../../arm-none-eabi/lib/thumb/v6-m/libcr_c.a(fclose.o)
                0x0000000000001f88                fclose
 .text.fflush   0x0000000000001fe4       0x44 /usr/local/mcuxpressoide-10.2.1_795/ide/tools/bin/../lib/gcc/arm-none-eabi/7.2.1/../../../../arm-none-eabi/lib/thumb/v6-m/libcr_c.a(fflush.o)
                0x0000000000001fe4                fflush
 .text.__check_heap_overflow
                0x0000000000002028       0x14 /usr/local/mcuxpressoide-10.2.1_795/ide/tools/bin/../lib/gcc/arm-none-eabi/7.2.1/../../../../arm-none-eabi/lib/thumb/v6-m/libcr_c.a(_cr_check_heap.o)
                0x0000000000002028                __check_heap_overflow
 .text._do_fflush
                0x000000000000203c       0x44 /usr/local/mcuxpressoide-10.2.1_795/ide/tools/bin/../lib/gcc/arm-none-eabi/7.2.1/../../../../arm-none-eabi/lib/thumb/v6-m/libcr_c.a(_do_fflush.o)
                0x000000000000203c                _do_fflush
 .text.main     0x0000000000002080       0x34 ./source/ejemploUartRB.o
                0x0000000000002080                main
 .text.ringBuffer_init
                0x00000000000020b4       0x42 ./source/ringBuffer.o
                0x00000000000020b4                ringBuffer_init
 .text.ringBuffer_putData
                0x00000000000020f6       0x90 ./source/ringBuffer.o
                0x00000000000020f6                ringBuffer_putData
 .text.ringBuffer_getData
                0x0000000000002186       0x6c ./source/ringBuffer.o
                0x0000000000002186                ringBuffer_getData
 .text.ringBuffer_isFull
                0x00000000000021f2       0x24 ./source/ringBuffer.o
                0x00000000000021f2                ringBuffer_isFull
 .text.ringBuffer_isEmpty
                0x0000000000002216       0x1e ./source/ringBuffer.o
                0x0000000000002216                ringBuffer_isEmpty
 .text.EnableIRQ
                0x0000000000002234       0x30 ./source/uart_ringBufer.o
 .text.LPSCI_WriteByte
                0x0000000000002264       0x1e ./source/uart_ringBufer.o
 .text.LPSCI_ReadByte
                0x0000000000002282       0x16 ./source/uart_ringBufer.o
 .text.OSC_SetExtRefClkConfig
                0x0000000000002298       0x3e ./drivers/fsl_clock.o
 .text.OSC_SetCapLoad
                0x00000000000022d6       0x42 ./drivers/fsl_clock.o
 .text.CLOCK_GetPll0RefFreq
                0x0000000000002318       0x10 ./drivers/fsl_clock.o
 .text.CLOCK_GetFixedFreqClkFreq
                0x0000000000002328       0x30 ./drivers/fsl_clock.o
                0x0000000000002328                CLOCK_GetFixedFreqClkFreq
 .text.CLOCK_SetExternalRefClkConfig
                0x0000000000002358       0x16 ./drivers/fsl_clock.o
                0x0000000000002358                CLOCK_SetExternalRefClkConfig
 .text.GPIO_PinWrite
                0x000000000000236e       0x34 ./drivers/fsl_gpio.o
 .text.GPIO_WritePinOutput
                0x00000000000023a2       0x24 ./drivers/fsl_gpio.o
 .text.LPSCI_GetStatusFlags
                0x00000000000023c6       0x26 ./drivers/fsl_lpsci.o
                0x00000000000023c6                LPSCI_GetStatusFlags
 .text.SystemInitHook
                0x00000000000023ec        0xa ./CMSIS/system_MKL46Z4.o
                0x00000000000023ec                SystemInitHook
 .text.__main   0x00000000000023f6        0xc /usr/local/mcuxpressoide-10.2.1_795/ide/tools/bin/../lib/gcc/arm-none-eabi/7.2.1/../../../../arm-none-eabi/lib/thumb/v6-m/libcr_semihost_nf.a(_cr__main.o)
                0x00000000000023f6                __main
                0x00000000000023f6                __CR_SEMIHOST
 .text.memset   0x0000000000002402        0x8 /usr/local/mcuxpressoide-10.2.1_795/ide/tools/bin/../lib/gcc/arm-none-eabi/7.2.1/../../../../arm-none-eabi/lib/thumb/v6-m/libcr_c.a(memset.o)
                0x0000000000002402                memset
 .text.free     0x000000000000240a       0x2c /usr/local/mcuxpressoide-10.2.1_795/ide/tools/bin/../lib/gcc/arm-none-eabi/7.2.1/../../../../arm-none-eabi/lib/thumb/v6-m/libcr_c.a(alloc.o)
                0x000000000000240a                free
 .text.fputs    0x0000000000002436       0x2e /usr/local/mcuxpressoide-10.2.1_795/ide/tools/bin/../lib/gcc/arm-none-eabi/7.2.1/../../../../arm-none-eabi/lib/thumb/v6-m/libcr_c.a(fputs.o)
                0x0000000000002436                fputs
 .text.remove   0x0000000000002464       0x12 /usr/local/mcuxpressoide-10.2.1_795/ide/tools/bin/../lib/gcc/arm-none-eabi/7.2.1/../../../../arm-none-eabi/lib/thumb/v6-m/libcr_c.a(remove.o)
                0x0000000000002464                remove
 .text.__aeabi_division_idivmod
                0x0000000000002476       0x78 /usr/local/mcuxpressoide-10.2.1_795/ide/tools/bin/../lib/gcc/arm-none-eabi/7.2.1/thumb/v6-m/libcr_eabihelpers.a(division_32.o)
                0x0000000000002476                __aeabi_idiv
                0x0000000000002476                __aeabi_idivmod
                0x000000000000247c                __aeabi_uidiv
                0x000000000000247c                __aeabi_uidivmod
 .text.__aeabi_division_idiv0
                0x00000000000024ee        0x2 /usr/local/mcuxpressoide-10.2.1_795/ide/tools/bin/../lib/gcc/arm-none-eabi/7.2.1/thumb/v6-m/libcr_eabihelpers.a(division_idiv0.o)
                0x00000000000024ee                __aeabi_idiv0
 .text.__aeabi_memset_lowlevel
                0x00000000000024f0       0x2a /usr/local/mcuxpressoide-10.2.1_795/ide/tools/bin/../lib/gcc/arm-none-eabi/7.2.1/thumb/v6-m/libcr_eabihelpers.a(memcpy.o)
                0x00000000000024f0                __aeabi_lowlevel_memset
 .text.__sys_close
                0x000000000000251a        0xc /usr/local/mcuxpressoide-10.2.1_795/ide/tools/bin/../lib/gcc/arm-none-eabi/7.2.1/../../../../arm-none-eabi/lib/thumb/v6-m/libcr_semihost_nf.a(__sys_close.o)
                0x000000000000251a                __sys_close
 .text.__sys_flen
                0x0000000000002526        0xc /usr/local/mcuxpressoide-10.2.1_795/ide/tools/bin/../lib/gcc/arm-none-eabi/7.2.1/../../../../arm-none-eabi/lib/thumb/v6-m/libcr_semihost_nf.a(__sys_flen.o)
                0x0000000000002526                __sys_flen
 .text.__sys_istty
                0x0000000000002532        0xc /usr/local/mcuxpressoide-10.2.1_795/ide/tools/bin/../lib/gcc/arm-none-eabi/7.2.1/../../../../arm-none-eabi/lib/thumb/v6-m/libcr_semihost_nf.a(__sys_istty.o)
                0x0000000000002532                __sys_istty
 .text.__sys_remove
                0x000000000000253e        0xc /usr/local/mcuxpressoide-10.2.1_795/ide/tools/bin/../lib/gcc/arm-none-eabi/7.2.1/../../../../arm-none-eabi/lib/thumb/v6-m/libcr_semihost_nf.a(__sys_remove.o)
                0x000000000000253e                __sys_remove
 .text.__sys_seek
                0x000000000000254a        0xc /usr/local/mcuxpressoide-10.2.1_795/ide/tools/bin/../lib/gcc/arm-none-eabi/7.2.1/../../../../arm-none-eabi/lib/thumb/v6-m/libcr_semihost_nf.a(__sys_seek.o)
                0x000000000000254a                __sys_seek
 .text.__sys_tmpnam
                0x0000000000002556        0xc /usr/local/mcuxpressoide-10.2.1_795/ide/tools/bin/../lib/gcc/arm-none-eabi/7.2.1/../../../../arm-none-eabi/lib/thumb/v6-m/libcr_semihost_nf.a(__sys_tmpnam.o)
                0x0000000000002556                __sys_tmpnam
 .text.__sys_write
                0x0000000000002562        0xc /usr/local/mcuxpressoide-10.2.1_795/ide/tools/bin/../lib/gcc/arm-none-eabi/7.2.1/../../../../arm-none-eabi/lib/thumb/v6-m/libcr_semihost_nf.a(__sys_write.o)
                0x0000000000002562                __sys_write
 *(SORT_BY_ALIGNMENT(.rodata) SORT_BY_ALIGNMENT(.rodata.*) SORT_BY_ALIGNMENT(.constdata) SORT_BY_ALIGNMENT(.constdata.*))
 *fill*         0x000000000000256e        0x2 ff
 .rodata        0x0000000000002570       0x26 ./source/SD2_board.o
 *fill*         0x0000000000002596        0x2 ff
 .rodata.board_gpioLeds
                0x0000000000002598       0x18 ./source/SD2_board.o
 .rodata.board_gpioSw
                0x00000000000025b0       0x18 ./source/SD2_board.o
 .rodata        0x00000000000025c8      0x11d ./drivers/fsl_clock.o
 *fill*         0x00000000000026e5        0x3 ff
 .rodata.CLOCK_GetFreq
                0x00000000000026e8       0x34 ./drivers/fsl_clock.o
 .rodata.fllFactorTable.5381
                0x000000000000271c       0x10 ./drivers/fsl_clock.o
 .rodata        0x000000000000272c       0xc7 ./drivers/fsl_gpio.o
 *fill*         0x00000000000027f3        0x1 ff
 .rodata        0x00000000000027f4      0x48c ./drivers/fsl_lpsci.o
 .rodata.mcgConfig_BOARD_BootClockRUN
                0x0000000000002c80        0xa ./board/src/clock_config.o
                0x0000000000002c80                mcgConfig_BOARD_BootClockRUN
 *fill*         0x0000000000002c8a        0x2 ff
 .rodata.simConfig_BOARD_BootClockRUN
                0x0000000000002c8c        0x8 ./board/src/clock_config.o
                0x0000000000002c8c                simConfig_BOARD_BootClockRUN
 .rodata.oscConfig_BOARD_BootClockRUN
                0x0000000000002c94        0x8 ./board/src/clock_config.o
                0x0000000000002c94                oscConfig_BOARD_BootClockRUN
 .rodata.__num_Ciob_streams
                0x0000000000002c9c        0x4 /usr/local/mcuxpressoide-10.2.1_795/ide/tools/bin/../lib/gcc/arm-none-eabi/7.2.1/../../../../arm-none-eabi/lib/thumb/v6-m/libcr_semihost_nf.a(__ciob.o)
                0x0000000000002c9c                __num_Ciob_streams
 .rodata.__assertion_failed.str1.1
                0x0000000000002ca0       0x15 /usr/local/mcuxpressoide-10.2.1_795/ide/tools/bin/../lib/gcc/arm-none-eabi/7.2.1/../../../../arm-none-eabi/lib/thumb/v6-m/libcr_semihost_nf.a(_cr_assert.o)
 .rodata._Csys_alloc.str1.1
                0x0000000000002cb5       0x18 /usr/local/mcuxpressoide-10.2.1_795/ide/tools/bin/../lib/gcc/arm-none-eabi/7.2.1/../../../../arm-none-eabi/lib/thumb/v6-m/libcr_c.a(alloc.o)
 .rodata._initio.str1.1
                0x0000000000002ccd        0x4 /usr/local/mcuxpressoide-10.2.1_795/ide/tools/bin/../lib/gcc/arm-none-eabi/7.2.1/../../../../arm-none-eabi/lib/thumb/v6-m/libcr_c.a(initio.o)
                0x0000000000002cd4                . = ALIGN (0x4)
 *fill*         0x0000000000002cd1        0x3 ff

.glue_7         0x0000000000002cd4        0x0
 .glue_7        0x0000000000002cd4        0x0 linker stubs

.glue_7t        0x0000000000002cd4        0x0
 .glue_7t       0x0000000000002cd4        0x0 linker stubs

.vfp11_veneer   0x0000000000002cd4        0x0
 .vfp11_veneer  0x0000000000002cd4        0x0 linker stubs

.v4_bx          0x0000000000002cd4        0x0
 .v4_bx         0x0000000000002cd4        0x0 linker stubs

.iplt           0x0000000000002cd4        0x0
 .iplt          0x0000000000002cd4        0x0 ./startup/startup_mkl46z4.o

.rel.dyn        0x0000000000002cd4        0x0
 .rel.iplt      0x0000000000002cd4        0x0 ./startup/startup_mkl46z4.o

.ARM.extab
 *(SORT_BY_ALIGNMENT(.ARM.extab*) SORT_BY_ALIGNMENT(.gnu.linkonce.armextab.*))
                0x0000000000002cd4                __exidx_start = .

.ARM.exidx
 *(SORT_BY_ALIGNMENT(.ARM.exidx*) SORT_BY_ALIGNMENT(.gnu.linkonce.armexidx.*))
                0x0000000000002cd4                __exidx_end = .
                0x0000000000002cd4                _etext = .

.m_usb_data
 *(SORT_BY_ALIGNMENT(m_usb_bdt))

.mtb_buffer_default
                0x000000001fffe000       0x80
 *(SORT_BY_ALIGNMENT(.mtb*))
 .mtb.$RAM1     0x000000001fffe000       0x80 ./source/mtb.o
                0x000000001fffe000                __mtb_buffer__

.uninit_RESERVED
                0x000000001fffe080        0x0
 *(SORT_BY_ALIGNMENT(.bss.$RESERVED*))
                0x000000001fffe080                . = ALIGN (0x4)
                0x000000001fffe080                _end_uninit_RESERVED = .

.data           0x000000001fffe080        0xc load address 0x0000000000002cd4
 FILL mask 0xff
                0x000000001fffe080                _data = .
 *(SORT_BY_ALIGNMENT(vtable))
 *(SORT_BY_ALIGNMENT(.ramfunc*))
 *(SORT_BY_ALIGNMENT(.data*))
 .data.s_slowIrcFreq
                0x000000001fffe080        0x4 ./drivers/fsl_clock.o
 .data.s_fastIrcFreq
                0x000000001fffe084        0x4 ./drivers/fsl_clock.o
 .data.SystemCoreClock
                0x000000001fffe088        0x4 ./CMSIS/system_MKL46Z4.o
                0x000000001fffe088                SystemCoreClock
                0x000000001fffe08c                . = ALIGN (0x4)
                0x000000001fffe08c                _edata = .

.igot.plt       0x000000001fffe08c        0x0 load address 0x0000000000002ce0
 .igot.plt      0x000000001fffe08c        0x0 ./startup/startup_mkl46z4.o

.bss            0x000000001fffe08c       0xe8 load address 0x0000000000002ce0
                0x000000001fffe08c                _bss = .
 *(SORT_BY_ALIGNMENT(.bss*))
 .bss.pRingBufferRx
                0x000000001fffe08c        0x4 ./source/uart_ringBufer.o
 .bss.pRingBufferTx
                0x000000001fffe090        0x4 ./source/uart_ringBufer.o
 .bss.g_xtal0Freq
                0x000000001fffe094        0x4 ./drivers/fsl_clock.o
                0x000000001fffe094                g_xtal0Freq
 .bss.g_xtal32Freq
                0x000000001fffe098        0x4 ./drivers/fsl_clock.o
                0x000000001fffe098                g_xtal32Freq
 .bss.s_lpsciHandle
                0x000000001fffe09c        0x4 ./drivers/fsl_lpsci.o
 .bss.s_lpsciIsr
                0x000000001fffe0a0        0x4 ./drivers/fsl_lpsci.o
 .bss.s_uartHandle
                0x000000001fffe0a4        0xc ./drivers/fsl_uart.o
 .bss.s_uartIsr
                0x000000001fffe0b0        0x4 ./drivers/fsl_uart.o
 .bss.__Ciob    0x000000001fffe0b4       0xb4 /usr/local/mcuxpressoide-10.2.1_795/ide/tools/bin/../lib/gcc/arm-none-eabi/7.2.1/../../../../arm-none-eabi/lib/thumb/v6-m/libcr_semihost_nf.a(__ciob.o)
                0x000000001fffe0b4                __Ciob
 .bss.__end_of_heap
                0x000000001fffe168        0x4 /usr/local/mcuxpressoide-10.2.1_795/ide/tools/bin/../lib/gcc/arm-none-eabi/7.2.1/../../../../arm-none-eabi/lib/thumb/v6-m/libcr_c.a(__init_alloc.o)
                0x000000001fffe168                __end_of_heap
 .bss.__heaps   0x000000001fffe16c        0x4 /usr/local/mcuxpressoide-10.2.1_795/ide/tools/bin/../lib/gcc/arm-none-eabi/7.2.1/../../../../arm-none-eabi/lib/thumb/v6-m/libcr_c.a(__init_alloc.o)
                0x000000001fffe16c                __heaps
 .bss.errno     0x000000001fffe170        0x4 /usr/local/mcuxpressoide-10.2.1_795/ide/tools/bin/../lib/gcc/arm-none-eabi/7.2.1/../../../../arm-none-eabi/lib/thumb/v6-m/libcr_c.a(errno.o)
                0x000000001fffe170                errno
 *(SORT_BY_ALIGNMENT(COMMON))
                0x000000001fffe174                . = ALIGN (0x4)
                0x000000001fffe174                _ebss = .
                [!provide]                        PROVIDE (end, .)

.noinit         0x000000001fffe174        0x0 load address 0x0000000000002ce0
                0x000000001fffe174                _noinit = .
 *(SORT_BY_ALIGNMENT(.noinit*))
                0x000000001fffe174                . = ALIGN (0x4)
                0x000000001fffe174                _end_noinit = .
                0x0000000000000800                _HeapSize = 0x800

.heap           0x000000001fffe174      0x800 load address 0x0000000000002ce0
                0x000000001fffe174                _pvHeapStart = .
                0x000000001fffe974                . = (. + _HeapSize)
 *fill*         0x000000001fffe174      0x800 
                0x000000001fffe974                . = ALIGN (0x4)
                0x000000001fffe974                _pvHeapLimit = .
                0x0000000000000800                _StackSize = 0x800

.heap2stackfill
                0x000000001fffe974      0x800 load address 0x0000000000002ce0
                0x000000001ffff174                . = (. + _StackSize)
 *fill*         0x000000001fffe974      0x800 

.stack          0x0000000020005800        0x0
                0x0000000020005800                _vStackBase = .
                0x0000000020005800                . = ALIGN (0x4)
                0x0000000020006000                _vStackTop = (. + _StackSize)
                0x0000000000000000                _image_start = LOADADDR (.text)
                0x0000000000002ce0                _image_end = (LOADADDR (.data) + SIZEOF (.data))
                0x0000000000002ce0                _image_size = (_image_end - _image_start)
OUTPUT(SD2_UART0_lpsci_ringBuffer.axf elf32-littlearm)

.debug_info     0x0000000000000000     0x7f11
 .debug_info    0x0000000000000000      0x497 ./startup/startup_mkl46z4.o
 .debug_info    0x0000000000000497      0x9a0 ./source/SD2_board.o
 .debug_info    0x0000000000000e37      0x508 ./source/ejemploUartRB.o
 .debug_info    0x000000000000133f       0x4e ./source/mtb.o
 .debug_info    0x000000000000138d      0x27c ./source/ringBuffer.o
 .debug_info    0x0000000000001609       0x37 ./source/semihost_hardfault.o
 .debug_info    0x0000000000001640     0x10bf ./source/uart_ringBufer.o
 .debug_info    0x00000000000026ff     0x1991 ./drivers/fsl_clock.o
 .debug_info    0x0000000000004090      0x7db ./drivers/fsl_gpio.o
 .debug_info    0x000000000000486b     0x1424 ./drivers/fsl_lpsci.o
 .debug_info    0x0000000000005c8f     0x13ce ./drivers/fsl_uart.o
 .debug_info    0x000000000000705d      0xaae ./board/src/clock_config.o
 .debug_info    0x0000000000007b0b      0x406 ./CMSIS/system_MKL46Z4.o

.debug_abbrev   0x0000000000000000     0x1738
 .debug_abbrev  0x0000000000000000      0x16a ./startup/startup_mkl46z4.o
 .debug_abbrev  0x000000000000016a      0x28c ./source/SD2_board.o
 .debug_abbrev  0x00000000000003f6      0x133 ./source/ejemploUartRB.o
 .debug_abbrev  0x0000000000000529       0x41 ./source/mtb.o
 .debug_abbrev  0x000000000000056a      0x117 ./source/ringBuffer.o
 .debug_abbrev  0x0000000000000681       0x2c ./source/semihost_hardfault.o
 .debug_abbrev  0x00000000000006ad      0x26c ./source/uart_ringBufer.o
 .debug_abbrev  0x0000000000000919      0x31c ./drivers/fsl_clock.o
 .debug_abbrev  0x0000000000000c35      0x1f9 ./drivers/fsl_gpio.o
 .debug_abbrev  0x0000000000000e2e      0x2e4 ./drivers/fsl_lpsci.o
 .debug_abbrev  0x0000000000001112      0x2e4 ./drivers/fsl_uart.o
 .debug_abbrev  0x00000000000013f6      0x1f1 ./board/src/clock_config.o
 .debug_abbrev  0x00000000000015e7      0x151 ./CMSIS/system_MKL46Z4.o

.debug_aranges  0x0000000000000000      0x7f0
 .debug_aranges
                0x0000000000000000      0x160 ./startup/startup_mkl46z4.o
 .debug_aranges
                0x0000000000000160       0x68 ./source/SD2_board.o
 .debug_aranges
                0x00000000000001c8       0x20 ./source/ejemploUartRB.o
 .debug_aranges
                0x00000000000001e8       0x18 ./source/mtb.o
 .debug_aranges
                0x0000000000000200       0x48 ./source/ringBuffer.o
 .debug_aranges
                0x0000000000000248       0x20 ./source/semihost_hardfault.o
 .debug_aranges
                0x0000000000000268       0x70 ./source/uart_ringBufer.o
 .debug_aranges
                0x00000000000002d8      0x1d8 ./drivers/fsl_clock.o
 .debug_aranges
                0x00000000000004b0       0x78 ./drivers/fsl_gpio.o
 .debug_aranges
                0x0000000000000528      0x118 ./drivers/fsl_lpsci.o
 .debug_aranges
                0x0000000000000640      0x130 ./drivers/fsl_uart.o
 .debug_aranges
                0x0000000000000770       0x50 ./board/src/clock_config.o
 .debug_aranges
                0x00000000000007c0       0x30 ./CMSIS/system_MKL46Z4.o

.debug_ranges   0x0000000000000000      0x718
 .debug_ranges  0x0000000000000000      0x150 ./startup/startup_mkl46z4.o
 .debug_ranges  0x0000000000000150       0x58 ./source/SD2_board.o
 .debug_ranges  0x00000000000001a8       0x10 ./source/ejemploUartRB.o
 .debug_ranges  0x00000000000001b8       0x38 ./source/ringBuffer.o
 .debug_ranges  0x00000000000001f0       0x10 ./source/semihost_hardfault.o
 .debug_ranges  0x0000000000000200       0x60 ./source/uart_ringBufer.o
 .debug_ranges  0x0000000000000260      0x1c8 ./drivers/fsl_clock.o
 .debug_ranges  0x0000000000000428       0x68 ./drivers/fsl_gpio.o
 .debug_ranges  0x0000000000000490      0x108 ./drivers/fsl_lpsci.o
 .debug_ranges  0x0000000000000598      0x120 ./drivers/fsl_uart.o
 .debug_ranges  0x00000000000006b8       0x40 ./board/src/clock_config.o
 .debug_ranges  0x00000000000006f8       0x20 ./CMSIS/system_MKL46Z4.o

.debug_line     0x0000000000000000     0x2520
 .debug_line    0x0000000000000000      0x128 ./startup/startup_mkl46z4.o
 .debug_line    0x0000000000000128      0x26f ./source/SD2_board.o
 .debug_line    0x0000000000000397      0x14f ./source/ejemploUartRB.o
 .debug_line    0x00000000000004e6       0x30 ./source/mtb.o
 .debug_line    0x0000000000000516      0x15b ./source/ringBuffer.o
 .debug_line    0x0000000000000671       0x54 ./source/semihost_hardfault.o
 .debug_line    0x00000000000006c5      0x2cf ./source/uart_ringBufer.o
 .debug_line    0x0000000000000994      0x8af ./drivers/fsl_clock.o
 .debug_line    0x0000000000001243      0x266 ./drivers/fsl_gpio.o
 .debug_line    0x00000000000014a9      0x68a ./drivers/fsl_lpsci.o
 .debug_line    0x0000000000001b33      0x699 ./drivers/fsl_uart.o
 .debug_line    0x00000000000021cc      0x1e9 ./board/src/clock_config.o
 .debug_line    0x00000000000023b5      0x16b ./CMSIS/system_MKL46Z4.o

.debug_str      0x0000000000000000     0x3e24
 .debug_str     0x0000000000000000      0x4a7 ./startup/startup_mkl46z4.o
                                        0x4ba (size before relaxing)
 .debug_str     0x00000000000004a7      0xceb ./source/SD2_board.o
                                        0xe4f (size before relaxing)
 .debug_str     0x0000000000001192      0x40d ./source/ejemploUartRB.o
                                        0x646 (size before relaxing)
 .debug_str     0x000000000000159f       0x1f ./source/mtb.o
                                        0x14b (size before relaxing)
 .debug_str     0x00000000000015be       0xad ./source/ringBuffer.o
                                        0x2a2 (size before relaxing)
 .debug_str     0x000000000000166b       0x1f ./source/semihost_hardfault.o
                                        0x14b (size before relaxing)
 .debug_str     0x000000000000168a      0x990 ./source/uart_ringBufer.o
                                       0x166a (size before relaxing)
 .debug_str     0x000000000000201a      0xa68 ./drivers/fsl_clock.o
                                       0x18d4 (size before relaxing)
 .debug_str     0x0000000000002a82       0xdd ./drivers/fsl_gpio.o
                                        0x99e (size before relaxing)
 .debug_str     0x0000000000002b5f      0x6d8 ./drivers/fsl_lpsci.o
                                       0x1737 (size before relaxing)
 .debug_str     0x0000000000003237      0x969 ./drivers/fsl_uart.o
                                       0x173e (size before relaxing)
 .debug_str     0x0000000000003ba0      0x226 ./board/src/clock_config.o
                                        0xea9 (size before relaxing)
 .debug_str     0x0000000000003dc6       0x5e ./CMSIS/system_MKL46Z4.o
                                        0x33c (size before relaxing)

.comment        0x0000000000000000       0x7e
 .comment       0x0000000000000000       0x7e ./startup/startup_mkl46z4.o
                                         0x7f (size before relaxing)
 .comment       0x000000000000007e       0x7f ./source/SD2_board.o
 .comment       0x000000000000007e       0x7f ./source/ejemploUartRB.o
 .comment       0x000000000000007e       0x7f ./source/mtb.o
 .comment       0x000000000000007e       0x7f ./source/ringBuffer.o
 .comment       0x000000000000007e       0x7f ./source/semihost_hardfault.o
 .comment       0x000000000000007e       0x7f ./source/uart_ringBufer.o
 .comment       0x000000000000007e       0x7f ./drivers/fsl_clock.o
 .comment       0x000000000000007e       0x7f ./drivers/fsl_gpio.o
 .comment       0x000000000000007e       0x7f ./drivers/fsl_lpsci.o
 .comment       0x000000000000007e       0x7f ./drivers/fsl_uart.o
 .comment       0x000000000000007e       0x7f ./board/src/clock_config.o
 .comment       0x000000000000007e       0x7f ./CMSIS/system_MKL46Z4.o
 .comment       0x000000000000007e       0x7f /usr/local/mcuxpressoide-10.2.1_795/ide/tools/bin/../lib/gcc/arm-none-eabi/7.2.1/../../../../arm-none-eabi/lib/thumb/v6-m/libcr_semihost_nf.a(_cr__main.o)
 .comment       0x000000000000007e       0x7f /usr/local/mcuxpressoide-10.2.1_795/ide/tools/bin/../lib/gcc/arm-none-eabi/7.2.1/../../../../arm-none-eabi/lib/thumb/v6-m/libcr_semihost_nf.a(_cr_assert.o)
 .comment       0x000000000000007e       0x7f /usr/local/mcuxpressoide-10.2.1_795/ide/tools/bin/../lib/gcc/arm-none-eabi/7.2.1/../../../../arm-none-eabi/lib/thumb/v6-m/libcr_semihost_nf.a(__ciob.o)
 .comment       0x000000000000007e       0x7f /usr/local/mcuxpressoide-10.2.1_795/ide/tools/bin/../lib/gcc/arm-none-eabi/7.2.1/../../../../arm-none-eabi/lib/thumb/v6-m/libcr_c.a(memset.o)
 .comment       0x000000000000007e       0x7f /usr/local/mcuxpressoide-10.2.1_795/ide/tools/bin/../lib/gcc/arm-none-eabi/7.2.1/../../../../arm-none-eabi/lib/thumb/v6-m/libcr_c.a(_deferredlazyseek.o)
 .comment       0x000000000000007e       0x7f /usr/local/mcuxpressoide-10.2.1_795/ide/tools/bin/../lib/gcc/arm-none-eabi/7.2.1/../../../../arm-none-eabi/lib/thumb/v6-m/libcr_c.a(_fflush.o)
 .comment       0x000000000000007e       0x7f /usr/local/mcuxpressoide-10.2.1_795/ide/tools/bin/../lib/gcc/arm-none-eabi/7.2.1/../../../../arm-none-eabi/lib/thumb/v6-m/libcr_c.a(_writebuf.o)
 .comment       0x000000000000007e       0x7f /usr/local/mcuxpressoide-10.2.1_795/ide/tools/bin/../lib/gcc/arm-none-eabi/7.2.1/../../../../arm-none-eabi/lib/thumb/v6-m/libcr_c.a(alloc.o)
 .comment       0x000000000000007e       0x7f /usr/local/mcuxpressoide-10.2.1_795/ide/tools/bin/../lib/gcc/arm-none-eabi/7.2.1/../../../../arm-none-eabi/lib/thumb/v6-m/libcr_c.a(fputs.o)
 .comment       0x000000000000007e       0x7f /usr/local/mcuxpressoide-10.2.1_795/ide/tools/bin/../lib/gcc/arm-none-eabi/7.2.1/../../../../arm-none-eabi/lib/thumb/v6-m/libcr_c.a(fseek.o)
 .comment       0x000000000000007e       0x7f /usr/local/mcuxpressoide-10.2.1_795/ide/tools/bin/../lib/gcc/arm-none-eabi/7.2.1/../../../../arm-none-eabi/lib/thumb/v6-m/libcr_c.a(ftell.o)
 .comment       0x000000000000007e       0x7f /usr/local/mcuxpressoide-10.2.1_795/ide/tools/bin/../lib/gcc/arm-none-eabi/7.2.1/../../../../arm-none-eabi/lib/thumb/v6-m/libcr_c.a(initio.o)
 .comment       0x000000000000007e       0x7f /usr/local/mcuxpressoide-10.2.1_795/ide/tools/bin/../lib/gcc/arm-none-eabi/7.2.1/../../../../arm-none-eabi/lib/thumb/v6-m/libcr_c.a(setvbuf.o)
 .comment       0x000000000000007e       0x7f /usr/local/mcuxpressoide-10.2.1_795/ide/tools/bin/../lib/gcc/arm-none-eabi/7.2.1/../../../../arm-none-eabi/lib/thumb/v6-m/libcr_c.a(strlen.o)
 .comment       0x000000000000007e       0x7f /usr/local/mcuxpressoide-10.2.1_795/ide/tools/bin/../lib/gcc/arm-none-eabi/7.2.1/../../../../arm-none-eabi/lib/thumb/v6-m/libcr_c.a(__init_alloc.o)
 .comment       0x000000000000007e       0x7f /usr/local/mcuxpressoide-10.2.1_795/ide/tools/bin/../lib/gcc/arm-none-eabi/7.2.1/../../../../arm-none-eabi/lib/thumb/v6-m/libcr_c.a(_cr_sbrk.o)
 .comment       0x000000000000007e       0x7f /usr/local/mcuxpressoide-10.2.1_795/ide/tools/bin/../lib/gcc/arm-none-eabi/7.2.1/../../../../arm-none-eabi/lib/thumb/v6-m/libcr_c.a(_fdopen.o)
 .comment       0x000000000000007e       0x7f /usr/local/mcuxpressoide-10.2.1_795/ide/tools/bin/../lib/gcc/arm-none-eabi/7.2.1/../../../../arm-none-eabi/lib/thumb/v6-m/libcr_c.a(errno.o)
 .comment       0x000000000000007e       0x7f /usr/local/mcuxpressoide-10.2.1_795/ide/tools/bin/../lib/gcc/arm-none-eabi/7.2.1/../../../../arm-none-eabi/lib/thumb/v6-m/libcr_c.a(fclose.o)
 .comment       0x000000000000007e       0x7f /usr/local/mcuxpressoide-10.2.1_795/ide/tools/bin/../lib/gcc/arm-none-eabi/7.2.1/../../../../arm-none-eabi/lib/thumb/v6-m/libcr_c.a(fflush.o)
 .comment       0x000000000000007e       0x7f /usr/local/mcuxpressoide-10.2.1_795/ide/tools/bin/../lib/gcc/arm-none-eabi/7.2.1/../../../../arm-none-eabi/lib/thumb/v6-m/libcr_c.a(remove.o)
 .comment       0x000000000000007e       0x7f /usr/local/mcuxpressoide-10.2.1_795/ide/tools/bin/../lib/gcc/arm-none-eabi/7.2.1/../../../../arm-none-eabi/lib/thumb/v6-m/libcr_c.a(_cr_check_heap.o)
 .comment       0x000000000000007e       0x7f /usr/local/mcuxpressoide-10.2.1_795/ide/tools/bin/../lib/gcc/arm-none-eabi/7.2.1/../../../../arm-none-eabi/lib/thumb/v6-m/libcr_c.a(_do_fflush.o)

.ARM.attributes
                0x0000000000000000       0x30
 .ARM.attributes
                0x0000000000000000       0x32 ./startup/startup_mkl46z4.o
 .ARM.attributes
                0x0000000000000032       0x32 ./source/SD2_board.o
 .ARM.attributes
                0x0000000000000064       0x32 ./source/ejemploUartRB.o
 .ARM.attributes
                0x0000000000000096       0x32 ./source/mtb.o
 .ARM.attributes
                0x00000000000000c8       0x32 ./source/ringBuffer.o
 .ARM.attributes
                0x00000000000000fa       0x32 ./source/semihost_hardfault.o
 .ARM.attributes
                0x000000000000012c       0x32 ./source/uart_ringBufer.o
 .ARM.attributes
                0x000000000000015e       0x32 ./drivers/fsl_clock.o
 .ARM.attributes
                0x0000000000000190       0x32 ./drivers/fsl_gpio.o
 .ARM.attributes
                0x00000000000001c2       0x32 ./drivers/fsl_lpsci.o
 .ARM.attributes
                0x00000000000001f4       0x32 ./drivers/fsl_uart.o
 .ARM.attributes
                0x0000000000000226       0x32 ./board/src/clock_config.o
 .ARM.attributes
                0x0000000000000258       0x32 ./CMSIS/system_MKL46Z4.o
 .ARM.attributes
                0x000000000000028a       0x31 /usr/local/mcuxpressoide-10.2.1_795/ide/tools/bin/../lib/gcc/arm-none-eabi/7.2.1/../../../../arm-none-eabi/lib/thumb/v6-m/libcr_semihost_nf.a(_cr__main.o)
 .ARM.attributes
                0x00000000000002bb       0x31 /usr/local/mcuxpressoide-10.2.1_795/ide/tools/bin/../lib/gcc/arm-none-eabi/7.2.1/../../../../arm-none-eabi/lib/thumb/v6-m/libcr_semihost_nf.a(_cr_assert.o)
 .ARM.attributes
                0x00000000000002ec       0x31 /usr/local/mcuxpressoide-10.2.1_795/ide/tools/bin/../lib/gcc/arm-none-eabi/7.2.1/../../../../arm-none-eabi/lib/thumb/v6-m/libcr_semihost_nf.a(__ciob.o)
 .ARM.attributes
                0x000000000000031d       0x21 /usr/local/mcuxpressoide-10.2.1_795/ide/tools/bin/../lib/gcc/arm-none-eabi/7.2.1/../../../../arm-none-eabi/lib/thumb/v6-m/libcr_semihost_nf.a(__sys_appexit.o)
 .ARM.attributes
                0x000000000000033e       0x31 /usr/local/mcuxpressoide-10.2.1_795/ide/tools/bin/../lib/gcc/arm-none-eabi/7.2.1/../../../../arm-none-eabi/lib/thumb/v6-m/libcr_c.a(memset.o)
 .ARM.attributes
                0x000000000000036f       0x31 /usr/local/mcuxpressoide-10.2.1_795/ide/tools/bin/../lib/gcc/arm-none-eabi/7.2.1/../../../../arm-none-eabi/lib/thumb/v6-m/libcr_c.a(_deferredlazyseek.o)
 .ARM.attributes
                0x00000000000003a0       0x31 /usr/local/mcuxpressoide-10.2.1_795/ide/tools/bin/../lib/gcc/arm-none-eabi/7.2.1/../../../../arm-none-eabi/lib/thumb/v6-m/libcr_c.a(_fflush.o)
 .ARM.attributes
                0x00000000000003d1       0x31 /usr/local/mcuxpressoide-10.2.1_795/ide/tools/bin/../lib/gcc/arm-none-eabi/7.2.1/../../../../arm-none-eabi/lib/thumb/v6-m/libcr_c.a(_writebuf.o)
 .ARM.attributes
                0x0000000000000402       0x31 /usr/local/mcuxpressoide-10.2.1_795/ide/tools/bin/../lib/gcc/arm-none-eabi/7.2.1/../../../../arm-none-eabi/lib/thumb/v6-m/libcr_c.a(alloc.o)
 .ARM.attributes
                0x0000000000000433       0x31 /usr/local/mcuxpressoide-10.2.1_795/ide/tools/bin/../lib/gcc/arm-none-eabi/7.2.1/../../../../arm-none-eabi/lib/thumb/v6-m/libcr_c.a(fputs.o)
 .ARM.attributes
                0x0000000000000464       0x31 /usr/local/mcuxpressoide-10.2.1_795/ide/tools/bin/../lib/gcc/arm-none-eabi/7.2.1/../../../../arm-none-eabi/lib/thumb/v6-m/libcr_c.a(fseek.o)
 .ARM.attributes
                0x0000000000000495       0x31 /usr/local/mcuxpressoide-10.2.1_795/ide/tools/bin/../lib/gcc/arm-none-eabi/7.2.1/../../../../arm-none-eabi/lib/thumb/v6-m/libcr_c.a(ftell.o)
 .ARM.attributes
                0x00000000000004c6       0x31 /usr/local/mcuxpressoide-10.2.1_795/ide/tools/bin/../lib/gcc/arm-none-eabi/7.2.1/../../../../arm-none-eabi/lib/thumb/v6-m/libcr_c.a(initio.o)
 .ARM.attributes
                0x00000000000004f7       0x31 /usr/local/mcuxpressoide-10.2.1_795/ide/tools/bin/../lib/gcc/arm-none-eabi/7.2.1/../../../../arm-none-eabi/lib/thumb/v6-m/libcr_c.a(setvbuf.o)
 .ARM.attributes
                0x0000000000000528       0x31 /usr/local/mcuxpressoide-10.2.1_795/ide/tools/bin/../lib/gcc/arm-none-eabi/7.2.1/../../../../arm-none-eabi/lib/thumb/v6-m/libcr_c.a(strlen.o)
 .ARM.attributes
                0x0000000000000559       0x31 /usr/local/mcuxpressoide-10.2.1_795/ide/tools/bin/../lib/gcc/arm-none-eabi/7.2.1/../../../../arm-none-eabi/lib/thumb/v6-m/libcr_c.a(__init_alloc.o)
 .ARM.attributes
                0x000000000000058a       0x31 /usr/local/mcuxpressoide-10.2.1_795/ide/tools/bin/../lib/gcc/arm-none-eabi/7.2.1/../../../../arm-none-eabi/lib/thumb/v6-m/libcr_c.a(_cr_sbrk.o)
 .ARM.attributes
                0x00000000000005bb       0x31 /usr/local/mcuxpressoide-10.2.1_795/ide/tools/bin/../lib/gcc/arm-none-eabi/7.2.1/../../../../arm-none-eabi/lib/thumb/v6-m/libcr_c.a(_fdopen.o)
 .ARM.attributes
                0x00000000000005ec       0x31 /usr/local/mcuxpressoide-10.2.1_795/ide/tools/bin/../lib/gcc/arm-none-eabi/7.2.1/../../../../arm-none-eabi/lib/thumb/v6-m/libcr_c.a(errno.o)
 .ARM.attributes
                0x000000000000061d       0x31 /usr/local/mcuxpressoide-10.2.1_795/ide/tools/bin/../lib/gcc/arm-none-eabi/7.2.1/../../../../arm-none-eabi/lib/thumb/v6-m/libcr_c.a(fclose.o)
 .ARM.attributes
                0x000000000000064e       0x31 /usr/local/mcuxpressoide-10.2.1_795/ide/tools/bin/../lib/gcc/arm-none-eabi/7.2.1/../../../../arm-none-eabi/lib/thumb/v6-m/libcr_c.a(fflush.o)
 .ARM.attributes
                0x000000000000067f       0x31 /usr/local/mcuxpressoide-10.2.1_795/ide/tools/bin/../lib/gcc/arm-none-eabi/7.2.1/../../../../arm-none-eabi/lib/thumb/v6-m/libcr_c.a(remove.o)
 .ARM.attributes
                0x00000000000006b0       0x31 /usr/local/mcuxpressoide-10.2.1_795/ide/tools/bin/../lib/gcc/arm-none-eabi/7.2.1/../../../../arm-none-eabi/lib/thumb/v6-m/libcr_c.a(_cr_check_heap.o)
 .ARM.attributes
                0x00000000000006e1       0x31 /usr/local/mcuxpressoide-10.2.1_795/ide/tools/bin/../lib/gcc/arm-none-eabi/7.2.1/../../../../arm-none-eabi/lib/thumb/v6-m/libcr_c.a(_do_fflush.o)
 .ARM.attributes
                0x0000000000000712       0x21 /usr/local/mcuxpressoide-10.2.1_795/ide/tools/bin/../lib/gcc/arm-none-eabi/7.2.1/thumb/v6-m/libcr_eabihelpers.a(division_32.o)
 .ARM.attributes
                0x0000000000000733       0x21 /usr/local/mcuxpressoide-10.2.1_795/ide/tools/bin/../lib/gcc/arm-none-eabi/7.2.1/thumb/v6-m/libcr_eabihelpers.a(division_idiv0.o)
 .ARM.attributes
                0x0000000000000754       0x21 /usr/local/mcuxpressoide-10.2.1_795/ide/tools/bin/../lib/gcc/arm-none-eabi/7.2.1/thumb/v6-m/libcr_eabihelpers.a(memcpy.o)
 .ARM.attributes
                0x0000000000000775       0x21 /usr/local/mcuxpressoide-10.2.1_795/ide/tools/bin/../lib/gcc/arm-none-eabi/7.2.1/../../../../arm-none-eabi/lib/thumb/v6-m/libcr_semihost_nf.a(__sys_close.o)
 .ARM.attributes
                0x0000000000000796       0x21 /usr/local/mcuxpressoide-10.2.1_795/ide/tools/bin/../lib/gcc/arm-none-eabi/7.2.1/../../../../arm-none-eabi/lib/thumb/v6-m/libcr_semihost_nf.a(__sys_flen.o)
 .ARM.attributes
                0x00000000000007b7       0x21 /usr/local/mcuxpressoide-10.2.1_795/ide/tools/bin/../lib/gcc/arm-none-eabi/7.2.1/../../../../arm-none-eabi/lib/thumb/v6-m/libcr_semihost_nf.a(__sys_istty.o)
 .ARM.attributes
                0x00000000000007d8       0x21 /usr/local/mcuxpressoide-10.2.1_795/ide/tools/bin/../lib/gcc/arm-none-eabi/7.2.1/../../../../arm-none-eabi/lib/thumb/v6-m/libcr_semihost_nf.a(__sys_remove.o)
 .ARM.attributes
                0x00000000000007f9       0x21 /usr/local/mcuxpressoide-10.2.1_795/ide/tools/bin/../lib/gcc/arm-none-eabi/7.2.1/../../../../arm-none-eabi/lib/thumb/v6-m/libcr_semihost_nf.a(__sys_seek.o)
 .ARM.attributes
                0x000000000000081a       0x21 /usr/local/mcuxpressoide-10.2.1_795/ide/tools/bin/../lib/gcc/arm-none-eabi/7.2.1/../../../../arm-none-eabi/lib/thumb/v6-m/libcr_semihost_nf.a(__sys_tmpnam.o)
 .ARM.attributes
                0x000000000000083b       0x21 /usr/local/mcuxpressoide-10.2.1_795/ide/tools/bin/../lib/gcc/arm-none-eabi/7.2.1/../../../../arm-none-eabi/lib/thumb/v6-m/libcr_semihost_nf.a(__sys_write.o)

.debug_frame    0x0000000000000000     0x19cc
 .debug_frame   0x0000000000000000      0x3b0 ./startup/startup_mkl46z4.o
 .debug_frame   0x00000000000003b0      0x150 ./source/SD2_board.o
 .debug_frame   0x0000000000000500       0x30 ./source/ejemploUartRB.o
 .debug_frame   0x0000000000000530       0xd0 ./source/ringBuffer.o
 .debug_frame   0x0000000000000600       0x20 ./source/semihost_hardfault.o
 .debug_frame   0x0000000000000620      0x170 ./source/uart_ringBufer.o
 .debug_frame   0x0000000000000790      0x6e0 ./drivers/fsl_clock.o
 .debug_frame   0x0000000000000e70      0x190 ./drivers/fsl_gpio.o
 .debug_frame   0x0000000000001000      0x418 ./drivers/fsl_lpsci.o
 .debug_frame   0x0000000000001418      0x468 ./drivers/fsl_uart.o
 .debug_frame   0x0000000000001880       0xe4 ./board/src/clock_config.o
 .debug_frame   0x0000000000001964       0x68 ./CMSIS/system_MKL46Z4.o
