Archive member included to satisfy reference by file (symbol)

/Applications/MCUXpressoIDE_11.7.0_9198/ide/plugins/com.nxp.mcuxpresso.tools.macosx_11.7.0.202209140929/tools/bin/../lib/gcc/arm-none-eabi/10.3.1/../../../../arm-none-eabi/lib/thumb/v6-m/nofp/libcr_semihost_nf.a(_cr__main.o)
                              ./startup/startup_mkl46z4.o (__main)
/Applications/MCUXpressoIDE_11.7.0_9198/ide/plugins/com.nxp.mcuxpresso.tools.macosx_11.7.0.202209140929/tools/bin/../lib/gcc/arm-none-eabi/10.3.1/../../../../arm-none-eabi/lib/thumb/v6-m/nofp/libcr_semihost_nf.a(_cr_assert.o)
                              ./utilities/fsl_debug_console.o (__assertion_failed)
/Applications/MCUXpressoIDE_11.7.0_9198/ide/plugins/com.nxp.mcuxpresso.tools.macosx_11.7.0.202209140929/tools/bin/../lib/gcc/arm-none-eabi/10.3.1/../../../../arm-none-eabi/lib/thumb/v6-m/nofp/libcr_semihost_nf.a(__ciob.o)
                              /Applications/MCUXpressoIDE_11.7.0_9198/ide/plugins/com.nxp.mcuxpresso.tools.macosx_11.7.0.202209140929/tools/bin/../lib/gcc/arm-none-eabi/10.3.1/../../../../arm-none-eabi/lib/thumb/v6-m/nofp/libcr_semihost_nf.a(_cr_assert.o) (__Ciob)
/Applications/MCUXpressoIDE_11.7.0_9198/ide/plugins/com.nxp.mcuxpresso.tools.macosx_11.7.0.202209140929/tools/bin/../lib/gcc/arm-none-eabi/10.3.1/../../../../arm-none-eabi/lib/thumb/v6-m/nofp/libcr_semihost_nf.a(__sys_appexit.o)
                              /Applications/MCUXpressoIDE_11.7.0_9198/ide/plugins/com.nxp.mcuxpresso.tools.macosx_11.7.0.202209140929/tools/bin/../lib/gcc/arm-none-eabi/10.3.1/../../../../arm-none-eabi/lib/thumb/v6-m/nofp/libcr_semihost_nf.a(_cr_assert.o) (__sys_appexit)
/Applications/MCUXpressoIDE_11.7.0_9198/ide/plugins/com.nxp.mcuxpresso.tools.macosx_11.7.0.202209140929/tools/bin/../lib/gcc/arm-none-eabi/10.3.1/../../../../arm-none-eabi/lib/thumb/v6-m/nofp/libcr_c.a(memcpy.o)
                              ./drivers/fsl_ftfx_cache.o (memcpy)
/Applications/MCUXpressoIDE_11.7.0_9198/ide/plugins/com.nxp.mcuxpresso.tools.macosx_11.7.0.202209140929/tools/bin/../lib/gcc/arm-none-eabi/10.3.1/../../../../arm-none-eabi/lib/thumb/v6-m/nofp/libcr_c.a(memset.o)
                              ./source/mma8451.o (memset)
/Applications/MCUXpressoIDE_11.7.0_9198/ide/plugins/com.nxp.mcuxpresso.tools.macosx_11.7.0.202209140929/tools/bin/../lib/gcc/arm-none-eabi/10.3.1/../../../../arm-none-eabi/lib/thumb/v6-m/nofp/libcr_c.a(_deferredlazyseek.o)
                              /Applications/MCUXpressoIDE_11.7.0_9198/ide/plugins/com.nxp.mcuxpresso.tools.macosx_11.7.0.202209140929/tools/bin/../lib/gcc/arm-none-eabi/10.3.1/../../../../arm-none-eabi/lib/thumb/v6-m/nofp/libcr_semihost_nf.a(_cr_assert.o) (__flsbuf)
/Applications/MCUXpressoIDE_11.7.0_9198/ide/plugins/com.nxp.mcuxpresso.tools.macosx_11.7.0.202209140929/tools/bin/../lib/gcc/arm-none-eabi/10.3.1/../../../../arm-none-eabi/lib/thumb/v6-m/nofp/libcr_c.a(_fflush.o)
                              /Applications/MCUXpressoIDE_11.7.0_9198/ide/plugins/com.nxp.mcuxpresso.tools.macosx_11.7.0.202209140929/tools/bin/../lib/gcc/arm-none-eabi/10.3.1/../../../../arm-none-eabi/lib/thumb/v6-m/nofp/libcr_c.a(_deferredlazyseek.o) (_fflush)
/Applications/MCUXpressoIDE_11.7.0_9198/ide/plugins/com.nxp.mcuxpresso.tools.macosx_11.7.0.202209140929/tools/bin/../lib/gcc/arm-none-eabi/10.3.1/../../../../arm-none-eabi/lib/thumb/v6-m/nofp/libcr_c.a(_writebuf.o)
                              /Applications/MCUXpressoIDE_11.7.0_9198/ide/plugins/com.nxp.mcuxpresso.tools.macosx_11.7.0.202209140929/tools/bin/../lib/gcc/arm-none-eabi/10.3.1/../../../../arm-none-eabi/lib/thumb/v6-m/nofp/libcr_c.a(_deferredlazyseek.o) (_Cwritebuf)
/Applications/MCUXpressoIDE_11.7.0_9198/ide/plugins/com.nxp.mcuxpresso.tools.macosx_11.7.0.202209140929/tools/bin/../lib/gcc/arm-none-eabi/10.3.1/../../../../arm-none-eabi/lib/thumb/v6-m/nofp/libcr_c.a(alloc.o)
                              ./source/ringBuffer.o (malloc)
/Applications/MCUXpressoIDE_11.7.0_9198/ide/plugins/com.nxp.mcuxpresso.tools.macosx_11.7.0.202209140929/tools/bin/../lib/gcc/arm-none-eabi/10.3.1/../../../../arm-none-eabi/lib/thumb/v6-m/nofp/libcr_c.a(fpprintf.o)
                              ./source/enviarAccContinuo.o (sprintf)
/Applications/MCUXpressoIDE_11.7.0_9198/ide/plugins/com.nxp.mcuxpresso.tools.macosx_11.7.0.202209140929/tools/bin/../lib/gcc/arm-none-eabi/10.3.1/../../../../arm-none-eabi/lib/thumb/v6-m/nofp/libcr_c.a(fputs.o)
                              /Applications/MCUXpressoIDE_11.7.0_9198/ide/plugins/com.nxp.mcuxpresso.tools.macosx_11.7.0.202209140929/tools/bin/../lib/gcc/arm-none-eabi/10.3.1/../../../../arm-none-eabi/lib/thumb/v6-m/nofp/libcr_semihost_nf.a(_cr_assert.o) (fputs)
/Applications/MCUXpressoIDE_11.7.0_9198/ide/plugins/com.nxp.mcuxpresso.tools.macosx_11.7.0.202209140929/tools/bin/../lib/gcc/arm-none-eabi/10.3.1/../../../../arm-none-eabi/lib/thumb/v6-m/nofp/libcr_c.a(fseek.o)
[...]
Memory Configuration

Name             Origin             Length             Attributes
PROGRAM_FLASH    0x0000000000000000 0x0000000000040000 xr
SRAM             0x000000001fffe000 0x0000000000008000 xrw
*default*        0x0000000000000000 0xffffffffffffffff

Linker script and memory map

LOAD ./utilities/fsl_assert.o
LOAD ./utilities/fsl_debug_console.o
LOAD ./utilities/fsl_io.o
LOAD ./utilities/fsl_log.o
LOAD ./utilities/fsl_str.o
LOAD ./startup/startup_mkl46z4.o
LOAD ./source/SD2_I2C.o
LOAD ./source/SD2_board.o
LOAD ./source/display.o
LOAD ./source/enviarAccContinuo.o
LOAD ./source/font5x7.o
LOAD ./source/main.o
LOAD ./source/mefDisplay.o
LOAD ./source/mefRecTrama.o
LOAD ./source/mma8451.o
LOAD ./source/mtb.o
LOAD ./source/oled.o
LOAD ./source/procTrama.o
LOAD ./source/ringBuffer.o
LOAD ./source/semihost_hardfault.o
LOAD ./source/uart_ringBufer.o
LOAD ./drivers/fsl_clock.o
LOAD ./drivers/fsl_common.o
LOAD ./drivers/fsl_ftfx_cache.o
LOAD ./drivers/fsl_ftfx_controller.o
LOAD ./drivers/fsl_ftfx_flash.o
LOAD ./drivers/fsl_ftfx_flexnvm.o
LOAD ./drivers/fsl_gpio.o
LOAD ./drivers/fsl_i2c.o
LOAD ./drivers/fsl_lpsci.o
LOAD ./drivers/fsl_smc.o
LOAD ./drivers/fsl_spi.o
LOAD ./drivers/fsl_uart.o
LOAD ./board/src/board.o
LOAD ./board/src/clock_config.o
LOAD ./board/peripherals.o
LOAD ./board/pin_mux.o
LOAD ./CMSIS/system_MKL46Z4.o
START GROUP
LOAD /Applications/MCUXpressoIDE_11.7.0_9198/ide/plugins/com.nxp.mcuxpresso.tools.macosx_11.7.0.202209140929/tools/bin/../lib/gcc/arm-none-eabi/10.3.1/../../../../arm-none-eabi/lib/thumb/v6-m/nofp/libcr_semihost_nf.a
LOAD /Applications/MCUXpressoIDE_11.7.0_9198/ide/plugins/com.nxp.mcuxpresso.tools.macosx_11.7.0.202209140929/tools/bin/../lib/gcc/arm-none-eabi/10.3.1/../../../../arm-none-eabi/lib/thumb/v6-m/nofp/libcr_c.a
LOAD /Applications/MCUXpressoIDE_11.7.0_9198/ide/plugins/com.nxp.mcuxpresso.tools.macosx_11.7.0.202209140929/tools/bin/../lib/gcc/arm-none-eabi/10.3.1/thumb/v6-m/nofp/libcr_eabihelpers.a
LOAD /Applications/MCUXpressoIDE_11.7.0_9198/ide/plugins/com.nxp.mcuxpresso.tools.macosx_11.7.0.202209140929/tools/bin/../lib/gcc/arm-none-eabi/10.3.1/thumb/v6-m/nofp/libgcc.a
END GROUP
                0x0000000000000000                __base_PROGRAM_FLASH = 0x0
                0x0000000000000000                __base_Flash = 0x0
                0x0000000000040000                __top_PROGRAM_FLASH = 0x40000
                0x0000000000040000                __top_Flash = 0x40000
                0x000000001fffe000                __base_SRAM = 0x1fffe000
                0x000000001fffe000                __base_RAM = 0x1fffe000
                0x0000000020006000                __top_SRAM = 0x20006000
                0x0000000020006000                __top_RAM = 0x20006000

.text           0x0000000000000000     0x7d18
 FILL mask 0xff
                0x0000000000000000                __vectors_start__ = ABSOLUTE (.)
 *(SORT_BY_ALIGNMENT(.isr_vector))
 .isr_vector    0x0000000000000000       0xc0 ./startup/startup_mkl46z4.o
                0x0000000000000000                __Vectors
                0x0000000000000000                g_pfnVectors
                0x00000000000000c0                . = ALIGN (0x4)
                0x00000000000000c0                __section_table_start = .
                0x00000000000000c0                __data_section_table = .
                0x00000000000000c0        0x4 LONG 0x7d18 LOADADDR (.data)
                0x00000000000000c4        0x4 LONG 0x1fffe080 ADDR (.data)
                0x00000000000000c8        0x4 LONG 0xc SIZEOF (.data)
                0x00000000000000cc                __data_section_table_end = .
                0x00000000000000cc                __bss_section_table = .
                0x00000000000000cc        0x4 LONG 0x1fffe08c ADDR (.bss)
                0x00000000000000d0        0x4 LONG 0x524 SIZEOF (.bss)
                0x00000000000000d4                __bss_section_table_end = .
                0x00000000000000d4                __section_table_end = .
 *(SORT_BY_ALIGNMENT(.after_vectors*))
 .after_vectors.reset
                0x00000000000000d4       0x4c ./startup/startup_mkl46z4.o
                0x00000000000000d4                ResetISR
 .after_vectors.init_data
                0x0000000000000120       0x12 ./startup/startup_mkl46z4.o
                0x0000000000000120                data_init
 .after_vectors.init_bss
                0x0000000000000132       0x10 ./startup/startup_mkl46z4.o
                0x0000000000000132                bss_init
 .after_vectors
                0x0000000000000142      0x10c ./startup/startup_mkl46z4.o
                0x0000000000000142                NMI_Handler
                0x0000000000000146                SVC_Handler
                0x0000000000000148                PendSV_Handler
                0x000000000000014c                PORTC_PORTD_DriverIRQHandler
                0x000000000000014c                DMA2_DriverIRQHandler
                0x000000000000014c                I2S0_DriverIRQHandler
                0x000000000000014c                CMP0_DriverIRQHandler
                0x000000000000014c                DMA3_DriverIRQHandler
                0x000000000000014c                DMA0_DriverIRQHandler
                0x000000000000014c                LPTMR0_DriverIRQHandler
                0x000000000000014c                TPM1_DriverIRQHandler
                0x000000000000014c                PORTA_DriverIRQHandler
                0x000000000000014c                Reserved20_DriverIRQHandler
                0x000000000000014c                PIT_DriverIRQHandler
                0x000000000000014c                TPM2_DriverIRQHandler
                0x000000000000014c                ADC0_DriverIRQHandler
                0x000000000000014c                TSI0_DriverIRQHandler
                0x000000000000014c                RTC_Seconds_DriverIRQHandler
                0x000000000000014c                DMA1_DriverIRQHandler
                0x000000000000014c                LLWU_DriverIRQHandler
                0x000000000000014c                MCG_DriverIRQHandler
                0x000000000000014c                LCD_DriverIRQHandler
                0x000000000000014c                FTFA_DriverIRQHandler
                0x000000000000014c                IntDefaultHandler
                0x000000000000014c                USB0_DriverIRQHandler
                0x000000000000014c                DAC0_DriverIRQHandler
                0x000000000000014c                LVD_LVW_DriverIRQHandler
                0x000000000000014c                TPM0_DriverIRQHandler
                0x000000000000014c                RTC_DriverIRQHandler
                0x000000000000014e                DMA0_IRQHandler
                0x0000000000000156                DMA1_IRQHandler
                0x000000000000015e                DMA2_IRQHandler
                0x0000000000000166                DMA3_IRQHandler
                0x000000000000016e                Reserved20_IRQHandler
                0x0000000000000176                FTFA_IRQHandler
                0x000000000000017e                LVD_LVW_IRQHandler
                0x0000000000000186                LLWU_IRQHandler
                0x000000000000018e                I2C0_IRQHandler
                0x0000000000000196                I2C1_IRQHandler
                0x000000000000019e                SPI0_IRQHandler
                0x00000000000001a6                SPI1_IRQHandler
                0x00000000000001b6                UART1_IRQHandler
                0x00000000000001be                UART2_IRQHandler
                0x00000000000001c6                ADC0_IRQHandler
                0x00000000000001ce                CMP0_IRQHandler
                0x00000000000001d6                TPM0_IRQHandler
                0x00000000000001de                TPM1_IRQHandler
                0x00000000000001e6                TPM2_IRQHandler
                0x00000000000001ee                RTC_IRQHandler
                0x00000000000001f6                RTC_Seconds_IRQHandler
                0x00000000000001fe                PIT_IRQHandler
                0x0000000000000206                I2S0_IRQHandler
                0x000000000000020e                USB0_IRQHandler
                0x0000000000000216                DAC0_IRQHandler
                0x000000000000021e                TSI0_IRQHandler
                0x0000000000000226                MCG_IRQHandler
                0x000000000000022e                LPTMR0_IRQHandler
                0x0000000000000236                LCD_IRQHandler
                0x000000000000023e                PORTA_IRQHandler
                0x0000000000000400                . = 0x400
 *fill*         0x000000000000024e      0x1b2 ff
                0x0000000000000400                PROVIDE (__FLASH_CONFIG_START__ = .)
 *(SORT_BY_ALIGNMENT(.FlashConfig))
 .FlashConfig   0x0000000000000400       0x10 ./startup/startup_mkl46z4.o
                0x0000000000000400                Flash_Config
                0x0000000000000410                PROVIDE (__FLASH_CONFIG_END__ = .)
                0x0000000000000001                ASSERT (! ((__FLASH_CONFIG_START__ == __FLASH_CONFIG_END__)), Linker Flash Config Support Enabled, but no .FlashConfig section provided within application)
 *(SORT_BY_ALIGNMENT(.text*))
 .text.CLOCK_EnableClock
                0x0000000000000410       0x34 ./source/SD2_I2C.o
 .text.PORT_SetPinConfig
                0x0000000000000444       0x38 ./source/SD2_I2C.o
 .text.I2C_releaseBus
                0x000000000000047c      0x124 ./source/SD2_I2C.o
 .text.I2C_configPins
                0x00000000000005a0       0x80 ./source/SD2_I2C.o
 .text.SD2_I2C_init
                0x0000000000000620       0x44 ./source/SD2_I2C.o
                0x0000000000000620                SD2_I2C_init
 .text.CLOCK_EnableClock
                0x0000000000000664       0x34 ./source/SD2_board.o
 .text.PORT_SetPinConfig
                0x0000000000000698       0x38 ./source/SD2_board.o
 .text.board_init
                0x00000000000006d0      0x218 ./source/SD2_board.o
                0x00000000000006d0                board_init
 .text.board_setLed
                0x00000000000008e8       0xd8 ./source/SD2_board.o
                0x00000000000008e8                board_setLed
 .text.board_getSw
                0x00000000000009c0       0x50 ./source/SD2_board.o
                0x00000000000009c0                board_getSw
 .text.board_configSPI0
                0x0000000000000a10       0x90 ./source/SD2_board.o
                0x0000000000000a10                board_configSPI0
 .text.board_setOledPin
                0x0000000000000aa0       0x50 ./source/SD2_board.o
                0x0000000000000aa0                board_setOledPin
 .text.board_SPISend
                0x0000000000000af0       0x38 ./source/SD2_board.o
                0x0000000000000af0                board_SPISend
 .text.display_header
                0x0000000000000b28       0x28 ./source/display.o
                0x0000000000000b28                display_header
 .text.display_reading
                0x0000000000000b50       0xa8 ./source/display.o
                0x0000000000000b50                display_reading
 .text.enviarAccContinuo_1ms
                0x0000000000000bf8       0x20 ./source/enviarAccContinuo.o
                0x0000000000000bf8                enviarAccContinuo_1ms
 .text.__NVIC_SetPriority
                0x0000000000000c18       0xdc ./source/main.o
 .text.SysTick_Config
                0x0000000000000cf4       0x48 ./source/main.o
 .text.main     0x0000000000000d3c       0x40 ./source/main.o
                0x0000000000000d3c                main
 .text.mefDisplay
                0x0000000000000d7c       0x58 ./source/mefDisplay.o
                0x0000000000000d7c                mefDisplay
 .text.mefDisplay_task1ms
                0x0000000000000dd4       0x24 ./source/mefDisplay.o
                0x0000000000000dd4                mefDisplay_task1ms
 .text.mefRecTrama_task
                0x0000000000000df8       0xd0 ./source/mefRecTrama.o
                0x0000000000000df8                mefRecTrama_task
 .text.__NVIC_EnableIRQ
                0x0000000000000ec8       0x34 ./source/mma8451.o
 .text.__NVIC_SetPriority
                0x0000000000000efc       0xdc ./source/mma8451.o
 .text.PORT_SetPinConfig
                0x0000000000000fd8       0x38 ./source/mma8451.o
 .text.PORT_SetPinInterruptConfig
                0x0000000000001010       0x40 ./source/mma8451.o
 .text.mma8451_read_reg
                0x0000000000001050       0x68 ./source/mma8451.o
 .text.mma8451_read_multireg
                0x00000000000010b8       0x68 ./source/mma8451.o
 .text.mma8451_write_reg
                0x0000000000001120       0x68 ./source/mma8451.o
 .text.config_port_int1
                0x0000000000001188       0x74 ./source/mma8451.o
 .text.mma8451_getAcX
                0x00000000000011fc       0x2c ./source/mma8451.o
                0x00000000000011fc                mma8451_getAcX
 .text.mma8451_getAcY
                0x0000000000001228       0x2c ./source/mma8451.o
                0x0000000000001228                mma8451_getAcY
 .text.mma8451_getAcZ
                0x0000000000001254       0x2c ./source/mma8451.o
                0x0000000000001254                mma8451_getAcZ
 .text.PORTC_PORTD_IRQHandler
                0x0000000000001280      0x11c ./source/mma8451.o
                0x0000000000001280                PORTC_PORTD_IRQHandler
 .text.oled_init
                0x000000000000139c       0x50 ./source/oled.o
                0x000000000000139c                oled_init
 .text.oled_putPixel
                0x00000000000013ec      0x1bc ./source/oled.o
                0x00000000000013ec                oled_putPixel
 .text.oled_clearScreen
                0x00000000000015a8       0x84 ./source/oled.o
                0x00000000000015a8                oled_clearScreen
 .text.oled_putChar
                0x000000000000162c      0x148 ./source/oled.o
                0x000000000000162c                oled_putChar
 .text.procLed  0x0000000000001774       0xb8 ./source/procTrama.o
 .text.procSw   0x000000000000182c       0xbc ./source/procTrama.o
 .text.procAcc  0x00000000000018e8       0xf8 ./source/procTrama.o
 .text.HardFault_Handler
                0x00000000000019e0       0x30 ./source/semihost_hardfault.o
                0x00000000000019e0                HardFault_Handler
 .text.__NVIC_EnableIRQ
                0x0000000000001a10       0x34 ./source/uart_ringBufer.o
 .text.__NVIC_DisableIRQ
                0x0000000000001a44       0x44 ./source/uart_ringBufer.o
 .text.CLOCK_SetLpsci0Clock
                0x0000000000001a88       0x38 ./source/uart_ringBufer.o
 .text.PORT_SetPinMux
                0x0000000000001ac0       0x40 ./source/uart_ringBufer.o
 .text.uart_ringBuffer_init
                0x0000000000001b00       0xb0 ./source/uart_ringBufer.o
                0x0000000000001b00                uart_ringBuffer_init
 .text.uart_ringBuffer_recDatos
                0x0000000000001bb0       0x6c ./source/uart_ringBufer.o
                0x0000000000001bb0                uart_ringBuffer_recDatos
 .text.uart_ringBuffer_envDatos
                0x0000000000001c1c       0x84 ./source/uart_ringBufer.o
                0x0000000000001c1c                uart_ringBuffer_envDatos
 .text.UART0_IRQHandler
                0x0000000000001ca0       0xc4 ./source/uart_ringBufer.o
                0x0000000000001ca0                UART0_IRQHandler
 .text.CLOCK_SetEr32kClock
                0x0000000000001d64       0x34 ./drivers/fsl_clock.o
 .text.CLOCK_SetPllFllSelClock
                0x0000000000001d98       0x38 ./drivers/fsl_clock.o
 .text.CLOCK_GetMcgExtClkFreq
                0x0000000000001dd0       0x28 ./drivers/fsl_clock.o
 .text.CLOCK_GetFllExtRefClkFreq
                0x0000000000001df8       0xa8 ./drivers/fsl_clock.o
 .text.CLOCK_GetInternalRefClkSelectFreq
                0x0000000000001ea0       0x40 ./drivers/fsl_clock.o
 .text.CLOCK_GetFllRefClkFreq
                0x0000000000001ee0       0x2c ./drivers/fsl_clock.o
 .text.CLOCK_GetOscRangeFromFreq
                0x0000000000001f0c       0x4c ./drivers/fsl_clock.o
 .text.CLOCK_GetOsc0ErClkFreq
                0x0000000000001f58       0x3c ./drivers/fsl_clock.o
                0x0000000000001f58                CLOCK_GetOsc0ErClkFreq
 .text.CLOCK_GetEr32kClkFreq
                0x0000000000001f94       0x78 ./drivers/fsl_clock.o
                0x0000000000001f94                CLOCK_GetEr32kClkFreq
 .text.CLOCK_GetPllFllSelClkFreq
                0x000000000000200c       0x4c ./drivers/fsl_clock.o
                0x000000000000200c                CLOCK_GetPllFllSelClkFreq
 .text.CLOCK_GetFreq
                0x0000000000002058       0xe0 ./drivers/fsl_clock.o
                0x0000000000002058                CLOCK_GetFreq
 .text.CLOCK_SetSimConfig
                0x0000000000002138       0x38 ./drivers/fsl_clock.o
                0x0000000000002138                CLOCK_SetSimConfig
 .text.CLOCK_GetOutClkFreq
                0x0000000000002170       0x78 ./drivers/fsl_clock.o
                0x0000000000002170                CLOCK_GetOutClkFreq
 .text.CLOCK_GetFllFreq
                0x00000000000021e8       0x84 ./drivers/fsl_clock.o
                0x00000000000021e8                CLOCK_GetFllFreq
 .text.CLOCK_GetInternalRefClkFreq
                0x000000000000226c       0x28 ./drivers/fsl_clock.o
                0x000000000000226c                CLOCK_GetInternalRefClkFreq
 .text.CLOCK_GetPll0Freq
                0x0000000000002294       0x70 ./drivers/fsl_clock.o
                0x0000000000002294                CLOCK_GetPll0Freq
 .text.CLOCK_SetInternalRefClkConfig
                0x0000000000002304      0x124 ./drivers/fsl_clock.o
                0x0000000000002304                CLOCK_SetInternalRefClkConfig
 .text.CLOCK_EnablePll0
                0x0000000000002428       0x94 ./drivers/fsl_clock.o
                0x0000000000002428                CLOCK_EnablePll0
 .text.CLOCK_InitOsc0
                0x00000000000024bc       0x94 ./drivers/fsl_clock.o
                0x00000000000024bc                CLOCK_InitOsc0
 .text.CLOCK_SetPbeMode
                0x0000000000002550       0xb0 ./drivers/fsl_clock.o
                0x0000000000002550                CLOCK_SetPbeMode
 .text.CLOCK_BootToPeeMode
                0x0000000000002600       0x70 ./drivers/fsl_clock.o
                0x0000000000002600                CLOCK_BootToPeeMode
 .text.GPIO_PinInit
                0x0000000000002670       0x64 ./drivers/fsl_gpio.o
                0x0000000000002670                GPIO_PinInit
 .text.CLOCK_EnableClock
                0x00000000000026d4       0x34 ./drivers/fsl_i2c.o
 .text.I2C_GetInstance
                0x0000000000002708       0x4c ./drivers/fsl_i2c.o
                0x0000000000002708                I2C_GetInstance
 .text.I2C_CheckAndClearError
                0x0000000000002754       0x40 ./drivers/fsl_i2c.o
 .text.I2C_TransferCommonIRQHandler
                0x0000000000002794       0x58 ./drivers/fsl_i2c.o
 .text.I2C_MasterInit
                0x00000000000027ec       0xfc ./drivers/fsl_i2c.o
                0x00000000000027ec                I2C_MasterInit
 .text.I2C_MasterGetDefaultConfig
                0x00000000000028e8       0x40 ./drivers/fsl_i2c.o
                0x00000000000028e8                I2C_MasterGetDefaultConfig
 .text.I2C_MasterSetBaudRate
                0x0000000000002928       0xf0 ./drivers/fsl_i2c.o
                0x0000000000002928                I2C_MasterSetBaudRate
 .text.I2C_MasterStart
                0x0000000000002a18       0x74 ./drivers/fsl_i2c.o
                0x0000000000002a18                I2C_MasterStart
 .text.I2C_MasterRepeatedStart
                0x0000000000002a8c       0xbc ./drivers/fsl_i2c.o
                0x0000000000002a8c                I2C_MasterRepeatedStart
 .text.I2C_MasterWriteBlocking
                0x0000000000002b48       0xec ./drivers/fsl_i2c.o
                0x0000000000002b48                I2C_MasterWriteBlocking
 .text.I2C_MasterTransferBlocking
                0x0000000000002c34      0x24c ./drivers/fsl_i2c.o
                0x0000000000002c34                I2C_MasterTransferBlocking
 .text.I2C0_DriverIRQHandler
                0x0000000000002e80       0x20 ./drivers/fsl_i2c.o
                0x0000000000002e80                I2C0_DriverIRQHandler
 .text.I2C1_DriverIRQHandler
                0x0000000000002ea0       0x20 ./drivers/fsl_i2c.o
                0x0000000000002ea0                I2C1_DriverIRQHandler
 .text.CLOCK_EnableClock
                0x0000000000002ec0       0x34 ./drivers/fsl_lpsci.o
 .text.LPSCI_GetInstance
                0x0000000000002ef4       0x48 ./drivers/fsl_lpsci.o
                0x0000000000002ef4                LPSCI_GetInstance
 .text.LPSCI_Init
                0x0000000000002f3c      0x270 ./drivers/fsl_lpsci.o
                0x0000000000002f3c                LPSCI_Init
 .text.LPSCI_GetDefaultConfig
                0x00000000000031ac       0x48 ./drivers/fsl_lpsci.o
                0x00000000000031ac                LPSCI_GetDefaultConfig
 .text.LPSCI_EnableInterrupts
                0x00000000000031f4       0x58 ./drivers/fsl_lpsci.o
                0x00000000000031f4                LPSCI_EnableInterrupts
 .text.LPSCI_DisableInterrupts
                0x000000000000324c       0x64 ./drivers/fsl_lpsci.o
                0x000000000000324c                LPSCI_DisableInterrupts
 .text.LPSCI_GetEnabledInterrupts
                0x00000000000032b0       0x38 ./drivers/fsl_lpsci.o
                0x00000000000032b0                LPSCI_GetEnabledInterrupts
 .text.LPSCI_ClearStatusFlags
                0x00000000000032e8       0x94 ./drivers/fsl_lpsci.o
                0x00000000000032e8                LPSCI_ClearStatusFlags
 .text.UART0_DriverIRQHandler
                0x000000000000337c       0x24 ./drivers/fsl_lpsci.o
                0x000000000000337c                UART0_DriverIRQHandler
 .text.CLOCK_EnableClock
                0x00000000000033a0       0x34 ./drivers/fsl_spi.o
 .text.SPI_GetInstance
                0x00000000000033d4       0x4c ./drivers/fsl_spi.o
                0x00000000000033d4                SPI_GetInstance
 .text.SPI_SetDummyData
                0x0000000000003420       0x34 ./drivers/fsl_spi.o
                0x0000000000003420                SPI_SetDummyData
 .text.SPI_WriteNonBlocking
                0x0000000000003454       0xc4 ./drivers/fsl_spi.o
 .text.SPI_MasterGetDefaultConfig
                0x0000000000003518       0x58 ./drivers/fsl_spi.o
                0x0000000000003518                SPI_MasterGetDefaultConfig
 .text.SPI_MasterInit
                0x0000000000003570      0x164 ./drivers/fsl_spi.o
                0x0000000000003570                SPI_MasterInit
 .text.SPI_MasterTransferBlocking
                0x00000000000036d4      0x100 ./drivers/fsl_spi.o
                0x00000000000036d4                SPI_MasterTransferBlocking
 .text.SPI_CommonIRQHandler
                0x00000000000037d4       0x54 ./drivers/fsl_spi.o
 .text.SPI0_DriverIRQHandler
                0x0000000000003828       0x30 ./drivers/fsl_spi.o
                0x0000000000003828                SPI0_DriverIRQHandler
 .text.SPI1_DriverIRQHandler
                0x0000000000003858       0x30 ./drivers/fsl_spi.o
                0x0000000000003858                SPI1_DriverIRQHandler
 .text.UART1_DriverIRQHandler
                0x0000000000003888       0x24 ./drivers/fsl_uart.o
                0x0000000000003888                UART1_DriverIRQHandler
 .text.UART2_DriverIRQHandler
                0x00000000000038ac       0x24 ./drivers/fsl_uart.o
                0x00000000000038ac                UART2_DriverIRQHandler
 .text.CLOCK_SetSimSafeDivs
                0x00000000000038d0       0x20 ./board/src/clock_config.o
 .text.CLOCK_SetXtal0Freq
                0x00000000000038f0       0x1c ./board/src/clock_config.o
 .text.CLOCK_CONFIG_SetFllExtRefDiv
                0x000000000000390c       0x3c ./board/src/clock_config.o
 .text.BOARD_BootClockRUN
                0x0000000000003948       0x64 ./board/src/clock_config.o
                0x0000000000003948                BOARD_BootClockRUN
 .text.SystemInit
                0x00000000000039ac       0x1c ./CMSIS/system_MKL46Z4.o
                0x00000000000039ac                SystemInit
 .text.__assertion_failed
                0x00000000000039c8       0x4c /Applications/MCUXpressoIDE_11.7.0_9198/ide/plugins/com.nxp.mcuxpresso.tools.macosx_11.7.0.202209140929/tools/bin/../lib/gcc/arm-none-eabi/10.3.1/../../../../arm-none-eabi/lib/thumb/v6-m/nofp/libcr_semihost_nf.a(_cr_assert.o)
                0x00000000000039c8                __assertion_failed
 .text.__sys_appexit
                0x0000000000003a14        0xc /Applications/MCUXpressoIDE_11.7.0_9198/ide/plugins/com.nxp.mcuxpresso.tools.macosx_11.7.0.202209140929/tools/bin/../lib/gcc/arm-none-eabi/10.3.1/../../../../arm-none-eabi/lib/thumb/v6-m/nofp/libcr_semihost_nf.a(__sys_appexit.o)
                0x0000000000003a14                __exit
                0x0000000000003a14                __sys_appexit
 .text._deferredlazyseek
                0x0000000000003a20       0x40 /Applications/MCUXpressoIDE_11.7.0_9198/ide/plugins/com.nxp.mcuxpresso.tools.macosx_11.7.0.202209140929/tools/bin/../lib/gcc/arm-none-eabi/10.3.1/../../../../arm-none-eabi/lib/thumb/v6-m/nofp/libcr_c.a(_deferredlazyseek.o)
                0x0000000000003a20                _deferredlazyseek
 .text.__flsbuf
                0x0000000000003a60      0x150 /Applications/MCUXpressoIDE_11.7.0_9198/ide/plugins/com.nxp.mcuxpresso.tools.macosx_11.7.0.202209140929/tools/bin/../lib/gcc/arm-none-eabi/10.3.1/../../../../arm-none-eabi/lib/thumb/v6-m/nofp/libcr_c.a(_deferredlazyseek.o)
                0x0000000000003a60                __flsbuf
 .text._fflush  0x0000000000003bb0       0x60 /Applications/MCUXpressoIDE_11.7.0_9198/ide/plugins/com.nxp.mcuxpresso.tools.macosx_11.7.0.202209140929/tools/bin/../lib/gcc/arm-none-eabi/10.3.1/../../../../arm-none-eabi/lib/thumb/v6-m/nofp/libcr_c.a(_fflush.o)
                0x0000000000003bb0                _fflush
 .text._Cwritebuf
                0x0000000000003c10       0x68 /Applications/MCUXpressoIDE_11.7.0_9198/ide/plugins/com.nxp.mcuxpresso.tools.macosx_11.7.0.202209140929/tools/bin/../lib/gcc/arm-none-eabi/10.3.1/../../../../arm-none-eabi/lib/thumb/v6-m/nofp/libcr_c.a(_writebuf.o)
                0x0000000000003c10                _Cwritebuf
 .text.malloc   0x0000000000003c78       0xcc /Applications/MCUXpressoIDE_11.7.0_9198/ide/plugins/com.nxp.mcuxpresso.tools.macosx_11.7.0.202209140929/tools/bin/../lib/gcc/arm-none-eabi/10.3.1/../../../../arm-none-eabi/lib/thumb/v6-m/nofp/libcr_c.a(alloc.o)
                0x0000000000003c78                malloc
 .text._Csys_alloc
                0x0000000000003d44       0x20 /Applications/MCUXpressoIDE_11.7.0_9198/ide/plugins/com.nxp.mcuxpresso.tools.macosx_11.7.0.202209140929/tools/bin/../lib/gcc/arm-none-eabi/10.3.1/../../../../arm-none-eabi/lib/thumb/v6-m/nofp/libcr_c.a(alloc.o)
                0x0000000000003d44                _Csys_alloc
 .text.sprintf  0x0000000000003d64       0x6c /Applications/MCUXpressoIDE_11.7.0_9198/ide/plugins/com.nxp.mcuxpresso.tools.macosx_11.7.0.202209140929/tools/bin/../lib/gcc/arm-none-eabi/10.3.1/../../../../arm-none-eabi/lib/thumb/v6-m/nofp/libcr_c.a(fpprintf.o)
                0x0000000000003d64                sprintf
 .text.fp_display
                0x0000000000003dd0      0x97c /Applications/MCUXpressoIDE_11.7.0_9198/ide/plugins/com.nxp.mcuxpresso.tools.macosx_11.7.0.202209140929/tools/bin/../lib/gcc/arm-none-eabi/10.3.1/../../../../arm-none-eabi/lib/thumb/v6-m/nofp/libcr_c.a(fpprintf.o)
 .text.fseek    0x000000000000474c       0xf0 /Applications/MCUXpressoIDE_11.7.0_9198/ide/plugins/com.nxp.mcuxpresso.tools.macosx_11.7.0.202209140929/tools/bin/../lib/gcc/arm-none-eabi/10.3.1/../../../../arm-none-eabi/lib/thumb/v6-m/nofp/libcr_c.a(fseek.o)
                0x000000000000474c                fseek
 .text.ftell    0x000000000000483c       0x48 /Applications/MCUXpressoIDE_11.7.0_9198/ide/plugins/com.nxp.mcuxpresso.tools.macosx_11.7.0.202209140929/tools/bin/../lib/gcc/arm-none-eabi/10.3.1/../../../../arm-none-eabi/lib/thumb/v6-m/nofp/libcr_c.a(ftell.o)
                0x000000000000483c                ftell
 .text._initio  0x0000000000004884       0x7c /Applications/MCUXpressoIDE_11.7.0_9198/ide/plugins/com.nxp.mcuxpresso.tools.macosx_11.7.0.202209140929/tools/bin/../lib/gcc/arm-none-eabi/10.3.1/../../../../arm-none-eabi/lib/thumb/v6-m/nofp/libcr_c.a(initio.o)
                0x0000000000004884                _initio
 .text.__vfprintf
                0x0000000000004900      0xd40 /Applications/MCUXpressoIDE_11.7.0_9198/ide/plugins/com.nxp.mcuxpresso.tools.macosx_11.7.0.202209140929/tools/bin/../lib/gcc/arm-none-eabi/10.3.1/../../../../arm-none-eabi/lib/thumb/v6-m/nofp/libcr_c.a(printf.o)
                0x0000000000004900                __vfprintf
 .text._sprintf
                0x0000000000005640       0x6c /Applications/MCUXpressoIDE_11.7.0_9198/ide/plugins/com.nxp.mcuxpresso.tools.macosx_11.7.0.202209140929/tools/bin/../lib/gcc/arm-none-eabi/10.3.1/../../../../arm-none-eabi/lib/thumb/v6-m/nofp/libcr_c.a(printf.o)
                0x0000000000005640                _sprintf
 .text.ch_val   0x00000000000056ac       0x30 /Applications/MCUXpressoIDE_11.7.0_9198/ide/plugins/com.nxp.mcuxpresso.tools.macosx_11.7.0.202209140929/tools/bin/../lib/gcc/arm-none-eabi/10.3.1/../../../../arm-none-eabi/lib/thumb/v6-m/nofp/libcr_c.a(scanf.o)
 .text._strtoul
                0x00000000000056dc       0xcc /Applications/MCUXpressoIDE_11.7.0_9198/ide/plugins/com.nxp.mcuxpresso.tools.macosx_11.7.0.202209140929/tools/bin/../lib/gcc/arm-none-eabi/10.3.1/../../../../arm-none-eabi/lib/thumb/v6-m/nofp/libcr_c.a(scanf.o)
 .text.strtol   0x00000000000057a8       0x8c /Applications/MCUXpressoIDE_11.7.0_9198/ide/plugins/com.nxp.mcuxpresso.tools.macosx_11.7.0.202209140929/tools/bin/../lib/gcc/arm-none-eabi/10.3.1/../../../../arm-none-eabi/lib/thumb/v6-m/nofp/libcr_c.a(scanf.o)
                0x00000000000057a8                strtol
 .text.setvbuf  0x0000000000005834       0x4c /Applications/MCUXpressoIDE_11.7.0_9198/ide/plugins/com.nxp.mcuxpresso.tools.macosx_11.7.0.202209140929/tools/bin/../lib/gcc/arm-none-eabi/10.3.1/../../../../arm-none-eabi/lib/thumb/v6-m/nofp/libcr_c.a(setvbuf.o)
                0x0000000000005834                setvbuf
 .text.strlen   0x0000000000005880       0x58 /Applications/MCUXpressoIDE_11.7.0_9198/ide/plugins/com.nxp.mcuxpresso.tools.macosx_11.7.0.202209140929/tools/bin/../lib/gcc/arm-none-eabi/10.3.1/../../../../arm-none-eabi/lib/thumb/v6-m/nofp/libcr_c.a(strlen.o)
                0x0000000000005880                strlen
 .text._sbrk    0x00000000000058d8       0x44 /Applications/MCUXpressoIDE_11.7.0_9198/ide/plugins/com.nxp.mcuxpresso.tools.macosx_11.7.0.202209140929/tools/bin/../lib/gcc/arm-none-eabi/10.3.1/../../../../arm-none-eabi/lib/thumb/v6-m/nofp/libcr_c.a(_cr_sbrk.o)
                0x00000000000058d8                _sbrk
 .text._fdopen  0x000000000000591c       0x74 /Applications/MCUXpressoIDE_11.7.0_9198/ide/plugins/com.nxp.mcuxpresso.tools.macosx_11.7.0.202209140929/tools/bin/../lib/gcc/arm-none-eabi/10.3.1/../../../../arm-none-eabi/lib/thumb/v6-m/nofp/libcr_c.a(_fdopen.o)
                0x000000000000591c                _fdopen
 .text._frexpl  0x0000000000005990       0x80 /Applications/MCUXpressoIDE_11.7.0_9198/ide/plugins/com.nxp.mcuxpresso.tools.macosx_11.7.0.202209140929/tools/bin/../lib/gcc/arm-none-eabi/10.3.1/../../../../arm-none-eabi/lib/thumb/v6-m/nofp/libcr_c.a(_frexpl.o)
                0x0000000000005990                _frexpl
 .text._ldexpl  0x0000000000005a10       0x58 /Applications/MCUXpressoIDE_11.7.0_9198/ide/plugins/com.nxp.mcuxpresso.tools.macosx_11.7.0.202209140929/tools/bin/../lib/gcc/arm-none-eabi/10.3.1/../../../../arm-none-eabi/lib/thumb/v6-m/nofp/libcr_c.a(_ldexpl.o)
                0x0000000000005a10                _ldexpl
 .text.fclose   0x0000000000005a68       0x5c /Applications/MCUXpressoIDE_11.7.0_9198/ide/plugins/com.nxp.mcuxpresso.tools.macosx_11.7.0.202209140929/tools/bin/../lib/gcc/arm-none-eabi/10.3.1/../../../../arm-none-eabi/lib/thumb/v6-m/nofp/libcr_c.a(fclose.o)
                0x0000000000005a68                fclose
 .text.fflush   0x0000000000005ac4       0x44 /Applications/MCUXpressoIDE_11.7.0_9198/ide/plugins/com.nxp.mcuxpresso.tools.macosx_11.7.0.202209140929/tools/bin/../lib/gcc/arm-none-eabi/10.3.1/../../../../arm-none-eabi/lib/thumb/v6-m/nofp/libcr_c.a(fflush.o)
                0x0000000000005ac4                fflush
 .text.__check_heap_overflow
                0x0000000000005b08       0x18 /Applications/MCUXpressoIDE_11.7.0_9198/ide/plugins/com.nxp.mcuxpresso.tools.macosx_11.7.0.202209140929/tools/bin/../lib/gcc/arm-none-eabi/10.3.1/../../../../arm-none-eabi/lib/thumb/v6-m/nofp/libcr_c.a(_cr_check_heap.o)
                0x0000000000005b08                __check_heap_overflow
 .text._do_fflush
                0x0000000000005b20       0x48 /Applications/MCUXpressoIDE_11.7.0_9198/ide/plugins/com.nxp.mcuxpresso.tools.macosx_11.7.0.202209140929/tools/bin/../lib/gcc/arm-none-eabi/10.3.1/../../../../arm-none-eabi/lib/thumb/v6-m/nofp/libcr_c.a(_do_fflush.o)
                0x0000000000005b20                _do_fflush
 .text.__aeabi_dmul
                0x0000000000005b68      0x184 /Applications/MCUXpressoIDE_11.7.0_9198/ide/plugins/com.nxp.mcuxpresso.tools.macosx_11.7.0.202209140929/tools/bin/../lib/gcc/arm-none-eabi/10.3.1/thumb/v6-m/nofp/libcr_eabihelpers.a(double.o)
                0x0000000000005b68                __aeabi_dmul
 .text.__aeabi_ddiv
                0x0000000000005cec      0x14c /Applications/MCUXpressoIDE_11.7.0_9198/ide/plugins/com.nxp.mcuxpresso.tools.macosx_11.7.0.202209140929/tools/bin/../lib/gcc/arm-none-eabi/10.3.1/thumb/v6-m/nofp/libcr_eabihelpers.a(double.o)
                0x0000000000005cec                __aeabi_ddiv
 .text.__aeabi_dsub
                0x0000000000005e38      0x1c0 /Applications/MCUXpressoIDE_11.7.0_9198/ide/plugins/com.nxp.mcuxpresso.tools.macosx_11.7.0.202209140929/tools/bin/../lib/gcc/arm-none-eabi/10.3.1/thumb/v6-m/nofp/libcr_eabihelpers.a(double.o)
                0x0000000000005e38                __aeabi_dsub
 .text.__aeabi_dadd
                0x0000000000005ff8      0x134 /Applications/MCUXpressoIDE_11.7.0_9198/ide/plugins/com.nxp.mcuxpresso.tools.macosx_11.7.0.202209140929/tools/bin/../lib/gcc/arm-none-eabi/10.3.1/thumb/v6-m/nofp/libcr_eabihelpers.a(double.o)
                0x0000000000005ff8                __aeabi_dadd
 .text.__aeabi_d2iz
                0x000000000000612c       0x50 /Applications/MCUXpressoIDE_11.7.0_9198/ide/plugins/com.nxp.mcuxpresso.tools.macosx_11.7.0.202209140929/tools/bin/../lib/gcc/arm-none-eabi/10.3.1/thumb/v6-m/nofp/libcr_eabihelpers.a(double.o)
                0x000000000000612c                __aeabi_d2iz
 .text.__aeabi_dcmpeq
                0x000000000000617c       0x30 /Applications/MCUXpressoIDE_11.7.0_9198/ide/plugins/com.nxp.mcuxpresso.tools.macosx_11.7.0.202209140929/tools/bin/../lib/gcc/arm-none-eabi/10.3.1/thumb/v6-m/nofp/libcr_eabihelpers.a(double.o)
                0x000000000000617c                __aeabi_dcmpeq
 .text.__aeabi_dcmplt
                0x00000000000061ac       0x60 /Applications/MCUXpressoIDE_11.7.0_9198/ide/plugins/com.nxp.mcuxpresso.tools.macosx_11.7.0.202209140929/tools/bin/../lib/gcc/arm-none-eabi/10.3.1/thumb/v6-m/nofp/libcr_eabihelpers.a(double.o)
                0x00000000000061ac                __aeabi_dcmplt
 .text.__aeabi_dcmple
                0x000000000000620c       0x5c /Applications/MCUXpressoIDE_11.7.0_9198/ide/plugins/com.nxp.mcuxpresso.tools.macosx_11.7.0.202209140929/tools/bin/../lib/gcc/arm-none-eabi/10.3.1/thumb/v6-m/nofp/libcr_eabihelpers.a(double.o)
                0x000000000000620c                __aeabi_dcmple
 .text.__aeabi_dcmpge
                0x0000000000006268       0x5c /Applications/MCUXpressoIDE_11.7.0_9198/ide/plugins/com.nxp.mcuxpresso.tools.macosx_11.7.0.202209140929/tools/bin/../lib/gcc/arm-none-eabi/10.3.1/thumb/v6-m/nofp/libcr_eabihelpers.a(double.o)
                0x0000000000006268                __aeabi_dcmpge
 .text.GPIO_PinWrite
                0x00000000000062c4       0x34 ./source/SD2_I2C.o
 .text.i2c_release_bus_delay
                0x00000000000062f8       0x28 ./source/SD2_I2C.o
 .text.GPIO_PinWrite
                0x0000000000006320       0x34 ./source/SD2_board.o
 .text.GPIO_PortSet
                0x0000000000006354       0x18 ./source/SD2_board.o
 .text.GPIO_PortClear
                0x000000000000636c       0x18 ./source/SD2_board.o
 .text.GPIO_PortToggle
                0x0000000000006384       0x18 ./source/SD2_board.o
 .text.GPIO_PinRead
                0x000000000000639c       0x20 ./source/SD2_board.o
 .text.GPIO_ReadPinInput
                0x00000000000063bc       0x20 ./source/SD2_board.o
 .text.display_init
                0x00000000000063dc       0x1a ./source/display.o
                0x00000000000063dc                display_init
 .text.SysTick_Handler
                0x00000000000063f6       0x12 ./source/main.o
                0x00000000000063f6                SysTick_Handler
 .text.PORT_ClearPinsInterruptFlags
                0x0000000000006408       0x1a ./source/mma8451.o
 .text.mma8451_init
                0x0000000000006422      0x1a0 ./source/mma8451.o
                0x0000000000006422                mma8451_init
 .text.mma8451_setDR_int
                0x00000000000065c2      0x146 ./source/mma8451.o
                0x00000000000065c2                mma8451_setDR_int
 .text.writeCommand
                0x0000000000006708       0x26 ./source/oled.o
 .text.writeData
                0x000000000000672e       0x26 ./source/oled.o
 .text.writeDataLen
                0x0000000000006754       0x5e ./source/oled.o
 .text.runInitSequence
                0x00000000000067b2       0xa6 ./source/oled.o
 .text.oled_setContrast
                0x0000000000006858       0x24 ./source/oled.o
                0x0000000000006858                oled_setContrast
 .text.oled_putString
                0x000000000000687c       0x68 ./source/oled.o
                0x000000000000687c                oled_putString
 .text.accionLed
                0x00000000000068e4       0x44 ./source/procTrama.o
 .text.procTrama
                0x0000000000006928       0x6c ./source/procTrama.o
                0x0000000000006928                procTrama
 .text.ringBuffer_init
                0x0000000000006994       0x42 ./source/ringBuffer.o
                0x0000000000006994                ringBuffer_init
 .text.ringBuffer_putData
                0x00000000000069d6       0x90 ./source/ringBuffer.o
                0x00000000000069d6                ringBuffer_putData
 .text.ringBuffer_getData
                0x0000000000006a66       0x6c ./source/ringBuffer.o
                0x0000000000006a66                ringBuffer_getData
 .text.ringBuffer_isFull
                0x0000000000006ad2       0x24 ./source/ringBuffer.o
                0x0000000000006ad2                ringBuffer_isFull
 .text.ringBuffer_isEmpty
                0x0000000000006af6       0x1e ./source/ringBuffer.o
                0x0000000000006af6                ringBuffer_isEmpty
 .text.EnableIRQ
                0x0000000000006b14       0x30 ./source/uart_ringBufer.o
 .text.LPSCI_WriteByte
                0x0000000000006b44       0x1e ./source/uart_ringBufer.o
 .text.LPSCI_ReadByte
                0x0000000000006b62       0x16 ./source/uart_ringBufer.o
 .text.OSC_SetExtRefClkConfig
                0x0000000000006b78       0x3e ./drivers/fsl_clock.o
 .text.OSC_SetCapLoad
                0x0000000000006bb6       0x42 ./drivers/fsl_clock.o
 .text.CLOCK_GetPll0RefFreq
                0x0000000000006bf8       0x10 ./drivers/fsl_clock.o
 .text.CLOCK_GetFixedFreqClkFreq
                0x0000000000006c08       0x30 ./drivers/fsl_clock.o
                0x0000000000006c08                CLOCK_GetFixedFreqClkFreq
 .text.CLOCK_SetExternalRefClkConfig
                0x0000000000006c38       0x16 ./drivers/fsl_clock.o
                0x0000000000006c38                CLOCK_SetExternalRefClkConfig
 .text.GPIO_PinWrite
                0x0000000000006c4e       0x34 ./drivers/fsl_gpio.o
 .text.GPIO_WritePinOutput
                0x0000000000006c82       0x24 ./drivers/fsl_gpio.o
 .text.I2C_MasterClearStatusFlags
                0x0000000000006ca6       0x56 ./drivers/fsl_i2c.o
 .text.I2C_MasterStop
                0x0000000000006cfc       0x36 ./drivers/fsl_i2c.o
                0x0000000000006cfc                I2C_MasterStop
 .text.I2C_MasterGetStatusFlags
                0x0000000000006d32       0x4a ./drivers/fsl_i2c.o
                0x0000000000006d32                I2C_MasterGetStatusFlags
 .text.I2C_MasterReadBlocking
                0x0000000000006d7c       0xea ./drivers/fsl_i2c.o
                0x0000000000006d7c                I2C_MasterReadBlocking
 .text.LPSCI_GetStatusFlags
                0x0000000000006e66       0x26 ./drivers/fsl_lpsci.o
                0x0000000000006e66                LPSCI_GetStatusFlags
 .text.SPI_ReadNonBlocking
                0x0000000000006e8c       0x98 ./drivers/fsl_spi.o
 .text.SPI_MasterSetBaudRate
                0x0000000000006f24       0xb8 ./drivers/fsl_spi.o
                0x0000000000006f24                SPI_MasterSetBaudRate
 .text.SPI_WriteData
                0x0000000000006fdc       0x2e ./drivers/fsl_spi.o
                0x0000000000006fdc                SPI_WriteData
 .text.SPI_ReadData
                0x000000000000700a       0x3c ./drivers/fsl_spi.o
                0x000000000000700a                SPI_ReadData
 .text.SystemInitHook
                0x0000000000007046        0xa ./CMSIS/system_MKL46Z4.o
                0x0000000000007046                SystemInitHook
 .text.__main   0x0000000000007050        0xc /Applications/MCUXpressoIDE_11.7.0_9198/ide/plugins/com.nxp.mcuxpresso.tools.macosx_11.7.0.202209140929/tools/bin/../lib/gcc/arm-none-eabi/10.3.1/../../../../arm-none-eabi/lib/thumb/v6-m/nofp/libcr_semihost_nf.a(_cr__main.o)
                0x0000000000007050                __main
                0x0000000000007050                __CR_SEMIHOST
 .text.memset   0x000000000000705c        0x8 /Applications/MCUXpressoIDE_11.7.0_9198/ide/plugins/com.nxp.mcuxpresso.tools.macosx_11.7.0.202209140929/tools/bin/../lib/gcc/arm-none-eabi/10.3.1/../../../../arm-none-eabi/lib/thumb/v6-m/nofp/libcr_c.a(memset.o)
                0x000000000000705c                memset
 .text.free     0x0000000000007064       0x2c /Applications/MCUXpressoIDE_11.7.0_9198/ide/plugins/com.nxp.mcuxpresso.tools.macosx_11.7.0.202209140929/tools/bin/../lib/gcc/arm-none-eabi/10.3.1/../../../../arm-none-eabi/lib/thumb/v6-m/nofp/libcr_c.a(alloc.o)
                0x0000000000007064                free
 .text.fp_round
                0x0000000000007090       0x4a /Applications/MCUXpressoIDE_11.7.0_9198/ide/plugins/com.nxp.mcuxpresso.tools.macosx_11.7.0.202209140929/tools/bin/../lib/gcc/arm-none-eabi/10.3.1/../../../../arm-none-eabi/lib/thumb/v6-m/nofp/libcr_c.a(fpprintf.o)
 .text.pr_dec.constprop.0
                0x00000000000070da       0x30 /Applications/MCUXpressoIDE_11.7.0_9198/ide/plugins/com.nxp.mcuxpresso.tools.macosx_11.7.0.202209140929/tools/bin/../lib/gcc/arm-none-eabi/10.3.1/../../../../arm-none-eabi/lib/thumb/v6-m/nofp/libcr_c.a(fpprintf.o)
 .text.fputs    0x000000000000710a       0x2e /Applications/MCUXpressoIDE_11.7.0_9198/ide/plugins/com.nxp.mcuxpresso.tools.macosx_11.7.0.202209140929/tools/bin/../lib/gcc/arm-none-eabi/10.3.1/../../../../arm-none-eabi/lib/thumb/v6-m/nofp/libcr_c.a(fputs.o)
                0x000000000000710a                fputs
 .text.no_fp_display
                0x0000000000007138        0x4 /Applications/MCUXpressoIDE_11.7.0_9198/ide/plugins/com.nxp.mcuxpresso.tools.macosx_11.7.0.202209140929/tools/bin/../lib/gcc/arm-none-eabi/10.3.1/../../../../arm-none-eabi/lib/thumb/v6-m/nofp/libcr_c.a(printf.o)
 .text.abs      0x000000000000713c        0x8 /Applications/MCUXpressoIDE_11.7.0_9198/ide/plugins/com.nxp.mcuxpresso.tools.macosx_11.7.0.202209140929/tools/bin/../lib/gcc/arm-none-eabi/10.3.1/../../../../arm-none-eabi/lib/thumb/v6-m/nofp/libcr_c.a(stdlib.o)
                0x000000000000713c                abs
 .text.remove   0x0000000000007144       0x12 /Applications/MCUXpressoIDE_11.7.0_9198/ide/plugins/com.nxp.mcuxpresso.tools.macosx_11.7.0.202209140929/tools/bin/../lib/gcc/arm-none-eabi/10.3.1/../../../../arm-none-eabi/lib/thumb/v6-m/nofp/libcr_c.a(remove.o)
                0x0000000000007144                remove
 .text.__aeabi_division_idivmod
                0x0000000000007156       0x78 /Applications/MCUXpressoIDE_11.7.0_9198/ide/plugins/com.nxp.mcuxpresso.tools.macosx_11.7.0.202209140929/tools/bin/../lib/gcc/arm-none-eabi/10.3.1/thumb/v6-m/nofp/libcr_eabihelpers.a(division_32.o)
                0x0000000000007156                __aeabi_idiv
                0x0000000000007156                __aeabi_idivmod
                0x000000000000715c                __aeabi_uidiv
                0x000000000000715c                __aeabi_uidivmod
 .text.__aeabi_division_idiv0
                0x00000000000071ce        0x2 /Applications/MCUXpressoIDE_11.7.0_9198/ide/plugins/com.nxp.mcuxpresso.tools.macosx_11.7.0.202209140929/tools/bin/../lib/gcc/arm-none-eabi/10.3.1/thumb/v6-m/nofp/libcr_eabihelpers.a(division_idiv0.o)
                0x00000000000071ce                __aeabi_idiv0
 .text.__bhs_ui2d
                0x00000000000071d0       0x5e /Applications/MCUXpressoIDE_11.7.0_9198/ide/plugins/com.nxp.mcuxpresso.tools.macosx_11.7.0.202209140929/tools/bin/../lib/gcc/arm-none-eabi/10.3.1/thumb/v6-m/nofp/libcr_eabihelpers.a(double.o)
                0x00000000000071d0                __bhs_ui2d
 .text.__aeabi_i2d
                0x000000000000722e       0x18 /Applications/MCUXpressoIDE_11.7.0_9198/ide/plugins/com.nxp.mcuxpresso.tools.macosx_11.7.0.202209140929/tools/bin/../lib/gcc/arm-none-eabi/10.3.1/thumb/v6-m/nofp/libcr_eabihelpers.a(double.o)
                0x000000000000722e                __aeabi_i2d
 .text.__aeabi_llong_lmul
                0x0000000000007246       0x2e /Applications/MCUXpressoIDE_11.7.0_9198/ide/plugins/com.nxp.mcuxpresso.tools.macosx_11.7.0.202209140929/tools/bin/../lib/gcc/arm-none-eabi/10.3.1/thumb/v6-m/nofp/libcr_eabihelpers.a(llong.o)
                0x0000000000007246                __aeabi_lmul
 .text.__aeabi_memset_lowlevel
                0x0000000000007274       0x2a /Applications/MCUXpressoIDE_11.7.0_9198/ide/plugins/com.nxp.mcuxpresso.tools.macosx_11.7.0.202209140929/tools/bin/../lib/gcc/arm-none-eabi/10.3.1/thumb/v6-m/nofp/libcr_eabihelpers.a(memcpy.o)
                0x0000000000007274                __aeabi_lowlevel_memset
 .text.__gnu_thumb1_case_shi
                0x000000000000729e       0x10 /Applications/MCUXpressoIDE_11.7.0_9198/ide/plugins/com.nxp.mcuxpresso.tools.macosx_11.7.0.202209140929/tools/bin/../lib/gcc/arm-none-eabi/10.3.1/thumb/v6-m/nofp/libcr_eabihelpers.a(thumb1_switch_helpers.o)
                0x000000000000729e                __gnu_thumb1_case_shi
 .text.__sys_close
                0x00000000000072ae        0xc /Applications/MCUXpressoIDE_11.7.0_9198/ide/plugins/com.nxp.mcuxpresso.tools.macosx_11.7.0.202209140929/tools/bin/../lib/gcc/arm-none-eabi/10.3.1/../../../../arm-none-eabi/lib/thumb/v6-m/nofp/libcr_semihost_nf.a(__sys_close.o)
                0x00000000000072ae                __sys_close
 .text.__sys_flen
                0x00000000000072ba        0xc /Applications/MCUXpressoIDE_11.7.0_9198/ide/plugins/com.nxp.mcuxpresso.tools.macosx_11.7.0.202209140929/tools/bin/../lib/gcc/arm-none-eabi/10.3.1/../../../../arm-none-eabi/lib/thumb/v6-m/nofp/libcr_semihost_nf.a(__sys_flen.o)
                0x00000000000072ba                __sys_flen
 .text.__sys_istty
                0x00000000000072c6        0xc /Applications/MCUXpressoIDE_11.7.0_9198/ide/plugins/com.nxp.mcuxpresso.tools.macosx_11.7.0.202209140929/tools/bin/../lib/gcc/arm-none-eabi/10.3.1/../../../../arm-none-eabi/lib/thumb/v6-m/nofp/libcr_semihost_nf.a(__sys_istty.o)
                0x00000000000072c6                __sys_istty
 .text.__sys_remove
                0x00000000000072d2        0xc /Applications/MCUXpressoIDE_11.7.0_9198/ide/plugins/com.nxp.mcuxpresso.tools.macosx_11.7.0.202209140929/tools/bin/../lib/gcc/arm-none-eabi/10.3.1/../../../../arm-none-eabi/lib/thumb/v6-m/nofp/libcr_semihost_nf.a(__sys_remove.o)
                0x00000000000072d2                __sys_remove
 .text.__sys_seek
                0x00000000000072de        0xc /Applications/MCUXpressoIDE_11.7.0_9198/ide/plugins/com.nxp.mcuxpresso.tools.macosx_11.7.0.202209140929/tools/bin/../lib/gcc/arm-none-eabi/10.3.1/../../../../arm-none-eabi/lib/thumb/v6-m/nofp/libcr_semihost_nf.a(__sys_seek.o)
                0x00000000000072de                __sys_seek
 .text.__sys_tmpnam
                0x00000000000072ea        0xc /Applications/MCUXpressoIDE_11.7.0_9198/ide/plugins/com.nxp.mcuxpresso.tools.macosx_11.7.0.202209140929/tools/bin/../lib/gcc/arm-none-eabi/10.3.1/../../../../arm-none-eabi/lib/thumb/v6-m/nofp/libcr_semihost_nf.a(__sys_tmpnam.o)
                0x00000000000072ea                __sys_tmpnam
 .text.__sys_write
                0x00000000000072f6        0xc /Applications/MCUXpressoIDE_11.7.0_9198/ide/plugins/com.nxp.mcuxpresso.tools.macosx_11.7.0.202209140929/tools/bin/../lib/gcc/arm-none-eabi/10.3.1/../../../../arm-none-eabi/lib/thumb/v6-m/nofp/libcr_semihost_nf.a(__sys_write.o)
                0x00000000000072f6                __sys_write
 *(SORT_BY_ALIGNMENT(.rodata) SORT_BY_ALIGNMENT(.rodata.*) SORT_BY_ALIGNMENT(.constdata) SORT_BY_ALIGNMENT(.constdata.*))
 *fill*         0x0000000000007302        0x2 ff
 .rodata.PORT_SetPinConfig.str1.4
                0x0000000000007304       0x23 ./source/SD2_I2C.o
 .rodata.PORT_SetPinConfig.str1.4
                0x0000000000007327       0x23 ./source/SD2_board.o
 *fill*         0x0000000000007327        0x1 ff
 .rodata.board_gpioLeds
                0x0000000000007328       0x18 ./source/SD2_board.o
 .rodata.board_gpioSw
                0x0000000000007340       0x18 ./source/SD2_board.o
 .rodata.board_gpioOled
                0x0000000000007358       0x18 ./source/SD2_board.o
 .rodata        0x0000000000007370        0x2 ./source/SD2_board.o
 *fill*         0x0000000000007372        0x2 ff
 .rodata.display_header.str1.4
                0x0000000000007374       0x15 ./source/display.o
 *fill*         0x0000000000007389        0x3 ff
 .rodata.display_reading.str1.4
                0x000000000000738c       0x21 ./source/display.o
 *fill*         0x00000000000073ad        0x3 ff
 .rodata.font5x7
                0x00000000000073b0      0x300 ./source/font5x7.o
                0x00000000000073b0                font5x7
 .rodata.PORT_SetPinConfig.str1.4
                0x00000000000076b0       0x23 ./source/mma8451.o
 .rodata.font_mask
                0x00000000000076b0        0x8 ./source/oled.o
 .rodata.procLed.str1.4
                0x00000000000076b8       0x2b ./source/procTrama.o
 *fill*         0x00000000000076e3        0x1 ff
 .rodata.procSw.str1.4
                0x00000000000076e4       0x2e ./source/procTrama.o
 *fill*         0x0000000000007712        0x2 ff
 .rodata.procAcc.str1.4
                0x0000000000007714       0x1b ./source/procTrama.o
 *fill*         0x000000000000772f        0x1 ff
 .rodata.CLOCK_GetMcgExtClkFreq.str1.4
                0x0000000000007730       0x1e ./drivers/fsl_clock.o
 *fill*         0x000000000000774e        0x2 ff
 .rodata.CLOCK_GetOsc0ErClkFreq.str1.4
                0x0000000000007750       0x1e ./drivers/fsl_clock.o
 *fill*         0x000000000000776e        0x2 ff
 .rodata.CLOCK_GetEr32kClkFreq.str1.4
                0x0000000000007770       0x1f ./drivers/fsl_clock.o
 *fill*         0x000000000000778f        0x1 ff
 .rodata.CLOCK_GetFreq
                0x0000000000007790       0x34 ./drivers/fsl_clock.o
 .rodata.CLOCK_GetPll0Freq.str1.4
                0x00000000000077c4       0x1d ./drivers/fsl_clock.o
 *fill*         0x00000000000077e1        0x3 ff
 .rodata.CLOCK_EnablePll0.str1.4
                0x00000000000077e4       0x19 ./drivers/fsl_clock.o
 *fill*         0x00000000000077fd        0x3 ff
 .rodata.CLOCK_SetPbeMode.str1.4
                0x0000000000007800       0x1a ./drivers/fsl_clock.o
 *fill*         0x000000000000781a        0x2 ff
 .rodata.CLOCK_BootToPeeMode.str1.4
                0x000000000000781c       0x1a ./drivers/fsl_clock.o
 *fill*         0x0000000000007836        0x2 ff
 .rodata.fllFactorTable.1
                0x0000000000007838       0x10 ./drivers/fsl_clock.o
 .rodata.GPIO_PinInit.str1.4
                0x0000000000007848       0x18 ./drivers/fsl_gpio.o
 .rodata.s_i2cBases
                0x0000000000007860        0x8 ./drivers/fsl_i2c.o
                0x0000000000007860                s_i2cBases
 .rodata.s_i2cDividerTable
                0x0000000000007868       0x80 ./drivers/fsl_i2c.o
 .rodata.s_i2cClocks
                0x00000000000078e8        0x8 ./drivers/fsl_i2c.o
 .rodata.I2C_GetInstance.str1.4
                0x00000000000078f0       0x32 ./drivers/fsl_i2c.o
 *fill*         0x0000000000007922        0x2 ff
 .rodata.I2C_MasterInit.str1.4
                0x0000000000007924       0x2c ./drivers/fsl_i2c.o
 .rodata.I2C_MasterGetDefaultConfig.str1.4
                0x0000000000007950       0x1d ./drivers/fsl_i2c.o
 *fill*         0x000000000000796d        0x3 ff
 .rodata.I2C_MasterTransferBlocking.str1.4
                0x0000000000007970       0x16 ./drivers/fsl_i2c.o
 *fill*         0x0000000000007986        0x2 ff
 .rodata.LPSCI_GetInstance.str1.4
                0x0000000000007988       0x36 ./drivers/fsl_lpsci.o
 *fill*         0x00000000000079be        0x2 ff
 .rodata.LPSCI_Init.str1.4
                0x00000000000079c0       0x43 ./drivers/fsl_lpsci.o
 *fill*         0x0000000000007a03        0x1 ff
 .rodata.LPSCI_GetDefaultConfig.str1.4
                0x0000000000007a04       0x19 ./drivers/fsl_lpsci.o
 *fill*         0x0000000000007a1d        0x3 ff
 .rodata.s_spiBases
                0x0000000000007a20        0x8 ./drivers/fsl_spi.o
 .rodata.s_spiClock
                0x0000000000007a28        0x8 ./drivers/fsl_spi.o
 .rodata.SPI_GetInstance.str1.4
                0x0000000000007a30       0x32 ./drivers/fsl_spi.o
 *fill*         0x0000000000007a62        0x2 ff
 .rodata.SPI_MasterInit.str1.4
                0x0000000000007a64       0x26 ./drivers/fsl_spi.o
 *fill*         0x0000000000007a8a        0x2 ff
 .rodata.SPI_MasterTransferBlocking.str1.4
                0x0000000000007a8c       0x15 ./drivers/fsl_spi.o
 *fill*         0x0000000000007aa1        0x3 ff
 .rodata.SPI0_DriverIRQHandler.str1.4
                0x0000000000007aa4       0x20 ./drivers/fsl_spi.o
 .rodata.SPI1_DriverIRQHandler.str1.4
                0x0000000000007ac4       0x20 ./drivers/fsl_spi.o
 .rodata.mcgConfig_BOARD_BootClockRUN
                0x0000000000007ae4        0xa ./board/src/clock_config.o
                0x0000000000007ae4                mcgConfig_BOARD_BootClockRUN
 *fill*         0x0000000000007aee        0x2 ff
 .rodata.simConfig_BOARD_BootClockRUN
                0x0000000000007af0        0x8 ./board/src/clock_config.o
                0x0000000000007af0                simConfig_BOARD_BootClockRUN
 .rodata.oscConfig_BOARD_BootClockRUN
                0x0000000000007af8        0x8 ./board/src/clock_config.o
                0x0000000000007af8                oscConfig_BOARD_BootClockRUN
 .rodata.__num_Ciob_streams
                0x0000000000007b00        0x4 /Applications/MCUXpressoIDE_11.7.0_9198/ide/plugins/com.nxp.mcuxpresso.tools.macosx_11.7.0.202209140929/tools/bin/../lib/gcc/arm-none-eabi/10.3.1/../../../../arm-none-eabi/lib/thumb/v6-m/nofp/libcr_semihost_nf.a(__ciob.o)
                0x0000000000007b00                __num_Ciob_streams
 .rodata.__assertion_failed.str1.1
                0x0000000000007b04       0x15 /Applications/MCUXpressoIDE_11.7.0_9198/ide/plugins/com.nxp.mcuxpresso.tools.macosx_11.7.0.202209140929/tools/bin/../lib/gcc/arm-none-eabi/10.3.1/../../../../arm-none-eabi/lib/thumb/v6-m/nofp/libcr_semihost_nf.a(_cr_assert.o)
 .rodata._Csys_alloc.str1.1
                0x0000000000007b19       0x18 /Applications/MCUXpressoIDE_11.7.0_9198/ide/plugins/com.nxp.mcuxpresso.tools.macosx_11.7.0.202209140929/tools/bin/../lib/gcc/arm-none-eabi/10.3.1/../../../../arm-none-eabi/lib/thumb/v6-m/nofp/libcr_c.a(alloc.o)
 .rodata.fp_display.str1.1
                0x0000000000007b31       0x32 /Applications/MCUXpressoIDE_11.7.0_9198/ide/plugins/com.nxp.mcuxpresso.tools.macosx_11.7.0.202209140929/tools/bin/../lib/gcc/arm-none-eabi/10.3.1/../../../../arm-none-eabi/lib/thumb/v6-m/nofp/libcr_c.a(fpprintf.o)
                                         0x35 (size before relaxing)
 .rodata._initio.str1.1
                0x0000000000007b63        0x4 /Applications/MCUXpressoIDE_11.7.0_9198/ide/plugins/com.nxp.mcuxpresso.tools.macosx_11.7.0.202209140929/tools/bin/../lib/gcc/arm-none-eabi/10.3.1/../../../../arm-none-eabi/lib/thumb/v6-m/nofp/libcr_c.a(initio.o)
 .rodata.__vfprintf.str1.1
                0x0000000000007b67       0x31 /Applications/MCUXpressoIDE_11.7.0_9198/ide/plugins/com.nxp.mcuxpresso.tools.macosx_11.7.0.202209140929/tools/bin/../lib/gcc/arm-none-eabi/10.3.1/../../../../arm-none-eabi/lib/thumb/v6-m/nofp/libcr_c.a(printf.o)
                                         0x38 (size before relaxing)
 .rodata.__ctype
                0x0000000000007b98      0x180 /Applications/MCUXpressoIDE_11.7.0_9198/ide/plugins/com.nxp.mcuxpresso.tools.macosx_11.7.0.202209140929/tools/bin/../lib/gcc/arm-none-eabi/10.3.1/../../../../arm-none-eabi/lib/thumb/v6-m/nofp/libcr_c.a(ctype.o)
                0x0000000000007b98                __ctype
                0x0000000000007d18                . = ALIGN (0x4)

.glue_7         0x0000000000007d18        0x0
 .glue_7        0x0000000000007d18        0x0 linker stubs

.glue_7t        0x0000000000007d18        0x0
 .glue_7t       0x0000000000007d18        0x0 linker stubs

.vfp11_veneer   0x0000000000007d18        0x0
 .vfp11_veneer  0x0000000000007d18        0x0 linker stubs

.v4_bx          0x0000000000007d18        0x0
 .v4_bx         0x0000000000007d18        0x0 linker stubs

.iplt           0x0000000000007d18        0x0
 .iplt          0x0000000000007d18        0x0 ./startup/startup_mkl46z4.o

.rel.dyn        0x0000000000007d18        0x0
 .rel.iplt      0x0000000000007d18        0x0 ./startup/startup_mkl46z4.o

.ARM.extab
 *(SORT_BY_ALIGNMENT(.ARM.extab*) SORT_BY_ALIGNMENT(.gnu.linkonce.armextab.*))

.ARM.exidx      0x0000000000007d18        0x0
                0x0000000000007d18                __exidx_start = .
 *(SORT_BY_ALIGNMENT(.ARM.exidx*) SORT_BY_ALIGNMENT(.gnu.linkonce.armexidx.*))
                0x0000000000007d18                __exidx_end = .
                0x0000000000007d18                _etext = .

.m_usb_data
 *(SORT_BY_ALIGNMENT(m_usb_bdt))

.mtb_buffer_default
                0x000000001fffe000       0x80
 *(SORT_BY_ALIGNMENT(.mtb*))
 .mtb.$RAM1     0x000000001fffe000       0x80 ./source/mtb.o
                0x000000001fffe000                __mtb_buffer__

.uninit_RESERVED
                0x000000001fffe080        0x0
                0x000000001fffe080                _start_uninit_RESERVED = .
 *(SORT_BY_ALIGNMENT(.bss.$RESERVED*))
                0x000000001fffe080                . = ALIGN (0x4)
                0x000000001fffe080                _end_uninit_RESERVED = .

.data           0x000000001fffe080        0xc load address 0x0000000000007d18
 FILL mask 0xff
                0x000000001fffe080                _data = .
                [!provide]                        PROVIDE (__start_data_RAM = .)
                [!provide]                        PROVIDE (__start_data_SRAM = .)
 *(SORT_BY_ALIGNMENT(vtable))
 *(SORT_BY_ALIGNMENT(.ramfunc*))
 *(SORT_BY_ALIGNMENT(CodeQuickAccess))
 *(SORT_BY_ALIGNMENT(DataQuickAccess))
 *(SORT_BY_ALIGNMENT(RamFunction))
 *(SORT_BY_ALIGNMENT(.data*))
 .data.s_slowIrcFreq
                0x000000001fffe080        0x4 ./drivers/fsl_clock.o
 .data.s_fastIrcFreq
                0x000000001fffe084        0x4 ./drivers/fsl_clock.o
 .data.SystemCoreClock
                0x000000001fffe088        0x4 ./CMSIS/system_MKL46Z4.o
                0x000000001fffe088                SystemCoreClock
                0x000000001fffe08c                . = ALIGN (0x4)
                0x000000001fffe08c                _edata = .
                [!provide]                        PROVIDE (__end_data_RAM = .)
                [!provide]                        PROVIDE (__end_data_SRAM = .)

.igot.plt       0x000000001fffe08c        0x0 load address 0x0000000000007d24
 .igot.plt      0x000000001fffe08c        0x0 ./startup/startup_mkl46z4.o

.bss            0x000000001fffe08c      0x524
                0x000000001fffe08c                _bss = .
                [!provide]                        PROVIDE (__start_bss_RAM = .)
                [!provide]                        PROVIDE (__start_bss_SRAM = .)
 *(SORT_BY_ALIGNMENT(.bss*))
 .bss.timer     0x000000001fffe08c        0x4 ./source/enviarAccContinuo.o
                0x000000001fffe08c                timer
 .bss.bufferRec
                0x000000001fffe090        0x8 ./source/mefRecTrama.o
 .bss.shadowFB  0x000000001fffe098      0x400 ./source/oled.o
 .bss.pRingBufferRx
                0x000000001fffe498        0x4 ./source/uart_ringBufer.o
 .bss.pRingBufferTx
                0x000000001fffe49c        0x4 ./source/uart_ringBufer.o
 .bss.g_xtal0Freq
                0x000000001fffe4a0        0x4 ./drivers/fsl_clock.o
                0x000000001fffe4a0                g_xtal0Freq
 .bss.g_xtal32Freq
                0x000000001fffe4a4        0x4 ./drivers/fsl_clock.o
                0x000000001fffe4a4                g_xtal32Freq
 .bss.s_i2cHandle
                0x000000001fffe4a8        0x8 ./drivers/fsl_i2c.o
 .bss.s_i2cMasterIsr
                0x000000001fffe4b0        0x4 ./drivers/fsl_i2c.o
 .bss.s_i2cSlaveIsr
                0x000000001fffe4b4        0x4 ./drivers/fsl_i2c.o
 .bss.s_lpsciHandle
                0x000000001fffe4b8        0x4 ./drivers/fsl_lpsci.o
 .bss.s_lpsciIsr
                0x000000001fffe4bc        0x4 ./drivers/fsl_lpsci.o
 .bss.s_spiHandle
                0x000000001fffe4c0        0x8 ./drivers/fsl_spi.o
 .bss.s_spiMasterIsr
                0x000000001fffe4c8        0x4 ./drivers/fsl_spi.o
 .bss.s_spiSlaveIsr
                0x000000001fffe4cc        0x4 ./drivers/fsl_spi.o
 .bss.g_spiDummyData
                0x000000001fffe4d0        0x2 ./drivers/fsl_spi.o
                0x000000001fffe4d0                g_spiDummyData
 *fill*         0x000000001fffe4d2        0x2 
 .bss.s_uartHandle
                0x000000001fffe4d4        0xc ./drivers/fsl_uart.o
 .bss.s_uartIsr
                0x000000001fffe4e0        0x4 ./drivers/fsl_uart.o
 .bss.__Ciob    0x000000001fffe4e4       0xb4 /Applications/MCUXpressoIDE_11.7.0_9198/ide/plugins/com.nxp.mcuxpresso.tools.macosx_11.7.0.202209140929/tools/bin/../lib/gcc/arm-none-eabi/10.3.1/../../../../arm-none-eabi/lib/thumb/v6-m/nofp/libcr_semihost_nf.a(__ciob.o)
                0x000000001fffe4e4                __Ciob
 .bss.__end_of_heap
                0x000000001fffe598        0x4 /Applications/MCUXpressoIDE_11.7.0_9198/ide/plugins/com.nxp.mcuxpresso.tools.macosx_11.7.0.202209140929/tools/bin/../lib/gcc/arm-none-eabi/10.3.1/../../../../arm-none-eabi/lib/thumb/v6-m/nofp/libcr_c.a(__init_alloc.o)
                0x000000001fffe598                __end_of_heap
 .bss.__heaps   0x000000001fffe59c        0x4 /Applications/MCUXpressoIDE_11.7.0_9198/ide/plugins/com.nxp.mcuxpresso.tools.macosx_11.7.0.202209140929/tools/bin/../lib/gcc/arm-none-eabi/10.3.1/../../../../arm-none-eabi/lib/thumb/v6-m/nofp/libcr_c.a(__init_alloc.o)
                0x000000001fffe59c                __heaps
 .bss.errno     0x000000001fffe5a0        0x4 /Applications/MCUXpressoIDE_11.7.0_9198/ide/plugins/com.nxp.mcuxpresso.tools.macosx_11.7.0.202209140929/tools/bin/../lib/gcc/arm-none-eabi/10.3.1/../../../../arm-none-eabi/lib/thumb/v6-m/nofp/libcr_c.a(errno.o)
                0x000000001fffe5a0                errno
 .bss.displayTimer
                0x000000001fffe5a4        0x2 ./source/mefDisplay.o
 .bss.readX     0x000000001fffe5a6        0x2 ./source/mma8451.o
 .bss.readY     0x000000001fffe5a8        0x2 ./source/mma8451.o
 .bss.readZ     0x000000001fffe5aa        0x2 ./source/mma8451.o
 .bss.estado.1  0x000000001fffe5ac        0x1 ./source/mefRecTrama.o
 .bss.indexRec.0
                0x000000001fffe5ad        0x1 ./source/mefRecTrama.o
 .bss.FFint     0x000000001fffe5ae        0x1 ./source/mma8451.o
 *(SORT_BY_ALIGNMENT(COMMON))
                0x000000001fffe5b0                . = ALIGN (0x4)
 *fill*         0x000000001fffe5af        0x1 
                0x000000001fffe5b0                _ebss = .
                [!provide]                        PROVIDE (__end_bss_RAM = .)
                [!provide]                        PROVIDE (__end_bss_SRAM = .)
                [!provide]                        PROVIDE (end = .)

.noinit         0x000000001fffe5b0        0x0
                0x000000001fffe5b0                _noinit = .
                [!provide]                        PROVIDE (__start_noinit_RAM = .)
                [!provide]                        PROVIDE (__start_noinit_SRAM = .)
 *(SORT_BY_ALIGNMENT(.noinit*))
                0x000000001fffe5b0                . = ALIGN (0x4)
                0x000000001fffe5b0                _end_noinit = .
                [!provide]                        PROVIDE (__end_noinit_RAM = .)
                [!provide]                        PROVIDE (__end_noinit_SRAM = .)
                0x0000000000000800                _HeapSize = 0x800

.heap           0x000000001fffe5b0      0x800
                0x000000001fffe5b0                _pvHeapStart = .
                0x000000001fffedb0                . = (. + _HeapSize)
 *fill*         0x000000001fffe5b0      0x800 
                0x000000001fffedb0                . = ALIGN (0x4)
                0x000000001fffedb0                _pvHeapLimit = .
                0x0000000000000800                _StackSize = 0x800

.heap2stackfill
                0x000000001fffedb0      0x800
                0x000000001ffff5b0                . = (. + _StackSize)
 *fill*         0x000000001fffedb0      0x800 

.stack          0x0000000020005800        0x0
                0x0000000020005800                _vStackBase = .
                0x0000000020005800                . = ALIGN (0x4)
                0x0000000020006000                _vStackTop = (. + _StackSize)
                0x0000000000000000                _image_start = LOADADDR (.text)
                0x0000000000007d24                _image_end = (LOADADDR (.data) + SIZEOF (.data))
                0x0000000000007d24                _image_size = (_image_end - _image_start)
OUTPUT(SD2_TP3.axf elf32-littlearm)
LOAD linker stubs

.debug_info     0x0000000000000000     0xe007
 .debug_info    0x0000000000000000      0x4e7 ./startup/startup_mkl46z4.o
 .debug_info    0x00000000000004e7      0x791 ./source/SD2_I2C.o
 .debug_info    0x0000000000000c78      0xe7a ./source/SD2_board.o
 .debug_info    0x0000000000001af2      0x1cb ./source/display.o
 .debug_info    0x0000000000001cbd      0x17b ./source/enviarAccContinuo.o
 .debug_info    0x0000000000001e38       0x5e ./source/font5x7.o
 .debug_info    0x0000000000001e96      0x415 ./source/main.o
 .debug_info    0x00000000000022ab       0xf2 ./source/mefDisplay.o
 .debug_info    0x000000000000239d      0x129 ./source/mefRecTrama.o
 .debug_info    0x00000000000024c6     0x143e ./source/mma8451.o
 .debug_info    0x0000000000003904       0x4f ./source/mtb.o
 .debug_info    0x0000000000003953      0x849 ./source/oled.o
 .debug_info    0x000000000000419c      0x3a7 ./source/procTrama.o
 .debug_info    0x0000000000004543      0x265 ./source/ringBuffer.o
 .debug_info    0x00000000000047a8       0x38 ./source/semihost_hardfault.o
 .debug_info    0x00000000000047e0      0xd11 ./source/uart_ringBufer.o
 .debug_info    0x00000000000054f1     0x1a87 ./drivers/fsl_clock.o
 .debug_info    0x0000000000006f78      0x7d8 ./drivers/fsl_gpio.o
 .debug_info    0x0000000000007750     0x1ab6 ./drivers/fsl_i2c.o
 .debug_info    0x0000000000009206     0x14a8 ./drivers/fsl_lpsci.o
 .debug_info    0x000000000000a6ae     0x1618 ./drivers/fsl_spi.o
 .debug_info    0x000000000000bcc6     0x1449 ./drivers/fsl_uart.o
 .debug_info    0x000000000000d10f      0xaee ./board/src/clock_config.o
 .debug_info    0x000000000000dbfd      0x40a ./CMSIS/system_MKL46Z4.o

.debug_abbrev   0x0000000000000000     0x29dd
 .debug_abbrev  0x0000000000000000      0x195 ./startup/startup_mkl46z4.o
 .debug_abbrev  0x0000000000000195      0x227 ./source/SD2_I2C.o
 .debug_abbrev  0x00000000000003bc      0x2b0 ./source/SD2_board.o
 .debug_abbrev  0x000000000000066c       0xe6 ./source/display.o
 .debug_abbrev  0x0000000000000752       0xec ./source/enviarAccContinuo.o
 .debug_abbrev  0x000000000000083e       0x47 ./source/font5x7.o
 .debug_abbrev  0x0000000000000885      0x17f ./source/main.o
 .debug_abbrev  0x0000000000000a04       0x83 ./source/mefDisplay.o
 .debug_abbrev  0x0000000000000a87       0x92 ./source/mefRecTrama.o
 .debug_abbrev  0x0000000000000b19      0x302 ./source/mma8451.o
 .debug_abbrev  0x0000000000000e1b       0x43 ./source/mtb.o
 .debug_abbrev  0x0000000000000e5e      0x1a2 ./source/oled.o
 .debug_abbrev  0x0000000000001000      0x14a ./source/procTrama.o
 .debug_abbrev  0x000000000000114a       0xf2 ./source/ringBuffer.o
 .debug_abbrev  0x000000000000123c       0x2e ./source/semihost_hardfault.o
 .debug_abbrev  0x000000000000126a      0x24a ./source/uart_ringBufer.o
 .debug_abbrev  0x00000000000014b4      0x348 ./drivers/fsl_clock.o
 .debug_abbrev  0x00000000000017fc      0x1f3 ./drivers/fsl_gpio.o
 .debug_abbrev  0x00000000000019ef      0x373 ./drivers/fsl_i2c.o
 .debug_abbrev  0x0000000000001d62      0x2f0 ./drivers/fsl_lpsci.o
 .debug_abbrev  0x0000000000002052      0x358 ./drivers/fsl_spi.o
 .debug_abbrev  0x00000000000023aa      0x2f0 ./drivers/fsl_uart.o
 .debug_abbrev  0x000000000000269a      0x1fe ./board/src/clock_config.o
 .debug_abbrev  0x0000000000002898      0x145 ./CMSIS/system_MKL46Z4.o

.debug_aranges  0x0000000000000000      0xd90
 .debug_aranges
                0x0000000000000000      0x160 ./startup/startup_mkl46z4.o
 .debug_aranges
                0x0000000000000160       0x50 ./source/SD2_I2C.o
 .debug_aranges
                0x00000000000001b0       0x88 ./source/SD2_board.o
 .debug_aranges
                0x0000000000000238       0x48 ./source/display.o
 .debug_aranges
                0x0000000000000280       0x28 ./source/enviarAccContinuo.o
 .debug_aranges
                0x00000000000002a8       0x18 ./source/font5x7.o
 .debug_aranges
                0x00000000000002c0       0x38 ./source/main.o
 .debug_aranges
                0x00000000000002f8       0x28 ./source/mefDisplay.o
 .debug_aranges
                0x0000000000000320       0x20 ./source/mefRecTrama.o
 .debug_aranges
                0x0000000000000340       0xb8 ./source/mma8451.o
 .debug_aranges
                0x00000000000003f8       0x18 ./source/mtb.o
 .debug_aranges
                0x0000000000000410       0x98 ./source/oled.o
 .debug_aranges
                0x00000000000004a8       0x40 ./source/procTrama.o
 .debug_aranges
                0x00000000000004e8       0x48 ./source/ringBuffer.o
 .debug_aranges
                0x0000000000000530       0x20 ./source/semihost_hardfault.o
 .debug_aranges
                0x0000000000000550       0x70 ./source/uart_ringBufer.o
 .debug_aranges
                0x00000000000005c0      0x1d8 ./drivers/fsl_clock.o
 .debug_aranges
                0x0000000000000798       0x78 ./drivers/fsl_gpio.o
 .debug_aranges
                0x0000000000000810      0x178 ./drivers/fsl_i2c.o
 .debug_aranges
                0x0000000000000988      0x118 ./drivers/fsl_lpsci.o
 .debug_aranges
                0x0000000000000aa0      0x140 ./drivers/fsl_spi.o
 .debug_aranges
                0x0000000000000be0      0x130 ./drivers/fsl_uart.o
 .debug_aranges
                0x0000000000000d10       0x50 ./board/src/clock_config.o
 .debug_aranges
                0x0000000000000d60       0x30 ./CMSIS/system_MKL46Z4.o

.debug_ranges   0x0000000000000000      0xc00
 .debug_ranges  0x0000000000000000      0x150 ./startup/startup_mkl46z4.o
 .debug_ranges  0x0000000000000150       0x40 ./source/SD2_I2C.o
 .debug_ranges  0x0000000000000190       0x78 ./source/SD2_board.o
 .debug_ranges  0x0000000000000208       0x38 ./source/display.o
 .debug_ranges  0x0000000000000240       0x18 ./source/enviarAccContinuo.o
 .debug_ranges  0x0000000000000258       0x28 ./source/main.o
 .debug_ranges  0x0000000000000280       0x18 ./source/mefDisplay.o
 .debug_ranges  0x0000000000000298       0x10 ./source/mefRecTrama.o
 .debug_ranges  0x00000000000002a8       0xa8 ./source/mma8451.o
 .debug_ranges  0x0000000000000350       0x88 ./source/oled.o
 .debug_ranges  0x00000000000003d8       0x30 ./source/procTrama.o
 .debug_ranges  0x0000000000000408       0x38 ./source/ringBuffer.o
 .debug_ranges  0x0000000000000440       0x10 ./source/semihost_hardfault.o
 .debug_ranges  0x0000000000000450       0x60 ./source/uart_ringBufer.o
 .debug_ranges  0x00000000000004b0      0x1c8 ./drivers/fsl_clock.o
 .debug_ranges  0x0000000000000678       0x68 ./drivers/fsl_gpio.o
 .debug_ranges  0x00000000000006e0      0x168 ./drivers/fsl_i2c.o
 .debug_ranges  0x0000000000000848      0x108 ./drivers/fsl_lpsci.o
 .debug_ranges  0x0000000000000950      0x130 ./drivers/fsl_spi.o
 .debug_ranges  0x0000000000000a80      0x120 ./drivers/fsl_uart.o
 .debug_ranges  0x0000000000000ba0       0x40 ./board/src/clock_config.o
 .debug_ranges  0x0000000000000be0       0x20 ./CMSIS/system_MKL46Z4.o

.debug_line     0x0000000000000000     0x75c4
 .debug_line    0x0000000000000000      0x1ed ./startup/startup_mkl46z4.o
 .debug_line    0x00000000000001ed      0x290 ./source/SD2_I2C.o
 .debug_line    0x000000000000047d      0x440 ./source/SD2_board.o
 .debug_line    0x00000000000008bd      0x16f ./source/display.o
 .debug_line    0x0000000000000a2c      0x127 ./source/enviarAccContinuo.o
 .debug_line    0x0000000000000b53       0x34 ./source/font5x7.o
 .debug_line    0x0000000000000b87      0x1eb ./source/main.o
 .debug_line    0x0000000000000d72      0x102 ./source/mefDisplay.o
 .debug_line    0x0000000000000e74      0x15c ./source/mefRecTrama.o
 .debug_line    0x0000000000000fd0      0x674 ./source/mma8451.o
 .debug_line    0x0000000000001644       0x30 ./source/mtb.o
 .debug_line    0x0000000000001674      0x628 ./source/oled.o
 .debug_line    0x0000000000001c9c      0x1fa ./source/procTrama.o
 .debug_line    0x0000000000001e96      0x1e9 ./source/ringBuffer.o
 .debug_line    0x000000000000207f       0x5a ./source/semihost_hardfault.o
 .debug_line    0x00000000000020d9      0x37d ./source/uart_ringBufer.o
 .debug_line    0x0000000000002456     0x1158 ./drivers/fsl_clock.o
 .debug_line    0x00000000000035ae      0x30f ./drivers/fsl_gpio.o
 .debug_line    0x00000000000038bd     0x12ba ./drivers/fsl_i2c.o
 .debug_line    0x0000000000004b77      0xcc0 ./drivers/fsl_lpsci.o
 .debug_line    0x0000000000005837      0xc75 ./drivers/fsl_spi.o
 .debug_line    0x00000000000064ac      0xccb ./drivers/fsl_uart.o
 .debug_line    0x0000000000007177      0x21d ./board/src/clock_config.o
 .debug_line    0x0000000000007394      0x230 ./CMSIS/system_MKL46Z4.o

.debug_str      0x0000000000000000     0x5d39
 .debug_str     0x0000000000000000      0x4a6 ./startup/startup_mkl46z4.o
                                        0x4b9 (size before relaxing)
 .debug_str     0x00000000000004a6      0x780 ./source/SD2_I2C.o
                                        0x8fe (size before relaxing)
 .debug_str     0x0000000000000c26      0xb7a ./source/SD2_board.o
                                       0x13a2 (size before relaxing)
 .debug_str     0x00000000000017a0       0x95 ./source/display.o
                                        0x26b (size before relaxing)
 .debug_str     0x0000000000001835       0x9d ./source/enviarAccContinuo.o
                                        0x259 (size before relaxing)
 .debug_str     0x00000000000018d2       0x1c ./source/font5x7.o
                                        0x164 (size before relaxing)
 .debug_str     0x00000000000018ee      0x2a6 ./source/main.o
                                        0x477 (size before relaxing)
 .debug_str     0x0000000000001b94       0x42 ./source/mefDisplay.o
                                        0x208 (size before relaxing)
 .debug_str     0x0000000000001bd6       0x97 ./source/mefRecTrama.o
                                        0x253 (size before relaxing)
 .debug_str     0x0000000000001c6d      0x64f ./source/mma8451.o
                                       0x139d (size before relaxing)
 .debug_str     0x00000000000022bc       0x1f ./source/mtb.o
                                        0x15e (size before relaxing)
 .debug_str     0x00000000000022db      0x1be ./source/oled.o
                                        0x3eb (size before relaxing)
 .debug_str     0x0000000000002499       0x89 ./source/procTrama.o
                                        0x362 (size before relaxing)
 .debug_str     0x0000000000002522       0xa3 ./source/ringBuffer.o
                                        0x27f (size before relaxing)
 .debug_str     0x00000000000025c5       0x1f ./source/semihost_hardfault.o
                                        0x15e (size before relaxing)
 .debug_str     0x00000000000025e4      0x634 ./source/uart_ringBufer.o
                                       0x1221 (size before relaxing)
 .debug_str     0x0000000000002c18      0xd1a ./drivers/fsl_clock.o
                                       0x18a1 (size before relaxing)
 .debug_str     0x0000000000003932       0xd6 ./drivers/fsl_gpio.o
                                        0x952 (size before relaxing)
 .debug_str     0x0000000000003a08      0xa78 ./drivers/fsl_i2c.o
                                       0x1845 (size before relaxing)
 .debug_str     0x0000000000004480      0x68a ./drivers/fsl_lpsci.o
                                       0x16eb (size before relaxing)
 .debug_str     0x0000000000004b0a      0x591 ./drivers/fsl_spi.o
                                       0x15c4 (size before relaxing)
 .debug_str     0x000000000000509b      0x969 ./drivers/fsl_uart.o
                                       0x16f2 (size before relaxing)
 .debug_str     0x0000000000005a04      0x2d7 ./board/src/clock_config.o
                                        0xe79 (size before relaxing)
 .debug_str     0x0000000000005cdb       0x5e ./CMSIS/system_MKL46Z4.o
                                        0x319 (size before relaxing)

.comment        0x0000000000000000       0x49
 .comment       0x0000000000000000       0x49 ./startup/startup_mkl46z4.o
                                         0x4a (size before relaxing)
 .comment       0x0000000000000049       0x4a ./source/SD2_I2C.o
 .comment       0x0000000000000049       0x4a ./source/SD2_board.o
 .comment       0x0000000000000049       0x4a ./source/display.o
 .comment       0x0000000000000049       0x4a ./source/enviarAccContinuo.o
 .comment       0x0000000000000049       0x4a ./source/font5x7.o
 .comment       0x0000000000000049       0x4a ./source/main.o
 .comment       0x0000000000000049       0x4a ./source/mefDisplay.o
 .comment       0x0000000000000049       0x4a ./source/mefRecTrama.o
 .comment       0x0000000000000049       0x4a ./source/mma8451.o
 .comment       0x0000000000000049       0x4a ./source/mtb.o
 .comment       0x0000000000000049       0x4a ./source/oled.o
 .comment       0x0000000000000049       0x4a ./source/procTrama.o
 .comment       0x0000000000000049       0x4a ./source/ringBuffer.o
 .comment       0x0000000000000049       0x4a ./source/semihost_hardfault.o
 .comment       0x0000000000000049       0x4a ./source/uart_ringBufer.o
 .comment       0x0000000000000049       0x4a ./drivers/fsl_clock.o
 .comment       0x0000000000000049       0x4a ./drivers/fsl_gpio.o
 .comment       0x0000000000000049       0x4a ./drivers/fsl_i2c.o
 .comment       0x0000000000000049       0x4a ./drivers/fsl_lpsci.o
 .comment       0x0000000000000049       0x4a ./drivers/fsl_spi.o
 .comment       0x0000000000000049       0x4a ./drivers/fsl_uart.o
 .comment       0x0000000000000049       0x4a ./board/src/clock_config.o
 .comment       0x0000000000000049       0x4a ./CMSIS/system_MKL46Z4.o
 .comment       0x0000000000000049       0x4a /Applications/MCUXpressoIDE_11.7.0_9198/ide/plugins/com.nxp.mcuxpresso.tools.macosx_11.7.0.202209140929/tools/bin/../lib/gcc/arm-none-eabi/10.3.1/../../../../arm-none-eabi/lib/thumb/v6-m/nofp/libcr_semihost_nf.a(_cr__main.o)
 .comment       0x0000000000000049       0x4a /Applications/MCUXpressoIDE_11.7.0_9198/ide/plugins/com.nxp.mcuxpresso.tools.macosx_11.7.0.202209140929/tools/bin/../lib/gcc/arm-none-eabi/10.3.1/../../../../arm-none-eabi/lib/thumb/v6-m/nofp/libcr_semihost_nf.a(_cr_assert.o)
 .comment       0x0000000000000049       0x4a /Applications/MCUXpressoIDE_11.7.0_9198/ide/plugins/com.nxp.mcuxpresso.tools.macosx_11.7.0.202209140929/tools/bin/../lib/gcc/arm-none-eabi/10.3.1/../../../../arm-none-eabi/lib/thumb/v6-m/nofp/libcr_semihost_nf.a(__ciob.o)
 .comment       0x0000000000000049       0x4a /Applications/MCUXpressoIDE_11.7.0_9198/ide/plugins/com.nxp.mcuxpresso.tools.macosx_11.7.0.202209140929/tools/bin/../lib/gcc/arm-none-eabi/10.3.1/../../../../arm-none-eabi/lib/thumb/v6-m/nofp/libcr_c.a(memset.o)
 .comment       0x0000000000000049       0x4a /Applications/MCUXpressoIDE_11.7.0_9198/ide/plugins/com.nxp.mcuxpresso.tools.macosx_11.7.0.202209140929/tools/bin/../lib/gcc/arm-none-eabi/10.3.1/../../../../arm-none-eabi/lib/thumb/v6-m/nofp/libcr_c.a(_deferredlazyseek.o)
 .comment       0x0000000000000049       0x4a /Applications/MCUXpressoIDE_11.7.0_9198/ide/plugins/com.nxp.mcuxpresso.tools.macosx_11.7.0.202209140929/tools/bin/../lib/gcc/arm-none-eabi/10.3.1/../../../../arm-none-eabi/lib/thumb/v6-m/nofp/libcr_c.a(_fflush.o)
 .comment       0x0000000000000049       0x4a /Applications/MCUXpressoIDE_11.7.0_9198/ide/plugins/com.nxp.mcuxpresso.tools.macosx_11.7.0.202209140929/tools/bin/../lib/gcc/arm-none-eabi/10.3.1/../../../../arm-none-eabi/lib/thumb/v6-m/nofp/libcr_c.a(_writebuf.o)
 .comment       0x0000000000000049       0x4a /Applications/MCUXpressoIDE_11.7.0_9198/ide/plugins/com.nxp.mcuxpresso.tools.macosx_11.7.0.202209140929/tools/bin/../lib/gcc/arm-none-eabi/10.3.1/../../../../arm-none-eabi/lib/thumb/v6-m/nofp/libcr_c.a(alloc.o)
 .comment       0x0000000000000049       0x4a /Applications/MCUXpressoIDE_11.7.0_9198/ide/plugins/com.nxp.mcuxpresso.tools.macosx_11.7.0.202209140929/tools/bin/../lib/gcc/arm-none-eabi/10.3.1/../../../../arm-none-eabi/lib/thumb/v6-m/nofp/libcr_c.a(fpprintf.o)
 .comment       0x0000000000000049       0x4a /Applications/MCUXpressoIDE_11.7.0_9198/ide/plugins/com.nxp.mcuxpresso.tools.macosx_11.7.0.202209140929/tools/bin/../lib/gcc/arm-none-eabi/10.3.1/../../../../arm-none-eabi/lib/thumb/v6-m/nofp/libcr_c.a(fputs.o)
 .comment       0x0000000000000049       0x4a /Applications/MCUXpressoIDE_11.7.0_9198/ide/plugins/com.nxp.mcuxpresso.tools.macosx_11.7.0.202209140929/tools/bin/../lib/gcc/arm-none-eabi/10.3.1/../../../../arm-none-eabi/lib/thumb/v6-m/nofp/libcr_c.a(fseek.o)
 .comment       0x0000000000000049       0x4a /Applications/MCUXpressoIDE_11.7.0_9198/ide/plugins/com.nxp.mcuxpresso.tools.macosx_11.7.0.202209140929/tools/bin/../lib/gcc/arm-none-eabi/10.3.1/../../../../arm-none-eabi/lib/thumb/v6-m/nofp/libcr_c.a(ftell.o)
 .comment       0x0000000000000049       0x4a /Applications/MCUXpressoIDE_11.7.0_9198/ide/plugins/com.nxp.mcuxpresso.tools.macosx_11.7.0.202209140929/tools/bin/../lib/gcc/arm-none-eabi/10.3.1/../../../../arm-none-eabi/lib/thumb/v6-m/nofp/libcr_c.a(initio.o)
 .comment       0x0000000000000049       0x4a /Applications/MCUXpressoIDE_11.7.0_9198/ide/plugins/com.nxp.mcuxpresso.tools.macosx_11.7.0.202209140929/tools/bin/../lib/gcc/arm-none-eabi/10.3.1/../../../../arm-none-eabi/lib/thumb/v6-m/nofp/libcr_c.a(printf.o)
 .comment       0x0000000000000049       0x4a /Applications/MCUXpressoIDE_11.7.0_9198/ide/plugins/com.nxp.mcuxpresso.tools.macosx_11.7.0.202209140929/tools/bin/../lib/gcc/arm-none-eabi/10.3.1/../../../../arm-none-eabi/lib/thumb/v6-m/nofp/libcr_c.a(scanf.o)
 .comment       0x0000000000000049       0x4a /Applications/MCUXpressoIDE_11.7.0_9198/ide/plugins/com.nxp.mcuxpresso.tools.macosx_11.7.0.202209140929/tools/bin/../lib/gcc/arm-none-eabi/10.3.1/../../../../arm-none-eabi/lib/thumb/v6-m/nofp/libcr_c.a(setvbuf.o)
 .comment       0x0000000000000049       0x4a /Applications/MCUXpressoIDE_11.7.0_9198/ide/plugins/com.nxp.mcuxpresso.tools.macosx_11.7.0.202209140929/tools/bin/../lib/gcc/arm-none-eabi/10.3.1/../../../../arm-none-eabi/lib/thumb/v6-m/nofp/libcr_c.a(stdlib.o)
 .comment       0x0000000000000049       0x4a /Applications/MCUXpressoIDE_11.7.0_9198/ide/plugins/com.nxp.mcuxpresso.tools.macosx_11.7.0.202209140929/tools/bin/../lib/gcc/arm-none-eabi/10.3.1/../../../../arm-none-eabi/lib/thumb/v6-m/nofp/libcr_c.a(strlen.o)
 .comment       0x0000000000000049       0x4a /Applications/MCUXpressoIDE_11.7.0_9198/ide/plugins/com.nxp.mcuxpresso.tools.macosx_11.7.0.202209140929/tools/bin/../lib/gcc/arm-none-eabi/10.3.1/../../../../arm-none-eabi/lib/thumb/v6-m/nofp/libcr_c.a(__init_alloc.o)
 .comment       0x0000000000000049       0x4a /Applications/MCUXpressoIDE_11.7.0_9198/ide/plugins/com.nxp.mcuxpresso.tools.macosx_11.7.0.202209140929/tools/bin/../lib/gcc/arm-none-eabi/10.3.1/../../../../arm-none-eabi/lib/thumb/v6-m/nofp/libcr_c.a(_cr_sbrk.o)
 .comment       0x0000000000000049       0x4a /Applications/MCUXpressoIDE_11.7.0_9198/ide/plugins/com.nxp.mcuxpresso.tools.macosx_11.7.0.202209140929/tools/bin/../lib/gcc/arm-none-eabi/10.3.1/../../../../arm-none-eabi/lib/thumb/v6-m/nofp/libcr_c.a(_fdopen.o)
 .comment       0x0000000000000049       0x4a /Applications/MCUXpressoIDE_11.7.0_9198/ide/plugins/com.nxp.mcuxpresso.tools.macosx_11.7.0.202209140929/tools/bin/../lib/gcc/arm-none-eabi/10.3.1/../../../../arm-none-eabi/lib/thumb/v6-m/nofp/libcr_c.a(_frexpl.o)
 .comment       0x0000000000000049       0x4a /Applications/MCUXpressoIDE_11.7.0_9198/ide/plugins/com.nxp.mcuxpresso.tools.macosx_11.7.0.202209140929/tools/bin/../lib/gcc/arm-none-eabi/10.3.1/../../../../arm-none-eabi/lib/thumb/v6-m/nofp/libcr_c.a(_ldexpl.o)
 .comment       0x0000000000000049       0x4a /Applications/MCUXpressoIDE_11.7.0_9198/ide/plugins/com.nxp.mcuxpresso.tools.macosx_11.7.0.202209140929/tools/bin/../lib/gcc/arm-none-eabi/10.3.1/../../../../arm-none-eabi/lib/thumb/v6-m/nofp/libcr_c.a(ctype.o)
 .comment       0x0000000000000049       0x4a /Applications/MCUXpressoIDE_11.7.0_9198/ide/plugins/com.nxp.mcuxpresso.tools.macosx_11.7.0.202209140929/tools/bin/../lib/gcc/arm-none-eabi/10.3.1/../../../../arm-none-eabi/lib/thumb/v6-m/nofp/libcr_c.a(errno.o)
 .comment       0x0000000000000049       0x4a /Applications/MCUXpressoIDE_11.7.0_9198/ide/plugins/com.nxp.mcuxpresso.tools.macosx_11.7.0.202209140929/tools/bin/../lib/gcc/arm-none-eabi/10.3.1/../../../../arm-none-eabi/lib/thumb/v6-m/nofp/libcr_c.a(fclose.o)
 .comment       0x0000000000000049       0x4a /Applications/MCUXpressoIDE_11.7.0_9198/ide/plugins/com.nxp.mcuxpresso.tools.macosx_11.7.0.202209140929/tools/bin/../lib/gcc/arm-none-eabi/10.3.1/../../../../arm-none-eabi/lib/thumb/v6-m/nofp/libcr_c.a(fflush.o)
 .comment       0x0000000000000049       0x4a /Applications/MCUXpressoIDE_11.7.0_9198/ide/plugins/com.nxp.mcuxpresso.tools.macosx_11.7.0.202209140929/tools/bin/../lib/gcc/arm-none-eabi/10.3.1/../../../../arm-none-eabi/lib/thumb/v6-m/nofp/libcr_c.a(remove.o)
 .comment       0x0000000000000049       0x4a /Applications/MCUXpressoIDE_11.7.0_9198/ide/plugins/com.nxp.mcuxpresso.tools.macosx_11.7.0.202209140929/tools/bin/../lib/gcc/arm-none-eabi/10.3.1/../../../../arm-none-eabi/lib/thumb/v6-m/nofp/libcr_c.a(_cr_check_heap.o)
 .comment       0x0000000000000049       0x4a /Applications/MCUXpressoIDE_11.7.0_9198/ide/plugins/com.nxp.mcuxpresso.tools.macosx_11.7.0.202209140929/tools/bin/../lib/gcc/arm-none-eabi/10.3.1/../../../../arm-none-eabi/lib/thumb/v6-m/nofp/libcr_c.a(_do_fflush.o)
 .comment       0x0000000000000049       0x4a /Applications/MCUXpressoIDE_11.7.0_9198/ide/plugins/com.nxp.mcuxpresso.tools.macosx_11.7.0.202209140929/tools/bin/../lib/gcc/arm-none-eabi/10.3.1/thumb/v6-m/nofp/libcr_eabihelpers.a(double.o)

.ARM.attributes
                0x0000000000000000       0x2a
 .ARM.attributes
                0x0000000000000000       0x2c ./startup/startup_mkl46z4.o
 .ARM.attributes
                0x000000000000002c       0x2c ./source/SD2_I2C.o
 .ARM.attributes
                0x0000000000000058       0x2c ./source/SD2_board.o
 .ARM.attributes
                0x0000000000000084       0x2c ./source/display.o
 .ARM.attributes
                0x00000000000000b0       0x2c ./source/enviarAccContinuo.o
 .ARM.attributes
                0x00000000000000dc       0x2c ./source/font5x7.o
 .ARM.attributes
                0x0000000000000108       0x2c ./source/main.o
 .ARM.attributes
                0x0000000000000134       0x2c ./source/mefDisplay.o
 .ARM.attributes
                0x0000000000000160       0x2c ./source/mefRecTrama.o
 .ARM.attributes
                0x000000000000018c       0x2c ./source/mma8451.o
 .ARM.attributes
                0x00000000000001b8       0x2c ./source/mtb.o
 .ARM.attributes
                0x00000000000001e4       0x2c ./source/oled.o
 .ARM.attributes
                0x0000000000000210       0x2c ./source/procTrama.o
 .ARM.attributes
                0x000000000000023c       0x2c ./source/ringBuffer.o
 .ARM.attributes
                0x0000000000000268       0x2c ./source/semihost_hardfault.o
 .ARM.attributes
                0x0000000000000294       0x2c ./source/uart_ringBufer.o
 .ARM.attributes
                0x00000000000002c0       0x2c ./drivers/fsl_clock.o
 .ARM.attributes
                0x00000000000002ec       0x2c ./drivers/fsl_gpio.o
 .ARM.attributes
                0x0000000000000318       0x2c ./drivers/fsl_i2c.o
 .ARM.attributes
                0x0000000000000344       0x2c ./drivers/fsl_lpsci.o
 .ARM.attributes
                0x0000000000000370       0x2c ./drivers/fsl_spi.o
 .ARM.attributes
                0x000000000000039c       0x2c ./drivers/fsl_uart.o
 .ARM.attributes
                0x00000000000003c8       0x2c ./board/src/clock_config.o
 .ARM.attributes
                0x00000000000003f4       0x2c ./CMSIS/system_MKL46Z4.o
 .ARM.attributes
                0x0000000000000420       0x2c /Applications/MCUXpressoIDE_11.7.0_9198/ide/plugins/com.nxp.mcuxpresso.tools.macosx_11.7.0.202209140929/tools/bin/../lib/gcc/arm-none-eabi/10.3.1/../../../../arm-none-eabi/lib/thumb/v6-m/nofp/libcr_semihost_nf.a(_cr__main.o)
 .ARM.attributes
                0x000000000000044c       0x2c /Applications/MCUXpressoIDE_11.7.0_9198/ide/plugins/com.nxp.mcuxpresso.tools.macosx_11.7.0.202209140929/tools/bin/../lib/gcc/arm-none-eabi/10.3.1/../../../../arm-none-eabi/lib/thumb/v6-m/nofp/libcr_semihost_nf.a(_cr_assert.o)
 .ARM.attributes
                0x0000000000000478       0x2c /Applications/MCUXpressoIDE_11.7.0_9198/ide/plugins/com.nxp.mcuxpresso.tools.macosx_11.7.0.202209140929/tools/bin/../lib/gcc/arm-none-eabi/10.3.1/../../../../arm-none-eabi/lib/thumb/v6-m/nofp/libcr_semihost_nf.a(__ciob.o)
 .ARM.attributes
                0x00000000000004a4       0x1c /Applications/MCUXpressoIDE_11.7.0_9198/ide/plugins/com.nxp.mcuxpresso.tools.macosx_11.7.0.202209140929/tools/bin/../lib/gcc/arm-none-eabi/10.3.1/../../../../arm-none-eabi/lib/thumb/v6-m/nofp/libcr_semihost_nf.a(__sys_appexit.o)
 .ARM.attributes
                0x00000000000004c0       0x2c /Applications/MCUXpressoIDE_11.7.0_9198/ide/plugins/com.nxp.mcuxpresso.tools.macosx_11.7.0.202209140929/tools/bin/../lib/gcc/arm-none-eabi/10.3.1/../../../../arm-none-eabi/lib/thumb/v6-m/nofp/libcr_c.a(memset.o)
 .ARM.attributes
                0x00000000000004ec       0x2c /Applications/MCUXpressoIDE_11.7.0_9198/ide/plugins/com.nxp.mcuxpresso.tools.macosx_11.7.0.202209140929/tools/bin/../lib/gcc/arm-none-eabi/10.3.1/../../../../arm-none-eabi/lib/thumb/v6-m/nofp/libcr_c.a(_deferredlazyseek.o)
 .ARM.attributes
                0x0000000000000518       0x2c /Applications/MCUXpressoIDE_11.7.0_9198/ide/plugins/com.nxp.mcuxpresso.tools.macosx_11.7.0.202209140929/tools/bin/../lib/gcc/arm-none-eabi/10.3.1/../../../../arm-none-eabi/lib/thumb/v6-m/nofp/libcr_c.a(_fflush.o)
 .ARM.attributes
                0x0000000000000544       0x2c /Applications/MCUXpressoIDE_11.7.0_9198/ide/plugins/com.nxp.mcuxpresso.tools.macosx_11.7.0.202209140929/tools/bin/../lib/gcc/arm-none-eabi/10.3.1/../../../../arm-none-eabi/lib/thumb/v6-m/nofp/libcr_c.a(_writebuf.o)
 .ARM.attributes
                0x0000000000000570       0x2c /Applications/MCUXpressoIDE_11.7.0_9198/ide/plugins/com.nxp.mcuxpresso.tools.macosx_11.7.0.202209140929/tools/bin/../lib/gcc/arm-none-eabi/10.3.1/../../../../arm-none-eabi/lib/thumb/v6-m/nofp/libcr_c.a(alloc.o)
 .ARM.attributes
                0x000000000000059c       0x2c /Applications/MCUXpressoIDE_11.7.0_9198/ide/plugins/com.nxp.mcuxpresso.tools.macosx_11.7.0.202209140929/tools/bin/../lib/gcc/arm-none-eabi/10.3.1/../../../../arm-none-eabi/lib/thumb/v6-m/nofp/libcr_c.a(fpprintf.o)
 .ARM.attributes
                0x00000000000005c8       0x2c /Applications/MCUXpressoIDE_11.7.0_9198/ide/plugins/com.nxp.mcuxpresso.tools.macosx_11.7.0.202209140929/tools/bin/../lib/gcc/arm-none-eabi/10.3.1/../../../../arm-none-eabi/lib/thumb/v6-m/nofp/libcr_c.a(fputs.o)
 .ARM.attributes
                0x00000000000005f4       0x2c /Applications/MCUXpressoIDE_11.7.0_9198/ide/plugins/com.nxp.mcuxpresso.tools.macosx_11.7.0.202209140929/tools/bin/../lib/gcc/arm-none-eabi/10.3.1/../../../../arm-none-eabi/lib/thumb/v6-m/nofp/libcr_c.a(fseek.o)
 .ARM.attributes