Archive member included to satisfy reference by file (symbol)

c:/nxp/mcuxpressoide_11.6.1_8255/ide/plugins/com.nxp.mcuxpresso.tools.win32_11.6.1.202207200623/tools/bin/../lib/gcc/arm-none-eabi/10.3.1/../../../../arm-none-eabi/lib/thumb/v6-m/nofp\libcr_semihost_nf.a(_cr__main.o)
                              ./startup/startup_mkl46z4.o (__main)
c:/nxp/mcuxpressoide_11.6.1_8255/ide/plugins/com.nxp.mcuxpresso.tools.win32_11.6.1.202207200623/tools/bin/../lib/gcc/arm-none-eabi/10.3.1/../../../../arm-none-eabi/lib/thumb/v6-m/nofp\libcr_semihost_nf.a(_cr_assert.o)
                              ./utilities/fsl_debug_console.o (__assertion_failed)
c:/nxp/mcuxpressoide_11.6.1_8255/ide/plugins/com.nxp.mcuxpresso.tools.win32_11.6.1.202207200623/tools/bin/../lib/gcc/arm-none-eabi/10.3.1/../../../../arm-none-eabi/lib/thumb/v6-m/nofp\libcr_semihost_nf.a(__ciob.o)
                              c:/nxp/mcuxpressoide_11.6.1_8255/ide/plugins/com.nxp.mcuxpresso.tools.win32_11.6.1.202207200623/tools/bin/../lib/gcc/arm-none-eabi/10.3.1/../../../../arm-none-eabi/lib/thumb/v6-m/nofp\libcr_semihost_nf.a(_cr_assert.o) (__Ciob)
c:/nxp/mcuxpressoide_11.6.1_8255/ide/plugins/com.nxp.mcuxpresso.tools.win32_11.6.1.202207200623/tools/bin/../lib/gcc/arm-none-eabi/10.3.1/../../../../arm-none-eabi/lib/thumb/v6-m/nofp\libcr_semihost_nf.a(__sys_appexit.o)
                              c:/nxp/mcuxpressoide_11.6.1_8255/ide/plugins/com.nxp.mcuxpresso.tools.win32_11.6.1.202207200623/tools/bin/../lib/gcc/arm-none-eabi/10.3.1/../../../../arm-none-eabi/lib/thumb/v6-m/nofp\libcr_semihost_nf.a(_cr_assert.o) (__sys_appexit)
c:/nxp/mcuxpressoide_11.6.1_8255/ide/plugins/com.nxp.mcuxpresso.tools.win32_11.6.1.202207200623/tools/bin/../lib/gcc/arm-none-eabi/10.3.1/../../../../arm-none-eabi/lib/thumb/v6-m/nofp\libcr_c.a(memcpy.o)
                              ./source/uart0_DMA.o (memcpy)
c:/nxp/mcuxpressoide_11.6.1_8255/ide/plugins/com.nxp.mcuxpresso.tools.win32_11.6.1.202207200623/tools/bin/../lib/gcc/arm-none-eabi/10.3.1/../../../../arm-none-eabi/lib/thumb/v6-m/nofp\libcr_c.a(memset.o)
                              ./source/mma8451.o (memset)
c:/nxp/mcuxpressoide_11.6.1_8255/ide/plugins/com.nxp.mcuxpresso.tools.win32_11.6.1.202207200623/tools/bin/../lib/gcc/arm-none-eabi/10.3.1/../../../../arm-none-eabi/lib/thumb/v6-m/nofp\libcr_c.a(_deferredlazyseek.o)
                              c:/nxp/mcuxpressoide_11.6.1_8255/ide/plugins/com.nxp.mcuxpresso.tools.win32_11.6.1.202207200623/tools/bin/../lib/gcc/arm-none-eabi/10.3.1/../../../../arm-none-eabi/lib/thumb/v6-m/nofp\libcr_semihost_nf.a(_cr_assert.o) (__flsbuf)
c:/nxp/mcuxpressoide_11.6.1_8255/ide/plugins/com.nxp.mcuxpresso.tools.win32_11.6.1.202207200623/tools/bin/../lib/gcc/arm-none-eabi/10.3.1/../../../../arm-none-eabi/lib/thumb/v6-m/nofp\libcr_c.a(_fflush.o)
                              c:/nxp/mcuxpressoide_11.6.1_8255/ide/plugins/com.nxp.mcuxpresso.tools.win32_11.6.1.202207200623/tools/bin/../lib/gcc/arm-none-eabi/10.3.1/../../../../arm-none-eabi/lib/thumb/v6-m/nofp\libcr_c.a(_deferredlazyseek.o) (_fflush)
c:/nxp/mcuxpressoide_11.6.1_8255/ide/plugins/com.nxp.mcuxpresso.tools.win32_11.6.1.202207200623/tools/bin/../lib/gcc/arm-none-eabi/10.3.1/../../../../arm-none-eabi/lib/thumb/v6-m/nofp\libcr_c.a(_writebuf.o)
                              c:/nxp/mcuxpressoide_11.6.1_8255/ide/plugins/com.nxp.mcuxpresso.tools.win32_11.6.1.202207200623/tools/bin/../lib/gcc/arm-none-eabi/10.3.1/../../../../arm-none-eabi/lib/thumb/v6-m/nofp\libcr_c.a(_deferredlazyseek.o) (_Cwritebuf)
c:/nxp/mcuxpressoide_11.6.1_8255/ide/plugins/com.nxp.mcuxpresso.tools.win32_11.6.1.202207200623/tools/bin/../lib/gcc/arm-none-eabi/10.3.1/../../../../arm-none-eabi/lib/thumb/v6-m/nofp\libcr_c.a(alloc.o)
                              ./source/ringBuffer.o (malloc)
c:/nxp/mcuxpressoide_11.6.1_8255/ide/plugins/com.nxp.mcuxpresso.tools.win32_11.6.1.202207200623/tools/bin/../lib/gcc/arm-none-eabi/10.3.1/../../../../arm-none-eabi/lib/thumb/v6-m/nofp\libcr_c.a(fpprintf.o)
                              ./source/enviarAccContinuo.o (sprintf)
c:/nxp/mcuxpressoide_11.6.1_8255/ide/plugins/com.nxp.mcuxpresso.tools.win32_11.6.1.202207200623/tools/bin/../lib/gcc/arm-none-eabi/10.3.1/../../../../arm-none-eabi/lib/thumb/v6-m/nofp\libcr_c.a(fputs.o)
                              c:/nxp/mcuxpressoide_11.6.1_8255/ide/plugins/com.nxp.mcuxpresso.tools.win32_11.6.1.202207200623/tools/bin/../lib/gcc/arm-none-eabi/10.3.1/../../../../arm-none-eabi/lib/thumb/v6-m/nofp\libcr_semihost_nf.a(_cr_assert.o) (fputs)
c:/nxp/mcuxpressoide_11.6.1_8255/ide/plugins/com.nxp.mcuxpresso.tools.win32_11.6.1.202207200623/tools/bin/../lib/gcc/arm-none-eabi/10.3.1/../../../../arm-none-eabi/lib/thumb/v6-m/nofp\libcr_c.a(fseek.o)
                              c:/nxp/mcuxpressoide_11.6.1_8255/ide/plugins/com.nxp.mcuxpresso.tools.win32_11.6.1.202207200623/tools/bin/../lib/gcc/arm-none-eabi/10.3.1/../../../../arm-none-eabi/lib/thumb/v6-m/nofp\libcr_c.a(_deferredlazyseek.o) (fseek)
[...]
Memory Configuration

Name             Origin             Length             Attributes
PROGRAM_FLASH    0x00000000         0x00040000         xr
SRAM             0x1fffe000         0x00008000         xrw
*default*        0x00000000         0xffffffff

Linker script and memory map

LOAD ./utilities/fsl_assert.o
LOAD ./utilities/fsl_debug_console.o
LOAD ./utilities/fsl_io.o
LOAD ./utilities/fsl_log.o
LOAD ./utilities/fsl_str.o
LOAD ./startup/startup_mkl46z4.o
LOAD ./source/SD2_I2C.o
LOAD ./source/SD2_board.o
LOAD ./source/display.o
LOAD ./source/enviarAccContinuo.o
LOAD ./source/font5x7.o
LOAD ./source/main.o
LOAD ./source/mefDisplay.o
LOAD ./source/mefRecTrama.o
LOAD ./source/mma8451.o
LOAD ./source/mtb.o
LOAD ./source/oled.o
LOAD ./source/procTrama.o
LOAD ./source/ringBuffer.o
LOAD ./source/semihost_hardfault.o
LOAD ./source/uart0_DMA.o
LOAD ./source/uart1.o
LOAD ./drivers/fsl_clock.o
LOAD ./drivers/fsl_common.o
LOAD ./drivers/fsl_dma.o
LOAD ./drivers/fsl_dmamux.o
LOAD ./drivers/fsl_ftfx_cache.o
LOAD ./drivers/fsl_ftfx_controller.o
LOAD ./drivers/fsl_ftfx_flash.o
LOAD ./drivers/fsl_ftfx_flexnvm.o
LOAD ./drivers/fsl_gpio.o
LOAD ./drivers/fsl_i2c.o
LOAD ./drivers/fsl_lpsci.o
LOAD ./drivers/fsl_lpsci_dma.o
LOAD ./drivers/fsl_smc.o
LOAD ./drivers/fsl_spi.o
LOAD ./drivers/fsl_uart.o
LOAD ./drivers/fsl_uart_dma.o
LOAD ./board/src/board.o
LOAD ./board/src/clock_config.o
LOAD ./board/peripherals.o
LOAD ./board/pin_mux.o
LOAD ./CMSIS/system_MKL46Z4.o
START GROUP
LOAD c:/nxp/mcuxpressoide_11.6.1_8255/ide/plugins/com.nxp.mcuxpresso.tools.win32_11.6.1.202207200623/tools/bin/../lib/gcc/arm-none-eabi/10.3.1/../../../../arm-none-eabi/lib/thumb/v6-m/nofp\libcr_semihost_nf.a
LOAD c:/nxp/mcuxpressoide_11.6.1_8255/ide/plugins/com.nxp.mcuxpresso.tools.win32_11.6.1.202207200623/tools/bin/../lib/gcc/arm-none-eabi/10.3.1/../../../../arm-none-eabi/lib/thumb/v6-m/nofp\libcr_c.a
LOAD c:/nxp/mcuxpressoide_11.6.1_8255/ide/plugins/com.nxp.mcuxpresso.tools.win32_11.6.1.202207200623/tools/bin/../lib/gcc/arm-none-eabi/10.3.1/thumb/v6-m/nofp\libcr_eabihelpers.a
LOAD c:/nxp/mcuxpressoide_11.6.1_8255/ide/plugins/com.nxp.mcuxpresso.tools.win32_11.6.1.202207200623/tools/bin/../lib/gcc/arm-none-eabi/10.3.1/thumb/v6-m/nofp\libgcc.a
END GROUP
                0x00000000                __base_PROGRAM_FLASH = 0x0
                0x00000000                __base_Flash = 0x0
                0x00040000                __top_PROGRAM_FLASH = 0x40000
                0x00040000                __top_Flash = 0x40000
                0x1fffe000                __base_SRAM = 0x1fffe000
                0x1fffe000                __base_RAM = 0x1fffe000
                0x20006000                __top_SRAM = 0x20006000
                0x20006000                __top_RAM = 0x20006000

.text           0x00000000     0x9f84
 FILL mask 0xff
                0x00000000                __vectors_start__ = ABSOLUTE (.)
 *(SORT_BY_ALIGNMENT(.isr_vector))
 .isr_vector    0x00000000       0xc0 ./startup/startup_mkl46z4.o
                0x00000000                g_pfnVectors
                0x00000000                __Vectors
                0x000000c0                . = ALIGN (0x4)
                0x000000c0                __section_table_start = .
                0x000000c0                __data_section_table = .
                0x000000c0        0x4 LONG 0x9f84 LOADADDR (.data)
                0x000000c4        0x4 LONG 0x1fffe080 ADDR (.data)
                0x000000c8        0x4 LONG 0xc SIZEOF (.data)
                0x000000cc                __data_section_table_end = .
                0x000000cc                __bss_section_table = .
                0x000000cc        0x4 LONG 0x1fffe08c ADDR (.bss)
                0x000000d0        0x4 LONG 0x5fc SIZEOF (.bss)
                0x000000d4                __bss_section_table_end = .
                0x000000d4                __section_table_end = .
 *(SORT_BY_ALIGNMENT(.after_vectors*))
 .after_vectors.reset
                0x000000d4       0x4c ./startup/startup_mkl46z4.o
                0x000000d4                ResetISR
 .after_vectors.init_data
                0x00000120       0x12 ./startup/startup_mkl46z4.o
                0x00000120                data_init
 .after_vectors.init_bss
                0x00000132       0x10 ./startup/startup_mkl46z4.o
                0x00000132                bss_init
 .after_vectors
                0x00000142      0x10c ./startup/startup_mkl46z4.o
                0x00000142                NMI_Handler
                0x00000146                SVC_Handler
                0x00000148                PendSV_Handler
                0x0000014c                PORTC_PORTD_DriverIRQHandler
                0x0000014c                LPTMR0_DriverIRQHandler
                0x0000014c                CMP0_DriverIRQHandler
                0x0000014c                ADC0_DriverIRQHandler
                0x0000014c                I2S0_DriverIRQHandler
                0x0000014c                LVD_LVW_DriverIRQHandler
                0x0000014c                TPM2_DriverIRQHandler
                0x0000014c                PIT_DriverIRQHandler
                0x0000014c                LCD_DriverIRQHandler
                0x0000014c                RTC_DriverIRQHandler
                0x0000014c                TSI0_DriverIRQHandler
                0x0000014c                RTC_Seconds_DriverIRQHandler
                0x0000014c                TPM1_DriverIRQHandler
                0x0000014c                LLWU_DriverIRQHandler
                0x0000014c                MCG_DriverIRQHandler
                0x0000014c                PORTA_DriverIRQHandler
                0x0000014c                Reserved20_DriverIRQHandler
                0x0000014c                FTFA_DriverIRQHandler
                0x0000014c                IntDefaultHandler
                0x0000014c                USB0_DriverIRQHandler
                0x0000014c                DAC0_DriverIRQHandler
                0x0000014c                TPM0_DriverIRQHandler
                0x0000014e                DMA0_IRQHandler
                0x00000156                DMA1_IRQHandler
                0x0000015e                DMA2_IRQHandler
                0x00000166                DMA3_IRQHandler
                0x0000016e                Reserved20_IRQHandler
                0x00000176                FTFA_IRQHandler
                0x0000017e                LVD_LVW_IRQHandler
                0x00000186                LLWU_IRQHandler
                0x0000018e                I2C0_IRQHandler
                0x00000196                I2C1_IRQHandler
                0x0000019e                SPI0_IRQHandler
                0x000001a6                SPI1_IRQHandler
                0x000001be                UART2_IRQHandler
                0x000001c6                ADC0_IRQHandler
                0x000001ce                CMP0_IRQHandler
                0x000001d6                TPM0_IRQHandler
                0x000001de                TPM1_IRQHandler
                0x000001e6                TPM2_IRQHandler
                0x000001ee                RTC_IRQHandler
                0x000001f6                RTC_Seconds_IRQHandler
                0x000001fe                PIT_IRQHandler
                0x00000206                I2S0_IRQHandler
                0x0000020e                USB0_IRQHandler
                0x00000216                DAC0_IRQHandler
                0x0000021e                TSI0_IRQHandler
                0x00000226                MCG_IRQHandler
                0x0000022e                LPTMR0_IRQHandler
                0x00000236                LCD_IRQHandler
                0x0000023e                PORTA_IRQHandler
                0x00000400                . = 0x400
 *fill*         0x0000024e      0x1b2 ff
                0x00000400                PROVIDE (__FLASH_CONFIG_START__ = .)
 *(SORT_BY_ALIGNMENT(.FlashConfig))
 .FlashConfig   0x00000400       0x10 ./startup/startup_mkl46z4.o
                0x00000400                Flash_Config
                0x00000410                PROVIDE (__FLASH_CONFIG_END__ = .)
                0x00000001                ASSERT (! ((__FLASH_CONFIG_START__ == __FLASH_CONFIG_END__)), Linker Flash Config Support Enabled, but no .FlashConfig section provided within application)
 *(SORT_BY_ALIGNMENT(.text*))
 .text.CLOCK_EnableClock
                0x00000410       0x34 ./source/SD2_I2C.o
 .text.PORT_SetPinConfig
                0x00000444       0x38 ./source/SD2_I2C.o
 .text.I2C_releaseBus
                0x0000047c      0x124 ./source/SD2_I2C.o
 .text.I2C_configPins
                0x000005a0       0x80 ./source/SD2_I2C.o
 .text.SD2_I2C_init
                0x00000620       0x44 ./source/SD2_I2C.o
                0x00000620                SD2_I2C_init
 .text.CLOCK_EnableClock
                0x00000664       0x34 ./source/SD2_board.o
 .text.PORT_SetPinConfig
                0x00000698       0x38 ./source/SD2_board.o
 .text.rs485_RE
                0x000006d0       0x44 ./source/SD2_board.o
                0x000006d0                rs485_RE
 .text.rs485_DE
                0x00000714       0x44 ./source/SD2_board.o
                0x00000714                rs485_DE
 .text.board_init
                0x00000758      0x2bc ./source/SD2_board.o
                0x00000758                board_init
 .text.board_setLed
                0x00000a14       0xd8 ./source/SD2_board.o
                0x00000a14                board_setLed
 .text.board_getSw
                0x00000aec       0x50 ./source/SD2_board.o
                0x00000aec                board_getSw
 .text.board_configSPI0
                0x00000b3c       0x90 ./source/SD2_board.o
                0x00000b3c                board_configSPI0
 .text.board_setOledPin
                0x00000bcc       0x50 ./source/SD2_board.o
                0x00000bcc                board_setOledPin
 .text.board_SPISend
                0x00000c1c       0x38 ./source/SD2_board.o
                0x00000c1c                board_SPISend
 .text.display_header
                0x00000c54       0x28 ./source/display.o
                0x00000c54                display_header
 .text.display_reading
                0x00000c7c       0xa8 ./source/display.o
                0x00000c7c                display_reading
 .text.enviarContinuo
                0x00000d24      0x108 ./source/enviarAccContinuo.o
                0x00000d24                enviarContinuo
 .text.enviarAccContinuo_1ms
                0x00000e2c       0x20 ./source/enviarAccContinuo.o
                0x00000e2c                enviarAccContinuo_1ms
 .text.__NVIC_SetPriority
                0x00000e4c       0xdc ./source/main.o
 .text.SysTick_Config
                0x00000f28       0x48 ./source/main.o
 .text.main     0x00000f70       0x48 ./source/main.o
                0x00000f70                main
 .text.mefDisplay
                0x00000fb8       0x58 ./source/mefDisplay.o
                0x00000fb8                mefDisplay
 .text.mefDisplay_task1ms
                0x00001010       0x24 ./source/mefDisplay.o
                0x00001010                mefDisplay_task1ms
 .text.mefRecTrama_task
                0x00001034       0xd0 ./source/mefRecTrama.o
                0x00001034                mefRecTrama_task
 .text.__NVIC_EnableIRQ
                0x00001104       0x34 ./source/mma8451.o
 .text.__NVIC_SetPriority
                0x00001138       0xdc ./source/mma8451.o
 .text.PORT_SetPinConfig
                0x00001214       0x38 ./source/mma8451.o
 .text.PORT_SetPinInterruptConfig
                0x0000124c       0x40 ./source/mma8451.o
 .text.mma8451_read_reg
                0x0000128c       0x68 ./source/mma8451.o
 .text.mma8451_read_multireg
                0x000012f4       0x68 ./source/mma8451.o
 .text.mma8451_write_reg
                0x0000135c       0x68 ./source/mma8451.o
 .text.config_port_int1
                0x000013c4       0x74 ./source/mma8451.o
 .text.mma8451_getAcX
                0x00001438       0x2c ./source/mma8451.o
                0x00001438                mma8451_getAcX
 .text.mma8451_getAcY
                0x00001464       0x2c ./source/mma8451.o
                0x00001464                mma8451_getAcY
 .text.mma8451_getAcZ
                0x00001490       0x2c ./source/mma8451.o
                0x00001490                mma8451_getAcZ
 .text.PORTC_PORTD_IRQHandler
                0x000014bc      0x11c ./source/mma8451.o
                0x000014bc                PORTC_PORTD_IRQHandler
 .text.oled_init
                0x000015d8       0x50 ./source/oled.o
                0x000015d8                oled_init
 .text.oled_putPixel
                0x00001628      0x1bc ./source/oled.o
                0x00001628                oled_putPixel
 .text.oled_clearScreen
                0x000017e4       0x84 ./source/oled.o
                0x000017e4                oled_clearScreen
 .text.oled_putChar
                0x00001868      0x148 ./source/oled.o
                0x00001868                oled_putChar
 .text.procLed  0x000019b0       0xb8 ./source/procTrama.o
 .text.procSw   0x00001a68       0xbc ./source/procTrama.o
 .text.procAcc  0x00001b24       0xf8 ./source/procTrama.o
 .text.HardFault_Handler
                0x00001c1c       0x30 ./source/semihost_hardfault.o
                0x00001c1c                HardFault_Handler
 .text.__NVIC_EnableIRQ
                0x00001c4c       0x34 ./source/uart0_DMA.o
 .text.CLOCK_SetLpsci0Clock
                0x00001c80       0x38 ./source/uart0_DMA.o
 .text.PORT_SetPinMux
                0x00001cb8       0x40 ./source/uart0_DMA.o
 .text.DMAMUX_EnableChannel
                0x00001cf8       0x40 ./source/uart0_DMA.o
 .text.DMAMUX_SetSource
                0x00001d38       0x50 ./source/uart0_DMA.o
 .text.LPSCI_UserCallback
                0x00001d88       0x2c ./source/uart0_DMA.o
 .text.uart0_init
                0x00001db4      0x110 ./source/uart0_DMA.o
                0x00001db4                uart0_init
 .text.uart0_DMA_envDatos
                0x00001ec4       0x78 ./source/uart0_DMA.o
                0x00001ec4                uart0_DMA_envDatos
 .text.UART0_IRQHandler
                0x00001f3c       0xb4 ./source/uart0_DMA.o
                0x00001f3c                UART0_IRQHandler
 .text.__NVIC_EnableIRQ
                0x00001ff0       0x34 ./source/uart1.o
 .text.__NVIC_DisableIRQ
                0x00002024       0x44 ./source/uart1.o
 .text.PORT_SetPinMux
                0x00002068       0x40 ./source/uart1.o
 .text.DMAMUX_EnableChannel
                0x000020a8       0x40 ./source/uart1.o
 .text.DMAMUX_SetSource
                0x000020e8       0x50 ./source/uart1.o
 .text.UART1_UserCallback
                0x00002138       0x38 ./source/uart1.o
 .text.uart1_init
                0x00002170      0x118 ./source/uart1.o
                0x00002170                uart1_init
 .text.uart1_ringBuffer_recDatos
                0x00002288       0x6c ./source/uart1.o
                0x00002288                uart1_ringBuffer_recDatos
 .text.uart1_DMA_envDatos
                0x000022f4       0x84 ./source/uart1.o
                0x000022f4                uart1_DMA_envDatos
 .text.UART1_IRQHandler
                0x00002378       0xf0 ./source/uart1.o
                0x00002378                UART1_IRQHandler
 .text.uart1_periodicTask1ms
                0x00002468       0x30 ./source/uart1.o
                0x00002468                uart1_periodicTask1ms
 .text.CLOCK_SetEr32kClock
                0x00002498       0x34 ./drivers/fsl_clock.o
 .text.CLOCK_SetPllFllSelClock
                0x000024cc       0x38 ./drivers/fsl_clock.o
 .text.CLOCK_GetMcgExtClkFreq
                0x00002504       0x28 ./drivers/fsl_clock.o
 .text.CLOCK_GetFllExtRefClkFreq
                0x0000252c       0xa8 ./drivers/fsl_clock.o
 .text.CLOCK_GetInternalRefClkSelectFreq
                0x000025d4       0x40 ./drivers/fsl_clock.o
 .text.CLOCK_GetFllRefClkFreq
                0x00002614       0x2c ./drivers/fsl_clock.o
 .text.CLOCK_GetOscRangeFromFreq
                0x00002640       0x4c ./drivers/fsl_clock.o
 .text.CLOCK_GetOsc0ErClkFreq
                0x0000268c       0x3c ./drivers/fsl_clock.o
                0x0000268c                CLOCK_GetOsc0ErClkFreq
 .text.CLOCK_GetEr32kClkFreq
                0x000026c8       0x78 ./drivers/fsl_clock.o
                0x000026c8                CLOCK_GetEr32kClkFreq
 .text.CLOCK_GetPllFllSelClkFreq
                0x00002740       0x4c ./drivers/fsl_clock.o
                0x00002740                CLOCK_GetPllFllSelClkFreq
 .text.CLOCK_GetFreq
                0x0000278c       0xe0 ./drivers/fsl_clock.o
                0x0000278c                CLOCK_GetFreq
 .text.CLOCK_SetSimConfig
                0x0000286c       0x38 ./drivers/fsl_clock.o
                0x0000286c                CLOCK_SetSimConfig
 .text.CLOCK_GetOutClkFreq
                0x000028a4       0x78 ./drivers/fsl_clock.o
                0x000028a4                CLOCK_GetOutClkFreq
 .text.CLOCK_GetFllFreq
                0x0000291c       0x84 ./drivers/fsl_clock.o
                0x0000291c                CLOCK_GetFllFreq
 .text.CLOCK_GetInternalRefClkFreq
                0x000029a0       0x28 ./drivers/fsl_clock.o
                0x000029a0                CLOCK_GetInternalRefClkFreq
 .text.CLOCK_GetPll0Freq
                0x000029c8       0x70 ./drivers/fsl_clock.o
                0x000029c8                CLOCK_GetPll0Freq
 .text.CLOCK_SetInternalRefClkConfig
                0x00002a38      0x124 ./drivers/fsl_clock.o
                0x00002a38                CLOCK_SetInternalRefClkConfig
 .text.CLOCK_EnablePll0
                0x00002b5c       0x94 ./drivers/fsl_clock.o
                0x00002b5c                CLOCK_EnablePll0
 .text.CLOCK_InitOsc0
                0x00002bf0       0x94 ./drivers/fsl_clock.o
                0x00002bf0                CLOCK_InitOsc0
 .text.CLOCK_SetPbeMode
                0x00002c84       0xb0 ./drivers/fsl_clock.o
                0x00002c84                CLOCK_SetPbeMode
 .text.CLOCK_BootToPeeMode
                0x00002d34       0x70 ./drivers/fsl_clock.o
                0x00002d34                CLOCK_BootToPeeMode
 .text.__NVIC_EnableIRQ
                0x00002da4       0x34 ./drivers/fsl_dma.o
 .text.CLOCK_EnableClock
                0x00002dd8       0x34 ./drivers/fsl_dma.o
 .text.DMA_EnableInterrupts
                0x00002e0c       0x4c ./drivers/fsl_dma.o
 .text.DMA_ClearChannelStatusFlags
                0x00002e58       0x54 ./drivers/fsl_dma.o
 .text.DMA_GetInstance
                0x00002eac       0x48 ./drivers/fsl_dma.o
 .text.DMA_Init
                0x00002ef4       0x24 ./drivers/fsl_dma.o
                0x00002ef4                DMA_Init
 .text.DMA_ResetChannel
                0x00002f18       0x90 ./drivers/fsl_dma.o
                0x00002f18                DMA_ResetChannel
 .text.DMA_SetTransferConfig
                0x00002fa8       0xdc ./drivers/fsl_dma.o
                0x00002fa8                DMA_SetTransferConfig
 .text.DMA_CreateHandle
                0x00003084       0x90 ./drivers/fsl_dma.o
                0x00003084                DMA_CreateHandle
 .text.DMA_PrepareTransfer
                0x00003114      0x144 ./drivers/fsl_dma.o
                0x00003114                DMA_PrepareTransfer
 .text.DMA_SetCallback
                0x00003258       0x34 ./drivers/fsl_dma.o
                0x00003258                DMA_SetCallback
 .text.DMA_SubmitTransfer
                0x0000328c       0x9c ./drivers/fsl_dma.o
                0x0000328c                DMA_SubmitTransfer
 .text.DMA_HandleIRQ
                0x00003328       0x4c ./drivers/fsl_dma.o
                0x00003328                DMA_HandleIRQ
 .text.DMA0_DriverIRQHandler
                0x00003374       0x18 ./drivers/fsl_dma.o
                0x00003374                DMA0_DriverIRQHandler
 .text.DMA1_DriverIRQHandler
                0x0000338c       0x18 ./drivers/fsl_dma.o
                0x0000338c                DMA1_DriverIRQHandler
 .text.DMA2_DriverIRQHandler
                0x000033a4       0x18 ./drivers/fsl_dma.o
                0x000033a4                DMA2_DriverIRQHandler
 .text.DMA3_DriverIRQHandler
                0x000033bc       0x18 ./drivers/fsl_dma.o
                0x000033bc                DMA3_DriverIRQHandler
 .text.CLOCK_EnableClock
                0x000033d4       0x34 ./drivers/fsl_dmamux.o
 .text.DMAMUX_GetInstance
                0x00003408       0x48 ./drivers/fsl_dmamux.o
 .text.DMAMUX_Init
                0x00003450       0x24 ./drivers/fsl_dmamux.o
                0x00003450                DMAMUX_Init
 .text.GPIO_PinInit
                0x00003474       0x64 ./drivers/fsl_gpio.o
                0x00003474                GPIO_PinInit
 .text.CLOCK_EnableClock
                0x000034d8       0x34 ./drivers/fsl_i2c.o
 .text.I2C_GetInstance
                0x0000350c       0x4c ./drivers/fsl_i2c.o
                0x0000350c                I2C_GetInstance
 .text.I2C_CheckAndClearError
                0x00003558       0x40 ./drivers/fsl_i2c.o
 .text.I2C_TransferCommonIRQHandler
                0x00003598       0x58 ./drivers/fsl_i2c.o
 .text.I2C_MasterInit
                0x000035f0       0xfc ./drivers/fsl_i2c.o
                0x000035f0                I2C_MasterInit
 .text.I2C_MasterGetDefaultConfig
                0x000036ec       0x40 ./drivers/fsl_i2c.o
                0x000036ec                I2C_MasterGetDefaultConfig
 .text.I2C_MasterSetBaudRate
                0x0000372c       0xf0 ./drivers/fsl_i2c.o
                0x0000372c                I2C_MasterSetBaudRate
 .text.I2C_MasterStart
                0x0000381c       0x74 ./drivers/fsl_i2c.o
                0x0000381c                I2C_MasterStart
 .text.I2C_MasterRepeatedStart
                0x00003890       0xbc ./drivers/fsl_i2c.o
                0x00003890                I2C_MasterRepeatedStart
 .text.I2C_MasterWriteBlocking
                0x0000394c       0xec ./drivers/fsl_i2c.o
                0x0000394c                I2C_MasterWriteBlocking
 .text.I2C_MasterTransferBlocking
                0x00003a38      0x24c ./drivers/fsl_i2c.o
                0x00003a38                I2C_MasterTransferBlocking
 .text.I2C0_DriverIRQHandler
                0x00003c84       0x20 ./drivers/fsl_i2c.o
                0x00003c84                I2C0_DriverIRQHandler
 .text.I2C1_DriverIRQHandler
                0x00003ca4       0x20 ./drivers/fsl_i2c.o
                0x00003ca4                I2C1_DriverIRQHandler
 .text.CLOCK_EnableClock
                0x00003cc4       0x34 ./drivers/fsl_lpsci.o
 .text.LPSCI_GetInstance
                0x00003cf8       0x48 ./drivers/fsl_lpsci.o
                0x00003cf8                LPSCI_GetInstance
 .text.LPSCI_Init
                0x00003d40      0x270 ./drivers/fsl_lpsci.o
                0x00003d40                LPSCI_Init
 .text.LPSCI_GetDefaultConfig
                0x00003fb0       0x48 ./drivers/fsl_lpsci.o
                0x00003fb0                LPSCI_GetDefaultConfig
 .text.LPSCI_EnableInterrupts
                0x00003ff8       0x58 ./drivers/fsl_lpsci.o
                0x00003ff8                LPSCI_EnableInterrupts
 .text.LPSCI_DisableInterrupts
                0x00004050       0x64 ./drivers/fsl_lpsci.o
                0x00004050                LPSCI_DisableInterrupts
 .text.LPSCI_GetEnabledInterrupts
                0x000040b4       0x38 ./drivers/fsl_lpsci.o
                0x000040b4                LPSCI_GetEnabledInterrupts
 .text.LPSCI_ClearStatusFlags
                0x000040ec       0x94 ./drivers/fsl_lpsci.o
                0x000040ec                LPSCI_ClearStatusFlags
 .text.UART0_DriverIRQHandler
                0x00004180       0x24 ./drivers/fsl_lpsci.o
                0x00004180                UART0_DriverIRQHandler
 .text.DMA_DisableInterrupts
                0x000041a4       0x48 ./drivers/fsl_lpsci_dma.o
 .text.DMA_StartTransfer
                0x000041ec       0x54 ./drivers/fsl_lpsci_dma.o
 .text.LPSCI_TransferSendDMACallback
                0x00004240       0x84 ./drivers/fsl_lpsci_dma.o
 .text.LPSCI_TransferReceiveDMACallback
                0x000042c4       0x84 ./drivers/fsl_lpsci_dma.o
 .text.LPSCI_TransferCreateHandleDMA
                0x00004348       0xb8 ./drivers/fsl_lpsci_dma.o
                0x00004348                LPSCI_TransferCreateHandleDMA
 .text.LPSCI_TransferSendDMA
                0x00004400       0xe8 ./drivers/fsl_lpsci_dma.o
                0x00004400                LPSCI_TransferSendDMA
 .text.CLOCK_EnableClock
                0x000044e8       0x34 ./drivers/fsl_spi.o
 .text.SPI_GetInstance
                0x0000451c       0x4c ./drivers/fsl_spi.o
                0x0000451c                SPI_GetInstance
 .text.SPI_SetDummyData
                0x00004568       0x34 ./drivers/fsl_spi.o
                0x00004568                SPI_SetDummyData
 .text.SPI_WriteNonBlocking
                0x0000459c       0xc4 ./drivers/fsl_spi.o
 .text.SPI_MasterGetDefaultConfig
                0x00004660       0x58 ./drivers/fsl_spi.o
                0x00004660                SPI_MasterGetDefaultConfig
 .text.SPI_MasterInit
                0x000046b8      0x164 ./drivers/fsl_spi.o
                0x000046b8                SPI_MasterInit
 .text.SPI_MasterTransferBlocking
                0x0000481c      0x100 ./drivers/fsl_spi.o
                0x0000481c                SPI_MasterTransferBlocking
 .text.SPI_CommonIRQHandler
                0x0000491c       0x54 ./drivers/fsl_spi.o
 .text.SPI0_DriverIRQHandler
                0x00004970       0x30 ./drivers/fsl_spi.o
                0x00004970                SPI0_DriverIRQHandler
 .text.SPI1_DriverIRQHandler
                0x000049a0       0x30 ./drivers/fsl_spi.o
                0x000049a0                SPI1_DriverIRQHandler
 .text.CLOCK_EnableClock
                0x000049d0       0x34 ./drivers/fsl_uart.o
 .text.UART_GetInstance
                0x00004a04       0x54 ./drivers/fsl_uart.o
                0x00004a04                UART_GetInstance
 .text.UART_Init
                0x00004a58      0x1f8 ./drivers/fsl_uart.o
                0x00004a58                UART_Init
 .text.UART_GetDefaultConfig
                0x00004c50       0x48 ./drivers/fsl_uart.o
                0x00004c50                UART_GetDefaultConfig
 .text.UART_EnableInterrupts
                0x00004c98       0x58 ./drivers/fsl_uart.o
                0x00004c98                UART_EnableInterrupts
 .text.UART_DisableInterrupts
                0x00004cf0       0x64 ./drivers/fsl_uart.o
                0x00004cf0                UART_DisableInterrupts
 .text.UART_GetEnabledInterrupts
                0x00004d54       0x38 ./drivers/fsl_uart.o
                0x00004d54                UART_GetEnabledInterrupts
 .text.UART_ClearStatusFlags
                0x00004d8c       0x7c ./drivers/fsl_uart.o
                0x00004d8c                UART_ClearStatusFlags
 .text.UART1_DriverIRQHandler
                0x00004e08       0x24 ./drivers/fsl_uart.o
                0x00004e08                UART1_DriverIRQHandler
 .text.UART2_DriverIRQHandler
                0x00004e2c       0x24 ./drivers/fsl_uart.o
                0x00004e2c                UART2_DriverIRQHandler
 .text.DMA_DisableInterrupts
                0x00004e50       0x48 ./drivers/fsl_uart_dma.o
 .text.DMA_StartTransfer
                0x00004e98       0x54 ./drivers/fsl_uart_dma.o
 .text.UART_TransferSendDMACallback
                0x00004eec       0x84 ./drivers/fsl_uart_dma.o
 .text.UART_TransferReceiveDMACallback
                0x00004f70       0x84 ./drivers/fsl_uart_dma.o
 .text.UART_TransferCreateHandleDMA
                0x00004ff4       0xb8 ./drivers/fsl_uart_dma.o
                0x00004ff4                UART_TransferCreateHandleDMA
 .text.UART_TransferSendDMA
                0x000050ac       0xe8 ./drivers/fsl_uart_dma.o
                0x000050ac                UART_TransferSendDMA
 .text.CLOCK_SetSimSafeDivs
                0x00005194       0x20 ./board/src/clock_config.o
 .text.CLOCK_SetXtal0Freq
                0x000051b4       0x1c ./board/src/clock_config.o
 .text.CLOCK_CONFIG_SetFllExtRefDiv
                0x000051d0       0x3c ./board/src/clock_config.o
 .text.BOARD_BootClockRUN
                0x0000520c       0x64 ./board/src/clock_config.o
                0x0000520c                BOARD_BootClockRUN
 .text.SystemInit
                0x00005270       0x1c ./CMSIS/system_MKL46Z4.o
                0x00005270                SystemInit
 .text.__assertion_failed
                0x0000528c       0x4c c:/nxp/mcuxpressoide_11.6.1_8255/ide/plugins/com.nxp.mcuxpresso.tools.win32_11.6.1.202207200623/tools/bin/../lib/gcc/arm-none-eabi/10.3.1/../../../../arm-none-eabi/lib/thumb/v6-m/nofp\libcr_semihost_nf.a(_cr_assert.o)
                0x0000528c                __assertion_failed
 .text.__sys_appexit
                0x000052d8        0xc c:/nxp/mcuxpressoide_11.6.1_8255/ide/plugins/com.nxp.mcuxpresso.tools.win32_11.6.1.202207200623/tools/bin/../lib/gcc/arm-none-eabi/10.3.1/../../../../arm-none-eabi/lib/thumb/v6-m/nofp\libcr_semihost_nf.a(__sys_appexit.o)
                0x000052d8                __sys_appexit
                0x000052d8                __exit
 .text._deferredlazyseek
                0x000052e4       0x40 c:/nxp/mcuxpressoide_11.6.1_8255/ide/plugins/com.nxp.mcuxpresso.tools.win32_11.6.1.202207200623/tools/bin/../lib/gcc/arm-none-eabi/10.3.1/../../../../arm-none-eabi/lib/thumb/v6-m/nofp\libcr_c.a(_deferredlazyseek.o)
                0x000052e4                _deferredlazyseek
 .text.__flsbuf
                0x00005324      0x150 c:/nxp/mcuxpressoide_11.6.1_8255/ide/plugins/com.nxp.mcuxpresso.tools.win32_11.6.1.202207200623/tools/bin/../lib/gcc/arm-none-eabi/10.3.1/../../../../arm-none-eabi/lib/thumb/v6-m/nofp\libcr_c.a(_deferredlazyseek.o)
                0x00005324                __flsbuf
 .text._fflush  0x00005474       0x60 c:/nxp/mcuxpressoide_11.6.1_8255/ide/plugins/com.nxp.mcuxpresso.tools.win32_11.6.1.202207200623/tools/bin/../lib/gcc/arm-none-eabi/10.3.1/../../../../arm-none-eabi/lib/thumb/v6-m/nofp\libcr_c.a(_fflush.o)
                0x00005474                _fflush
 .text._Cwritebuf
                0x000054d4       0x68 c:/nxp/mcuxpressoide_11.6.1_8255/ide/plugins/com.nxp.mcuxpresso.tools.win32_11.6.1.202207200623/tools/bin/../lib/gcc/arm-none-eabi/10.3.1/../../../../arm-none-eabi/lib/thumb/v6-m/nofp\libcr_c.a(_writebuf.o)
                0x000054d4                _Cwritebuf
 .text.malloc   0x0000553c       0xcc c:/nxp/mcuxpressoide_11.6.1_8255/ide/plugins/com.nxp.mcuxpresso.tools.win32_11.6.1.202207200623/tools/bin/../lib/gcc/arm-none-eabi/10.3.1/../../../../arm-none-eabi/lib/thumb/v6-m/nofp\libcr_c.a(alloc.o)
                0x0000553c                malloc
 .text._Csys_alloc
                0x00005608       0x20 c:/nxp/mcuxpressoide_11.6.1_8255/ide/plugins/com.nxp.mcuxpresso.tools.win32_11.6.1.202207200623/tools/bin/../lib/gcc/arm-none-eabi/10.3.1/../../../../arm-none-eabi/lib/thumb/v6-m/nofp\libcr_c.a(alloc.o)
                0x00005608                _Csys_alloc
 .text.sprintf  0x00005628       0x6c c:/nxp/mcuxpressoide_11.6.1_8255/ide/plugins/com.nxp.mcuxpresso.tools.win32_11.6.1.202207200623/tools/bin/../lib/gcc/arm-none-eabi/10.3.1/../../../../arm-none-eabi/lib/thumb/v6-m/nofp\libcr_c.a(fpprintf.o)
                0x00005628                sprintf
 .text.fp_display
                0x00005694      0x97c c:/nxp/mcuxpressoide_11.6.1_8255/ide/plugins/com.nxp.mcuxpresso.tools.win32_11.6.1.202207200623/tools/bin/../lib/gcc/arm-none-eabi/10.3.1/../../../../arm-none-eabi/lib/thumb/v6-m/nofp\libcr_c.a(fpprintf.o)
 .text.fseek    0x00006010       0xf0 c:/nxp/mcuxpressoide_11.6.1_8255/ide/plugins/com.nxp.mcuxpresso.tools.win32_11.6.1.202207200623/tools/bin/../lib/gcc/arm-none-eabi/10.3.1/../../../../arm-none-eabi/lib/thumb/v6-m/nofp\libcr_c.a(fseek.o)
                0x00006010                fseek
 .text.ftell    0x00006100       0x48 c:/nxp/mcuxpressoide_11.6.1_8255/ide/plugins/com.nxp.mcuxpresso.tools.win32_11.6.1.202207200623/tools/bin/../lib/gcc/arm-none-eabi/10.3.1/../../../../arm-none-eabi/lib/thumb/v6-m/nofp\libcr_c.a(ftell.o)
                0x00006100                ftell
 .text._initio  0x00006148       0x7c c:/nxp/mcuxpressoide_11.6.1_8255/ide/plugins/com.nxp.mcuxpresso.tools.win32_11.6.1.202207200623/tools/bin/../lib/gcc/arm-none-eabi/10.3.1/../../../../arm-none-eabi/lib/thumb/v6-m/nofp\libcr_c.a(initio.o)
                0x00006148                _initio
 .text.__vfprintf
                0x000061c4      0xd40 c:/nxp/mcuxpressoide_11.6.1_8255/ide/plugins/com.nxp.mcuxpresso.tools.win32_11.6.1.202207200623/tools/bin/../lib/gcc/arm-none-eabi/10.3.1/../../../../arm-none-eabi/lib/thumb/v6-m/nofp\libcr_c.a(printf.o)
                0x000061c4                __vfprintf
 .text._sprintf
                0x00006f04       0x6c c:/nxp/mcuxpressoide_11.6.1_8255/ide/plugins/com.nxp.mcuxpresso.tools.win32_11.6.1.202207200623/tools/bin/../lib/gcc/arm-none-eabi/10.3.1/../../../../arm-none-eabi/lib/thumb/v6-m/nofp\libcr_c.a(printf.o)
                0x00006f04                _sprintf
 .text.ch_val   0x00006f70       0x30 c:/nxp/mcuxpressoide_11.6.1_8255/ide/plugins/com.nxp.mcuxpresso.tools.win32_11.6.1.202207200623/tools/bin/../lib/gcc/arm-none-eabi/10.3.1/../../../../arm-none-eabi/lib/thumb/v6-m/nofp\libcr_c.a(scanf.o)
 .text._strtoul
                0x00006fa0       0xcc c:/nxp/mcuxpressoide_11.6.1_8255/ide/plugins/com.nxp.mcuxpresso.tools.win32_11.6.1.202207200623/tools/bin/../lib/gcc/arm-none-eabi/10.3.1/../../../../arm-none-eabi/lib/thumb/v6-m/nofp\libcr_c.a(scanf.o)
 .text.strtol   0x0000706c       0x8c c:/nxp/mcuxpressoide_11.6.1_8255/ide/plugins/com.nxp.mcuxpresso.tools.win32_11.6.1.202207200623/tools/bin/../lib/gcc/arm-none-eabi/10.3.1/../../../../arm-none-eabi/lib/thumb/v6-m/nofp\libcr_c.a(scanf.o)
                0x0000706c                strtol
 .text.setvbuf  0x000070f8       0x4c c:/nxp/mcuxpressoide_11.6.1_8255/ide/plugins/com.nxp.mcuxpresso.tools.win32_11.6.1.202207200623/tools/bin/../lib/gcc/arm-none-eabi/10.3.1/../../../../arm-none-eabi/lib/thumb/v6-m/nofp\libcr_c.a(setvbuf.o)
                0x000070f8                setvbuf
 .text.strlen   0x00007144       0x58 c:/nxp/mcuxpressoide_11.6.1_8255/ide/plugins/com.nxp.mcuxpresso.tools.win32_11.6.1.202207200623/tools/bin/../lib/gcc/arm-none-eabi/10.3.1/../../../../arm-none-eabi/lib/thumb/v6-m/nofp\libcr_c.a(strlen.o)
                0x00007144                strlen
 .text._sbrk    0x0000719c       0x44 c:/nxp/mcuxpressoide_11.6.1_8255/ide/plugins/com.nxp.mcuxpresso.tools.win32_11.6.1.202207200623/tools/bin/../lib/gcc/arm-none-eabi/10.3.1/../../../../arm-none-eabi/lib/thumb/v6-m/nofp\libcr_c.a(_cr_sbrk.o)
                0x0000719c                _sbrk
 .text._fdopen  0x000071e0       0x74 c:/nxp/mcuxpressoide_11.6.1_8255/ide/plugins/com.nxp.mcuxpresso.tools.win32_11.6.1.202207200623/tools/bin/../lib/gcc/arm-none-eabi/10.3.1/../../../../arm-none-eabi/lib/thumb/v6-m/nofp\libcr_c.a(_fdopen.o)
                0x000071e0                _fdopen
 .text._frexpl  0x00007254       0x80 c:/nxp/mcuxpressoide_11.6.1_8255/ide/plugins/com.nxp.mcuxpresso.tools.win32_11.6.1.202207200623/tools/bin/../lib/gcc/arm-none-eabi/10.3.1/../../../../arm-none-eabi/lib/thumb/v6-m/nofp\libcr_c.a(_frexpl.o)
                0x00007254                _frexpl
 .text._ldexpl  0x000072d4       0x58 c:/nxp/mcuxpressoide_11.6.1_8255/ide/plugins/com.nxp.mcuxpresso.tools.win32_11.6.1.202207200623/tools/bin/../lib/gcc/arm-none-eabi/10.3.1/../../../../arm-none-eabi/lib/thumb/v6-m/nofp\libcr_c.a(_ldexpl.o)
                0x000072d4                _ldexpl
 .text.fclose   0x0000732c       0x5c c:/nxp/mcuxpressoide_11.6.1_8255/ide/plugins/com.nxp.mcuxpresso.tools.win32_11.6.1.202207200623/tools/bin/../lib/gcc/arm-none-eabi/10.3.1/../../../../arm-none-eabi/lib/thumb/v6-m/nofp\libcr_c.a(fclose.o)
                0x0000732c                fclose
 .text.fflush   0x00007388       0x44 c:/nxp/mcuxpressoide_11.6.1_8255/ide/plugins/com.nxp.mcuxpresso.tools.win32_11.6.1.202207200623/tools/bin/../lib/gcc/arm-none-eabi/10.3.1/../../../../arm-none-eabi/lib/thumb/v6-m/nofp\libcr_c.a(fflush.o)
                0x00007388                fflush
 .text.__check_heap_overflow
                0x000073cc       0x18 c:/nxp/mcuxpressoide_11.6.1_8255/ide/plugins/com.nxp.mcuxpresso.tools.win32_11.6.1.202207200623/tools/bin/../lib/gcc/arm-none-eabi/10.3.1/../../../../arm-none-eabi/lib/thumb/v6-m/nofp\libcr_c.a(_cr_check_heap.o)
                0x000073cc                __check_heap_overflow
 .text._do_fflush
                0x000073e4       0x48 c:/nxp/mcuxpressoide_11.6.1_8255/ide/plugins/com.nxp.mcuxpresso.tools.win32_11.6.1.202207200623/tools/bin/../lib/gcc/arm-none-eabi/10.3.1/../../../../arm-none-eabi/lib/thumb/v6-m/nofp\libcr_c.a(_do_fflush.o)
                0x000073e4                _do_fflush
 .text.__aeabi_dmul
                0x0000742c      0x184 c:/nxp/mcuxpressoide_11.6.1_8255/ide/plugins/com.nxp.mcuxpresso.tools.win32_11.6.1.202207200623/tools/bin/../lib/gcc/arm-none-eabi/10.3.1/thumb/v6-m/nofp\libcr_eabihelpers.a(double.o)
                0x0000742c                __aeabi_dmul
 .text.__aeabi_ddiv
                0x000075b0      0x14c c:/nxp/mcuxpressoide_11.6.1_8255/ide/plugins/com.nxp.mcuxpresso.tools.win32_11.6.1.202207200623/tools/bin/../lib/gcc/arm-none-eabi/10.3.1/thumb/v6-m/nofp\libcr_eabihelpers.a(double.o)
                0x000075b0                __aeabi_ddiv
 .text.__aeabi_dsub
                0x000076fc      0x1c0 c:/nxp/mcuxpressoide_11.6.1_8255/ide/plugins/com.nxp.mcuxpresso.tools.win32_11.6.1.202207200623/tools/bin/../lib/gcc/arm-none-eabi/10.3.1/thumb/v6-m/nofp\libcr_eabihelpers.a(double.o)
                0x000076fc                __aeabi_dsub
 .text.__aeabi_dadd
                0x000078bc      0x134 c:/nxp/mcuxpressoide_11.6.1_8255/ide/plugins/com.nxp.mcuxpresso.tools.win32_11.6.1.202207200623/tools/bin/../lib/gcc/arm-none-eabi/10.3.1/thumb/v6-m/nofp\libcr_eabihelpers.a(double.o)
                0x000078bc                __aeabi_dadd
 .text.__aeabi_d2iz
                0x000079f0       0x50 c:/nxp/mcuxpressoide_11.6.1_8255/ide/plugins/com.nxp.mcuxpresso.tools.win32_11.6.1.202207200623/tools/bin/../lib/gcc/arm-none-eabi/10.3.1/thumb/v6-m/nofp\libcr_eabihelpers.a(double.o)
                0x000079f0                __aeabi_d2iz
 .text.__aeabi_dcmpeq
                0x00007a40       0x30 c:/nxp/mcuxpressoide_11.6.1_8255/ide/plugins/com.nxp.mcuxpresso.tools.win32_11.6.1.202207200623/tools/bin/../lib/gcc/arm-none-eabi/10.3.1/thumb/v6-m/nofp\libcr_eabihelpers.a(double.o)
                0x00007a40                __aeabi_dcmpeq
 .text.__aeabi_dcmplt
                0x00007a70       0x60 c:/nxp/mcuxpressoide_11.6.1_8255/ide/plugins/com.nxp.mcuxpresso.tools.win32_11.6.1.202207200623/tools/bin/../lib/gcc/arm-none-eabi/10.3.1/thumb/v6-m/nofp\libcr_eabihelpers.a(double.o)
                0x00007a70                __aeabi_dcmplt
 .text.__aeabi_dcmple
                0x00007ad0       0x5c c:/nxp/mcuxpressoide_11.6.1_8255/ide/plugins/com.nxp.mcuxpresso.tools.win32_11.6.1.202207200623/tools/bin/../lib/gcc/arm-none-eabi/10.3.1/thumb/v6-m/nofp\libcr_eabihelpers.a(double.o)
                0x00007ad0                __aeabi_dcmple
 .text.__aeabi_dcmpge
                0x00007b2c       0x5c c:/nxp/mcuxpressoide_11.6.1_8255/ide/plugins/com.nxp.mcuxpresso.tools.win32_11.6.1.202207200623/tools/bin/../lib/gcc/arm-none-eabi/10.3.1/thumb/v6-m/nofp\libcr_eabihelpers.a(double.o)
                0x00007b2c                __aeabi_dcmpge
 .text.GPIO_PinWrite
                0x00007b88       0x34 ./source/SD2_I2C.o
 .text.i2c_release_bus_delay
                0x00007bbc       0x28 ./source/SD2_I2C.o
 .text.GPIO_PinWrite
                0x00007be4       0x34 ./source/SD2_board.o
 .text.GPIO_PortSet
                0x00007c18       0x18 ./source/SD2_board.o
 .text.GPIO_PortClear
                0x00007c30       0x18 ./source/SD2_board.o
 .text.GPIO_PortToggle
                0x00007c48       0x18 ./source/SD2_board.o
 .text.GPIO_PinRead
                0x00007c60       0x20 ./source/SD2_board.o
 .text.GPIO_ReadPinInput
                0x00007c80       0x20 ./source/SD2_board.o
 .text.display_init
                0x00007ca0       0x1a ./source/display.o
                0x00007ca0                display_init
 .text.SysTick_Handler
                0x00007cba       0x16 ./source/main.o
                0x00007cba                SysTick_Handler
 .text.PORT_ClearPinsInterruptFlags
                0x00007cd0       0x1a ./source/mma8451.o
 .text.mma8451_init
                0x00007cea      0x1a0 ./source/mma8451.o
                0x00007cea                mma8451_init
 .text.mma8451_setDR_int
                0x00007e8a      0x146 ./source/mma8451.o
                0x00007e8a                mma8451_setDR_int
 .text.writeCommand
                0x00007fd0       0x26 ./source/oled.o
 .text.writeData
                0x00007ff6       0x26 ./source/oled.o
 .text.writeDataLen
                0x0000801c       0x5e ./source/oled.o
 .text.runInitSequence
                0x0000807a       0xa6 ./source/oled.o
 .text.oled_setContrast
                0x00008120       0x24 ./source/oled.o
                0x00008120                oled_setContrast
 .text.oled_putString
                0x00008144       0x68 ./source/oled.o
                0x00008144                oled_putString
 .text.accionLed
                0x000081ac       0x44 ./source/procTrama.o
 .text.procTrama
                0x000081f0       0x6c ./source/procTrama.o
                0x000081f0                procTrama
 .text.ringBuffer_init
                0x0000825c       0x42 ./source/ringBuffer.o
                0x0000825c                ringBuffer_init
 .text.ringBuffer_putData
                0x0000829e       0x90 ./source/ringBuffer.o
                0x0000829e                ringBuffer_putData
 .text.ringBuffer_getData
                0x0000832e       0x6c ./source/ringBuffer.o
                0x0000832e                ringBuffer_getData
 .text.ringBuffer_isEmpty
                0x0000839a       0x1e ./source/ringBuffer.o
                0x0000839a                ringBuffer_isEmpty
 .text.EnableIRQ
                0x000083b8       0x30 ./source/uart0_DMA.o
 .text.LPSCI_ReadByte
                0x000083e8       0x16 ./source/uart0_DMA.o
 .text.UART_ReadByte
                0x000083fe       0x16 ./source/uart1.o
 .text.OSC_SetExtRefClkConfig
                0x00008414       0x3e ./drivers/fsl_clock.o
 .text.OSC_SetCapLoad
                0x00008452       0x42 ./drivers/fsl_clock.o
 .text.CLOCK_GetPll0RefFreq
                0x00008494       0x10 ./drivers/fsl_clock.o
 .text.CLOCK_GetFixedFreqClkFreq
                0x000084a4       0x30 ./drivers/fsl_clock.o
                0x000084a4                CLOCK_GetFixedFreqClkFreq
 .text.CLOCK_SetExternalRefClkConfig
                0x000084d4       0x16 ./drivers/fsl_clock.o
                0x000084d4                CLOCK_SetExternalRefClkConfig
 .text.EnableIRQ
                0x000084ea       0x30 ./drivers/fsl_dma.o
 .text.GPIO_PinWrite
                0x0000851a       0x34 ./drivers/fsl_gpio.o
 .text.GPIO_WritePinOutput
                0x0000854e       0x24 ./drivers/fsl_gpio.o
 .text.I2C_MasterClearStatusFlags
                0x00008572       0x56 ./drivers/fsl_i2c.o
 .text.I2C_MasterStop
                0x000085c8       0x36 ./drivers/fsl_i2c.o
                0x000085c8                I2C_MasterStop
 .text.I2C_MasterGetStatusFlags
                0x000085fe       0x4a ./drivers/fsl_i2c.o
                0x000085fe                I2C_MasterGetStatusFlags
 .text.I2C_MasterReadBlocking
                0x00008648       0xea ./drivers/fsl_i2c.o
                0x00008648                I2C_MasterReadBlocking
 .text.LPSCI_GetStatusFlags
                0x00008732       0x26 ./drivers/fsl_lpsci.o
                0x00008732                LPSCI_GetStatusFlags
 .text.LPSCI_GetDataRegisterAddress
                0x00008758       0x14 ./drivers/fsl_lpsci_dma.o
 .text.LPSCI_EnableTxDMA
                0x0000876c       0x64 ./drivers/fsl_lpsci_dma.o
 .text.LPSCI_EnableRxDMA
                0x000087d0       0x60 ./drivers/fsl_lpsci_dma.o
 .text.SPI_ReadNonBlocking
                0x00008830       0x98 ./drivers/fsl_spi.o
 .text.SPI_MasterSetBaudRate
                0x000088c8       0xb8 ./drivers/fsl_spi.o
                0x000088c8                SPI_MasterSetBaudRate
 .text.SPI_WriteData
                0x00008980       0x2e ./drivers/fsl_spi.o
                0x00008980                SPI_WriteData
 .text.SPI_ReadData
                0x000089ae       0x3c ./drivers/fsl_spi.o
                0x000089ae                SPI_ReadData
 .text.UART_GetStatusFlags
                0x000089ea       0x26 ./drivers/fsl_uart.o
                0x000089ea                UART_GetStatusFlags
 .text.UART_GetDataRegisterAddress
                0x00008a10       0x14 ./drivers/fsl_uart_dma.o
 .text.UART_EnableTxDMA
                0x00008a24       0x64 ./drivers/fsl_uart_dma.o
 .text.UART_EnableRxDMA
                0x00008a88       0x60 ./drivers/fsl_uart_dma.o
 .text.SystemInitHook
                0x00008ae8        0xa ./CMSIS/system_MKL46Z4.o
                0x00008ae8                SystemInitHook
 .text.__main   0x00008af2        0xc c:/nxp/mcuxpressoide_11.6.1_8255/ide/plugins/com.nxp.mcuxpresso.tools.win32_11.6.1.202207200623/tools/bin/../lib/gcc/arm-none-eabi/10.3.1/../../../../arm-none-eabi/lib/thumb/v6-m/nofp\libcr_semihost_nf.a(_cr__main.o)
                0x00008af2                __CR_SEMIHOST
                0x00008af2                __main
 .text.memcpy   0x00008afe        0x8 c:/nxp/mcuxpressoide_11.6.1_8255/ide/plugins/com.nxp.mcuxpresso.tools.win32_11.6.1.202207200623/tools/bin/../lib/gcc/arm-none-eabi/10.3.1/../../../../arm-none-eabi/lib/thumb/v6-m/nofp\libcr_c.a(memcpy.o)
                0x00008afe                memcpy
 .text.memset   0x00008b06        0x8 c:/nxp/mcuxpressoide_11.6.1_8255/ide/plugins/com.nxp.mcuxpresso.tools.win32_11.6.1.202207200623/tools/bin/../lib/gcc/arm-none-eabi/10.3.1/../../../../arm-none-eabi/lib/thumb/v6-m/nofp\libcr_c.a(memset.o)
                0x00008b06                memset
 .text.free     0x00008b0e       0x2c c:/nxp/mcuxpressoide_11.6.1_8255/ide/plugins/com.nxp.mcuxpresso.tools.win32_11.6.1.202207200623/tools/bin/../lib/gcc/arm-none-eabi/10.3.1/../../../../arm-none-eabi/lib/thumb/v6-m/nofp\libcr_c.a(alloc.o)
                0x00008b0e                free
 .text.fp_round
                0x00008b3a       0x4a c:/nxp/mcuxpressoide_11.6.1_8255/ide/plugins/com.nxp.mcuxpresso.tools.win32_11.6.1.202207200623/tools/bin/../lib/gcc/arm-none-eabi/10.3.1/../../../../arm-none-eabi/lib/thumb/v6-m/nofp\libcr_c.a(fpprintf.o)
 .text.pr_dec.constprop.0
                0x00008b84       0x30 c:/nxp/mcuxpressoide_11.6.1_8255/ide/plugins/com.nxp.mcuxpresso.tools.win32_11.6.1.202207200623/tools/bin/../lib/gcc/arm-none-eabi/10.3.1/../../../../arm-none-eabi/lib/thumb/v6-m/nofp\libcr_c.a(fpprintf.o)
 .text.fputs    0x00008bb4       0x2e c:/nxp/mcuxpressoide_11.6.1_8255/ide/plugins/com.nxp.mcuxpresso.tools.win32_11.6.1.202207200623/tools/bin/../lib/gcc/arm-none-eabi/10.3.1/../../../../arm-none-eabi/lib/thumb/v6-m/nofp\libcr_c.a(fputs.o)
                0x00008bb4                fputs
 .text.no_fp_display
                0x00008be2        0x4 c:/nxp/mcuxpressoide_11.6.1_8255/ide/plugins/com.nxp.mcuxpresso.tools.win32_11.6.1.202207200623/tools/bin/../lib/gcc/arm-none-eabi/10.3.1/../../../../arm-none-eabi/lib/thumb/v6-m/nofp\libcr_c.a(printf.o)
 .text.abs      0x00008be6        0x8 c:/nxp/mcuxpressoide_11.6.1_8255/ide/plugins/com.nxp.mcuxpresso.tools.win32_11.6.1.202207200623/tools/bin/../lib/gcc/arm-none-eabi/10.3.1/../../../../arm-none-eabi/lib/thumb/v6-m/nofp\libcr_c.a(stdlib.o)
                0x00008be6                abs
 .text.remove   0x00008bee       0x12 c:/nxp/mcuxpressoide_11.6.1_8255/ide/plugins/com.nxp.mcuxpresso.tools.win32_11.6.1.202207200623/tools/bin/../lib/gcc/arm-none-eabi/10.3.1/../../../../arm-none-eabi/lib/thumb/v6-m/nofp\libcr_c.a(remove.o)
                0x00008bee                remove
 .text.__aeabi_division_idivmod
                0x00008c00       0x78 c:/nxp/mcuxpressoide_11.6.1_8255/ide/plugins/com.nxp.mcuxpresso.tools.win32_11.6.1.202207200623/tools/bin/../lib/gcc/arm-none-eabi/10.3.1/thumb/v6-m/nofp\libcr_eabihelpers.a(division_32.o)
                0x00008c00                __aeabi_idivmod
                0x00008c00                __aeabi_idiv
                0x00008c06                __aeabi_uidivmod
                0x00008c06                __aeabi_uidiv
 .text.__aeabi_division_idiv0
                0x00008c78        0x2 c:/nxp/mcuxpressoide_11.6.1_8255/ide/plugins/com.nxp.mcuxpresso.tools.win32_11.6.1.202207200623/tools/bin/../lib/gcc/arm-none-eabi/10.3.1/thumb/v6-m/nofp\libcr_eabihelpers.a(division_idiv0.o)
                0x00008c78                __aeabi_idiv0
 .text.__bhs_ui2d
                0x00008c7a       0x5e c:/nxp/mcuxpressoide_11.6.1_8255/ide/plugins/com.nxp.mcuxpresso.tools.win32_11.6.1.202207200623/tools/bin/../lib/gcc/arm-none-eabi/10.3.1/thumb/v6-m/nofp\libcr_eabihelpers.a(double.o)
                0x00008c7a                __bhs_ui2d
 .text.__aeabi_i2d
                0x00008cd8       0x18 c:/nxp/mcuxpressoide_11.6.1_8255/ide/plugins/com.nxp.mcuxpresso.tools.win32_11.6.1.202207200623/tools/bin/../lib/gcc/arm-none-eabi/10.3.1/thumb/v6-m/nofp\libcr_eabihelpers.a(double.o)
                0x00008cd8                __aeabi_i2d
 .text.__aeabi_llong_lmul
                0x00008cf0       0x2e c:/nxp/mcuxpressoide_11.6.1_8255/ide/plugins/com.nxp.mcuxpresso.tools.win32_11.6.1.202207200623/tools/bin/../lib/gcc/arm-none-eabi/10.3.1/thumb/v6-m/nofp\libcr_eabihelpers.a(llong.o)
                0x00008cf0                __aeabi_lmul
 .text.__aeabi_memcpy
                0x00008d1e       0x2c c:/nxp/mcuxpressoide_11.6.1_8255/ide/plugins/com.nxp.mcuxpresso.tools.win32_11.6.1.202207200623/tools/bin/../lib/gcc/arm-none-eabi/10.3.1/thumb/v6-m/nofp\libcr_eabihelpers.a(memcpy.o)
                0x00008d1e                __aeabi_memcpy4
                0x00008d1e                __aeabi_memcpy8
                0x00008d1e                __aeabi_memcpy
 .text.__aeabi_memset_lowlevel
                0x00008d4a       0x2a c:/nxp/mcuxpressoide_11.6.1_8255/ide/plugins/com.nxp.mcuxpresso.tools.win32_11.6.1.202207200623/tools/bin/../lib/gcc/arm-none-eabi/10.3.1/thumb/v6-m/nofp\libcr_eabihelpers.a(memcpy.o)
                0x00008d4a                __aeabi_lowlevel_memset
 .text.__gnu_thumb1_case_shi
                0x00008d74       0x10 c:/nxp/mcuxpressoide_11.6.1_8255/ide/plugins/com.nxp.mcuxpresso.tools.win32_11.6.1.202207200623/tools/bin/../lib/gcc/arm-none-eabi/10.3.1/thumb/v6-m/nofp\libcr_eabihelpers.a(thumb1_switch_helpers.o)
                0x00008d74                __gnu_thumb1_case_shi
 .text.__sys_close
                0x00008d84        0xc c:/nxp/mcuxpressoide_11.6.1_8255/ide/plugins/com.nxp.mcuxpresso.tools.win32_11.6.1.202207200623/tools/bin/../lib/gcc/arm-none-eabi/10.3.1/../../../../arm-none-eabi/lib/thumb/v6-m/nofp\libcr_semihost_nf.a(__sys_close.o)
                0x00008d84                __sys_close
 .text.__sys_flen
                0x00008d90        0xc c:/nxp/mcuxpressoide_11.6.1_8255/ide/plugins/com.nxp.mcuxpresso.tools.win32_11.6.1.202207200623/tools/bin/../lib/gcc/arm-none-eabi/10.3.1/../../../../arm-none-eabi/lib/thumb/v6-m/nofp\libcr_semihost_nf.a(__sys_flen.o)
                0x00008d90                __sys_flen
 .text.__sys_istty
                0x00008d9c        0xc c:/nxp/mcuxpressoide_11.6.1_8255/ide/plugins/com.nxp.mcuxpresso.tools.win32_11.6.1.202207200623/tools/bin/../lib/gcc/arm-none-eabi/10.3.1/../../../../arm-none-eabi/lib/thumb/v6-m/nofp\libcr_semihost_nf.a(__sys_istty.o)
                0x00008d9c                __sys_istty
 .text.__sys_remove
                0x00008da8        0xc c:/nxp/mcuxpressoide_11.6.1_8255/ide/plugins/com.nxp.mcuxpresso.tools.win32_11.6.1.202207200623/tools/bin/../lib/gcc/arm-none-eabi/10.3.1/../../../../arm-none-eabi/lib/thumb/v6-m/nofp\libcr_semihost_nf.a(__sys_remove.o)
                0x00008da8                __sys_remove
 .text.__sys_seek
                0x00008db4        0xc c:/nxp/mcuxpressoide_11.6.1_8255/ide/plugins/com.nxp.mcuxpresso.tools.win32_11.6.1.202207200623/tools/bin/../lib/gcc/arm-none-eabi/10.3.1/../../../../arm-none-eabi/lib/thumb/v6-m/nofp\libcr_semihost_nf.a(__sys_seek.o)
                0x00008db4                __sys_seek
 .text.__sys_tmpnam
                0x00008dc0        0xc c:/nxp/mcuxpressoide_11.6.1_8255/ide/plugins/com.nxp.mcuxpresso.tools.win32_11.6.1.202207200623/tools/bin/../lib/gcc/arm-none-eabi/10.3.1/../../../../arm-none-eabi/lib/thumb/v6-m/nofp\libcr_semihost_nf.a(__sys_tmpnam.o)
                0x00008dc0                __sys_tmpnam
 .text.__sys_write
                0x00008dcc        0xc c:/nxp/mcuxpressoide_11.6.1_8255/ide/plugins/com.nxp.mcuxpresso.tools.win32_11.6.1.202207200623/tools/bin/../lib/gcc/arm-none-eabi/10.3.1/../../../../arm-none-eabi/lib/thumb/v6-m/nofp\libcr_semihost_nf.a(__sys_write.o)
                0x00008dcc                __sys_write
 *(SORT_BY_ALIGNMENT(.rodata) SORT_BY_ALIGNMENT(.rodata.*) SORT_BY_ALIGNMENT(.constdata) SORT_BY_ALIGNMENT(.constdata.*))
 .rodata.PORT_SetPinConfig.str1.4
                0x00008dd8       0x23 ./source/SD2_I2C.o
 .rodata.PORT_SetPinConfig.str1.4
                0x00008dfb       0x23 ./source/SD2_board.o
 *fill*         0x00008dfb        0x1 ff
 .rodata.board_gpioLeds
                0x00008dfc       0x18 ./source/SD2_board.o
 .rodata.board_gpioSw
                0x00008e14       0x18 ./source/SD2_board.o
 .rodata.board_gpioOled
                0x00008e2c       0x18 ./source/SD2_board.o
 .rodata.board_gpioContLine
                0x00008e44       0x18 ./source/SD2_board.o
 .rodata        0x00008e5c        0x2 ./source/SD2_board.o
 *fill*         0x00008e5e        0x2 ff
 .rodata.display_header.str1.4
                0x00008e60       0x15 ./source/display.o
 *fill*         0x00008e75        0x3 ff
 .rodata.display_reading.str1.4
                0x00008e78       0x21 ./source/display.o
 *fill*         0x00008e99        0x3 ff
 .rodata.enviarContinuo.str1.4
                0x00008e9c       0x16 ./source/enviarAccContinuo.o
 *fill*         0x00008eb2        0x2 ff
 .rodata.font5x7
                0x00008eb4      0x300 ./source/font5x7.o
                0x00008eb4                font5x7
 .rodata.PORT_SetPinConfig.str1.4
                0x000091b4       0x23 ./source/mma8451.o
 .rodata.font_mask
                0x000091b4        0x8 ./source/oled.o
 .rodata.procLed.str1.4
                0x000091bc       0x2b ./source/procTrama.o
 *fill*         0x000091e7        0x1 ff
 .rodata.procSw.str1.4
                0x000091e8       0x2e ./source/procTrama.o
 *fill*         0x00009216        0x2 ff
 .rodata.procAcc.str1.4
                0x00009218       0x1b ./source/procTrama.o
 *fill*         0x00009233        0x1 ff
 .rodata.DMAMUX_EnableChannel.str1.4
                0x00009234       0x4a ./source/uart0_DMA.o
 *fill*         0x0000927e        0x2 ff
 .rodata.DMAMUX_SetSource.str1.4
                0x00009280       0x4a ./source/uart0_DMA.o
 .rodata.DMAMUX_EnableChannel.str1.4
                0x000092ca       0x4a ./source/uart1.o
 .rodata.DMAMUX_SetSource.str1.4
                0x000092ca       0x4a ./source/uart1.o
 *fill*         0x000092ca        0x2 ff
 .rodata.CLOCK_GetMcgExtClkFreq.str1.4
                0x000092cc       0x1e ./drivers/fsl_clock.o
 *fill*         0x000092ea        0x2 ff
 .rodata.CLOCK_GetOsc0ErClkFreq.str1.4
                0x000092ec       0x1e ./drivers/fsl_clock.o
 *fill*         0x0000930a        0x2 ff
 .rodata.CLOCK_GetEr32kClkFreq.str1.4
                0x0000930c       0x1f ./drivers/fsl_clock.o
 *fill*         0x0000932b        0x1 ff
 .rodata.CLOCK_GetFreq
                0x0000932c       0x34 ./drivers/fsl_clock.o
 .rodata.CLOCK_GetPll0Freq.str1.4
                0x00009360       0x1d ./drivers/fsl_clock.o
 *fill*         0x0000937d        0x3 ff
 .rodata.CLOCK_EnablePll0.str1.4
                0x00009380       0x19 ./drivers/fsl_clock.o
 *fill*         0x00009399        0x3 ff
 .rodata.CLOCK_SetPbeMode.str1.4
                0x0000939c       0x1a ./drivers/fsl_clock.o
 *fill*         0x000093b6        0x2 ff
 .rodata.CLOCK_BootToPeeMode.str1.4
                0x000093b8       0x1a ./drivers/fsl_clock.o
 *fill*         0x000093d2        0x2 ff
 .rodata.fllFactorTable.1
                0x000093d4       0x10 ./drivers/fsl_clock.o
 .rodata.DMA_EnableInterrupts.str1.4
                0x000093e4       0x3c ./drivers/fsl_dma.o
 .rodata.DMA_ClearChannelStatusFlags.str1.4
                0x00009420       0x3c ./drivers/fsl_dma.o
 .rodata.s_dmaIRQNumber
                0x0000945c        0x4 ./drivers/fsl_dma.o
 .rodata.DMA_GetInstance.str1.4
                0x00009460       0x31 ./drivers/fsl_dma.o
 *fill*         0x00009491        0x3 ff
 .rodata.DMA_ResetChannel.str1.4
                0x00009494       0x39 ./drivers/fsl_dma.o
 *fill*         0x000094cd        0x3 ff
 .rodata.DMA_SetTransferConfig.str1.4
                0x000094d0       0x5b ./drivers/fsl_dma.o
 *fill*         0x0000952b        0x1 ff
 .rodata.DMA_CreateHandle.str1.4
                0x0000952c       0x59 ./drivers/fsl_dma.o
 *fill*         0x00009585        0x3 ff
 .rodata.DMA_PrepareTransfer.str1.4
                0x00009588       0xfc ./drivers/fsl_dma.o
 .rodata.DMA_SetCallback.str1.4
                0x00009684       0x1f ./drivers/fsl_dma.o
 *fill*         0x000096a3        0x1 ff
 .rodata.DMA_SubmitTransfer.str1.4
                0x000096a4       0x3f ./drivers/fsl_dma.o
 *fill*         0x000096e3        0x1 ff
 .rodata.DMA_HandleIRQ.str1.4
                0x000096e4       0x1f ./drivers/fsl_dma.o
 *fill*         0x00009703        0x1 ff
 .rodata.DMAMUX_GetInstance.str1.4
                0x00009704       0x37 ./drivers/fsl_dmamux.o
 *fill*         0x0000973b        0x1 ff
 .rodata.GPIO_PinInit.str1.4
                0x0000973c       0x18 ./drivers/fsl_gpio.o
 .rodata.s_i2cBases
                0x00009754        0x8 ./drivers/fsl_i2c.o
                0x00009754                s_i2cBases
 .rodata.s_i2cDividerTable
                0x0000975c       0x80 ./drivers/fsl_i2c.o
 .rodata.s_i2cClocks
                0x000097dc        0x8 ./drivers/fsl_i2c.o
 .rodata.I2C_GetInstance.str1.4
                0x000097e4       0x32 ./drivers/fsl_i2c.o
 *fill*         0x00009816        0x2 ff
 .rodata.I2C_MasterInit.str1.4
                0x00009818       0x2c ./drivers/fsl_i2c.o
 .rodata.I2C_MasterGetDefaultConfig.str1.4
                0x00009844       0x1d ./drivers/fsl_i2c.o
 *fill*         0x00009861        0x3 ff
 .rodata.I2C_MasterTransferBlocking.str1.4
                0x00009864       0x16 ./drivers/fsl_i2c.o
 *fill*         0x0000987a        0x2 ff
 .rodata.LPSCI_GetInstance.str1.4
                0x0000987c       0x36 ./drivers/fsl_lpsci.o
 *fill*         0x000098b2        0x2 ff
 .rodata.LPSCI_Init.str1.4
                0x000098b4       0x43 ./drivers/fsl_lpsci.o
 *fill*         0x000098f7        0x1 ff
 .rodata.LPSCI_GetDefaultConfig.str1.4
                0x000098f8       0x19 ./drivers/fsl_lpsci.o
 *fill*         0x00009911        0x3 ff
 .rodata.DMA_DisableInterrupts.str1.4
                0x00009914       0x3c ./drivers/fsl_lpsci_dma.o
 .rodata.DMA_StartTransfer.str1.4
                0x00009950       0x1f ./drivers/fsl_lpsci_dma.o
 *fill*         0x0000996f        0x1 ff
 .rodata.LPSCI_TransferSendDMACallback.str1.4
                0x00009970       0x3c ./drivers/fsl_lpsci_dma.o
 .rodata.LPSCI_TransferReceiveDMACallback.str1.4
                0x000099ac       0x3c ./drivers/fsl_lpsci_dma.o
 .rodata.LPSCI_TransferCreateHandleDMA.str1.4
                0x000099e8       0x1d ./drivers/fsl_lpsci_dma.o
 *fill*         0x00009a05        0x3 ff
 .rodata.LPSCI_TransferSendDMA.str1.4
                0x00009a08       0xb1 ./drivers/fsl_lpsci_dma.o
 *fill*         0x00009ab9        0x3 ff
 .rodata.s_spiBases
                0x00009abc        0x8 ./drivers/fsl_spi.o
 .rodata.s_spiClock
                0x00009ac4        0x8 ./drivers/fsl_spi.o
 .rodata.SPI_GetInstance.str1.4
                0x00009acc       0x32 ./drivers/fsl_spi.o
 *fill*         0x00009afe        0x2 ff
 .rodata.SPI_MasterInit.str1.4
                0x00009b00       0x26 ./drivers/fsl_spi.o
 *fill*         0x00009b26        0x2 ff
 .rodata.SPI_MasterTransferBlocking.str1.4
                0x00009b28       0x15 ./drivers/fsl_spi.o
 *fill*         0x00009b3d        0x3 ff
 .rodata.SPI0_DriverIRQHandler.str1.4
                0x00009b40       0x20 ./drivers/fsl_spi.o
 .rodata.SPI1_DriverIRQHandler.str1.4
                0x00009b60       0x20 ./drivers/fsl_spi.o
 .rodata.s_uartBases
                0x00009b80        0xc ./drivers/fsl_uart.o
 .rodata.s_uartClock
                0x00009b8c        0xc ./drivers/fsl_uart.o
 .rodata.UART_GetInstance.str1.4
                0x00009b98       0x2b ./drivers/fsl_uart.o
 *fill*         0x00009bc3        0x1 ff
 .rodata.UART_Init.str1.4
                0x00009bc4       0x3e ./drivers/fsl_uart.o
 *fill*         0x00009c02        0x2 ff
 .rodata.UART_GetDefaultConfig.str1.4
                0x00009c04       0x18 ./drivers/fsl_uart.o
 .rodata.DMA_DisableInterrupts.str1.4
                0x00009c1c       0x3c ./drivers/fsl_uart_dma.o
 .rodata.DMA_StartTransfer.str1.4
                0x00009c1c       0x1f ./drivers/fsl_uart_dma.o
 .rodata.UART_TransferSendDMACallback.str1.4
                0x00009c1c       0x37 ./drivers/fsl_uart_dma.o
 *fill*         0x00009c53        0x1 ff
 .rodata.UART_TransferReceiveDMACallback.str1.4
                0x00009c54       0x37 ./drivers/fsl_uart_dma.o
 *fill*         0x00009c8b        0x1 ff
 .rodata.UART_TransferCreateHandleDMA.str1.4
                0x00009c8c       0x1c ./drivers/fsl_uart_dma.o
 .rodata.UART_TransferSendDMA.str1.4
                0x00009ca8       0xa8 ./drivers/fsl_uart_dma.o
 .rodata.mcgConfig_BOARD_BootClockRUN
                0x00009d50        0xa ./board/src/clock_config.o
                0x00009d50                mcgConfig_BOARD_BootClockRUN
 *fill*         0x00009d5a        0x2 ff
 .rodata.simConfig_BOARD_BootClockRUN
                0x00009d5c        0x8 ./board/src/clock_config.o
                0x00009d5c                simConfig_BOARD_BootClockRUN
 .rodata.oscConfig_BOARD_BootClockRUN
                0x00009d64        0x8 ./board/src/clock_config.o
                0x00009d64                oscConfig_BOARD_BootClockRUN
 .rodata.__num_Ciob_streams
                0x00009d6c        0x4 c:/nxp/mcuxpressoide_11.6.1_8255/ide/plugins/com.nxp.mcuxpresso.tools.win32_11.6.1.202207200623/tools/bin/../lib/gcc/arm-none-eabi/10.3.1/../../../../arm-none-eabi/lib/thumb/v6-m/nofp\libcr_semihost_nf.a(__ciob.o)
                0x00009d6c                __num_Ciob_streams
 .rodata.__assertion_failed.str1.1
                0x00009d70       0x15 c:/nxp/mcuxpressoide_11.6.1_8255/ide/plugins/com.nxp.mcuxpresso.tools.win32_11.6.1.202207200623/tools/bin/../lib/gcc/arm-none-eabi/10.3.1/../../../../arm-none-eabi/lib/thumb/v6-m/nofp\libcr_semihost_nf.a(_cr_assert.o)
 .rodata._Csys_alloc.str1.1
                0x00009d85       0x18 c:/nxp/mcuxpressoide_11.6.1_8255/ide/plugins/com.nxp.mcuxpresso.tools.win32_11.6.1.202207200623/tools/bin/../lib/gcc/arm-none-eabi/10.3.1/../../../../arm-none-eabi/lib/thumb/v6-m/nofp\libcr_c.a(alloc.o)
 .rodata.fp_display.str1.1
                0x00009d9d       0x32 c:/nxp/mcuxpressoide_11.6.1_8255/ide/plugins/com.nxp.mcuxpresso.tools.win32_11.6.1.202207200623/tools/bin/../lib/gcc/arm-none-eabi/10.3.1/../../../../arm-none-eabi/lib/thumb/v6-m/nofp\libcr_c.a(fpprintf.o)
                                 0x35 (size before relaxing)
 .rodata._initio.str1.1
                0x00009dcf        0x4 c:/nxp/mcuxpressoide_11.6.1_8255/ide/plugins/com.nxp.mcuxpresso.tools.win32_11.6.1.202207200623/tools/bin/../lib/gcc/arm-none-eabi/10.3.1/../../../../arm-none-eabi/lib/thumb/v6-m/nofp\libcr_c.a(initio.o)
 .rodata.__vfprintf.str1.1
                0x00009dd3       0x31 c:/nxp/mcuxpressoide_11.6.1_8255/ide/plugins/com.nxp.mcuxpresso.tools.win32_11.6.1.202207200623/tools/bin/../lib/gcc/arm-none-eabi/10.3.1/../../../../arm-none-eabi/lib/thumb/v6-m/nofp\libcr_c.a(printf.o)
                                 0x38 (size before relaxing)
 .rodata.__ctype
                0x00009e04      0x180 c:/nxp/mcuxpressoide_11.6.1_8255/ide/plugins/com.nxp.mcuxpresso.tools.win32_11.6.1.202207200623/tools/bin/../lib/gcc/arm-none-eabi/10.3.1/../../../../arm-none-eabi/lib/thumb/v6-m/nofp\libcr_c.a(ctype.o)
                0x00009e04                __ctype
                0x00009f84                . = ALIGN (0x4)
                0x00009f84                _etext = .

.glue_7         0x00009f84        0x0
 .glue_7        0x00009f84        0x0 linker stubs

.glue_7t        0x00009f84        0x0
 .glue_7t       0x00009f84        0x0 linker stubs

.vfp11_veneer   0x00009f84        0x0
 .vfp11_veneer  0x00009f84        0x0 linker stubs

.v4_bx          0x00009f84        0x0
 .v4_bx         0x00009f84        0x0 linker stubs

.iplt           0x00009f84        0x0
 .iplt          0x00009f84        0x0 ./startup/startup_mkl46z4.o

.rel.dyn        0x00009f84        0x0
 .rel.iplt      0x00009f84        0x0 ./startup/startup_mkl46z4.o

.m_usb_data
 *(SORT_BY_ALIGNMENT(m_usb_bdt))

.mtb_buffer_default
                0x1fffe000       0x80
 *(SORT_BY_ALIGNMENT(.mtb*))
 .mtb.$RAM1     0x1fffe000       0x80 ./source/mtb.o
                0x1fffe000                __mtb_buffer__

.uninit_RESERVED
                0x1fffe080        0x0
                0x1fffe080                _start_uninit_RESERVED = .
 *(SORT_BY_ALIGNMENT(.bss.$RESERVED*))
                0x1fffe080                . = ALIGN (0x4)
                0x1fffe080                _end_uninit_RESERVED = .

.data           0x1fffe080        0xc load address 0x00009f84
 FILL mask 0xff
                0x1fffe080                _data = .
                [!provide]                PROVIDE (__start_data_RAM = .)
                [!provide]                PROVIDE (__start_data_SRAM = .)
 *(SORT_BY_ALIGNMENT(vtable))
 *(SORT_BY_ALIGNMENT(.ramfunc*))
 *(SORT_BY_ALIGNMENT(CodeQuickAccess))
 *(SORT_BY_ALIGNMENT(DataQuickAccess))
 *(SORT_BY_ALIGNMENT(RamFunction))
 *(SORT_BY_ALIGNMENT(.data*))
 .data.s_slowIrcFreq
                0x1fffe080        0x4 ./drivers/fsl_clock.o
 .data.s_fastIrcFreq
                0x1fffe084        0x4 ./drivers/fsl_clock.o
 .data.SystemCoreClock
                0x1fffe088        0x4 ./CMSIS/system_MKL46Z4.o
                0x1fffe088                SystemCoreClock
                0x1fffe08c                . = ALIGN (0x4)
                0x1fffe08c                _edata = .
                [!provide]                PROVIDE (__end_data_RAM = .)
                [!provide]                PROVIDE (__end_data_SRAM = .)

.igot.plt       0x1fffe08c        0x0 load address 0x00009f90
 .igot.plt      0x1fffe08c        0x0 ./startup/startup_mkl46z4.o

.bss            0x1fffe08c      0x5fc
                0x1fffe08c                _bss = .
                [!provide]                PROVIDE (__start_bss_RAM = .)
                [!provide]                PROVIDE (__start_bss_SRAM = .)
 *(SORT_BY_ALIGNMENT(.bss*))
 .bss.timer     0x1fffe08c        0x4 ./source/enviarAccContinuo.o
                0x1fffe08c                timer
 .bss.bufferRec
                0x1fffe090        0x8 ./source/mefRecTrama.o
 .bss.shadowFB  0x1fffe098      0x400 ./source/oled.o
 .bss.pRingBufferRx
                0x1fffe498        0x4 ./source/uart0_DMA.o
 .bss.txBuffer_dma
                0x1fffe49c       0x20 ./source/uart0_DMA.o
 .bss.lpsciDmaHandle
                0x1fffe4bc       0x20 ./source/uart0_DMA.o
 .bss.lpsciTxDmaHandle
                0x1fffe4dc       0x10 ./source/uart0_DMA.o
 .bss.uart1Delay
                0x1fffe4ec        0x4 ./source/uart1.o
 .bss.uart1_pRingBufferRx
                0x1fffe4f0        0x4 ./source/uart1.o
 .bss.txBuffer_dma
                0x1fffe4f4       0x20 ./source/uart1.o
 .bss.uart1DmaHandle
                0x1fffe514       0x20 ./source/uart1.o
 .bss.uart1TxDmaHandle
                0x1fffe534       0x10 ./source/uart1.o
 .bss.g_xtal0Freq
                0x1fffe544        0x4 ./drivers/fsl_clock.o
                0x1fffe544                g_xtal0Freq
 .bss.g_xtal32Freq
                0x1fffe548        0x4 ./drivers/fsl_clock.o
                0x1fffe548                g_xtal32Freq
 .bss.s_DMAHandle
                0x1fffe54c       0x10 ./drivers/fsl_dma.o
 .bss.s_i2cHandle
                0x1fffe55c        0x8 ./drivers/fsl_i2c.o
 .bss.s_i2cMasterIsr
                0x1fffe564        0x4 ./drivers/fsl_i2c.o
 .bss.s_i2cSlaveIsr
                0x1fffe568        0x4 ./drivers/fsl_i2c.o
 .bss.s_lpsciHandle
                0x1fffe56c        0x4 ./drivers/fsl_lpsci.o
 .bss.s_lpsciIsr
                0x1fffe570        0x4 ./drivers/fsl_lpsci.o
 .bss.s_dmaPrivateHandle
                0x1fffe574        0x8 ./drivers/fsl_lpsci_dma.o
 .bss.s_spiHandle
                0x1fffe57c        0x8 ./drivers/fsl_spi.o
 .bss.s_spiMasterIsr
                0x1fffe584        0x4 ./drivers/fsl_spi.o
 .bss.s_spiSlaveIsr
                0x1fffe588        0x4 ./drivers/fsl_spi.o
 .bss.g_spiDummyData
                0x1fffe58c        0x2 ./drivers/fsl_spi.o
                0x1fffe58c                g_spiDummyData
 *fill*         0x1fffe58e        0x2 
 .bss.s_uartHandle
                0x1fffe590        0xc ./drivers/fsl_uart.o
 .bss.s_uartIsr
                0x1fffe59c        0x4 ./drivers/fsl_uart.o
 .bss.s_dmaPrivateHandle
                0x1fffe5a0       0x18 ./drivers/fsl_uart_dma.o
 .bss.__Ciob    0x1fffe5b8       0xb4 c:/nxp/mcuxpressoide_11.6.1_8255/ide/plugins/com.nxp.mcuxpresso.tools.win32_11.6.1.202207200623/tools/bin/../lib/gcc/arm-none-eabi/10.3.1/../../../../arm-none-eabi/lib/thumb/v6-m/nofp\libcr_semihost_nf.a(__ciob.o)
                0x1fffe5b8                __Ciob
 .bss.__end_of_heap
                0x1fffe66c        0x4 c:/nxp/mcuxpressoide_11.6.1_8255/ide/plugins/com.nxp.mcuxpresso.tools.win32_11.6.1.202207200623/tools/bin/../lib/gcc/arm-none-eabi/10.3.1/../../../../arm-none-eabi/lib/thumb/v6-m/nofp\libcr_c.a(__init_alloc.o)
                0x1fffe66c                __end_of_heap
 .bss.__heaps   0x1fffe670        0x4 c:/nxp/mcuxpressoide_11.6.1_8255/ide/plugins/com.nxp.mcuxpresso.tools.win32_11.6.1.202207200623/tools/bin/../lib/gcc/arm-none-eabi/10.3.1/../../../../arm-none-eabi/lib/thumb/v6-m/nofp\libcr_c.a(__init_alloc.o)
                0x1fffe670                __heaps
 .bss.errno     0x1fffe674        0x4 c:/nxp/mcuxpressoide_11.6.1_8255/ide/plugins/com.nxp.mcuxpresso.tools.win32_11.6.1.202207200623/tools/bin/../lib/gcc/arm-none-eabi/10.3.1/../../../../arm-none-eabi/lib/thumb/v6-m/nofp\libcr_c.a(errno.o)
                0x1fffe674                errno
 .bss.displayTimer
                0x1fffe678        0x2 ./source/mefDisplay.o
 .bss.readX     0x1fffe67a        0x2 ./source/mma8451.o
 .bss.readY     0x1fffe67c        0x2 ./source/mma8451.o
 .bss.readZ     0x1fffe67e        0x2 ./source/mma8451.o
 .bss.estado.1  0x1fffe680        0x1 ./source/mefRecTrama.o
 .bss.indexRec.0
                0x1fffe681        0x1 ./source/mefRecTrama.o
 .bss.FFint     0x1fffe682        0x1 ./source/mma8451.o
 .bss.txOnGoing
                0x1fffe683        0x1 ./source/uart0_DMA.o
                0x1fffe683                txOnGoing
 .bss.byteRec   0x1fffe684        0x1 ./source/uart1.o
 .bss.uart1TxOnGoing
                0x1fffe685        0x1 ./source/uart1.o
                0x1fffe685                uart1TxOnGoing
 *(SORT_BY_ALIGNMENT(COMMON))
                0x1fffe688                . = ALIGN (0x4)
 *fill*         0x1fffe686        0x2 
                0x1fffe688                _ebss = .
                [!provide]                PROVIDE (__end_bss_RAM = .)
                [!provide]                PROVIDE (__end_bss_SRAM = .)
                [!provide]                PROVIDE (end = .)

.noinit         0x1fffe688        0x0
                0x1fffe688                _noinit = .
                [!provide]                PROVIDE (__start_noinit_RAM = .)
                [!provide]                PROVIDE (__start_noinit_SRAM = .)
 *(SORT_BY_ALIGNMENT(.noinit*))
                0x1fffe688                . = ALIGN (0x4)
                0x1fffe688                _end_noinit = .
                [!provide]                PROVIDE (__end_noinit_RAM = .)
                [!provide]                PROVIDE (__end_noinit_SRAM = .)

.ARM.extab
 *(SORT_BY_ALIGNMENT(.ARM.extab*) SORT_BY_ALIGNMENT(.gnu.linkonce.armextab.*))

.ARM.exidx      0x00009f90        0x0
                0x00009f90                __exidx_start = .
 *(SORT_BY_ALIGNMENT(.ARM.exidx*) SORT_BY_ALIGNMENT(.gnu.linkonce.armexidx.*))
                0x00009f90                __exidx_end = .
                0x00000800                _HeapSize = 0x800

.heap           0x1fffe688      0x800
                0x1fffe688                _pvHeapStart = .
                0x1fffee88                . = (. + _HeapSize)
 *fill*         0x1fffe688      0x800 
                0x1fffee88                . = ALIGN (0x4)
                0x1fffee88                _pvHeapLimit = .
                0x00000800                _StackSize = 0x800

.heap2stackfill
                0x1fffee88      0x800
                0x1ffff688                . = (. + _StackSize)
 *fill*         0x1fffee88      0x800 

.stack          0x20005800        0x0
                0x20005800                _vStackBase = .
                0x20005800                . = ALIGN (0x4)
                0x20006000                _vStackTop = (. + _StackSize)
                0x00000000                _image_start = LOADADDR (.text)
                0x00009f90                _image_end = (LOADADDR (.data) + SIZEOF (.data))
                0x00009f90                _image_size = (_image_end - _image_start)
OUTPUT(SD2_TP3.axf elf32-littlearm)
LOAD linker stubs

.debug_info     0x00000000    0x122cf
 .debug_info    0x00000000      0x4e7 ./startup/startup_mkl46z4.o
 .debug_info    0x000004e7      0x791 ./source/SD2_I2C.o
 .debug_info    0x00000c78      0xef6 ./source/SD2_board.o
 .debug_info    0x00001b6e      0x1cb ./source/display.o
 .debug_info    0x00001d39      0x17b ./source/enviarAccContinuo.o
 .debug_info    0x00001eb4       0x5e ./source/font5x7.o
 .debug_info    0x00001f12      0x415 ./source/main.o
 .debug_info    0x00002327       0xf2 ./source/mefDisplay.o
 .debug_info    0x00002419      0x129 ./source/mefRecTrama.o
 .debug_info    0x00002542     0x143e ./source/mma8451.o
 .debug_info    0x00003980       0x4f ./source/mtb.o
 .debug_info    0x000039cf      0x849 ./source/oled.o
 .debug_info    0x00004218      0x2ca ./source/procTrama.o
 .debug_info    0x000044e2      0x265 ./source/ringBuffer.o
 .debug_info    0x00004747       0x38 ./source/semihost_hardfault.o
 .debug_info    0x0000477f     0x12f0 ./source/uart0_DMA.o
 .debug_info    0x00005a6f     0x106a ./source/uart1.o
 .debug_info    0x00006ad9     0x1a87 ./drivers/fsl_clock.o
 .debug_info    0x00008560      0xf51 ./drivers/fsl_dma.o
 .debug_info    0x000094b1      0x4e1 ./drivers/fsl_dmamux.o
 .debug_info    0x00009992      0x7d8 ./drivers/fsl_gpio.o
 .debug_info    0x0000a16a     0x1ab6 ./drivers/fsl_i2c.o
 .debug_info    0x0000bc20     0x14a8 ./drivers/fsl_lpsci.o
 .debug_info    0x0000d0c8      0xc5f ./drivers/fsl_lpsci_dma.o
 .debug_info    0x0000dd27     0x1618 ./drivers/fsl_spi.o
 .debug_info    0x0000f33f     0x1449 ./drivers/fsl_uart.o
 .debug_info    0x00010788      0xc4f ./drivers/fsl_uart_dma.o
 .debug_info    0x000113d7      0xaee ./board/src/clock_config.o
 .debug_info    0x00011ec5      0x40a ./CMSIS/system_MKL46Z4.o

.debug_abbrev   0x00000000     0x3625
 .debug_abbrev  0x00000000      0x195 ./startup/startup_mkl46z4.o
 .debug_abbrev  0x00000195      0x227 ./source/SD2_I2C.o
 .debug_abbrev  0x000003bc      0x2b0 ./source/SD2_board.o
 .debug_abbrev  0x0000066c       0xe6 ./source/display.o
 .debug_abbrev  0x00000752       0xec ./source/enviarAccContinuo.o
 .debug_abbrev  0x0000083e       0x47 ./source/font5x7.o
 .debug_abbrev  0x00000885      0x17f ./source/main.o
 .debug_abbrev  0x00000a04       0x83 ./source/mefDisplay.o
 .debug_abbrev  0x00000a87       0x92 ./source/mefRecTrama.o
 .debug_abbrev  0x00000b19      0x302 ./source/mma8451.o
 .debug_abbrev  0x00000e1b       0x43 ./source/mtb.o
 .debug_abbrev  0x00000e5e      0x1a2 ./source/oled.o
 .debug_abbrev  0x00001000      0x109 ./source/procTrama.o
 .debug_abbrev  0x00001109       0xf2 ./source/ringBuffer.o
 .debug_abbrev  0x000011fb       0x2e ./source/semihost_hardfault.o
 .debug_abbrev  0x00001229      0x2c8 ./source/uart0_DMA.o
 .debug_abbrev  0x000014f1      0x2d3 ./source/uart1.o
 .debug_abbrev  0x000017c4      0x348 ./drivers/fsl_clock.o
 .debug_abbrev  0x00001b0c      0x2b9 ./drivers/fsl_dma.o
 .debug_abbrev  0x00001dc5      0x17b ./drivers/fsl_dmamux.o
 .debug_abbrev  0x00001f40      0x1f3 ./drivers/fsl_gpio.o
 .debug_abbrev  0x00002133      0x373 ./drivers/fsl_i2c.o
 .debug_abbrev  0x000024a6      0x2f0 ./drivers/fsl_lpsci.o
 .debug_abbrev  0x00002796      0x276 ./drivers/fsl_lpsci_dma.o
 .debug_abbrev  0x00002a0c      0x358 ./drivers/fsl_spi.o
 .debug_abbrev  0x00002d64      0x2f0 ./drivers/fsl_uart.o
 .debug_abbrev  0x00003054      0x28e ./drivers/fsl_uart_dma.o
 .debug_abbrev  0x000032e2      0x1fe ./board/src/clock_config.o
 .debug_abbrev  0x000034e0      0x145 ./CMSIS/system_MKL46Z4.o

.debug_aranges  0x00000000     0x1068
 .debug_aranges
                0x00000000      0x160 ./startup/startup_mkl46z4.o
 .debug_aranges
                0x00000160       0x50 ./source/SD2_I2C.o
 .debug_aranges
                0x000001b0       0x98 ./source/SD2_board.o
 .debug_aranges
                0x00000248       0x48 ./source/display.o
 .debug_aranges
                0x00000290       0x28 ./source/enviarAccContinuo.o
 .debug_aranges
                0x000002b8       0x18 ./source/font5x7.o
 .debug_aranges
                0x000002d0       0x38 ./source/main.o
 .debug_aranges
                0x00000308       0x28 ./source/mefDisplay.o
 .debug_aranges
                0x00000330       0x20 ./source/mefRecTrama.o
 .debug_aranges
                0x00000350       0xb8 ./source/mma8451.o
 .debug_aranges
                0x00000408       0x18 ./source/mtb.o
 .debug_aranges
                0x00000420       0x98 ./source/oled.o
 .debug_aranges
                0x000004b8       0x40 ./source/procTrama.o
 .debug_aranges
                0x000004f8       0x48 ./source/ringBuffer.o
 .debug_aranges
                0x00000540       0x20 ./source/semihost_hardfault.o
 .debug_aranges
                0x00000560       0x80 ./source/uart0_DMA.o
 .debug_aranges
                0x000005e0       0x78 ./source/uart1.o
 .debug_aranges
                0x00000658      0x1d8 ./drivers/fsl_clock.o
 .debug_aranges
                0x00000830       0xd0 ./drivers/fsl_dma.o
 .debug_aranges
                0x00000900       0x40 ./drivers/fsl_dmamux.o
 .debug_aranges
                0x00000940       0x78 ./drivers/fsl_gpio.o
 .debug_aranges
                0x000009b8      0x178 ./drivers/fsl_i2c.o
 .debug_aranges
                0x00000b30      0x118 ./drivers/fsl_lpsci.o
 .debug_aranges
                0x00000c48       0x98 ./drivers/fsl_lpsci_dma.o
 .debug_aranges
                0x00000ce0      0x140 ./drivers/fsl_spi.o
 .debug_aranges
                0x00000e20      0x130 ./drivers/fsl_uart.o
 .debug_aranges
                0x00000f50       0x98 ./drivers/fsl_uart_dma.o
 .debug_aranges
                0x00000fe8       0x50 ./board/src/clock_config.o
 .debug_aranges
                0x00001038       0x30 ./CMSIS/system_MKL46Z4.o

.debug_ranges   0x00000000      0xe88
 .debug_ranges  0x00000000      0x150 ./startup/startup_mkl46z4.o
 .debug_ranges  0x00000150       0x40 ./source/SD2_I2C.o
 .debug_ranges  0x00000190       0x88 ./source/SD2_board.o
 .debug_ranges  0x00000218       0x38 ./source/display.o
 .debug_ranges  0x00000250       0x18 ./source/enviarAccContinuo.o
 .debug_ranges  0x00000268       0x28 ./source/main.o
 .debug_ranges  0x00000290       0x18 ./source/mefDisplay.o
 .debug_ranges  0x000002a8       0x10 ./source/mefRecTrama.o
 .debug_ranges  0x000002b8       0xa8 ./source/mma8451.o
 .debug_ranges  0x00000360       0x88 ./source/oled.o
 .debug_ranges  0x000003e8       0x30 ./source/procTrama.o
 .debug_ranges  0x00000418       0x38 ./source/ringBuffer.o
 .debug_ranges  0x00000450       0x10 ./source/semihost_hardfault.o
 .debug_ranges  0x00000460       0x70 ./source/uart0_DMA.o
 .debug_ranges  0x000004d0       0x68 ./source/uart1.o
 .debug_ranges  0x00000538      0x1c8 ./drivers/fsl_clock.o
 .debug_ranges  0x00000700       0xc0 ./drivers/fsl_dma.o
 .debug_ranges  0x000007c0       0x30 ./drivers/fsl_dmamux.o
 .debug_ranges  0x000007f0       0x68 ./drivers/fsl_gpio.o
 .debug_ranges  0x00000858      0x168 ./drivers/fsl_i2c.o
 .debug_ranges  0x000009c0      0x108 ./drivers/fsl_lpsci.o
 .debug_ranges  0x00000ac8       0x88 ./drivers/fsl_lpsci_dma.o
 .debug_ranges  0x00000b50      0x130 ./drivers/fsl_spi.o
 .debug_ranges  0x00000c80      0x120 ./drivers/fsl_uart.o
 .debug_ranges  0x00000da0       0x88 ./drivers/fsl_uart_dma.o
 .debug_ranges  0x00000e28       0x40 ./board/src/clock_config.o
 .debug_ranges  0x00000e68       0x20 ./CMSIS/system_MKL46Z4.o

.debug_line     0x00000000     0x8d83
 .debug_line    0x00000000      0x1ed ./startup/startup_mkl46z4.o
 .debug_line    0x000001ed      0x288 ./source/SD2_I2C.o
 .debug_line    0x00000475      0x4c0 ./source/SD2_board.o
 .debug_line    0x00000935      0x167 ./source/display.o
 .debug_line    0x00000a9c      0x11f ./source/enviarAccContinuo.o
 .debug_line    0x00000bbb       0x34 ./source/font5x7.o
 .debug_line    0x00000bef      0x1ea ./source/main.o
 .debug_line    0x00000dd9       0xfa ./source/mefDisplay.o
 .debug_line    0x00000ed3      0x154 ./source/mefRecTrama.o
 .debug_line    0x00001027      0x664 ./source/mma8451.o
 .debug_line    0x0000168b       0x30 ./source/mtb.o
 .debug_line    0x000016bb      0x620 ./source/oled.o
 .debug_line    0x00001cdb      0x1e5 ./source/procTrama.o
 .debug_line    0x00001ec0      0x1e1 ./source/ringBuffer.o
 .debug_line    0x000020a1       0x5a ./source/semihost_hardfault.o
 .debug_line    0x000020fb      0x475 ./source/uart0_DMA.o
 .debug_line    0x00002570      0x46e ./source/uart1.o
 .debug_line    0x000029de     0x1150 ./drivers/fsl_clock.o
 .debug_line    0x00003b2e      0x5d2 ./drivers/fsl_dma.o
 .debug_line    0x00004100      0x1ba ./drivers/fsl_dmamux.o
 .debug_line    0x000042ba      0x307 ./drivers/fsl_gpio.o
 .debug_line    0x000045c1     0x12aa ./drivers/fsl_i2c.o
 .debug_line    0x0000586b      0xcb0 ./drivers/fsl_lpsci.o
 .debug_line    0x0000651b      0x583 ./drivers/fsl_lpsci_dma.o
 .debug_line    0x00006a9e      0xc65 ./drivers/fsl_spi.o
 .debug_line    0x00007703      0xcbb ./drivers/fsl_uart.o
 .debug_line    0x000083be      0x588 ./drivers/fsl_uart_dma.o
 .debug_line    0x00008946      0x215 ./board/src/clock_config.o
 .debug_line    0x00008b5b      0x228 ./CMSIS/system_MKL46Z4.o

.debug_str      0x00000000     0x70d4
 .debug_str     0x00000000      0x498 ./startup/startup_mkl46z4.o
                                0x4ab (size before relaxing)
 .debug_str     0x00000498      0x780 ./source/SD2_I2C.o
                                0x8f0 (size before relaxing)
 .debug_str     0x00000c18      0xbb8 ./source/SD2_board.o
                               0x13d9 (size before relaxing)
 .debug_str     0x000017d0       0x95 ./source/display.o
                                0x25d (size before relaxing)
 .debug_str     0x00001865       0x97 ./source/enviarAccContinuo.o
                                0x245 (size before relaxing)
 .debug_str     0x000018fc       0x1c ./source/font5x7.o
                                0x156 (size before relaxing)
 .debug_str     0x00001918      0x2a6 ./source/main.o
                                0x469 (size before relaxing)
 .debug_str     0x00001bbe       0x42 ./source/mefDisplay.o
                                0x1fa (size before relaxing)
 .debug_str     0x00001c00       0x97 ./source/mefRecTrama.o
                                0x245 (size before relaxing)
 .debug_str     0x00001c97      0x64a ./source/mma8451.o
                               0x138f (size before relaxing)
 .debug_str     0x000022e1       0x1f ./source/mtb.o
                                0x150 (size before relaxing)
 .debug_str     0x00002300      0x1be ./source/oled.o
                                0x3dd (size before relaxing)
 .debug_str     0x000024be       0x89 ./source/procTrama.o
                                0x331 (size before relaxing)
 .debug_str     0x00002547       0xb3 ./source/ringBuffer.o
                                0x271 (size before relaxing)
 .debug_str     0x000025fa       0x1f ./source/semihost_hardfault.o
                                0x150 (size before relaxing)
 .debug_str     0x00002619      0xf4c ./source/uart0_DMA.o
                               0x1b7f (size before relaxing)
 .debug_str     0x00003565      0x684 ./source/uart1.o
                               0x1a21 (size before relaxing)
 .debug_str     0x00003be9      0xd1a ./drivers/fsl_clock.o
                               0x1893 (size before relaxing)
 .debug_str     0x00004903      0x6e6 ./drivers/fsl_dma.o
                               0x131f (size before relaxing)
 .debug_str     0x00004fe9       0x65 ./drivers/fsl_dmamux.o
                                0x94b (size before relaxing)
 .debug_str     0x0000504e       0xcd ./drivers/fsl_gpio.o
                                0x944 (size before relaxing)
 .debug_str     0x0000511b      0xa59 ./drivers/fsl_i2c.o
                               0x1837 (size before relaxing)
 .debug_str     0x00005b74      0x4d1 ./drivers/fsl_lpsci.o
                               0x16dd (size before relaxing)
 .debug_str     0x00006045      0x224 ./drivers/fsl_lpsci_dma.o
                                0xf58 (size before relaxing)
 .debug_str     0x00006269      0x591 ./drivers/fsl_spi.o
                               0x15b6 (size before relaxing)
 .debug_str     0x000067fa      0x3f4 ./drivers/fsl_uart.o
                               0x16e4 (size before relaxing)
 .debug_str     0x00006bee      0x1b1 ./drivers/fsl_uart_dma.o
                                0xf71 (size before relaxing)
 .debug_str     0x00006d9f      0x2d7 ./board/src/clock_config.o
                                0xe6b (size before relaxing)
 .debug_str     0x00007076       0x5e ./CMSIS/system_MKL46Z4.o
                                0x30b (size before relaxing)

.comment        0x00000000       0x49
 .comment       0x00000000       0x49 ./startup/startup_mkl46z4.o
                                 0x4a (size before relaxing)
 .comment       0x00000049       0x4a ./source/SD2_I2C.o
 .comment       0x00000049       0x4a ./source/SD2_board.o
 .comment       0x00000049       0x4a ./source/display.o
 .comment       0x00000049       0x4a ./source/enviarAccContinuo.o
 .comment       0x00000049       0x4a ./source/font5x7.o
 .comment       0x00000049       0x4a ./source/main.o
 .comment       0x00000049       0x4a ./source/mefDisplay.o
 .comment       0x00000049       0x4a ./source/mefRecTrama.o
 .comment       0x00000049       0x4a ./source/mma8451.o
 .comment       0x00000049       0x4a ./source/mtb.o
 .comment       0x00000049       0x4a ./source/oled.o
 .comment       0x00000049       0x4a ./source/procTrama.o
 .comment       0x00000049       0x4a ./source/ringBuffer.o
 .comment       0x00000049       0x4a ./source/semihost_hardfault.o
 .comment       0x00000049       0x4a ./source/uart0_DMA.o
 .comment       0x00000049       0x4a ./source/uart1.o
 .comment       0x00000049       0x4a ./drivers/fsl_clock.o
 .comment       0x00000049       0x4a ./drivers/fsl_dma.o
 .comment       0x00000049       0x4a ./drivers/fsl_dmamux.o
 .comment       0x00000049       0x4a ./drivers/fsl_gpio.o
 .comment       0x00000049       0x4a ./drivers/fsl_i2c.o
 .comment       0x00000049       0x4a ./drivers/fsl_lpsci.o
 .comment       0x00000049       0x4a ./drivers/fsl_lpsci_dma.o
 .comment       0x00000049       0x4a ./drivers/fsl_spi.o
 .comment       0x00000049       0x4a ./drivers/fsl_uart.o
 .comment       0x00000049       0x4a ./drivers/fsl_uart_dma.o
 .comment       0x00000049       0x4a ./board/src/clock_config.o
 .comment       0x00000049       0x4a ./CMSIS/system_MKL46Z4.o
 .comment       0x00000049       0x4a c:/nxp/mcuxpressoide_11.6.1_8255/ide/plugins/com.nxp.mcuxpresso.tools.win32_11.6.1.202207200623/tools/bin/../lib/gcc/arm-none-eabi/10.3.1/../../../../arm-none-eabi/lib/thumb/v6-m/nofp\libcr_semihost_nf.a(_cr__main.o)
 .comment       0x00000049       0x4a c:/nxp/mcuxpressoide_11.6.1_8255/ide/plugins/com.nxp.mcuxpresso.tools.win32_11.6.1.202207200623/tools/bin/../lib/gcc/arm-none-eabi/10.3.1/../../../../arm-none-eabi/lib/thumb/v6-m/nofp\libcr_semihost_nf.a(_cr_assert.o)
 .comment       0x00000049       0x4a c:/nxp/mcuxpressoide_11.6.1_8255/ide/plugins/com.nxp.mcuxpresso.tools.win32_11.6.1.202207200623/tools/bin/../lib/gcc/arm-none-eabi/10.3.1/../../../../arm-none-eabi/lib/thumb/v6-m/nofp\libcr_semihost_nf.a(__ciob.o)
 .comment       0x00000049       0x4a c:/nxp/mcuxpressoide_11.6.1_8255/ide/plugins/com.nxp.mcuxpresso.tools.win32_11.6.1.202207200623/tools/bin/../lib/gcc/arm-none-eabi/10.3.1/../../../../arm-none-eabi/lib/thumb/v6-m/nofp\libcr_c.a(memcpy.o)
 .comment       0x00000049       0x4a c:/nxp/mcuxpressoide_11.6.1_8255/ide/plugins/com.nxp.mcuxpresso.tools.win32_11.6.1.202207200623/tools/bin/../lib/gcc/arm-none-eabi/10.3.1/../../../../arm-none-eabi/lib/thumb/v6-m/nofp\libcr_c.a(memset.o)
 .comment       0x00000049       0x4a c:/nxp/mcuxpressoide_11.6.1_8255/ide/plugins/com.nxp.mcuxpresso.tools.win32_11.6.1.202207200623/tools/bin/../lib/gcc/arm-none-eabi/10.3.1/../../../../arm-none-eabi/lib/thumb/v6-m/nofp\libcr_c.a(_deferredlazyseek.o)
 .comment       0x00000049       0x4a c:/nxp/mcuxpressoide_11.6.1_8255/ide/plugins/com.nxp.mcuxpresso.tools.win32_11.6.1.202207200623/tools/bin/../lib/gcc/arm-none-eabi/10.3.1/../../../../arm-none-eabi/lib/thumb/v6-m/nofp\libcr_c.a(_fflush.o)
 .comment       0x00000049       0x4a c:/nxp/mcuxpressoide_11.6.1_8255/ide/plugins/com.nxp.mcuxpresso.tools.win32_11.6.1.202207200623/tools/bin/../lib/gcc/arm-none-eabi/10.3.1/../../../../arm-none-eabi/lib/thumb/v6-m/nofp\libcr_c.a(_writebuf.o)
 .comment       0x00000049       0x4a c:/nxp/mcuxpressoide_11.6.1_8255/ide/plugins/com.nxp.mcuxpresso.tools.win32_11.6.1.202207200623/tools/bin/../lib/gcc/arm-none-eabi/10.3.1/../../../../arm-none-eabi/lib/thumb/v6-m/nofp\libcr_c.a(alloc.o)
 .comment       0x00000049       0x4a c:/nxp/mcuxpressoide_11.6.1_8255/ide/plugins/com.nxp.mcuxpresso.tools.win32_11.6.1.202207200623/tools/bin/../lib/gcc/arm-none-eabi/10.3.1/../../../../arm-none-eabi/lib/thumb/v6-m/nofp\libcr_c.a(fpprintf.o)
 .comment       0x00000049       0x4a c:/nxp/mcuxpressoide_11.6.1_8255/ide/plugins/com.nxp.mcuxpresso.tools.win32_11.6.1.202207200623/tools/bin/../lib/gcc/arm-none-eabi/10.3.1/../../../../arm-none-eabi/lib/thumb/v6-m/nofp\libcr_c.a(fputs.o)
 .comment       0x00000049       0x4a c:/nxp/mcuxpressoide_11.6.1_8255/ide/plugins/com.nxp.mcuxpresso.tools.win32_11.6.1.202207200623/tools/bin/../lib/gcc/arm-none-eabi/10.3.1/../../../../arm-none-eabi/lib/thumb/v6-m/nofp\libcr_c.a(fseek.o)
 .comment       0x00000049       0x4a c:/nxp/mcuxpressoide_11.6.1_8255/ide/plugins/com.nxp.mcuxpresso.tools.win32_11.6.1.202207200623/tools/bin/../lib/gcc/arm-none-eabi/10.3.1/../../../../arm-none-eabi/lib/thumb/v6-m/nofp\libcr_c.a(ftell.o)
 .comment       0x00000049       0x4a c:/nxp/mcuxpressoide_11.6.1_8255/ide/plugins/com.nxp.mcuxpresso.tools.win32_11.6.1.202207200623/tools/bin/../lib/gcc/arm-none-eabi/10.3.1/../../../../arm-none-eabi/lib/thumb/v6-m/nofp\libcr_c.a(initio.o)
 .comment       0x00000049       0x4a c:/nxp/mcuxpressoide_11.6.1_8255/ide/plugins/com.nxp.mcuxpresso.tools.win32_11.6.1.202207200623/tools/bin/../lib/gcc/arm-none-eabi/10.3.1/../../../../arm-none-eabi/lib/thumb/v6-m/nofp\libcr_c.a(printf.o)
 .comment       0x00000049       0x4a c:/nxp/mcuxpressoide_11.6.1_8255/ide/plugins/com.nxp.mcuxpresso.tools.win32_11.6.1.202207200623/tools/bin/../lib/gcc/arm-none-eabi/10.3.1/../../../../arm-none-eabi/lib/thumb/v6-m/nofp\libcr_c.a(scanf.o)
 .comment       0x00000049       0x4a c:/nxp/mcuxpressoide_11.6.1_8255/ide/plugins/com.nxp.mcuxpresso.tools.win32_11.6.1.202207200623/tools/bin/../lib/gcc/arm-none-eabi/10.3.1/../../../../arm-none-eabi/lib/thumb/v6-m/nofp\libcr_c.a(setvbuf.o)
 .comment       0x00000049       0x4a c:/nxp/mcuxpressoide_11.6.1_8255/ide/plugins/com.nxp.mcuxpresso.tools.win32_11.6.1.202207200623/tools/bin/../lib/gcc/arm-none-eabi/10.3.1/../../../../arm-none-eabi/lib/thumb/v6-m/nofp\libcr_c.a(stdlib.o)
 .comment       0x00000049       0x4a c:/nxp/mcuxpressoide_11.6.1_8255/ide/plugins/com.nxp.mcuxpresso.tools.win32_11.6.1.202207200623/tools/bin/../lib/gcc/arm-none-eabi/10.3.1/../../../../arm-none-eabi/lib/thumb/v6-m/nofp\libcr_c.a(strlen.o)
 .comment       0x00000049       0x4a c:/nxp/mcuxpressoide_11.6.1_8255/ide/plugins/com.nxp.mcuxpresso.tools.win32_11.6.1.202207200623/tools/bin/../lib/gcc/arm-none-eabi/10.3.1/../../../../arm-none-eabi/lib/thumb/v6-m/nofp\libcr_c.a(__init_alloc.o)
 .comment       0x00000049       0x4a c:/nxp/mcuxpressoide_11.6.1_8255/ide/plugins/com.nxp.mcuxpresso.tools.win32_11.6.1.202207200623/tools/bin/../lib/gcc/arm-none-eabi/10.3.1/../../../../arm-none-eabi/lib/thumb/v6-m/nofp\libcr_c.a(_cr_sbrk.o)
 .comment       0x00000049       0x4a c:/nxp/mcuxpressoide_11.6.1_8255/ide/plugins/com.nxp.mcuxpresso.tools.win32_11.6.1.202207200623/tools/bin/../lib/gcc/arm-none-eabi/10.3.1/../../../../arm-none-eabi/lib/thumb/v6-m/nofp\libcr_c.a(_fdopen.o)
 .comment       0x00000049       0x4a c:/nxp/mcuxpressoide_11.6.1_8255/ide/plugins/com.nxp.mcuxpresso.tools.win32_11.6.1.202207200623/tools/bin/../lib/gcc/arm-none-eabi/10.3.1/../../../../arm-none-eabi/lib/thumb/v6-m/nofp\libcr_c.a(_frexpl.o)
 .comment       0x00000049       0x4a c:/nxp/mcuxpressoide_11.6.1_8255/ide/plugins/com.nxp.mcuxpresso.tools.win32_11.6.1.202207200623/tools/bin/../lib/gcc/arm-none-eabi/10.3.1/../../../../arm-none-eabi/lib/thumb/v6-m/nofp\libcr_c.a(_ldexpl.o)