Archive member included to satisfy reference by file (symbol)

/Applications/MCUXpressoIDE_11.7.0_9198/ide/plugins/com.nxp.mcuxpresso.tools.macosx_11.7.0.202209140929/tools/bin/../lib/gcc/arm-none-eabi/10.3.1/../../../../arm-none-eabi/lib/thumb/v6-m/nofp/libcr_semihost_nf.a(_cr__main.o)
                              ./startup/startup_mkl46z4.o (__main)
/Applications/MCUXpressoIDE_11.7.0_9198/ide/plugins/com.nxp.mcuxpresso.tools.macosx_11.7.0.202209140929/tools/bin/../lib/gcc/arm-none-eabi/10.3.1/../../../../arm-none-eabi/lib/thumb/v6-m/nofp/libcr_semihost_nf.a(_cr_assert.o)
                              ./utilities/fsl_debug_console.o (__assertion_failed)
/Applications/MCUXpressoIDE_11.7.0_9198/ide/plugins/com.nxp.mcuxpresso.tools.macosx_11.7.0.202209140929/tools/bin/../lib/gcc/arm-none-eabi/10.3.1/../../../../arm-none-eabi/lib/thumb/v6-m/nofp/libcr_semihost_nf.a(__ciob.o)
                              /Applications/MCUXpressoIDE_11.7.0_9198/ide/plugins/com.nxp.mcuxpresso.tools.macosx_11.7.0.202209140929/tools/bin/../lib/gcc/arm-none-eabi/10.3.1/../../../../arm-none-eabi/lib/thumb/v6-m/nofp/libcr_semihost_nf.a(_cr_assert.o) (__Ciob)
/Applications/MCUXpressoIDE_11.7.0_9198/ide/plugins/com.nxp.mcuxpresso.tools.macosx_11.7.0.202209140929/tools/bin/../lib/gcc/arm-none-eabi/10.3.1/../../../../arm-none-eabi/lib/thumb/v6-m/nofp/libcr_semihost_nf.a(__sys_appexit.o)
                              /Applications/MCUXpressoIDE_11.7.0_9198/ide/plugins/com.nxp.mcuxpresso.tools.macosx_11.7.0.202209140929/tools/bin/../lib/gcc/arm-none-eabi/10.3.1/../../../../arm-none-eabi/lib/thumb/v6-m/nofp/libcr_semihost_nf.a(_cr_assert.o) (__sys_appexit)
/Applications/MCUXpressoIDE_11.7.0_9198/ide/plugins/com.nxp.mcuxpresso.tools.macosx_11.7.0.202209140929/tools/bin/../lib/gcc/arm-none-eabi/10.3.1/../../../../arm-none-eabi/lib/thumb/v6-m/nofp/libcr_c.a(memcpy.o)
                              ./drivers/fsl_ftfx_cache.o (memcpy)
/Applications/MCUXpressoIDE_11.7.0_9198/ide/plugins/com.nxp.mcuxpresso.tools.macosx_11.7.0.202209140929/tools/bin/../lib/gcc/arm-none-eabi/10.3.1/../../../../arm-none-eabi/lib/thumb/v6-m/nofp/libcr_c.a(memset.o)
                              ./source/mma8451.o (memset)
/Applications/MCUXpressoIDE_11.7.0_9198/ide/plugins/com.nxp.mcuxpresso.tools.macosx_11.7.0.202209140929/tools/bin/../lib/gcc/arm-none-eabi/10.3.1/../../../../arm-none-eabi/lib/thumb/v6-m/nofp/libcr_c.a(_deferredlazyseek.o)
                              /Applications/MCUXpressoIDE_11.7.0_9198/ide/plugins/com.nxp.mcuxpresso.tools.macosx_11.7.0.202209140929/tools/bin/../lib/gcc/arm-none-eabi/10.3.1/../../../../arm-none-eabi/lib/thumb/v6-m/nofp/libcr_semihost_nf.a(_cr_assert.o) (__flsbuf)
/Applications/MCUXpressoIDE_11.7.0_9198/ide/plugins/com.nxp.mcuxpresso.tools.macosx_11.7.0.202209140929/tools/bin/../lib/gcc/arm-none-eabi/10.3.1/../../../../arm-none-eabi/lib/thumb/v6-m/nofp/libcr_c.a(_fflush.o)
                              /Applications/MCUXpressoIDE_11.7.0_9198/ide/plugins/com.nxp.mcuxpresso.tools.macosx_11.7.0.202209140929/tools/bin/../lib/gcc/arm-none-eabi/10.3.1/../../../../arm-none-eabi/lib/thumb/v6-m/nofp/libcr_c.a(_deferredlazyseek.o) (_fflush)
/Applications/MCUXpressoIDE_11.7.0_9198/ide/plugins/com.nxp.mcuxpresso.tools.macosx_11.7.0.202209140929/tools/bin/../lib/gcc/arm-none-eabi/10.3.1/../../../../arm-none-eabi/lib/thumb/v6-m/nofp/libcr_c.a(_writebuf.o)
                              /Applications/MCUXpressoIDE_11.7.0_9198/ide/plugins/com.nxp.mcuxpresso.tools.macosx_11.7.0.202209140929/tools/bin/../lib/gcc/arm-none-eabi/10.3.1/../../../../arm-none-eabi/lib/thumb/v6-m/nofp/libcr_c.a(_deferredlazyseek.o) (_Cwritebuf)
/Applications/MCUXpressoIDE_11.7.0_9198/ide/plugins/com.nxp.mcuxpresso.tools.macosx_11.7.0.202209140929/tools/bin/../lib/gcc/arm-none-eabi/10.3.1/../../../../arm-none-eabi/lib/thumb/v6-m/nofp/libcr_c.a(alloc.o)
                              ./source/ringBuffer.o (malloc)
/Applications/MCUXpressoIDE_11.7.0_9198/ide/plugins/com.nxp.mcuxpresso.tools.macosx_11.7.0.202209140929/tools/bin/../lib/gcc/arm-none-eabi/10.3.1/../../../../arm-none-eabi/lib/thumb/v6-m/nofp/libcr_c.a(fpprintf.o)
                              ./source/enviarAccContinuo.o (sprintf)
/Applications/MCUXpressoIDE_11.7.0_9198/ide/plugins/com.nxp.mcuxpresso.tools.macosx_11.7.0.202209140929/tools/bin/../lib/gcc/arm-none-eabi/10.3.1/../../../../arm-none-eabi/lib/thumb/v6-m/nofp/libcr_c.a(fputs.o)
                              /Applications/MCUXpressoIDE_11.7.0_9198/ide/plugins/com.nxp.mcuxpresso.tools.macosx_11.7.0.202209140929/tools/bin/../lib/gcc/arm-none-eabi/10.3.1/../../../../arm-none-eabi/lib/thumb/v6-m/nofp/libcr_semihost_nf.a(_cr_assert.o) (fputs)
/Applications/MCUXpressoIDE_11.7.0_9198/ide/plugins/com.nxp.mcuxpresso.tools.macosx_11.7.0.202209140929/tools/bin/../lib/gcc/arm-none-eabi/10.3.1/../../../../arm-none-eabi/lib/thumb/v6-m/nofp/libcr_c.a(fseek.o)
[...]
Memory Configuration

Name             Origin             Length             Attributes
PROGRAM_FLASH    0x0000000000000000 0x0000000000040000 xr
SRAM             0x000000001fffe000 0x0000000000008000 xrw
*default*        0x0000000000000000 0xffffffffffffffff

Linker script and memory map

LOAD ./utilities/fsl_assert.o
LOAD ./utilities/fsl_debug_console.o
LOAD ./utilities/fsl_io.o
LOAD ./utilities/fsl_log.o
LOAD ./utilities/fsl_str.o
LOAD ./startup/startup_mkl46z4.o
LOAD ./source/SD2_I2C.o
LOAD ./source/SD2_board.o
LOAD ./source/enviarAccContinuo.o
LOAD ./source/main.o
LOAD ./source/mefRecTrama.o
LOAD ./source/mma8451.o
LOAD ./source/mtb.o
LOAD ./source/procTrama.o
LOAD ./source/ringBuffer.o
LOAD ./source/semihost_hardfault.o
LOAD ./source/uart_ringBufer.o
LOAD ./drivers/fsl_clock.o
LOAD ./drivers/fsl_common.o
LOAD ./drivers/fsl_ftfx_cache.o
LOAD ./drivers/fsl_ftfx_controller.o
LOAD ./drivers/fsl_ftfx_flash.o
LOAD ./drivers/fsl_ftfx_flexnvm.o
LOAD ./drivers/fsl_gpio.o
LOAD ./drivers/fsl_i2c.o
LOAD ./drivers/fsl_lpsci.o
LOAD ./drivers/fsl_smc.o
LOAD ./drivers/fsl_uart.o
LOAD ./board/src/board.o
LOAD ./board/src/clock_config.o
LOAD ./board/peripherals.o
LOAD ./board/pin_mux.o
LOAD ./CMSIS/system_MKL46Z4.o
START GROUP
LOAD /Applications/MCUXpressoIDE_11.7.0_9198/ide/plugins/com.nxp.mcuxpresso.tools.macosx_11.7.0.202209140929/tools/bin/../lib/gcc/arm-none-eabi/10.3.1/../../../../arm-none-eabi/lib/thumb/v6-m/nofp/libcr_semihost_nf.a
LOAD /Applications/MCUXpressoIDE_11.7.0_9198/ide/plugins/com.nxp.mcuxpresso.tools.macosx_11.7.0.202209140929/tools/bin/../lib/gcc/arm-none-eabi/10.3.1/../../../../arm-none-eabi/lib/thumb/v6-m/nofp/libcr_c.a
LOAD /Applications/MCUXpressoIDE_11.7.0_9198/ide/plugins/com.nxp.mcuxpresso.tools.macosx_11.7.0.202209140929/tools/bin/../lib/gcc/arm-none-eabi/10.3.1/thumb/v6-m/nofp/libcr_eabihelpers.a
LOAD /Applications/MCUXpressoIDE_11.7.0_9198/ide/plugins/com.nxp.mcuxpresso.tools.macosx_11.7.0.202209140929/tools/bin/../lib/gcc/arm-none-eabi/10.3.1/thumb/v6-m/nofp/libgcc.a
END GROUP
                0x0000000000000000                __base_PROGRAM_FLASH = 0x0
                0x0000000000000000                __base_Flash = 0x0
                0x0000000000040000                __top_PROGRAM_FLASH = 0x40000
                0x0000000000040000                __top_Flash = 0x40000
                0x000000001fffe000                __base_SRAM = 0x1fffe000
                0x000000001fffe000                __base_RAM = 0x1fffe000
                0x0000000020006000                __top_SRAM = 0x20006000
                0x0000000020006000                __top_RAM = 0x20006000

.text           0x0000000000000000     0x68d8
 FILL mask 0xff
                0x0000000000000000                __vectors_start__ = ABSOLUTE (.)
 *(SORT_BY_ALIGNMENT(.isr_vector))
 .isr_vector    0x0000000000000000       0xc0 ./startup/startup_mkl46z4.o
                0x0000000000000000                __Vectors
                0x0000000000000000                g_pfnVectors
                0x00000000000000c0                . = ALIGN (0x4)
                0x00000000000000c0                __section_table_start = .
                0x00000000000000c0                __data_section_table = .
                0x00000000000000c0        0x4 LONG 0x68d8 LOADADDR (.data)
                0x00000000000000c4        0x4 LONG 0x1fffe080 ADDR (.data)
                0x00000000000000c8        0x4 LONG 0xc SIZEOF (.data)
                0x00000000000000cc                __data_section_table_end = .
                0x00000000000000cc                __bss_section_table = .
                0x00000000000000cc        0x4 LONG 0x1fffe08c ADDR (.bss)
                0x00000000000000d0        0x4 LONG 0x110 SIZEOF (.bss)
                0x00000000000000d4                __bss_section_table_end = .
                0x00000000000000d4                __section_table_end = .
 *(SORT_BY_ALIGNMENT(.after_vectors*))
 .after_vectors.reset
                0x00000000000000d4       0x4c ./startup/startup_mkl46z4.o
                0x00000000000000d4                ResetISR
 .after_vectors.init_data
                0x0000000000000120       0x12 ./startup/startup_mkl46z4.o
                0x0000000000000120                data_init
 .after_vectors.init_bss
                0x0000000000000132       0x10 ./startup/startup_mkl46z4.o
                0x0000000000000132                bss_init
 .after_vectors
                0x0000000000000142      0x10c ./startup/startup_mkl46z4.o
                0x0000000000000142                NMI_Handler
                0x0000000000000146                SVC_Handler
                0x0000000000000148                PendSV_Handler
                0x000000000000014c                LPTMR0_DriverIRQHandler
                0x000000000000014c                PORTC_PORTD_DriverIRQHandler
                0x000000000000014c                DMA2_DriverIRQHandler
                0x000000000000014c                I2S0_DriverIRQHandler
                0x000000000000014c                CMP0_DriverIRQHandler
                0x000000000000014c                DMA3_DriverIRQHandler
                0x000000000000014c                DMA0_DriverIRQHandler
                0x000000000000014c                SPI1_DriverIRQHandler
                0x000000000000014c                TPM1_DriverIRQHandler
                0x000000000000014c                Reserved20_DriverIRQHandler
                0x000000000000014c                PORTA_DriverIRQHandler
                0x000000000000014c                TPM2_DriverIRQHandler
                0x000000000000014c                ADC0_DriverIRQHandler
                0x000000000000014c                SPI0_DriverIRQHandler
                0x000000000000014c                TSI0_DriverIRQHandler
                0x000000000000014c                RTC_Seconds_DriverIRQHandler
                0x000000000000014c                PIT_DriverIRQHandler
                0x000000000000014c                LLWU_DriverIRQHandler
                0x000000000000014c                MCG_DriverIRQHandler
                0x000000000000014c                DMA1_DriverIRQHandler
                0x000000000000014c                FTFA_DriverIRQHandler
                0x000000000000014c                IntDefaultHandler
                0x000000000000014c                USB0_DriverIRQHandler
                0x000000000000014c                DAC0_DriverIRQHandler
                0x000000000000014c                LVD_LVW_DriverIRQHandler
                0x000000000000014c                TPM0_DriverIRQHandler
                0x000000000000014c                LCD_DriverIRQHandler
                0x000000000000014c                RTC_DriverIRQHandler
                0x000000000000014e                DMA0_IRQHandler
                0x0000000000000156                DMA1_IRQHandler
                0x000000000000015e                DMA2_IRQHandler
                0x0000000000000166                DMA3_IRQHandler
                0x000000000000016e                Reserved20_IRQHandler
                0x0000000000000176                FTFA_IRQHandler
                0x000000000000017e                LVD_LVW_IRQHandler
                0x0000000000000186                LLWU_IRQHandler
                0x000000000000018e                I2C0_IRQHandler
                0x0000000000000196                I2C1_IRQHandler
                0x000000000000019e                SPI0_IRQHandler
                0x00000000000001a6                SPI1_IRQHandler
                0x00000000000001b6                UART1_IRQHandler
                0x00000000000001be                UART2_IRQHandler
                0x00000000000001c6                ADC0_IRQHandler
                0x00000000000001ce                CMP0_IRQHandler
                0x00000000000001d6                TPM0_IRQHandler
                0x00000000000001de                TPM1_IRQHandler
                0x00000000000001e6                TPM2_IRQHandler
                0x00000000000001ee                RTC_IRQHandler
                0x00000000000001f6                RTC_Seconds_IRQHandler
                0x00000000000001fe                PIT_IRQHandler
                0x0000000000000206                I2S0_IRQHandler
                0x000000000000020e                USB0_IRQHandler
                0x0000000000000216                DAC0_IRQHandler
                0x000000000000021e                TSI0_IRQHandler
                0x0000000000000226                MCG_IRQHandler
                0x000000000000022e                LPTMR0_IRQHandler
                0x0000000000000236                LCD_IRQHandler
                0x000000000000023e                PORTA_IRQHandler
                0x0000000000000400                . = 0x400
 *fill*         0x000000000000024e      0x1b2 ff
                0x0000000000000400                PROVIDE (__FLASH_CONFIG_START__ = .)
 *(SORT_BY_ALIGNMENT(.FlashConfig))
 .FlashConfig   0x0000000000000400       0x10 ./startup/startup_mkl46z4.o
                0x0000000000000400                Flash_Config
                0x0000000000000410                PROVIDE (__FLASH_CONFIG_END__ = .)
                0x0000000000000001                ASSERT (! ((__FLASH_CONFIG_START__ == __FLASH_CONFIG_END__)), Linker Flash Config Support Enabled, but no .FlashConfig section provided within application)
 *(SORT_BY_ALIGNMENT(.text*))
 .text.CLOCK_EnableClock
                0x0000000000000410       0x34 ./source/SD2_I2C.o
 .text.PORT_SetPinConfig
                0x0000000000000444       0x38 ./source/SD2_I2C.o
 .text.I2C_releaseBus
                0x000000000000047c      0x124 ./source/SD2_I2C.o
 .text.I2C_configPins
                0x00000000000005a0       0x80 ./source/SD2_I2C.o
 .text.SD2_I2C_init
                0x0000000000000620       0x44 ./source/SD2_I2C.o
                0x0000000000000620                SD2_I2C_init
 .text.CLOCK_EnableClock
                0x0000000000000664       0x34 ./source/SD2_board.o
 .text.PORT_SetPinConfig
                0x0000000000000698       0x38 ./source/SD2_board.o
 .text.board_init
                0x00000000000006d0      0x180 ./source/SD2_board.o
                0x00000000000006d0                board_init
 .text.board_setLed
                0x0000000000000850       0xd8 ./source/SD2_board.o
                0x0000000000000850                board_setLed
 .text.board_getSw
                0x0000000000000928       0x50 ./source/SD2_board.o
                0x0000000000000928                board_getSw
 .text.enviarAccContinuo_1ms
                0x0000000000000978       0x20 ./source/enviarAccContinuo.o
                0x0000000000000978                enviarAccContinuo_1ms
 .text.__NVIC_SetPriority
                0x0000000000000998       0xdc ./source/main.o
 .text.SysTick_Config
                0x0000000000000a74       0x48 ./source/main.o
 .text.main     0x0000000000000abc       0x34 ./source/main.o
                0x0000000000000abc                main
 .text.mefRecTrama_task
                0x0000000000000af0       0xd0 ./source/mefRecTrama.o
                0x0000000000000af0                mefRecTrama_task
 .text.__NVIC_EnableIRQ
                0x0000000000000bc0       0x34 ./source/mma8451.o
 .text.__NVIC_SetPriority
                0x0000000000000bf4       0xdc ./source/mma8451.o
 .text.PORT_SetPinConfig
                0x0000000000000cd0       0x38 ./source/mma8451.o
 .text.PORT_SetPinInterruptConfig
                0x0000000000000d08       0x40 ./source/mma8451.o
 .text.mma8451_read_reg
                0x0000000000000d48       0x68 ./source/mma8451.o
 .text.mma8451_read_multireg
                0x0000000000000db0       0x68 ./source/mma8451.o
 .text.mma8451_write_reg
                0x0000000000000e18       0x68 ./source/mma8451.o
 .text.config_port_int1
                0x0000000000000e80       0x74 ./source/mma8451.o
 .text.mma8451_getAcX
                0x0000000000000ef4       0x2c ./source/mma8451.o
                0x0000000000000ef4                mma8451_getAcX
 .text.mma8451_getAcY
                0x0000000000000f20       0x2c ./source/mma8451.o
                0x0000000000000f20                mma8451_getAcY
 .text.mma8451_getAcZ
                0x0000000000000f4c       0x2c ./source/mma8451.o
                0x0000000000000f4c                mma8451_getAcZ
 .text.PORTC_PORTD_IRQHandler
                0x0000000000000f78      0x11c ./source/mma8451.o
                0x0000000000000f78                PORTC_PORTD_IRQHandler
 .text.procLed  0x0000000000001094       0xb8 ./source/procTrama.o
 .text.procSw   0x000000000000114c       0xbc ./source/procTrama.o
 .text.procAcc  0x0000000000001208       0xf8 ./source/procTrama.o
 .text.HardFault_Handler
                0x0000000000001300       0x30 ./source/semihost_hardfault.o
                0x0000000000001300                HardFault_Handler
 .text.__NVIC_EnableIRQ
                0x0000000000001330       0x34 ./source/uart_ringBufer.o
 .text.__NVIC_DisableIRQ
                0x0000000000001364       0x44 ./source/uart_ringBufer.o
 .text.CLOCK_SetLpsci0Clock
                0x00000000000013a8       0x38 ./source/uart_ringBufer.o
 .text.PORT_SetPinMux
                0x00000000000013e0       0x40 ./source/uart_ringBufer.o
 .text.uart_ringBuffer_init
                0x0000000000001420       0xb0 ./source/uart_ringBufer.o
                0x0000000000001420                uart_ringBuffer_init
 .text.uart_ringBuffer_recDatos
                0x00000000000014d0       0x6c ./source/uart_ringBufer.o
                0x00000000000014d0                uart_ringBuffer_recDatos
 .text.uart_ringBuffer_envDatos
                0x000000000000153c       0x84 ./source/uart_ringBufer.o
                0x000000000000153c                uart_ringBuffer_envDatos
 .text.UART0_IRQHandler
                0x00000000000015c0       0xc4 ./source/uart_ringBufer.o
                0x00000000000015c0                UART0_IRQHandler
 .text.CLOCK_SetEr32kClock
                0x0000000000001684       0x34 ./drivers/fsl_clock.o
 .text.CLOCK_SetPllFllSelClock
                0x00000000000016b8       0x38 ./drivers/fsl_clock.o
 .text.CLOCK_GetMcgExtClkFreq
                0x00000000000016f0       0x28 ./drivers/fsl_clock.o
 .text.CLOCK_GetFllExtRefClkFreq
                0x0000000000001718       0xa8 ./drivers/fsl_clock.o
 .text.CLOCK_GetInternalRefClkSelectFreq
                0x00000000000017c0       0x40 ./drivers/fsl_clock.o
 .text.CLOCK_GetFllRefClkFreq
                0x0000000000001800       0x2c ./drivers/fsl_clock.o
 .text.CLOCK_GetOscRangeFromFreq
                0x000000000000182c       0x4c ./drivers/fsl_clock.o
 .text.CLOCK_GetOsc0ErClkFreq
                0x0000000000001878       0x3c ./drivers/fsl_clock.o
                0x0000000000001878                CLOCK_GetOsc0ErClkFreq
 .text.CLOCK_GetEr32kClkFreq
                0x00000000000018b4       0x78 ./drivers/fsl_clock.o
                0x00000000000018b4                CLOCK_GetEr32kClkFreq
 .text.CLOCK_GetPllFllSelClkFreq
                0x000000000000192c       0x4c ./drivers/fsl_clock.o
                0x000000000000192c                CLOCK_GetPllFllSelClkFreq
 .text.CLOCK_GetFreq
                0x0000000000001978       0xe0 ./drivers/fsl_clock.o
                0x0000000000001978                CLOCK_GetFreq
 .text.CLOCK_SetSimConfig
                0x0000000000001a58       0x38 ./drivers/fsl_clock.o
                0x0000000000001a58                CLOCK_SetSimConfig
 .text.CLOCK_GetOutClkFreq
                0x0000000000001a90       0x78 ./drivers/fsl_clock.o
                0x0000000000001a90                CLOCK_GetOutClkFreq
 .text.CLOCK_GetFllFreq
                0x0000000000001b08       0x84 ./drivers/fsl_clock.o
                0x0000000000001b08                CLOCK_GetFllFreq
 .text.CLOCK_GetInternalRefClkFreq
                0x0000000000001b8c       0x28 ./drivers/fsl_clock.o
                0x0000000000001b8c                CLOCK_GetInternalRefClkFreq
 .text.CLOCK_GetPll0Freq
                0x0000000000001bb4       0x70 ./drivers/fsl_clock.o
                0x0000000000001bb4                CLOCK_GetPll0Freq
 .text.CLOCK_SetInternalRefClkConfig
                0x0000000000001c24      0x124 ./drivers/fsl_clock.o
                0x0000000000001c24                CLOCK_SetInternalRefClkConfig
 .text.CLOCK_EnablePll0
                0x0000000000001d48       0x94 ./drivers/fsl_clock.o
                0x0000000000001d48                CLOCK_EnablePll0
 .text.CLOCK_InitOsc0
                0x0000000000001ddc       0x94 ./drivers/fsl_clock.o
                0x0000000000001ddc                CLOCK_InitOsc0
 .text.CLOCK_SetPbeMode
                0x0000000000001e70       0xb0 ./drivers/fsl_clock.o
                0x0000000000001e70                CLOCK_SetPbeMode
 .text.CLOCK_BootToPeeMode
                0x0000000000001f20       0x70 ./drivers/fsl_clock.o
                0x0000000000001f20                CLOCK_BootToPeeMode
 .text.GPIO_PinInit
                0x0000000000001f90       0x64 ./drivers/fsl_gpio.o
                0x0000000000001f90                GPIO_PinInit
 .text.CLOCK_EnableClock
                0x0000000000001ff4       0x34 ./drivers/fsl_i2c.o
 .text.I2C_GetInstance
                0x0000000000002028       0x4c ./drivers/fsl_i2c.o
                0x0000000000002028                I2C_GetInstance
 .text.I2C_CheckAndClearError
                0x0000000000002074       0x40 ./drivers/fsl_i2c.o
 .text.I2C_TransferCommonIRQHandler
                0x00000000000020b4       0x58 ./drivers/fsl_i2c.o
 .text.I2C_MasterInit
                0x000000000000210c       0xfc ./drivers/fsl_i2c.o
                0x000000000000210c                I2C_MasterInit
 .text.I2C_MasterGetDefaultConfig
                0x0000000000002208       0x40 ./drivers/fsl_i2c.o
                0x0000000000002208                I2C_MasterGetDefaultConfig
 .text.I2C_MasterSetBaudRate
                0x0000000000002248       0xf0 ./drivers/fsl_i2c.o
                0x0000000000002248                I2C_MasterSetBaudRate
 .text.I2C_MasterStart
                0x0000000000002338       0x74 ./drivers/fsl_i2c.o
                0x0000000000002338                I2C_MasterStart
 .text.I2C_MasterRepeatedStart
                0x00000000000023ac       0xbc ./drivers/fsl_i2c.o
                0x00000000000023ac                I2C_MasterRepeatedStart
 .text.I2C_MasterWriteBlocking
                0x0000000000002468       0xec ./drivers/fsl_i2c.o
                0x0000000000002468                I2C_MasterWriteBlocking
 .text.I2C_MasterTransferBlocking
                0x0000000000002554      0x24c ./drivers/fsl_i2c.o
                0x0000000000002554                I2C_MasterTransferBlocking
 .text.I2C0_DriverIRQHandler
                0x00000000000027a0       0x20 ./drivers/fsl_i2c.o
                0x00000000000027a0                I2C0_DriverIRQHandler
 .text.I2C1_DriverIRQHandler
                0x00000000000027c0       0x20 ./drivers/fsl_i2c.o
                0x00000000000027c0                I2C1_DriverIRQHandler
 .text.CLOCK_EnableClock
                0x00000000000027e0       0x34 ./drivers/fsl_lpsci.o
 .text.LPSCI_GetInstance
                0x0000000000002814       0x48 ./drivers/fsl_lpsci.o
                0x0000000000002814                LPSCI_GetInstance
 .text.LPSCI_Init
                0x000000000000285c      0x270 ./drivers/fsl_lpsci.o
                0x000000000000285c                LPSCI_Init
 .text.LPSCI_GetDefaultConfig
                0x0000000000002acc       0x48 ./drivers/fsl_lpsci.o
                0x0000000000002acc                LPSCI_GetDefaultConfig
 .text.LPSCI_EnableInterrupts
                0x0000000000002b14       0x58 ./drivers/fsl_lpsci.o
                0x0000000000002b14                LPSCI_EnableInterrupts
 .text.LPSCI_DisableInterrupts
                0x0000000000002b6c       0x64 ./drivers/fsl_lpsci.o
                0x0000000000002b6c                LPSCI_DisableInterrupts
 .text.LPSCI_GetEnabledInterrupts
                0x0000000000002bd0       0x38 ./drivers/fsl_lpsci.o
                0x0000000000002bd0                LPSCI_GetEnabledInterrupts
 .text.LPSCI_ClearStatusFlags
                0x0000000000002c08       0x94 ./drivers/fsl_lpsci.o
                0x0000000000002c08                LPSCI_ClearStatusFlags
 .text.UART0_DriverIRQHandler
                0x0000000000002c9c       0x24 ./drivers/fsl_lpsci.o
                0x0000000000002c9c                UART0_DriverIRQHandler
 .text.UART1_DriverIRQHandler
                0x0000000000002cc0       0x24 ./drivers/fsl_uart.o
                0x0000000000002cc0                UART1_DriverIRQHandler
 .text.UART2_DriverIRQHandler
                0x0000000000002ce4       0x24 ./drivers/fsl_uart.o
                0x0000000000002ce4                UART2_DriverIRQHandler
 .text.CLOCK_SetSimSafeDivs
                0x0000000000002d08       0x20 ./board/src/clock_config.o
 .text.CLOCK_SetXtal0Freq
                0x0000000000002d28       0x1c ./board/src/clock_config.o
 .text.CLOCK_CONFIG_SetFllExtRefDiv
                0x0000000000002d44       0x3c ./board/src/clock_config.o
 .text.BOARD_BootClockRUN
                0x0000000000002d80       0x64 ./board/src/clock_config.o
                0x0000000000002d80                BOARD_BootClockRUN
 .text.SystemInit
                0x0000000000002de4       0x1c ./CMSIS/system_MKL46Z4.o
                0x0000000000002de4                SystemInit
 .text.__assertion_failed
                0x0000000000002e00       0x4c /Applications/MCUXpressoIDE_11.7.0_9198/ide/plugins/com.nxp.mcuxpresso.tools.macosx_11.7.0.202209140929/tools/bin/../lib/gcc/arm-none-eabi/10.3.1/../../../../arm-none-eabi/lib/thumb/v6-m/nofp/libcr_semihost_nf.a(_cr_assert.o)
                0x0000000000002e00                __assertion_failed
 .text.__sys_appexit
                0x0000000000002e4c        0xc /Applications/MCUXpressoIDE_11.7.0_9198/ide/plugins/com.nxp.mcuxpresso.tools.macosx_11.7.0.202209140929/tools/bin/../lib/gcc/arm-none-eabi/10.3.1/../../../../arm-none-eabi/lib/thumb/v6-m/nofp/libcr_semihost_nf.a(__sys_appexit.o)
                0x0000000000002e4c                __exit
                0x0000000000002e4c                __sys_appexit
 .text._deferredlazyseek
                0x0000000000002e58       0x40 /Applications/MCUXpressoIDE_11.7.0_9198/ide/plugins/com.nxp.mcuxpresso.tools.macosx_11.7.0.202209140929/tools/bin/../lib/gcc/arm-none-eabi/10.3.1/../../../../arm-none-eabi/lib/thumb/v6-m/nofp/libcr_c.a(_deferredlazyseek.o)
                0x0000000000002e58                _deferredlazyseek
 .text.__flsbuf
                0x0000000000002e98      0x150 /Applications/MCUXpressoIDE_11.7.0_9198/ide/plugins/com.nxp.mcuxpresso.tools.macosx_11.7.0.202209140929/tools/bin/../lib/gcc/arm-none-eabi/10.3.1/../../../../arm-none-eabi/lib/thumb/v6-m/nofp/libcr_c.a(_deferredlazyseek.o)
                0x0000000000002e98                __flsbuf
 .text._fflush  0x0000000000002fe8       0x60 /Applications/MCUXpressoIDE_11.7.0_9198/ide/plugins/com.nxp.mcuxpresso.tools.macosx_11.7.0.202209140929/tools/bin/../lib/gcc/arm-none-eabi/10.3.1/../../../../arm-none-eabi/lib/thumb/v6-m/nofp/libcr_c.a(_fflush.o)
                0x0000000000002fe8                _fflush
 .text._Cwritebuf
                0x0000000000003048       0x68 /Applications/MCUXpressoIDE_11.7.0_9198/ide/plugins/com.nxp.mcuxpresso.tools.macosx_11.7.0.202209140929/tools/bin/../lib/gcc/arm-none-eabi/10.3.1/../../../../arm-none-eabi/lib/thumb/v6-m/nofp/libcr_c.a(_writebuf.o)
                0x0000000000003048                _Cwritebuf
 .text.malloc   0x00000000000030b0       0xcc /Applications/MCUXpressoIDE_11.7.0_9198/ide/plugins/com.nxp.mcuxpresso.tools.macosx_11.7.0.202209140929/tools/bin/../lib/gcc/arm-none-eabi/10.3.1/../../../../arm-none-eabi/lib/thumb/v6-m/nofp/libcr_c.a(alloc.o)
                0x00000000000030b0                malloc
 .text._Csys_alloc
                0x000000000000317c       0x20 /Applications/MCUXpressoIDE_11.7.0_9198/ide/plugins/com.nxp.mcuxpresso.tools.macosx_11.7.0.202209140929/tools/bin/../lib/gcc/arm-none-eabi/10.3.1/../../../../arm-none-eabi/lib/thumb/v6-m/nofp/libcr_c.a(alloc.o)
                0x000000000000317c                _Csys_alloc
 .text.sprintf  0x000000000000319c       0x6c /Applications/MCUXpressoIDE_11.7.0_9198/ide/plugins/com.nxp.mcuxpresso.tools.macosx_11.7.0.202209140929/tools/bin/../lib/gcc/arm-none-eabi/10.3.1/../../../../arm-none-eabi/lib/thumb/v6-m/nofp/libcr_c.a(fpprintf.o)
                0x000000000000319c                sprintf
 .text.fp_display
                0x0000000000003208      0x97c /Applications/MCUXpressoIDE_11.7.0_9198/ide/plugins/com.nxp.mcuxpresso.tools.macosx_11.7.0.202209140929/tools/bin/../lib/gcc/arm-none-eabi/10.3.1/../../../../arm-none-eabi/lib/thumb/v6-m/nofp/libcr_c.a(fpprintf.o)
 .text.fseek    0x0000000000003b84       0xf0 /Applications/MCUXpressoIDE_11.7.0_9198/ide/plugins/com.nxp.mcuxpresso.tools.macosx_11.7.0.202209140929/tools/bin/../lib/gcc/arm-none-eabi/10.3.1/../../../../arm-none-eabi/lib/thumb/v6-m/nofp/libcr_c.a(fseek.o)
                0x0000000000003b84                fseek
 .text.ftell    0x0000000000003c74       0x48 /Applications/MCUXpressoIDE_11.7.0_9198/ide/plugins/com.nxp.mcuxpresso.tools.macosx_11.7.0.202209140929/tools/bin/../lib/gcc/arm-none-eabi/10.3.1/../../../../arm-none-eabi/lib/thumb/v6-m/nofp/libcr_c.a(ftell.o)
                0x0000000000003c74                ftell
 .text._initio  0x0000000000003cbc       0x7c /Applications/MCUXpressoIDE_11.7.0_9198/ide/plugins/com.nxp.mcuxpresso.tools.macosx_11.7.0.202209140929/tools/bin/../lib/gcc/arm-none-eabi/10.3.1/../../../../arm-none-eabi/lib/thumb/v6-m/nofp/libcr_c.a(initio.o)
                0x0000000000003cbc                _initio
 .text.__vfprintf
                0x0000000000003d38      0xd40 /Applications/MCUXpressoIDE_11.7.0_9198/ide/plugins/com.nxp.mcuxpresso.tools.macosx_11.7.0.202209140929/tools/bin/../lib/gcc/arm-none-eabi/10.3.1/../../../../arm-none-eabi/lib/thumb/v6-m/nofp/libcr_c.a(printf.o)
                0x0000000000003d38                __vfprintf
 .text.ch_val   0x0000000000004a78       0x30 /Applications/MCUXpressoIDE_11.7.0_9198/ide/plugins/com.nxp.mcuxpresso.tools.macosx_11.7.0.202209140929/tools/bin/../lib/gcc/arm-none-eabi/10.3.1/../../../../arm-none-eabi/lib/thumb/v6-m/nofp/libcr_c.a(scanf.o)
 .text._strtoul
                0x0000000000004aa8       0xcc /Applications/MCUXpressoIDE_11.7.0_9198/ide/plugins/com.nxp.mcuxpresso.tools.macosx_11.7.0.202209140929/tools/bin/../lib/gcc/arm-none-eabi/10.3.1/../../../../arm-none-eabi/lib/thumb/v6-m/nofp/libcr_c.a(scanf.o)
 .text.strtol   0x0000000000004b74       0x8c /Applications/MCUXpressoIDE_11.7.0_9198/ide/plugins/com.nxp.mcuxpresso.tools.macosx_11.7.0.202209140929/tools/bin/../lib/gcc/arm-none-eabi/10.3.1/../../../../arm-none-eabi/lib/thumb/v6-m/nofp/libcr_c.a(scanf.o)
                0x0000000000004b74                strtol
 .text.setvbuf  0x0000000000004c00       0x4c /Applications/MCUXpressoIDE_11.7.0_9198/ide/plugins/com.nxp.mcuxpresso.tools.macosx_11.7.0.202209140929/tools/bin/../lib/gcc/arm-none-eabi/10.3.1/../../../../arm-none-eabi/lib/thumb/v6-m/nofp/libcr_c.a(setvbuf.o)
                0x0000000000004c00                setvbuf
 .text.strlen   0x0000000000004c4c       0x58 /Applications/MCUXpressoIDE_11.7.0_9198/ide/plugins/com.nxp.mcuxpresso.tools.macosx_11.7.0.202209140929/tools/bin/../lib/gcc/arm-none-eabi/10.3.1/../../../../arm-none-eabi/lib/thumb/v6-m/nofp/libcr_c.a(strlen.o)
                0x0000000000004c4c                strlen
 .text._sbrk    0x0000000000004ca4       0x44 /Applications/MCUXpressoIDE_11.7.0_9198/ide/plugins/com.nxp.mcuxpresso.tools.macosx_11.7.0.202209140929/tools/bin/../lib/gcc/arm-none-eabi/10.3.1/../../../../arm-none-eabi/lib/thumb/v6-m/nofp/libcr_c.a(_cr_sbrk.o)
                0x0000000000004ca4                _sbrk
 .text._fdopen  0x0000000000004ce8       0x74 /Applications/MCUXpressoIDE_11.7.0_9198/ide/plugins/com.nxp.mcuxpresso.tools.macosx_11.7.0.202209140929/tools/bin/../lib/gcc/arm-none-eabi/10.3.1/../../../../arm-none-eabi/lib/thumb/v6-m/nofp/libcr_c.a(_fdopen.o)
                0x0000000000004ce8                _fdopen
 .text._frexpl  0x0000000000004d5c       0x80 /Applications/MCUXpressoIDE_11.7.0_9198/ide/plugins/com.nxp.mcuxpresso.tools.macosx_11.7.0.202209140929/tools/bin/../lib/gcc/arm-none-eabi/10.3.1/../../../../arm-none-eabi/lib/thumb/v6-m/nofp/libcr_c.a(_frexpl.o)
                0x0000000000004d5c                _frexpl
 .text._ldexpl  0x0000000000004ddc       0x58 /Applications/MCUXpressoIDE_11.7.0_9198/ide/plugins/com.nxp.mcuxpresso.tools.macosx_11.7.0.202209140929/tools/bin/../lib/gcc/arm-none-eabi/10.3.1/../../../../arm-none-eabi/lib/thumb/v6-m/nofp/libcr_c.a(_ldexpl.o)
                0x0000000000004ddc                _ldexpl
 .text.fclose   0x0000000000004e34       0x5c /Applications/MCUXpressoIDE_11.7.0_9198/ide/plugins/com.nxp.mcuxpresso.tools.macosx_11.7.0.202209140929/tools/bin/../lib/gcc/arm-none-eabi/10.3.1/../../../../arm-none-eabi/lib/thumb/v6-m/nofp/libcr_c.a(fclose.o)
                0x0000000000004e34                fclose
 .text.fflush   0x0000000000004e90       0x44 /Applications/MCUXpressoIDE_11.7.0_9198/ide/plugins/com.nxp.mcuxpresso.tools.macosx_11.7.0.202209140929/tools/bin/../lib/gcc/arm-none-eabi/10.3.1/../../../../arm-none-eabi/lib/thumb/v6-m/nofp/libcr_c.a(fflush.o)
                0x0000000000004e90                fflush
 .text.__check_heap_overflow
                0x0000000000004ed4       0x18 /Applications/MCUXpressoIDE_11.7.0_9198/ide/plugins/com.nxp.mcuxpresso.tools.macosx_11.7.0.202209140929/tools/bin/../lib/gcc/arm-none-eabi/10.3.1/../../../../arm-none-eabi/lib/thumb/v6-m/nofp/libcr_c.a(_cr_check_heap.o)
                0x0000000000004ed4                __check_heap_overflow
 .text._do_fflush
                0x0000000000004eec       0x48 /Applications/MCUXpressoIDE_11.7.0_9198/ide/plugins/com.nxp.mcuxpresso.tools.macosx_11.7.0.202209140929/tools/bin/../lib/gcc/arm-none-eabi/10.3.1/../../../../arm-none-eabi/lib/thumb/v6-m/nofp/libcr_c.a(_do_fflush.o)
                0x0000000000004eec                _do_fflush
 .text.__aeabi_dmul
                0x0000000000004f34      0x184 /Applications/MCUXpressoIDE_11.7.0_9198/ide/plugins/com.nxp.mcuxpresso.tools.macosx_11.7.0.202209140929/tools/bin/../lib/gcc/arm-none-eabi/10.3.1/thumb/v6-m/nofp/libcr_eabihelpers.a(double.o)
                0x0000000000004f34                __aeabi_dmul
 .text.__aeabi_ddiv
                0x00000000000050b8      0x14c /Applications/MCUXpressoIDE_11.7.0_9198/ide/plugins/com.nxp.mcuxpresso.tools.macosx_11.7.0.202209140929/tools/bin/../lib/gcc/arm-none-eabi/10.3.1/thumb/v6-m/nofp/libcr_eabihelpers.a(double.o)
                0x00000000000050b8                __aeabi_ddiv
 .text.__aeabi_dsub
                0x0000000000005204      0x1c0 /Applications/MCUXpressoIDE_11.7.0_9198/ide/plugins/com.nxp.mcuxpresso.tools.macosx_11.7.0.202209140929/tools/bin/../lib/gcc/arm-none-eabi/10.3.1/thumb/v6-m/nofp/libcr_eabihelpers.a(double.o)
                0x0000000000005204                __aeabi_dsub
 .text.__aeabi_dadd
                0x00000000000053c4      0x134 /Applications/MCUXpressoIDE_11.7.0_9198/ide/plugins/com.nxp.mcuxpresso.tools.macosx_11.7.0.202209140929/tools/bin/../lib/gcc/arm-none-eabi/10.3.1/thumb/v6-m/nofp/libcr_eabihelpers.a(double.o)
                0x00000000000053c4                __aeabi_dadd
 .text.__aeabi_d2iz
                0x00000000000054f8       0x50 /Applications/MCUXpressoIDE_11.7.0_9198/ide/plugins/com.nxp.mcuxpresso.tools.macosx_11.7.0.202209140929/tools/bin/../lib/gcc/arm-none-eabi/10.3.1/thumb/v6-m/nofp/libcr_eabihelpers.a(double.o)
                0x00000000000054f8                __aeabi_d2iz
 .text.__aeabi_dcmpeq
                0x0000000000005548       0x30 /Applications/MCUXpressoIDE_11.7.0_9198/ide/plugins/com.nxp.mcuxpresso.tools.macosx_11.7.0.202209140929/tools/bin/../lib/gcc/arm-none-eabi/10.3.1/thumb/v6-m/nofp/libcr_eabihelpers.a(double.o)
                0x0000000000005548                __aeabi_dcmpeq
 .text.__aeabi_dcmplt
                0x0000000000005578       0x60 /Applications/MCUXpressoIDE_11.7.0_9198/ide/plugins/com.nxp.mcuxpresso.tools.macosx_11.7.0.202209140929/tools/bin/../lib/gcc/arm-none-eabi/10.3.1/thumb/v6-m/nofp/libcr_eabihelpers.a(double.o)
                0x0000000000005578                __aeabi_dcmplt
 .text.__aeabi_dcmple
                0x00000000000055d8       0x5c /Applications/MCUXpressoIDE_11.7.0_9198/ide/plugins/com.nxp.mcuxpresso.tools.macosx_11.7.0.202209140929/tools/bin/../lib/gcc/arm-none-eabi/10.3.1/thumb/v6-m/nofp/libcr_eabihelpers.a(double.o)
                0x00000000000055d8                __aeabi_dcmple
 .text.__aeabi_dcmpge
                0x0000000000005634       0x5c /Applications/MCUXpressoIDE_11.7.0_9198/ide/plugins/com.nxp.mcuxpresso.tools.macosx_11.7.0.202209140929/tools/bin/../lib/gcc/arm-none-eabi/10.3.1/thumb/v6-m/nofp/libcr_eabihelpers.a(double.o)
                0x0000000000005634                __aeabi_dcmpge
 .text.GPIO_PinWrite
                0x0000000000005690       0x34 ./source/SD2_I2C.o
 .text.i2c_release_bus_delay
                0x00000000000056c4       0x28 ./source/SD2_I2C.o
 .text.GPIO_PortSet
                0x00000000000056ec       0x18 ./source/SD2_board.o
 .text.GPIO_PortClear
                0x0000000000005704       0x18 ./source/SD2_board.o
 .text.GPIO_PortToggle
                0x000000000000571c       0x18 ./source/SD2_board.o
 .text.GPIO_PinRead
                0x0000000000005734       0x20 ./source/SD2_board.o
 .text.GPIO_ReadPinInput
                0x0000000000005754       0x20 ./source/SD2_board.o
 .text.SysTick_Handler
                0x0000000000005774        0xe ./source/main.o
                0x0000000000005774                SysTick_Handler
 .text.PORT_ClearPinsInterruptFlags
                0x0000000000005782       0x1a ./source/mma8451.o
 .text.mma8451_init
                0x000000000000579c      0x1a0 ./source/mma8451.o
                0x000000000000579c                mma8451_init
 .text.mma8451_setDR_int
                0x000000000000593c      0x146 ./source/mma8451.o
                0x000000000000593c                mma8451_setDR_int
 .text.accionLed
                0x0000000000005a82       0x44 ./source/procTrama.o
 .text.procTrama
                0x0000000000005ac6       0x6c ./source/procTrama.o
                0x0000000000005ac6                procTrama
 .text.ringBuffer_init
                0x0000000000005b32       0x42 ./source/ringBuffer.o
                0x0000000000005b32                ringBuffer_init
 .text.ringBuffer_putData
                0x0000000000005b74       0x90 ./source/ringBuffer.o
                0x0000000000005b74                ringBuffer_putData
 .text.ringBuffer_getData
                0x0000000000005c04       0x6c ./source/ringBuffer.o
                0x0000000000005c04                ringBuffer_getData
 .text.ringBuffer_isFull
                0x0000000000005c70       0x24 ./source/ringBuffer.o
                0x0000000000005c70                ringBuffer_isFull
 .text.ringBuffer_isEmpty
                0x0000000000005c94       0x1e ./source/ringBuffer.o
                0x0000000000005c94                ringBuffer_isEmpty
 .text.EnableIRQ
                0x0000000000005cb2       0x30 ./source/uart_ringBufer.o
 .text.LPSCI_WriteByte
                0x0000000000005ce2       0x1e ./source/uart_ringBufer.o
 .text.LPSCI_ReadByte
                0x0000000000005d00       0x16 ./source/uart_ringBufer.o
 .text.OSC_SetExtRefClkConfig
                0x0000000000005d16       0x3e ./drivers/fsl_clock.o
 .text.OSC_SetCapLoad
                0x0000000000005d54       0x42 ./drivers/fsl_clock.o
 .text.CLOCK_GetPll0RefFreq
                0x0000000000005d96       0x10 ./drivers/fsl_clock.o
 .text.CLOCK_GetFixedFreqClkFreq
                0x0000000000005da6       0x30 ./drivers/fsl_clock.o
                0x0000000000005da6                CLOCK_GetFixedFreqClkFreq
 .text.CLOCK_SetExternalRefClkConfig
                0x0000000000005dd6       0x16 ./drivers/fsl_clock.o
                0x0000000000005dd6                CLOCK_SetExternalRefClkConfig
 .text.GPIO_PinWrite
                0x0000000000005dec       0x34 ./drivers/fsl_gpio.o
 .text.GPIO_WritePinOutput
                0x0000000000005e20       0x24 ./drivers/fsl_gpio.o
 .text.I2C_MasterClearStatusFlags
                0x0000000000005e44       0x56 ./drivers/fsl_i2c.o
 .text.I2C_MasterStop
                0x0000000000005e9a       0x36 ./drivers/fsl_i2c.o
                0x0000000000005e9a                I2C_MasterStop
 .text.I2C_MasterGetStatusFlags
                0x0000000000005ed0       0x4a ./drivers/fsl_i2c.o
                0x0000000000005ed0                I2C_MasterGetStatusFlags
 .text.I2C_MasterReadBlocking
                0x0000000000005f1a       0xea ./drivers/fsl_i2c.o
                0x0000000000005f1a                I2C_MasterReadBlocking
 .text.LPSCI_GetStatusFlags
                0x0000000000006004       0x26 ./drivers/fsl_lpsci.o
                0x0000000000006004                LPSCI_GetStatusFlags
 .text.SystemInitHook
                0x000000000000602a        0xa ./CMSIS/system_MKL46Z4.o
                0x000000000000602a                SystemInitHook
 .text.__main   0x0000000000006034        0xc /Applications/MCUXpressoIDE_11.7.0_9198/ide/plugins/com.nxp.mcuxpresso.tools.macosx_11.7.0.202209140929/tools/bin/../lib/gcc/arm-none-eabi/10.3.1/../../../../arm-none-eabi/lib/thumb/v6-m/nofp/libcr_semihost_nf.a(_cr__main.o)
                0x0000000000006034                __main
                0x0000000000006034                __CR_SEMIHOST
 .text.memset   0x0000000000006040        0x8 /Applications/MCUXpressoIDE_11.7.0_9198/ide/plugins/com.nxp.mcuxpresso.tools.macosx_11.7.0.202209140929/tools/bin/../lib/gcc/arm-none-eabi/10.3.1/../../../../arm-none-eabi/lib/thumb/v6-m/nofp/libcr_c.a(memset.o)
                0x0000000000006040                memset
 .text.free     0x0000000000006048       0x2c /Applications/MCUXpressoIDE_11.7.0_9198/ide/plugins/com.nxp.mcuxpresso.tools.macosx_11.7.0.202209140929/tools/bin/../lib/gcc/arm-none-eabi/10.3.1/../../../../arm-none-eabi/lib/thumb/v6-m/nofp/libcr_c.a(alloc.o)
                0x0000000000006048                free
 .text.fp_round
                0x0000000000006074       0x4a /Applications/MCUXpressoIDE_11.7.0_9198/ide/plugins/com.nxp.mcuxpresso.tools.macosx_11.7.0.202209140929/tools/bin/../lib/gcc/arm-none-eabi/10.3.1/../../../../arm-none-eabi/lib/thumb/v6-m/nofp/libcr_c.a(fpprintf.o)
 .text.pr_dec.constprop.0
                0x00000000000060be       0x30 /Applications/MCUXpressoIDE_11.7.0_9198/ide/plugins/com.nxp.mcuxpresso.tools.macosx_11.7.0.202209140929/tools/bin/../lib/gcc/arm-none-eabi/10.3.1/../../../../arm-none-eabi/lib/thumb/v6-m/nofp/libcr_c.a(fpprintf.o)
 .text.fputs    0x00000000000060ee       0x2e /Applications/MCUXpressoIDE_11.7.0_9198/ide/plugins/com.nxp.mcuxpresso.tools.macosx_11.7.0.202209140929/tools/bin/../lib/gcc/arm-none-eabi/10.3.1/../../../../arm-none-eabi/lib/thumb/v6-m/nofp/libcr_c.a(fputs.o)
                0x00000000000060ee                fputs
 .text.abs      0x000000000000611c        0x8 /Applications/MCUXpressoIDE_11.7.0_9198/ide/plugins/com.nxp.mcuxpresso.tools.macosx_11.7.0.202209140929/tools/bin/../lib/gcc/arm-none-eabi/10.3.1/../../../../arm-none-eabi/lib/thumb/v6-m/nofp/libcr_c.a(stdlib.o)
                0x000000000000611c                abs
 .text.remove   0x0000000000006124       0x12 /Applications/MCUXpressoIDE_11.7.0_9198/ide/plugins/com.nxp.mcuxpresso.tools.macosx_11.7.0.202209140929/tools/bin/../lib/gcc/arm-none-eabi/10.3.1/../../../../arm-none-eabi/lib/thumb/v6-m/nofp/libcr_c.a(remove.o)
                0x0000000000006124                remove
 .text.__aeabi_division_idivmod
                0x0000000000006136       0x78 /Applications/MCUXpressoIDE_11.7.0_9198/ide/plugins/com.nxp.mcuxpresso.tools.macosx_11.7.0.202209140929/tools/bin/../lib/gcc/arm-none-eabi/10.3.1/thumb/v6-m/nofp/libcr_eabihelpers.a(division_32.o)
                0x0000000000006136                __aeabi_idiv
                0x0000000000006136                __aeabi_idivmod
                0x000000000000613c                __aeabi_uidiv
                0x000000000000613c                __aeabi_uidivmod
 .text.__aeabi_division_idiv0
                0x00000000000061ae        0x2 /Applications/MCUXpressoIDE_11.7.0_9198/ide/plugins/com.nxp.mcuxpresso.tools.macosx_11.7.0.202209140929/tools/bin/../lib/gcc/arm-none-eabi/10.3.1/thumb/v6-m/nofp/libcr_eabihelpers.a(division_idiv0.o)
                0x00000000000061ae                __aeabi_idiv0
 .text.__bhs_ui2d
                0x00000000000061b0       0x5e /Applications/MCUXpressoIDE_11.7.0_9198/ide/plugins/com.nxp.mcuxpresso.tools.macosx_11.7.0.202209140929/tools/bin/../lib/gcc/arm-none-eabi/10.3.1/thumb/v6-m/nofp/libcr_eabihelpers.a(double.o)
                0x00000000000061b0                __bhs_ui2d
 .text.__aeabi_i2d
                0x000000000000620e       0x18 /Applications/MCUXpressoIDE_11.7.0_9198/ide/plugins/com.nxp.mcuxpresso.tools.macosx_11.7.0.202209140929/tools/bin/../lib/gcc/arm-none-eabi/10.3.1/thumb/v6-m/nofp/libcr_eabihelpers.a(double.o)
                0x000000000000620e                __aeabi_i2d
 .text.__aeabi_llong_lmul
                0x0000000000006226       0x2e /Applications/MCUXpressoIDE_11.7.0_9198/ide/plugins/com.nxp.mcuxpresso.tools.macosx_11.7.0.202209140929/tools/bin/../lib/gcc/arm-none-eabi/10.3.1/thumb/v6-m/nofp/libcr_eabihelpers.a(llong.o)
                0x0000000000006226                __aeabi_lmul
 .text.__aeabi_memset_lowlevel
                0x0000000000006254       0x2a /Applications/MCUXpressoIDE_11.7.0_9198/ide/plugins/com.nxp.mcuxpresso.tools.macosx_11.7.0.202209140929/tools/bin/../lib/gcc/arm-none-eabi/10.3.1/thumb/v6-m/nofp/libcr_eabihelpers.a(memcpy.o)
                0x0000000000006254                __aeabi_lowlevel_memset
 .text.__gnu_thumb1_case_shi
                0x000000000000627e       0x10 /Applications/MCUXpressoIDE_11.7.0_9198/ide/plugins/com.nxp.mcuxpresso.tools.macosx_11.7.0.202209140929/tools/bin/../lib/gcc/arm-none-eabi/10.3.1/thumb/v6-m/nofp/libcr_eabihelpers.a(thumb1_switch_helpers.o)
                0x000000000000627e                __gnu_thumb1_case_shi
 .text.__sys_close
                0x000000000000628e        0xc /Applications/MCUXpressoIDE_11.7.0_9198/ide/plugins/com.nxp.mcuxpresso.tools.macosx_11.7.0.202209140929/tools/bin/../lib/gcc/arm-none-eabi/10.3.1/../../../../arm-none-eabi/lib/thumb/v6-m/nofp/libcr_semihost_nf.a(__sys_close.o)
                0x000000000000628e                __sys_close
 .text.__sys_flen
                0x000000000000629a        0xc /Applications/MCUXpressoIDE_11.7.0_9198/ide/plugins/com.nxp.mcuxpresso.tools.macosx_11.7.0.202209140929/tools/bin/../lib/gcc/arm-none-eabi/10.3.1/../../../../arm-none-eabi/lib/thumb/v6-m/nofp/libcr_semihost_nf.a(__sys_flen.o)
                0x000000000000629a                __sys_flen
 .text.__sys_istty
                0x00000000000062a6        0xc /Applications/MCUXpressoIDE_11.7.0_9198/ide/plugins/com.nxp.mcuxpresso.tools.macosx_11.7.0.202209140929/tools/bin/../lib/gcc/arm-none-eabi/10.3.1/../../../../arm-none-eabi/lib/thumb/v6-m/nofp/libcr_semihost_nf.a(__sys_istty.o)
                0x00000000000062a6                __sys_istty
 .text.__sys_remove
                0x00000000000062b2        0xc /Applications/MCUXpressoIDE_11.7.0_9198/ide/plugins/com.nxp.mcuxpresso.tools.macosx_11.7.0.202209140929/tools/bin/../lib/gcc/arm-none-eabi/10.3.1/../../../../arm-none-eabi/lib/thumb/v6-m/nofp/libcr_semihost_nf.a(__sys_remove.o)
                0x00000000000062b2                __sys_remove
 .text.__sys_seek
                0x00000000000062be        0xc /Applications/MCUXpressoIDE_11.7.0_9198/ide/plugins/com.nxp.mcuxpresso.tools.macosx_11.7.0.202209140929/tools/bin/../lib/gcc/arm-none-eabi/10.3.1/../../../../arm-none-eabi/lib/thumb/v6-m/nofp/libcr_semihost_nf.a(__sys_seek.o)
                0x00000000000062be                __sys_seek
 .text.__sys_tmpnam
                0x00000000000062ca        0xc /Applications/MCUXpressoIDE_11.7.0_9198/ide/plugins/com.nxp.mcuxpresso.tools.macosx_11.7.0.202209140929/tools/bin/../lib/gcc/arm-none-eabi/10.3.1/../../../../arm-none-eabi/lib/thumb/v6-m/nofp/libcr_semihost_nf.a(__sys_tmpnam.o)
                0x00000000000062ca                __sys_tmpnam
 .text.__sys_write
                0x00000000000062d6        0xc /Applications/MCUXpressoIDE_11.7.0_9198/ide/plugins/com.nxp.mcuxpresso.tools.macosx_11.7.0.202209140929/tools/bin/../lib/gcc/arm-none-eabi/10.3.1/../../../../arm-none-eabi/lib/thumb/v6-m/nofp/libcr_semihost_nf.a(__sys_write.o)
                0x00000000000062d6                __sys_write
 *(SORT_BY_ALIGNMENT(.rodata) SORT_BY_ALIGNMENT(.rodata.*) SORT_BY_ALIGNMENT(.constdata) SORT_BY_ALIGNMENT(.constdata.*))
 *fill*         0x00000000000062e2        0x2 ff
 .rodata.PORT_SetPinConfig.str1.4
                0x00000000000062e4       0x23 ./source/SD2_I2C.o
 .rodata.PORT_SetPinConfig.str1.4
                0x0000000000006307       0x23 ./source/SD2_board.o
 *fill*         0x0000000000006307        0x1 ff
 .rodata.board_gpioLeds
                0x0000000000006308       0x18 ./source/SD2_board.o
 .rodata.board_gpioSw
                0x0000000000006320       0x18 ./source/SD2_board.o
 .rodata        0x0000000000006338        0x2 ./source/SD2_board.o
 .rodata.PORT_SetPinConfig.str1.4
                0x000000000000633a       0x23 ./source/mma8451.o
 *fill*         0x000000000000633a        0x2 ff
 .rodata.procLed.str1.4
                0x000000000000633c       0x2b ./source/procTrama.o
 *fill*         0x0000000000006367        0x1 ff
 .rodata.procSw.str1.4
                0x0000000000006368       0x2e ./source/procTrama.o
 *fill*         0x0000000000006396        0x2 ff
 .rodata.procAcc.str1.4
                0x0000000000006398       0x1b ./source/procTrama.o
 *fill*         0x00000000000063b3        0x1 ff
 .rodata.CLOCK_GetMcgExtClkFreq.str1.4
                0x00000000000063b4       0x1e ./drivers/fsl_clock.o
 *fill*         0x00000000000063d2        0x2 ff
 .rodata.CLOCK_GetOsc0ErClkFreq.str1.4
                0x00000000000063d4       0x1e ./drivers/fsl_clock.o
 *fill*         0x00000000000063f2        0x2 ff
 .rodata.CLOCK_GetEr32kClkFreq.str1.4
                0x00000000000063f4       0x1f ./drivers/fsl_clock.o
 *fill*         0x0000000000006413        0x1 ff
 .rodata.CLOCK_GetFreq
                0x0000000000006414       0x34 ./drivers/fsl_clock.o
 .rodata.CLOCK_GetPll0Freq.str1.4
                0x0000000000006448       0x1d ./drivers/fsl_clock.o
 *fill*         0x0000000000006465        0x3 ff
 .rodata.CLOCK_EnablePll0.str1.4
                0x0000000000006468       0x19 ./drivers/fsl_clock.o
 *fill*         0x0000000000006481        0x3 ff
 .rodata.CLOCK_SetPbeMode.str1.4
                0x0000000000006484       0x1a ./drivers/fsl_clock.o
 *fill*         0x000000000000649e        0x2 ff
 .rodata.CLOCK_BootToPeeMode.str1.4
                0x00000000000064a0       0x1a ./drivers/fsl_clock.o
 *fill*         0x00000000000064ba        0x2 ff
 .rodata.fllFactorTable.1
                0x00000000000064bc       0x10 ./drivers/fsl_clock.o
 .rodata.GPIO_PinInit.str1.4
                0x00000000000064cc       0x18 ./drivers/fsl_gpio.o
 .rodata.s_i2cBases
                0x00000000000064e4        0x8 ./drivers/fsl_i2c.o
                0x00000000000064e4                s_i2cBases
 .rodata.s_i2cDividerTable
                0x00000000000064ec       0x80 ./drivers/fsl_i2c.o
 .rodata.s_i2cClocks
                0x000000000000656c        0x8 ./drivers/fsl_i2c.o
 .rodata.I2C_GetInstance.str1.4
                0x0000000000006574       0x32 ./drivers/fsl_i2c.o
 *fill*         0x00000000000065a6        0x2 ff
 .rodata.I2C_MasterInit.str1.4
                0x00000000000065a8       0x2c ./drivers/fsl_i2c.o
 .rodata.I2C_MasterGetDefaultConfig.str1.4
                0x00000000000065d4       0x1d ./drivers/fsl_i2c.o
 *fill*         0x00000000000065f1        0x3 ff
 .rodata.I2C_MasterTransferBlocking.str1.4
                0x00000000000065f4       0x16 ./drivers/fsl_i2c.o
 *fill*         0x000000000000660a        0x2 ff
 .rodata.LPSCI_GetInstance.str1.4
                0x000000000000660c       0x36 ./drivers/fsl_lpsci.o
 *fill*         0x0000000000006642        0x2 ff
 .rodata.LPSCI_Init.str1.4
                0x0000000000006644       0x43 ./drivers/fsl_lpsci.o
 *fill*         0x0000000000006687        0x1 ff
 .rodata.LPSCI_GetDefaultConfig.str1.4
                0x0000000000006688       0x19 ./drivers/fsl_lpsci.o
 *fill*         0x00000000000066a1        0x3 ff
 .rodata.mcgConfig_BOARD_BootClockRUN
                0x00000000000066a4        0xa ./board/src/clock_config.o
                0x00000000000066a4                mcgConfig_BOARD_BootClockRUN
 *fill*         0x00000000000066ae        0x2 ff
 .rodata.simConfig_BOARD_BootClockRUN
                0x00000000000066b0        0x8 ./board/src/clock_config.o
                0x00000000000066b0                simConfig_BOARD_BootClockRUN
 .rodata.oscConfig_BOARD_BootClockRUN
                0x00000000000066b8        0x8 ./board/src/clock_config.o
                0x00000000000066b8                oscConfig_BOARD_BootClockRUN
 .rodata.__num_Ciob_streams
                0x00000000000066c0        0x4 /Applications/MCUXpressoIDE_11.7.0_9198/ide/plugins/com.nxp.mcuxpresso.tools.macosx_11.7.0.202209140929/tools/bin/../lib/gcc/arm-none-eabi/10.3.1/../../../../arm-none-eabi/lib/thumb/v6-m/nofp/libcr_semihost_nf.a(__ciob.o)
                0x00000000000066c0                __num_Ciob_streams
 .rodata.__assertion_failed.str1.1
                0x00000000000066c4       0x15 /Applications/MCUXpressoIDE_11.7.0_9198/ide/plugins/com.nxp.mcuxpresso.tools.macosx_11.7.0.202209140929/tools/bin/../lib/gcc/arm-none-eabi/10.3.1/../../../../arm-none-eabi/lib/thumb/v6-m/nofp/libcr_semihost_nf.a(_cr_assert.o)
 .rodata._Csys_alloc.str1.1
                0x00000000000066d9       0x18 /Applications/MCUXpressoIDE_11.7.0_9198/ide/plugins/com.nxp.mcuxpresso.tools.macosx_11.7.0.202209140929/tools/bin/../lib/gcc/arm-none-eabi/10.3.1/../../../../arm-none-eabi/lib/thumb/v6-m/nofp/libcr_c.a(alloc.o)
 .rodata.fp_display.str1.1
                0x00000000000066f1       0x32 /Applications/MCUXpressoIDE_11.7.0_9198/ide/plugins/com.nxp.mcuxpresso.tools.macosx_11.7.0.202209140929/tools/bin/../lib/gcc/arm-none-eabi/10.3.1/../../../../arm-none-eabi/lib/thumb/v6-m/nofp/libcr_c.a(fpprintf.o)
                                         0x35 (size before relaxing)
 .rodata._initio.str1.1
                0x0000000000006723        0x4 /Applications/MCUXpressoIDE_11.7.0_9198/ide/plugins/com.nxp.mcuxpresso.tools.macosx_11.7.0.202209140929/tools/bin/../lib/gcc/arm-none-eabi/10.3.1/../../../../arm-none-eabi/lib/thumb/v6-m/nofp/libcr_c.a(initio.o)
 .rodata.__vfprintf.str1.1
                0x0000000000006727       0x31 /Applications/MCUXpressoIDE_11.7.0_9198/ide/plugins/com.nxp.mcuxpresso.tools.macosx_11.7.0.202209140929/tools/bin/../lib/gcc/arm-none-eabi/10.3.1/../../../../arm-none-eabi/lib/thumb/v6-m/nofp/libcr_c.a(printf.o)
                                         0x38 (size before relaxing)
 .rodata.__ctype
                0x0000000000006758      0x180 /Applications/MCUXpressoIDE_11.7.0_9198/ide/plugins/com.nxp.mcuxpresso.tools.macosx_11.7.0.202209140929/tools/bin/../lib/gcc/arm-none-eabi/10.3.1/../../../../arm-none-eabi/lib/thumb/v6-m/nofp/libcr_c.a(ctype.o)
                0x0000000000006758                __ctype
                0x00000000000068d8                . = ALIGN (0x4)

.glue_7         0x00000000000068d8        0x0
 .glue_7        0x00000000000068d8        0x0 linker stubs

.glue_7t        0x00000000000068d8        0x0
 .glue_7t       0x00000000000068d8        0x0 linker stubs

.vfp11_veneer   0x00000000000068d8        0x0
 .vfp11_veneer  0x00000000000068d8        0x0 linker stubs

.v4_bx          0x00000000000068d8        0x0
 .v4_bx         0x00000000000068d8        0x0 linker stubs

.iplt           0x00000000000068d8        0x0
 .iplt          0x00000000000068d8        0x0 ./startup/startup_mkl46z4.o

.rel.dyn        0x00000000000068d8        0x0
 .rel.iplt      0x00000000000068d8        0x0 ./startup/startup_mkl46z4.o

.ARM.extab
 *(SORT_BY_ALIGNMENT(.ARM.extab*) SORT_BY_ALIGNMENT(.gnu.linkonce.armextab.*))

.ARM.exidx      0x00000000000068d8        0x0
                0x00000000000068d8                __exidx_start = .
 *(SORT_BY_ALIGNMENT(.ARM.exidx*) SORT_BY_ALIGNMENT(.gnu.linkonce.armexidx.*))
                0x00000000000068d8                __exidx_end = .
                0x00000000000068d8                _etext = .

.m_usb_data
 *(SORT_BY_ALIGNMENT(m_usb_bdt))

.mtb_buffer_default
                0x000000001fffe000       0x80
 *(SORT_BY_ALIGNMENT(.mtb*))
 .mtb.$RAM1     0x000000001fffe000       0x80 ./source/mtb.o
                0x000000001fffe000                __mtb_buffer__

.uninit_RESERVED
                0x000000001fffe080        0x0
                0x000000001fffe080                _start_uninit_RESERVED = .
 *(SORT_BY_ALIGNMENT(.bss.$RESERVED*))
                0x000000001fffe080                . = ALIGN (0x4)
                0x000000001fffe080                _end_uninit_RESERVED = .

.data           0x000000001fffe080        0xc load address 0x00000000000068d8
 FILL mask 0xff
                0x000000001fffe080                _data = .
                [!provide]                        PROVIDE (__start_data_RAM = .)
                [!provide]                        PROVIDE (__start_data_SRAM = .)
 *(SORT_BY_ALIGNMENT(vtable))
 *(SORT_BY_ALIGNMENT(.ramfunc*))
 *(SORT_BY_ALIGNMENT(CodeQuickAccess))
 *(SORT_BY_ALIGNMENT(DataQuickAccess))
 *(SORT_BY_ALIGNMENT(RamFunction))
 *(SORT_BY_ALIGNMENT(.data*))
 .data.s_slowIrcFreq
                0x000000001fffe080        0x4 ./drivers/fsl_clock.o
 .data.s_fastIrcFreq
                0x000000001fffe084        0x4 ./drivers/fsl_clock.o
 .data.SystemCoreClock
                0x000000001fffe088        0x4 ./CMSIS/system_MKL46Z4.o
                0x000000001fffe088                SystemCoreClock
                0x000000001fffe08c                . = ALIGN (0x4)
                0x000000001fffe08c                _edata = .
                [!provide]                        PROVIDE (__end_data_RAM = .)
                [!provide]                        PROVIDE (__end_data_SRAM = .)

.igot.plt       0x000000001fffe08c        0x0 load address 0x00000000000068e4
 .igot.plt      0x000000001fffe08c        0x0 ./startup/startup_mkl46z4.o

.bss            0x000000001fffe08c      0x110
                0x000000001fffe08c                _bss = .
                [!provide]                        PROVIDE (__start_bss_RAM = .)
                [!provide]                        PROVIDE (__start_bss_SRAM = .)
 *(SORT_BY_ALIGNMENT(.bss*))
 .bss.timer     0x000000001fffe08c        0x4 ./source/enviarAccContinuo.o
                0x000000001fffe08c                timer
 .bss.bufferRec
                0x000000001fffe090        0x8 ./source/mefRecTrama.o
 .bss.pRingBufferRx
                0x000000001fffe098        0x4 ./source/uart_ringBufer.o
 .bss.pRingBufferTx
                0x000000001fffe09c        0x4 ./source/uart_ringBufer.o
 .bss.g_xtal0Freq
                0x000000001fffe0a0        0x4 ./drivers/fsl_clock.o
                0x000000001fffe0a0                g_xtal0Freq
 .bss.g_xtal32Freq
                0x000000001fffe0a4        0x4 ./drivers/fsl_clock.o
                0x000000001fffe0a4                g_xtal32Freq
 .bss.s_i2cHandle
                0x000000001fffe0a8        0x8 ./drivers/fsl_i2c.o
 .bss.s_i2cMasterIsr
                0x000000001fffe0b0        0x4 ./drivers/fsl_i2c.o
 .bss.s_i2cSlaveIsr
                0x000000001fffe0b4        0x4 ./drivers/fsl_i2c.o
 .bss.s_lpsciHandle
                0x000000001fffe0b8        0x4 ./drivers/fsl_lpsci.o
 .bss.s_lpsciIsr
                0x000000001fffe0bc        0x4 ./drivers/fsl_lpsci.o
 .bss.s_uartHandle
                0x000000001fffe0c0        0xc ./drivers/fsl_uart.o
 .bss.s_uartIsr
                0x000000001fffe0cc        0x4 ./drivers/fsl_uart.o
 .bss.__Ciob    0x000000001fffe0d0       0xb4 /Applications/MCUXpressoIDE_11.7.0_9198/ide/plugins/com.nxp.mcuxpresso.tools.macosx_11.7.0.202209140929/tools/bin/../lib/gcc/arm-none-eabi/10.3.1/../../../../arm-none-eabi/lib/thumb/v6-m/nofp/libcr_semihost_nf.a(__ciob.o)
                0x000000001fffe0d0                __Ciob
 .bss.__end_of_heap
                0x000000001fffe184        0x4 /Applications/MCUXpressoIDE_11.7.0_9198/ide/plugins/com.nxp.mcuxpresso.tools.macosx_11.7.0.202209140929/tools/bin/../lib/gcc/arm-none-eabi/10.3.1/../../../../arm-none-eabi/lib/thumb/v6-m/nofp/libcr_c.a(__init_alloc.o)
                0x000000001fffe184                __end_of_heap
 .bss.__heaps   0x000000001fffe188        0x4 /Applications/MCUXpressoIDE_11.7.0_9198/ide/plugins/com.nxp.mcuxpresso.tools.macosx_11.7.0.202209140929/tools/bin/../lib/gcc/arm-none-eabi/10.3.1/../../../../arm-none-eabi/lib/thumb/v6-m/nofp/libcr_c.a(__init_alloc.o)
                0x000000001fffe188                __heaps
 .bss.errno     0x000000001fffe18c        0x4 /Applications/MCUXpressoIDE_11.7.0_9198/ide/plugins/com.nxp.mcuxpresso.tools.macosx_11.7.0.202209140929/tools/bin/../lib/gcc/arm-none-eabi/10.3.1/../../../../arm-none-eabi/lib/thumb/v6-m/nofp/libcr_c.a(errno.o)
                0x000000001fffe18c                errno
 .bss.readX     0x000000001fffe190        0x2 ./source/mma8451.o
 .bss.readY     0x000000001fffe192        0x2 ./source/mma8451.o
 .bss.readZ     0x000000001fffe194        0x2 ./source/mma8451.o
 .bss.estado.1  0x000000001fffe196        0x1 ./source/mefRecTrama.o
 .bss.indexRec.0
                0x000000001fffe197        0x1 ./source/mefRecTrama.o
 .bss.FFint     0x000000001fffe198        0x1 ./source/mma8451.o
 *(SORT_BY_ALIGNMENT(COMMON))
                0x000000001fffe19c                . = ALIGN (0x4)
 *fill*         0x000000001fffe199        0x3 
                0x000000001fffe19c                _ebss = .
                [!provide]                        PROVIDE (__end_bss_RAM = .)
                [!provide]                        PROVIDE (__end_bss_SRAM = .)
                [!provide]                        PROVIDE (end = .)

.noinit         0x000000001fffe19c        0x0
                0x000000001fffe19c                _noinit = .
                [!provide]                        PROVIDE (__start_noinit_RAM = .)
                [!provide]                        PROVIDE (__start_noinit_SRAM = .)
 *(SORT_BY_ALIGNMENT(.noinit*))
                0x000000001fffe19c                . = ALIGN (0x4)
                0x000000001fffe19c                _end_noinit = .
                [!provide]                        PROVIDE (__end_noinit_RAM = .)
                [!provide]                        PROVIDE (__end_noinit_SRAM = .)
                0x0000000000000800                _HeapSize = 0x800

.heap           0x000000001fffe19c      0x800
                0x000000001fffe19c                _pvHeapStart = .
                0x000000001fffe99c                . = (. + _HeapSize)
 *fill*         0x000000001fffe19c      0x800 
                0x000000001fffe99c                . = ALIGN (0x4)
                0x000000001fffe99c                _pvHeapLimit = .
                0x0000000000000800                _StackSize = 0x800

.heap2stackfill
                0x000000001fffe99c      0x800
                0x000000001ffff19c                . = (. + _StackSize)
 *fill*         0x000000001fffe99c      0x800 

.stack          0x0000000020005800        0x0
                0x0000000020005800                _vStackBase = .
                0x0000000020005800                . = ALIGN (0x4)
                0x0000000020006000                _vStackTop = (. + _StackSize)
                0x0000000000000000                _image_start = LOADADDR (.text)
                0x00000000000068e4                _image_end = (LOADADDR (.data) + SIZEOF (.data))
                0x00000000000068e4                _image_size = (_image_end - _image_start)
OUTPUT(SD2_TP3.axf elf32-littlearm)
LOAD linker stubs

.debug_info     0x0000000000000000     0xb9b2
 .debug_info    0x0000000000000000      0x4e7 ./startup/startup_mkl46z4.o
 .debug_info    0x00000000000004e7      0x791 ./source/SD2_I2C.o
 .debug_info    0x0000000000000c78      0x9a1 ./source/SD2_board.o
 .debug_info    0x0000000000001619      0x17b ./source/enviarAccContinuo.o
 .debug_info    0x0000000000001794      0x415 ./source/main.o
 .debug_info    0x0000000000001ba9      0x129 ./source/mefRecTrama.o
 .debug_info    0x0000000000001cd2     0x143e ./source/mma8451.o
 .debug_info    0x0000000000003110       0x4f ./source/mtb.o
 .debug_info    0x000000000000315f      0x3a7 ./source/procTrama.o
 .debug_info    0x0000000000003506      0x265 ./source/ringBuffer.o
 .debug_info    0x000000000000376b       0x38 ./source/semihost_hardfault.o
 .debug_info    0x00000000000037a3      0xd11 ./source/uart_ringBufer.o
 .debug_info    0x00000000000044b4     0x1a87 ./drivers/fsl_clock.o
 .debug_info    0x0000000000005f3b      0x7d8 ./drivers/fsl_gpio.o
 .debug_info    0x0000000000006713     0x1ab6 ./drivers/fsl_i2c.o
 .debug_info    0x00000000000081c9     0x14a8 ./drivers/fsl_lpsci.o
 .debug_info    0x0000000000009671     0x1449 ./drivers/fsl_uart.o
 .debug_info    0x000000000000aaba      0xaee ./board/src/clock_config.o
 .debug_info    0x000000000000b5a8      0x40a ./CMSIS/system_MKL46Z4.o

.debug_abbrev   0x0000000000000000     0x2319
 .debug_abbrev  0x0000000000000000      0x195 ./startup/startup_mkl46z4.o
 .debug_abbrev  0x0000000000000195      0x227 ./source/SD2_I2C.o
 .debug_abbrev  0x00000000000003bc      0x296 ./source/SD2_board.o
 .debug_abbrev  0x0000000000000652       0xec ./source/enviarAccContinuo.o
 .debug_abbrev  0x000000000000073e      0x17f ./source/main.o
 .debug_abbrev  0x00000000000008bd       0x92 ./source/mefRecTrama.o
 .debug_abbrev  0x000000000000094f      0x302 ./source/mma8451.o
 .debug_abbrev  0x0000000000000c51       0x43 ./source/mtb.o
 .debug_abbrev  0x0000000000000c94      0x14a ./source/procTrama.o
 .debug_abbrev  0x0000000000000dde       0xf2 ./source/ringBuffer.o
 .debug_abbrev  0x0000000000000ed0       0x2e ./source/semihost_hardfault.o
 .debug_abbrev  0x0000000000000efe      0x24a ./source/uart_ringBufer.o
 .debug_abbrev  0x0000000000001148      0x348 ./drivers/fsl_clock.o
 .debug_abbrev  0x0000000000001490      0x1f3 ./drivers/fsl_gpio.o
 .debug_abbrev  0x0000000000001683      0x373 ./drivers/fsl_i2c.o
 .debug_abbrev  0x00000000000019f6      0x2f0 ./drivers/fsl_lpsci.o
 .debug_abbrev  0x0000000000001ce6      0x2f0 ./drivers/fsl_uart.o
 .debug_abbrev  0x0000000000001fd6      0x1fe ./board/src/clock_config.o
 .debug_abbrev  0x00000000000021d4      0x145 ./CMSIS/system_MKL46Z4.o

.debug_aranges  0x0000000000000000      0xb10
 .debug_aranges
                0x0000000000000000      0x160 ./startup/startup_mkl46z4.o
 .debug_aranges
                0x0000000000000160       0x50 ./source/SD2_I2C.o
 .debug_aranges
                0x00000000000001b0       0x68 ./source/SD2_board.o
 .debug_aranges
                0x0000000000000218       0x28 ./source/enviarAccContinuo.o
 .debug_aranges
                0x0000000000000240       0x38 ./source/main.o
 .debug_aranges
                0x0000000000000278       0x20 ./source/mefRecTrama.o
 .debug_aranges
                0x0000000000000298       0xb8 ./source/mma8451.o
 .debug_aranges
                0x0000000000000350       0x18 ./source/mtb.o
 .debug_aranges
                0x0000000000000368       0x40 ./source/procTrama.o
 .debug_aranges
                0x00000000000003a8       0x48 ./source/ringBuffer.o
 .debug_aranges
                0x00000000000003f0       0x20 ./source/semihost_hardfault.o
 .debug_aranges
                0x0000000000000410       0x70 ./source/uart_ringBufer.o
 .debug_aranges
                0x0000000000000480      0x1d8 ./drivers/fsl_clock.o
 .debug_aranges
                0x0000000000000658       0x78 ./drivers/fsl_gpio.o
 .debug_aranges
                0x00000000000006d0      0x178 ./drivers/fsl_i2c.o
 .debug_aranges
                0x0000000000000848      0x118 ./drivers/fsl_lpsci.o
 .debug_aranges
                0x0000000000000960      0x130 ./drivers/fsl_uart.o
 .debug_aranges
                0x0000000000000a90       0x50 ./board/src/clock_config.o
 .debug_aranges
                0x0000000000000ae0       0x30 ./CMSIS/system_MKL46Z4.o

.debug_ranges   0x0000000000000000      0x9d8
 .debug_ranges  0x0000000000000000      0x150 ./startup/startup_mkl46z4.o
 .debug_ranges  0x0000000000000150       0x40 ./source/SD2_I2C.o
 .debug_ranges  0x0000000000000190       0x58 ./source/SD2_board.o
 .debug_ranges  0x00000000000001e8       0x18 ./source/enviarAccContinuo.o
 .debug_ranges  0x0000000000000200       0x28 ./source/main.o
 .debug_ranges  0x0000000000000228       0x10 ./source/mefRecTrama.o
 .debug_ranges  0x0000000000000238       0xa8 ./source/mma8451.o
 .debug_ranges  0x00000000000002e0       0x30 ./source/procTrama.o
 .debug_ranges  0x0000000000000310       0x38 ./source/ringBuffer.o
 .debug_ranges  0x0000000000000348       0x10 ./source/semihost_hardfault.o
 .debug_ranges  0x0000000000000358       0x60 ./source/uart_ringBufer.o
 .debug_ranges  0x00000000000003b8      0x1c8 ./drivers/fsl_clock.o
 .debug_ranges  0x0000000000000580       0x68 ./drivers/fsl_gpio.o
 .debug_ranges  0x00000000000005e8      0x168 ./drivers/fsl_i2c.o
 .debug_ranges  0x0000000000000750      0x108 ./drivers/fsl_lpsci.o
 .debug_ranges  0x0000000000000858      0x120 ./drivers/fsl_uart.o
 .debug_ranges  0x0000000000000978       0x40 ./board/src/clock_config.o
 .debug_ranges  0x00000000000009b8       0x20 ./CMSIS/system_MKL46Z4.o

.debug_line     0x0000000000000000     0x5f1a
 .debug_line    0x0000000000000000      0x1ed ./startup/startup_mkl46z4.o
 .debug_line    0x00000000000001ed      0x290 ./source/SD2_I2C.o
 .debug_line    0x000000000000047d      0x2e5 ./source/SD2_board.o
 .debug_line    0x0000000000000762      0x127 ./source/enviarAccContinuo.o
 .debug_line    0x0000000000000889      0x1de ./source/main.o
 .debug_line    0x0000000000000a67      0x15c ./source/mefRecTrama.o
 .debug_line    0x0000000000000bc3      0x674 ./source/mma8451.o
 .debug_line    0x0000000000001237       0x30 ./source/mtb.o
 .debug_line    0x0000000000001267      0x1fa ./source/procTrama.o
 .debug_line    0x0000000000001461      0x1e9 ./source/ringBuffer.o
 .debug_line    0x000000000000164a       0x5a ./source/semihost_hardfault.o
 .debug_line    0x00000000000016a4      0x37d ./source/uart_ringBufer.o
 .debug_line    0x0000000000001a21     0x1158 ./drivers/fsl_clock.o
 .debug_line    0x0000000000002b79      0x30f ./drivers/fsl_gpio.o
 .debug_line    0x0000000000002e88     0x12ba ./drivers/fsl_i2c.o
 .debug_line    0x0000000000004142      0xcc0 ./drivers/fsl_lpsci.o
 .debug_line    0x0000000000004e02      0xccb ./drivers/fsl_uart.o
 .debug_line    0x0000000000005acd      0x21d ./board/src/clock_config.o
 .debug_line    0x0000000000005cea      0x230 ./CMSIS/system_MKL46Z4.o

.debug_str      0x0000000000000000     0x50ce
 .debug_str     0x0000000000000000      0x4a6 ./startup/startup_mkl46z4.o
                                        0x4b9 (size before relaxing)
 .debug_str     0x00000000000004a6      0x780 ./source/SD2_I2C.o
                                        0x8fe (size before relaxing)
 .debug_str     0x0000000000000c26      0x729 ./source/SD2_board.o
                                        0xe03 (size before relaxing)
 .debug_str     0x000000000000134f       0x9d ./source/enviarAccContinuo.o
                                        0x259 (size before relaxing)
 .debug_str     0x00000000000013ec      0x2a6 ./source/main.o
                                        0x477 (size before relaxing)
 .debug_str     0x0000000000001692       0x97 ./source/mefRecTrama.o
                                        0x253 (size before relaxing)
 .debug_str     0x0000000000001729      0x65f ./source/mma8451.o
                                       0x139d (size before relaxing)
 .debug_str     0x0000000000001d88       0x1f ./source/mtb.o
                                        0x15e (size before relaxing)
 .debug_str     0x0000000000001da7       0x89 ./source/procTrama.o
                                        0x362 (size before relaxing)
 .debug_str     0x0000000000001e30       0xa3 ./source/ringBuffer.o
                                        0x27f (size before relaxing)
 .debug_str     0x0000000000001ed3       0x1f ./source/semihost_hardfault.o
                                        0x15e (size before relaxing)
 .debug_str     0x0000000000001ef2      0x634 ./source/uart_ringBufer.o
                                       0x1221 (size before relaxing)
 .debug_str     0x0000000000002526      0xd1f ./drivers/fsl_clock.o
                                       0x18a1 (size before relaxing)
 .debug_str     0x0000000000003245       0xd6 ./drivers/fsl_gpio.o
                                        0x952 (size before relaxing)
 .debug_str     0x000000000000331b      0xa7d ./drivers/fsl_i2c.o
                                       0x1845 (size before relaxing)
 .debug_str     0x0000000000003d98      0x698 ./drivers/fsl_lpsci.o
                                       0x16eb (size before relaxing)
 .debug_str     0x0000000000004430      0x969 ./drivers/fsl_uart.o
                                       0x16f2 (size before relaxing)
 .debug_str     0x0000000000004d99      0x2d7 ./board/src/clock_config.o
                                        0xe79 (size before relaxing)
 .debug_str     0x0000000000005070       0x5e ./CMSIS/system_MKL46Z4.o
                                        0x319 (size before relaxing)

.comment        0x0000000000000000       0x49
 .comment       0x0000000000000000       0x49 ./startup/startup_mkl46z4.o
                                         0x4a (size before relaxing)
 .comment       0x0000000000000049       0x4a ./source/SD2_I2C.o
 .comment       0x0000000000000049       0x4a ./source/SD2_board.o
 .comment       0x0000000000000049       0x4a ./source/enviarAccContinuo.o
 .comment       0x0000000000000049       0x4a ./source/main.o
 .comment       0x0000000000000049       0x4a ./source/mefRecTrama.o
 .comment       0x0000000000000049       0x4a ./source/mma8451.o
 .comment       0x0000000000000049       0x4a ./source/mtb.o
 .comment       0x0000000000000049       0x4a ./source/procTrama.o
 .comment       0x0000000000000049       0x4a ./source/ringBuffer.o
 .comment       0x0000000000000049       0x4a ./source/semihost_hardfault.o
 .comment       0x0000000000000049       0x4a ./source/uart_ringBufer.o
 .comment       0x0000000000000049       0x4a ./drivers/fsl_clock.o
 .comment       0x0000000000000049       0x4a ./drivers/fsl_gpio.o
 .comment       0x0000000000000049       0x4a ./drivers/fsl_i2c.o
 .comment       0x0000000000000049       0x4a ./drivers/fsl_lpsci.o
 .comment       0x0000000000000049       0x4a ./drivers/fsl_uart.o
 .comment       0x0000000000000049       0x4a ./board/src/clock_config.o
 .comment       0x0000000000000049       0x4a ./CMSIS/system_MKL46Z4.o
 .comment       0x0000000000000049       0x4a /Applications/MCUXpressoIDE_11.7.0_9198/ide/plugins/com.nxp.mcuxpresso.tools.macosx_11.7.0.202209140929/tools/bin/../lib/gcc/arm-none-eabi/10.3.1/../../../../arm-none-eabi/lib/thumb/v6-m/nofp/libcr_semihost_nf.a(_cr__main.o)
 .comment       0x0000000000000049       0x4a /Applications/MCUXpressoIDE_11.7.0_9198/ide/plugins/com.nxp.mcuxpresso.tools.macosx_11.7.0.202209140929/tools/bin/../lib/gcc/arm-none-eabi/10.3.1/../../../../arm-none-eabi/lib/thumb/v6-m/nofp/libcr_semihost_nf.a(_cr_assert.o)
 .comment       0x0000000000000049       0x4a /Applications/MCUXpressoIDE_11.7.0_9198/ide/plugins/com.nxp.mcuxpresso.tools.macosx_11.7.0.202209140929/tools/bin/../lib/gcc/arm-none-eabi/10.3.1/../../../../arm-none-eabi/lib/thumb/v6-m/nofp/libcr_semihost_nf.a(__ciob.o)
 .comment       0x0000000000000049       0x4a /Applications/MCUXpressoIDE_11.7.0_9198/ide/plugins/com.nxp.mcuxpresso.tools.macosx_11.7.0.202209140929/tools/bin/../lib/gcc/arm-none-eabi/10.3.1/../../../../arm-none-eabi/lib/thumb/v6-m/nofp/libcr_c.a(memset.o)
 .comment       0x0000000000000049       0x4a /Applications/MCUXpressoIDE_11.7.0_9198/ide/plugins/com.nxp.mcuxpresso.tools.macosx_11.7.0.202209140929/tools/bin/../lib/gcc/arm-none-eabi/10.3.1/../../../../arm-none-eabi/lib/thumb/v6-m/nofp/libcr_c.a(_deferredlazyseek.o)
 .comment       0x0000000000000049       0x4a /Applications/MCUXpressoIDE_11.7.0_9198/ide/plugins/com.nxp.mcuxpresso.tools.macosx_11.7.0.202209140929/tools/bin/../lib/gcc/arm-none-eabi/10.3.1/../../../../arm-none-eabi/lib/thumb/v6-m/nofp/libcr_c.a(_fflush.o)
 .comment       0x0000000000000049       0x4a /Applications/MCUXpressoIDE_11.7.0_9198/ide/plugins/com.nxp.mcuxpresso.tools.macosx_11.7.0.202209140929/tools/bin/../lib/gcc/arm-none-eabi/10.3.1/../../../../arm-none-eabi/lib/thumb/v6-m/nofp/libcr_c.a(_writebuf.o)
 .comment       0x0000000000000049       0x4a /Applications/MCUXpressoIDE_11.7.0_9198/ide/plugins/com.nxp.mcuxpresso.tools.macosx_11.7.0.202209140929/tools/bin/../lib/gcc/arm-none-eabi/10.3.1/../../../../arm-none-eabi/lib/thumb/v6-m/nofp/libcr_c.a(alloc.o)
 .comment       0x0000000000000049       0x4a /Applications/MCUXpressoIDE_11.7.0_9198/ide/plugins/com.nxp.mcuxpresso.tools.macosx_11.7.0.202209140929/tools/bin/../lib/gcc/arm-none-eabi/10.3.1/../../../../arm-none-eabi/lib/thumb/v6-m/nofp/libcr_c.a(fpprintf.o)
 .comment       0x0000000000000049       0x4a /Applications/MCUXpressoIDE_11.7.0_9198/ide/plugins/com.nxp.mcuxpresso.tools.macosx_11.7.0.202209140929/tools/bin/../lib/gcc/arm-none-eabi/10.3.1/../../../../arm-none-eabi/lib/thumb/v6-m/nofp/libcr_c.a(fputs.o)
 .comment       0x0000000000000049       0x4a /Applications/MCUXpressoIDE_11.7.0_9198/ide/plugins/com.nxp.mcuxpresso.tools.macosx_11.7.0.202209140929/tools/bin/../lib/gcc/arm-none-eabi/10.3.1/../../../../arm-none-eabi/lib/thumb/v6-m/nofp/libcr_c.a(fseek.o)
 .comment       0x0000000000000049       0x4a /Applications/MCUXpressoIDE_11.7.0_9198/ide/plugins/com.nxp.mcuxpresso.tools.macosx_11.7.0.202209140929/tools/bin/../lib/gcc/arm-none-eabi/10.3.1/../../../../arm-none-eabi/lib/thumb/v6-m/nofp/libcr_c.a(ftell.o)
 .comment       0x0000000000000049       0x4a /Applications/MCUXpressoIDE_11.7.0_9198/ide/plugins/com.nxp.mcuxpresso.tools.macosx_11.7.0.202209140929/tools/bin/../lib/gcc/arm-none-eabi/10.3.1/../../../../arm-none-eabi/lib/thumb/v6-m/nofp/libcr_c.a(initio.o)
 .comment       0x0000000000000049       0x4a /Applications/MCUXpressoIDE_11.7.0_9198/ide/plugins/com.nxp.mcuxpresso.tools.macosx_11.7.0.202209140929/tools/bin/../lib/gcc/arm-none-eabi/10.3.1/../../../../arm-none-eabi/lib/thumb/v6-m/nofp/libcr_c.a(printf.o)
 .comment       0x0000000000000049       0x4a /Applications/MCUXpressoIDE_11.7.0_9198/ide/plugins/com.nxp.mcuxpresso.tools.macosx_11.7.0.202209140929/tools/bin/../lib/gcc/arm-none-eabi/10.3.1/../../../../arm-none-eabi/lib/thumb/v6-m/nofp/libcr_c.a(scanf.o)
 .comment       0x0000000000000049       0x4a /Applications/MCUXpressoIDE_11.7.0_9198/ide/plugins/com.nxp.mcuxpresso.tools.macosx_11.7.0.202209140929/tools/bin/../lib/gcc/arm-none-eabi/10.3.1/../../../../arm-none-eabi/lib/thumb/v6-m/nofp/libcr_c.a(setvbuf.o)
 .comment       0x0000000000000049       0x4a /Applications/MCUXpressoIDE_11.7.0_9198/ide/plugins/com.nxp.mcuxpresso.tools.macosx_11.7.0.202209140929/tools/bin/../lib/gcc/arm-none-eabi/10.3.1/../../../../arm-none-eabi/lib/thumb/v6-m/nofp/libcr_c.a(stdlib.o)
 .comment       0x0000000000000049       0x4a /Applications/MCUXpressoIDE_11.7.0_9198/ide/plugins/com.nxp.mcuxpresso.tools.macosx_11.7.0.202209140929/tools/bin/../lib/gcc/arm-none-eabi/10.3.1/../../../../arm-none-eabi/lib/thumb/v6-m/nofp/libcr_c.a(strlen.o)
 .comment       0x0000000000000049       0x4a /Applications/MCUXpressoIDE_11.7.0_9198/ide/plugins/com.nxp.mcuxpresso.tools.macosx_11.7.0.202209140929/tools/bin/../lib/gcc/arm-none-eabi/10.3.1/../../../../arm-none-eabi/lib/thumb/v6-m/nofp/libcr_c.a(__init_alloc.o)
 .comment       0x0000000000000049       0x4a /Applications/MCUXpressoIDE_11.7.0_9198/ide/plugins/com.nxp.mcuxpresso.tools.macosx_11.7.0.202209140929/tools/bin/../lib/gcc/arm-none-eabi/10.3.1/../../../../arm-none-eabi/lib/thumb/v6-m/nofp/libcr_c.a(_cr_sbrk.o)
 .comment       0x0000000000000049       0x4a /Applications/MCUXpressoIDE_11.7.0_9198/ide/plugins/com.nxp.mcuxpresso.tools.macosx_11.7.0.202209140929/tools/bin/../lib/gcc/arm-none-eabi/10.3.1/../../../../arm-none-eabi/lib/thumb/v6-m/nofp/libcr_c.a(_fdopen.o)
 .comment       0x0000000000000049       0x4a /Applications/MCUXpressoIDE_11.7.0_9198/ide/plugins/com.nxp.mcuxpresso.tools.macosx_11.7.0.202209140929/tools/bin/../lib/gcc/arm-none-eabi/10.3.1/../../../../arm-none-eabi/lib/thumb/v6-m/nofp/libcr_c.a(_frexpl.o)
 .comment       0x0000000000000049       0x4a /Applications/MCUXpressoIDE_11.7.0_9198/ide/plugins/com.nxp.mcuxpresso.tools.macosx_11.7.0.202209140929/tools/bin/../lib/gcc/arm-none-eabi/10.3.1/../../../../arm-none-eabi/lib/thumb/v6-m/nofp/libcr_c.a(_ldexpl.o)
 .comment       0x0000000000000049       0x4a /Applications/MCUXpressoIDE_11.7.0_9198/ide/plugins/com.nxp.mcuxpresso.tools.macosx_11.7.0.202209140929/tools/bin/../lib/gcc/arm-none-eabi/10.3.1/../../../../arm-none-eabi/lib/thumb/v6-m/nofp/libcr_c.a(ctype.o)
 .comment       0x0000000000000049       0x4a /Applications/MCUXpressoIDE_11.7.0_9198/ide/plugins/com.nxp.mcuxpresso.tools.macosx_11.7.0.202209140929/tools/bin/../lib/gcc/arm-none-eabi/10.3.1/../../../../arm-none-eabi/lib/thumb/v6-m/nofp/libcr_c.a(errno.o)
 .comment       0x0000000000000049       0x4a /Applications/MCUXpressoIDE_11.7.0_9198/ide/plugins/com.nxp.mcuxpresso.tools.macosx_11.7.0.202209140929/tools/bin/../lib/gcc/arm-none-eabi/10.3.1/../../../../arm-none-eabi/lib/thumb/v6-m/nofp/libcr_c.a(fclose.o)
 .comment       0x0000000000000049       0x4a /Applications/MCUXpressoIDE_11.7.0_9198/ide/plugins/com.nxp.mcuxpresso.tools.macosx_11.7.0.202209140929/tools/bin/../lib/gcc/arm-none-eabi/10.3.1/../../../../arm-none-eabi/lib/thumb/v6-m/nofp/libcr_c.a(fflush.o)
 .comment       0x0000000000000049       0x4a /Applications/MCUXpressoIDE_11.7.0_9198/ide/plugins/com.nxp.mcuxpresso.tools.macosx_11.7.0.202209140929/tools/bin/../lib/gcc/arm-none-eabi/10.3.1/../../../../arm-none-eabi/lib/thumb/v6-m/nofp/libcr_c.a(remove.o)
 .comment       0x0000000000000049       0x4a /Applications/MCUXpressoIDE_11.7.0_9198/ide/plugins/com.nxp.mcuxpresso.tools.macosx_11.7.0.202209140929/tools/bin/../lib/gcc/arm-none-eabi/10.3.1/../../../../arm-none-eabi/lib/thumb/v6-m/nofp/libcr_c.a(_cr_check_heap.o)
 .comment       0x0000000000000049       0x4a /Applications/MCUXpressoIDE_11.7.0_9198/ide/plugins/com.nxp.mcuxpresso.tools.macosx_11.7.0.202209140929/tools/bin/../lib/gcc/arm-none-eabi/10.3.1/../../../../arm-none-eabi/lib/thumb/v6-m/nofp/libcr_c.a(_do_fflush.o)
 .comment       0x0000000000000049       0x4a /Applications/MCUXpressoIDE_11.7.0_9198/ide/plugins/com.nxp.mcuxpresso.tools.macosx_11.7.0.202209140929/tools/bin/../lib/gcc/arm-none-eabi/10.3.1/thumb/v6-m/nofp/libcr_eabihelpers.a(double.o)

.ARM.attributes
                0x0000000000000000       0x2a
 .ARM.attributes
                0x0000000000000000       0x2c ./startup/startup_mkl46z4.o
 .ARM.attributes
                0x000000000000002c       0x2c ./source/SD2_I2C.o
 .ARM.attributes
                0x0000000000000058       0x2c ./source/SD2_board.o
 .ARM.attributes
                0x0000000000000084       0x2c ./source/enviarAccContinuo.o
 .ARM.attributes
                0x00000000000000b0       0x2c ./source/main.o
 .ARM.attributes
                0x00000000000000dc       0x2c ./source/mefRecTrama.o
 .ARM.attributes
                0x0000000000000108       0x2c ./source/mma8451.o
 .ARM.attributes
                0x0000000000000134       0x2c ./source/mtb.o
 .ARM.attributes
                0x0000000000000160       0x2c ./source/procTrama.o
 .ARM.attributes
                0x000000000000018c       0x2c ./source/ringBuffer.o
 .ARM.attributes
                0x00000000000001b8       0x2c ./source/semihost_hardfault.o
 .ARM.attributes
                0x00000000000001e4       0x2c ./source/uart_ringBufer.o
 .ARM.attributes
                0x0000000000000210       0x2c ./drivers/fsl_clock.o
 .ARM.attributes
                0x000000000000023c       0x2c ./drivers/fsl_gpio.o
 .ARM.attributes
                0x0000000000000268       0x2c ./drivers/fsl_i2c.o
 .ARM.attributes
                0x0000000000000294       0x2c ./drivers/fsl_lpsci.o
 .ARM.attributes
                0x00000000000002c0       0x2c ./drivers/fsl_uart.o
 .ARM.attributes
                0x00000000000002ec       0x2c ./board/src/clock_config.o
 .ARM.attributes
                0x0000000000000318       0x2c ./CMSIS/system_MKL46Z4.o
 .ARM.attributes
                0x0000000000000344       0x2c /Applications/MCUXpressoIDE_11.7.0_9198/ide/plugins/com.nxp.mcuxpresso.tools.macosx_11.7.0.202209140929/tools/bin/../lib/gcc/arm-none-eabi/10.3.1/../../../../arm-none-eabi/lib/thumb/v6-m/nofp/libcr_semihost_nf.a(_cr__main.o)
 .ARM.attributes
                0x0000000000000370       0x2c /Applications/MCUXpressoIDE_11.7.0_9198/ide/plugins/com.nxp.mcuxpresso.tools.macosx_11.7.0.202209140929/tools/bin/../lib/gcc/arm-none-eabi/10.3.1/../../../../arm-none-eabi/lib/thumb/v6-m/nofp/libcr_semihost_nf.a(_cr_assert.o)
 .ARM.attributes
                0x000000000000039c       0x2c /Applications/MCUXpressoIDE_11.7.0_9198/ide/plugins/com.nxp.mcuxpresso.tools.macosx_11.7.0.202209140929/tools/bin/../lib/gcc/arm-none-eabi/10.3.1/../../../../arm-none-eabi/lib/thumb/v6-m/nofp/libcr_semihost_nf.a(__ciob.o)
 .ARM.attributes
                0x00000000000003c8       0x1c /Applications/MCUXpressoIDE_11.7.0_9198/ide/plugins/com.nxp.mcuxpresso.tools.macosx_11.7.0.202209140929/tools/bin/../lib/gcc/arm-none-eabi/10.3.1/../../../../arm-none-eabi/lib/thumb/v6-m/nofp/libcr_semihost_nf.a(__sys_appexit.o)
 .ARM.attributes
                0x00000000000003e4       0x2c /Applications/MCUXpressoIDE_11.7.0_9198/ide/plugins/com.nxp.mcuxpresso.tools.macosx_11.7.0.202209140929/tools/bin/../lib/gcc/arm-none-eabi/10.3.1/../../../../arm-none-eabi/lib/thumb/v6-m/nofp/libcr_c.a(memset.o)
 .ARM.attributes
                0x0000000000000410       0x2c /Applications/MCUXpressoIDE_11.7.0_9198/ide/plugins/com.nxp.mcuxpresso.tools.macosx_11.7.0.202209140929/tools/bin/../lib/gcc/arm-none-eabi/10.3.1/../../../../arm-none-eabi/lib/thumb/v6-m/nofp/libcr_c.a(_deferredlazyseek.o)
 .ARM.attributes
                0x000000000000043c       0x2c /Applications/MCUXpressoIDE_11.7.0_9198/ide/plugins/com.nxp.mcuxpresso.tools.macosx_11.7.0.202209140929/tools/bin/../lib/gcc/arm-none-eabi/10.3.1/../../../../arm-none-eabi/lib/thumb/v6-m/nofp/libcr_c.a(_fflush.o)
 .ARM.attributes
                0x0000000000000468       0x2c /Applications/MCUXpressoIDE_11.7.0_9198/ide/plugins/com.nxp.mcuxpresso.tools.macosx_11.7.0.202209140929/tools/bin/../lib/gcc/arm-none-eabi/10.3.1/../../../../arm-none-eabi/lib/thumb/v6-m/nofp/libcr_c.a(_writebuf.o)
 .ARM.attributes
                0x0000000000000494       0x2c /Applications/MCUXpressoIDE_11.7.0_9198/ide/plugins/com.nxp.mcuxpresso.tools.macosx_11.7.0.202209140929/tools/bin/../lib/gcc/arm-none-eabi/10.3.1/../../../../arm-none-eabi/lib/thumb/v6-m/nofp/libcr_c.a(alloc.o)
 .ARM.attributes
                0x00000000000004c0       0x2c /Applications/MCUXpressoIDE_11.7.0_9198/ide/plugins/com.nxp.mcuxpresso.tools.macosx_11.7.0.202209140929/tools/bin/../lib/gcc/arm-none-eabi/10.3.1/../../../../arm-none-eabi/lib/thumb/v6-m/nofp/libcr_c.a(fpprintf.o)
 .ARM.attributes
                0x00000000000004ec       0x2c /Applications/MCUXpressoIDE_11.7.0_9198/ide/plugins/com.nxp.mcuxpresso.tools.macosx_11.7.0.202209140929/tools/bin/../lib/gcc/arm-none-eabi/10.3.1/../../../../arm-none-eabi/lib/thumb/v6-m/nofp/libcr_c.a(fputs.o)
 .ARM.attributes
                0x0000000000000518       0x2c /Applications/MCUXpressoIDE_11.7.0_9198/ide/plugins/com.nxp.mcuxpresso.tools.macosx_11.7.0.202209140929/tools/bin/../lib/gcc/arm-none-eabi/10.3.1/../../../../arm-none-eabi/lib/thumb/v6-m/nofp/libcr_c.a(fseek.o)
 .ARM.attributes
                0x0000000000000544       0x2c /Applications/MCUXpressoIDE_11.7.0_9198/ide/plugins/com.nxp.mcuxpresso.tools.macosx_11.7.0.202209140929/tools/bin/../lib/gcc/arm-none-eabi/10.3.1/../../../../arm-none-eabi/lib/thumb/v6-m/nofp/libcr_c.a(ftell.o)
 .ARM.attributes
                0x0000000000000570       0x2c /Applications/MCUXpressoIDE_11.7.0_9198/ide/plugins/com.nxp.mcuxpresso.tools.macosx_11.7.0.202209140929/tools/bin/../lib/gcc/arm-none-eabi/10.3.1/../../../../arm-none-eabi/lib/thumb/v6-m/nofp/libcr_c.a(initio.o)
 .ARM.attributes
                0x000000000000059c       0x2c /Applications/MCUXpressoIDE_11.7.0_9198/ide/plugins/com.nxp.mcuxpresso.tools.macosx_11.7.0.202209140929/tools/bin/../lib/gcc/arm-none-eabi/10.3.1/../../../../arm-none-eabi/lib/thumb/v6-m/nofp/libcr_c.a(printf.o)
 .ARM.attributes
                0x00000000000005c8       0x2c /Applications/MCUXpressoIDE_11.7.0_9198/ide/plugins/com.nxp.mcuxpresso.tools.macosx_11.7.0.202209140929/tools/bin/../lib/gcc/arm-none-eabi/10.3.1/../../../../arm-none-eabi/lib/thumb/v6-m/nofp/libcr_c.a(scanf.o)
 .ARM.attributes
                0x00000000000005f4       0x2c /Applications/MCUXpressoIDE_11.7.0_9198/ide/plugins/com.nxp.mcuxpresso.tools.macosx_11.7.0.202209140929/tools/bin/../lib/gcc/arm-none-eabi/10.3.1/../../../../arm-none-eabi/lib/thumb/v6-m/nofp/libcr_c.a(setvbuf.o)
 .ARM.attributes
                0x0000000000000620       0x2c /Applications/MCUXpressoIDE_11.7.0_9198/ide/plugins/com.nxp.mcuxpresso.tools.macosx_11.7.0.202209140929/tools/bin/../lib/gcc/arm-none-eabi/10.3.1/../../../../arm-none-eabi/lib/thumb/v6-m/nofp/libcr_c.a(stdlib.o)
 .ARM.attributes
                0x000000000000064c       0x2c /Applications/MCUXpressoIDE_11.7.0_9198/ide/plugins/com.nxp.mcuxpresso.tools.macosx_11.7.0.202209140929/tools/bin/../lib/gcc/arm-none-eabi/10.3.1/../../../../arm-none-eabi/lib/thumb/v6-m/nofp/libcr_c.a(strlen.o)
 .ARM.attributes
                0x0000000000000678       0x2c /Applications/MCUXpressoIDE_11.7.0_9198/ide/plugins/com.nxp.mcuxpresso.tools.macosx_11.7.0.202209140929/tools/bin/../lib/gcc/arm-none-eabi/10.3.1/../../../../arm-none-eabi/lib/thumb/v6-m/nofp/libcr_c.a(__init_alloc.o)
 .ARM.attributes
                0x00000000000006a4       0x2c /Applications/MCUXpressoIDE_11.7.0_9198/ide/plugins/com.nxp.mcuxpresso.tools.macosx_11.7.0.202209140929/tools/bin/../lib/gcc/arm-none-eabi/10.3.1/../../../../arm-none-eabi/lib/thumb/v6-m/nofp/libcr_c.a(_cr_sbrk.o)
 .ARM.attributes
                0x00000000000006d0       0x2c /Applications/MCUXpressoIDE_11.7.0_9198/ide/plugins/com.nxp.mcuxpresso.tools.macosx_11.7.0.202209140929/tools/bin/../lib/gcc/arm-none-eabi/10.3.1/../../../../arm-none-eabi/lib/thumb/v6-m/nofp/libcr_c.a(_fdopen.o)
 .ARM.attributes
                0x00000000000006fc       0x2c /Applications/MCUXpressoIDE_11.7.0_9198/ide/plugins/com.nxp.mcuxpresso.tools.macosx_11.7.0.202209140929/tools/bin/../lib/gcc/arm-none-eabi/10.3.1/../../../../arm-none-eabi/lib/thumb/v6-m/nofp/libcr_c.a(_frexpl.o)
 .ARM.attributes
                0x0000000000000728       0x2c /Applications/MCUXpressoIDE_11.7.0_9198/ide/plugins/com.nxp.mcuxpresso.tools.macosx_11.7.0.202209140929/tools/bin/../lib/gcc/arm-none-eabi/10.3.1/../../../../arm-none-eabi/lib/thumb/v6-m/nofp/libcr_c.a(_ldexpl.o)
 .ARM.attributes
                0x0000000000000754       0x2c /Applications/MCUXpressoIDE_11.7.0_9198/ide/plugins/com.nxp.mcuxpresso.tools.macosx_11.7.0.202209140929/tools/bin/../lib/gcc/arm-none-eabi/10.3.1/../../../../arm-none-eabi/lib/thumb/v6-m/nofp/libcr_c.a(ctype.o)
 .ARM.attributes
                0x0000000000000780       0x2c /Applications/MCUXpressoIDE_11.7.0_9198/ide/plugins/com.nxp.mcuxpresso.tools.macosx_11.7.0.202209140929/tools/bin/../lib/gcc/arm-none-eabi/10.3.1/../../../../arm-none-eabi/lib/thumb/v6-m/nofp/libcr_c.a(errno.o)
 .ARM.attributes
                0x00000000000007ac       0x2c /Applications/MCUXpressoIDE_11.7.0_9198/ide/plugins/com.nxp.mcuxpresso.tools.macosx_11.7.0.202209140929/tools/bin/../lib/gcc/arm-none-eabi/10.3.1/../../../../arm-none-eabi/lib/thumb/v6-m/nofp/libcr_c.a(fclose.o)
 .ARM.attributes
                0x00000000000007d8       0x2c /Applications/MCUXpressoIDE_11.7.0_9198/ide/plugins/com.nxp.mcuxpresso.tools.macosx_11.7.0.202209140929/tools/bin/../lib/gcc/arm-none-eabi/10.3.1/../../../../arm-none-eabi/lib/thumb/v6-m/nofp/libcr_c.a(fflush.o)
 .ARM.attributes
                0x0000000000000804       0x2c /Applications/MCUXpressoIDE_11.7.0_9198/ide/plugins/com.nxp.mcuxpresso.tools.macosx_11.7.0.202209140929/tools/bin/../lib/gcc/arm-none-eabi/10.3.1/../../../../arm-none-eabi/lib/thumb/v6-m/nofp/libcr_c.a(remove.o)
 .ARM.attributes
                0x0000000000000830       0x2c /Applications/MCUXpressoIDE_11.7.0_9198/ide/plugins/com.nxp.mcuxpresso.tools.macosx_11.7.0.202209140929/tools/bin/../lib/gcc/arm-none-eabi/10.3.1/../../../../arm-none-eabi/lib/thumb/v6-m/nofp/libcr_c.a(_cr_check_heap.o)
 .ARM.attributes
                0x000000000000085c       0x2c /Applications/MCUXpressoIDE_11.7.0_9198/ide/plugins/com.nxp.mcuxpresso.tools.macosx_11.7.0.202209140929/tools/bin/../lib/gcc/arm-none-eabi/10.3.1/../../../../arm-none-eabi/lib/thumb/v6-m/nofp/libcr_c.a(_do_fflush.o)
 .ARM.attributes
                0x0000000000000888       0x1c /Applications/MCUXpressoIDE_11.7.0_9198/ide/plugins/com.nxp.mcuxpresso.tools.macosx_11.7.0.202209140929/tools/bin/../lib/gcc/arm-none-eabi/10.3.1/thumb/v6-m/nofp/libcr_eabihelpers.a(division_32.o)
 .ARM.attributes
                0x00000000000008a4       0x1c /Applications/MCUXpressoIDE_11.7.0_9198/ide/plugins/com.nxp.mcuxpresso.tools.macosx_11.7.0.202209140929/tools/bin/../lib/gcc/arm-none-eabi/10.3.1/thumb/v6-m/nofp/libcr_eabihelpers.a(division_idiv0.o)
 .ARM.attributes
                0x00000000000008c0       0x2c /Applications/MCUXpressoIDE_11.7.0_9198/ide/plugins/com.nxp.mcuxpresso.tools.macosx_11.7.0.202209140929/tools/bin/../lib/gcc/arm-none-eabi/10.3.1/thumb/v6-m/nofp/libcr_eabihelpers.a(double.o)
 .ARM.attributes
                0x00000000000008ec       0x1c /Applications/MCUXpressoIDE_11.7.0_9198/ide/plugins/com.nxp.mcuxpresso.tools.macosx_11.7.0.202209140929/tools/bin/../lib/gcc/arm-none-eabi/10.3.1/thumb/v6-m/nofp/libcr_eabihelpers.a(llong.o)
 .ARM.attributes
                0x0000000000000908       0x1c /Applications/MCUXpressoIDE_11.7.0_9198/ide/plugins/com.nxp.mcuxpresso.tools.macosx_11.7.0.202209140929/tools/bin/../lib/gcc/arm-none-eabi/10.3.1/thumb/v6-m/nofp/libcr_eabihelpers.a(memcpy.o)
 .ARM.attributes
                0x0000000000000924       0x1c /Applications/MCUXpressoIDE_11.7.0_9198/ide/plugins/com.nxp.mcuxpresso.tools.macosx_11.7.0.202209140929/tools/bin/../lib/gcc/arm-none-eabi/10.3.1/thumb/v6-m/nofp/libcr_eabihelpers.a(thumb1_switch_helpers.o)
 .ARM.attributes
                0x0000000000000940       0x1c /Applications/MCUXpressoIDE_11.7.0_9198/ide/plugins/com.nxp.mcuxpresso.tools.macosx_11.7.0.202209140929/tools/bin/../lib/gcc/arm-none-eabi/10.3.1/../../../../arm-none-eabi/lib/thumb/v6-m/nofp/libcr_semihost_nf.a(__sys_close.o)
 .ARM.attributes
                0x000000000000095c       0x1c /Applications/MCUXpressoIDE_11.7.0_9198/ide/plugins/com.nxp.mcuxpresso.tools.macosx_11.7.0.202209140929/tools/bin/../lib/gcc/arm-none-eabi/10.3.1/../../../../arm-none-eabi/lib/thumb/v6-m/nofp/libcr_semihost_nf.a(__sys_flen.o)
 .ARM.attributes
                0x0000000000000978       0x1c /Applications/MCUXpressoIDE_11.7.0_9198/ide/plugins/com.nxp.mcuxpresso.tools.macosx_11.7.0.202209140929/tools/bin/../lib/gcc/arm-none-eabi/10.3.1/../../../../arm-none-eabi/lib/thumb/v6-m/nofp/libcr_semihost_nf.a(__sys_istty.o)
 .ARM.attributes
                0x0000000000000994       0x1c /Applications/MCUXpressoIDE_11.7.0_9198/ide/plugins/com.nxp.mcuxpresso.tools.macosx_11.7.0.202209140929/tools/bin/../lib/gcc/arm-none-eabi/10.3.1/../../../../arm-none-eabi/lib/thumb/v6-m/nofp/libcr_semihost_nf.a(__sys_remove.o)
 .ARM.attributes
                0x00000000000009b0       0x1c /Applications/MCUXpressoIDE_11.7.0_9198/ide/plugins/com.nxp.mcuxpresso.tools.macosx_11.7.0.202209140929/tools/bin/../lib/gcc/arm-none-eabi/10.3.1/../../../../arm-none-eabi/lib/thumb/v6-m/nofp/libcr_semihost_nf.a(__sys_seek.o)
 .ARM.attributes
                0x00000000000009cc       0x1c /Applications/MCUXpressoIDE_11.7.0_9198/ide/plugins/com.nxp.mcuxpresso.tools.macosx_11.7.0.202209140929/tools/bin/../lib/gcc/arm-none-eabi/10.3.1/../../../../arm-none-eabi/lib/thumb/v6-m/nofp/libcr_semihost_nf.a(__sys_tmpnam.o)
 .ARM.attributes
                0x00000000000009e8       0x1c /Applications/MCUXpressoIDE_11.7.0_9198/ide/plugins/com.nxp.mcuxpresso.tools.macosx_11.7.0.202209140929/tools/bin/../lib/gcc/arm-none-eabi/10.3.1/../../../../arm-none-eabi/lib/thumb/v6-m/nofp/libcr_semihost_nf.a(__sys_write.o)

.debug_frame    0x0000000000000000     0x2468
 .debug_frame   0x0000000000000000      0x3b0 ./startup/startup_mkl46z4.o
 .debug_frame   0x00000000000003b0       0xf0 ./source/SD2_I2C.o
 .debug_frame   0x00000000000004a0      0x150 ./source/SD2_board.o
 .debug_frame   0x00000000000005f0       0x58 ./source/enviarAccContinuo.o
 .debug_frame   0x0000000000000648       0x88 ./source/main.o
 .debug_frame   0x00000000000006d0       0x30 ./source/mefRecTrama.o
 .debug_frame   0x0000000000000700      0x288 ./source/mma8451.o
 .debug_frame   0x0000000000000988       0xc0 ./source/procTrama.o
 .debug_frame   0x0000000000000a48       0xd0 ./source/ringBuffer.o
 .debug_frame   0x0000000000000b18       0x20 ./source/semihost_hardfault.o
 .debug_frame   0x0000000000000b38      0x170 ./source/uart_ringBufer.o
 .debug_frame   0x0000000000000ca8      0x6e0 ./drivers/fsl_clock.o
 .debug_frame   0x0000000000001388      0x190 ./drivers/fsl_gpio.o
 .debug_frame   0x0000000000001518      0x58c ./drivers/fsl_i2c.o
 .debug_frame   0x0000000000001aa4      0x414 ./drivers/fsl_lpsci.o
 .debug_frame   0x0000000000001eb8      0x464 ./drivers/fsl_uart.o
 .debug_frame   0x000000000000231c       0xe4 ./board/src/clock_config.o
 .debug_frame   0x0000000000002400       0x68 ./CMSIS/system_MKL46Z4.o