Archive member included to satisfy reference by file (symbol)

/Applications/MCUXpressoIDE_11.7.0_9198/ide/plugins/com.nxp.mcuxpresso.tools.macosx_11.7.0.202209140929/tools/bin/../lib/gcc/arm-none-eabi/10.3.1/../../../../arm-none-eabi/lib/thumb/v6-m/nofp/libcr_semihost_nf.a(_cr__main.o)
                              ./startup/startup_mkl46z4.o (__main)
/Applications/MCUXpressoIDE_11.7.0_9198/ide/plugins/com.nxp.mcuxpresso.tools.macosx_11.7.0.202209140929/tools/bin/../lib/gcc/arm-none-eabi/10.3.1/../../../../arm-none-eabi/lib/thumb/v6-m/nofp/libcr_semihost_nf.a(_cr_assert.o)
                              ./utilities/fsl_debug_console.o (__assertion_failed)
/Applications/MCUXpressoIDE_11.7.0_9198/ide/plugins/com.nxp.mcuxpresso.tools.macosx_11.7.0.202209140929/tools/bin/../lib/gcc/arm-none-eabi/10.3.1/../../../../arm-none-eabi/lib/thumb/v6-m/nofp/libcr_semihost_nf.a(__ciob.o)
                              /Applications/MCUXpressoIDE_11.7.0_9198/ide/plugins/com.nxp.mcuxpresso.tools.macosx_11.7.0.202209140929/tools/bin/../lib/gcc/arm-none-eabi/10.3.1/../../../../arm-none-eabi/lib/thumb/v6-m/nofp/libcr_semihost_nf.a(_cr_assert.o) (__Ciob)
/Applications/MCUXpressoIDE_11.7.0_9198/ide/plugins/com.nxp.mcuxpresso.tools.macosx_11.7.0.202209140929/tools/bin/../lib/gcc/arm-none-eabi/10.3.1/../../../../arm-none-eabi/lib/thumb/v6-m/nofp/libcr_semihost_nf.a(__sys_appexit.o)
                              /Applications/MCUXpressoIDE_11.7.0_9198/ide/plugins/com.nxp.mcuxpresso.tools.macosx_11.7.0.202209140929/tools/bin/../lib/gcc/arm-none-eabi/10.3.1/../../../../arm-none-eabi/lib/thumb/v6-m/nofp/libcr_semihost_nf.a(_cr_assert.o) (__sys_appexit)
/Applications/MCUXpressoIDE_11.7.0_9198/ide/plugins/com.nxp.mcuxpresso.tools.macosx_11.7.0.202209140929/tools/bin/../lib/gcc/arm-none-eabi/10.3.1/../../../../arm-none-eabi/lib/thumb/v6-m/nofp/libcr_c.a(memcpy.o)
                              ./source/uart0_DMA.o (memcpy)
/Applications/MCUXpressoIDE_11.7.0_9198/ide/plugins/com.nxp.mcuxpresso.tools.macosx_11.7.0.202209140929/tools/bin/../lib/gcc/arm-none-eabi/10.3.1/../../../../arm-none-eabi/lib/thumb/v6-m/nofp/libcr_c.a(memset.o)
                              ./source/mma8451.o (memset)
/Applications/MCUXpressoIDE_11.7.0_9198/ide/plugins/com.nxp.mcuxpresso.tools.macosx_11.7.0.202209140929/tools/bin/../lib/gcc/arm-none-eabi/10.3.1/../../../../arm-none-eabi/lib/thumb/v6-m/nofp/libcr_c.a(_deferredlazyseek.o)
                              /Applications/MCUXpressoIDE_11.7.0_9198/ide/plugins/com.nxp.mcuxpresso.tools.macosx_11.7.0.202209140929/tools/bin/../lib/gcc/arm-none-eabi/10.3.1/../../../../arm-none-eabi/lib/thumb/v6-m/nofp/libcr_semihost_nf.a(_cr_assert.o) (__flsbuf)
/Applications/MCUXpressoIDE_11.7.0_9198/ide/plugins/com.nxp.mcuxpresso.tools.macosx_11.7.0.202209140929/tools/bin/../lib/gcc/arm-none-eabi/10.3.1/../../../../arm-none-eabi/lib/thumb/v6-m/nofp/libcr_c.a(_fflush.o)
                              /Applications/MCUXpressoIDE_11.7.0_9198/ide/plugins/com.nxp.mcuxpresso.tools.macosx_11.7.0.202209140929/tools/bin/../lib/gcc/arm-none-eabi/10.3.1/../../../../arm-none-eabi/lib/thumb/v6-m/nofp/libcr_c.a(_deferredlazyseek.o) (_fflush)
/Applications/MCUXpressoIDE_11.7.0_9198/ide/plugins/com.nxp.mcuxpresso.tools.macosx_11.7.0.202209140929/tools/bin/../lib/gcc/arm-none-eabi/10.3.1/../../../../arm-none-eabi/lib/thumb/v6-m/nofp/libcr_c.a(_writebuf.o)
                              /Applications/MCUXpressoIDE_11.7.0_9198/ide/plugins/com.nxp.mcuxpresso.tools.macosx_11.7.0.202209140929/tools/bin/../lib/gcc/arm-none-eabi/10.3.1/../../../../arm-none-eabi/lib/thumb/v6-m/nofp/libcr_c.a(_deferredlazyseek.o) (_Cwritebuf)
/Applications/MCUXpressoIDE_11.7.0_9198/ide/plugins/com.nxp.mcuxpresso.tools.macosx_11.7.0.202209140929/tools/bin/../lib/gcc/arm-none-eabi/10.3.1/../../../../arm-none-eabi/lib/thumb/v6-m/nofp/libcr_c.a(alloc.o)
                              ./source/ringBuffer.o (malloc)
/Applications/MCUXpressoIDE_11.7.0_9198/ide/plugins/com.nxp.mcuxpresso.tools.macosx_11.7.0.202209140929/tools/bin/../lib/gcc/arm-none-eabi/10.3.1/../../../../arm-none-eabi/lib/thumb/v6-m/nofp/libcr_c.a(fpprintf.o)
                              ./source/enviarAccContinuo.o (sprintf)
/Applications/MCUXpressoIDE_11.7.0_9198/ide/plugins/com.nxp.mcuxpresso.tools.macosx_11.7.0.202209140929/tools/bin/../lib/gcc/arm-none-eabi/10.3.1/../../../../arm-none-eabi/lib/thumb/v6-m/nofp/libcr_c.a(fputs.o)
                              /Applications/MCUXpressoIDE_11.7.0_9198/ide/plugins/com.nxp.mcuxpresso.tools.macosx_11.7.0.202209140929/tools/bin/../lib/gcc/arm-none-eabi/10.3.1/../../../../arm-none-eabi/lib/thumb/v6-m/nofp/libcr_semihost_nf.a(_cr_assert.o) (fputs)
/Applications/MCUXpressoIDE_11.7.0_9198/ide/plugins/com.nxp.mcuxpresso.tools.macosx_11.7.0.202209140929/tools/bin/../lib/gcc/arm-none-eabi/10.3.1/../../../../arm-none-eabi/lib/thumb/v6-m/nofp/libcr_c.a(fseek.o)
[...]
Memory Configuration

Name             Origin             Length             Attributes
PROGRAM_FLASH    0x0000000000000000 0x0000000000040000 xr
SRAM             0x000000001fffe000 0x0000000000008000 xrw
*default*        0x0000000000000000 0xffffffffffffffff

Linker script and memory map

LOAD ./utilities/fsl_assert.o
LOAD ./utilities/fsl_debug_console.o
LOAD ./utilities/fsl_io.o
LOAD ./utilities/fsl_log.o
LOAD ./utilities/fsl_str.o
LOAD ./startup/startup_mkl46z4.o
LOAD ./source/SD2_I2C.o
LOAD ./source/SD2_board.o
LOAD ./source/display.o
LOAD ./source/enviarAccContinuo.o
LOAD ./source/font5x7.o
LOAD ./source/main.o
LOAD ./source/mefDisplay.o
LOAD ./source/mefRecTrama.o
LOAD ./source/mma8451.o
LOAD ./source/mtb.o
LOAD ./source/oled.o
LOAD ./source/procTrama.o
LOAD ./source/ringBuffer.o
LOAD ./source/semihost_hardfault.o
LOAD ./source/uart0_DMA.o
LOAD ./source/uart1.o
LOAD ./drivers/fsl_clock.o
LOAD ./drivers/fsl_common.o
LOAD ./drivers/fsl_dma.o
LOAD ./drivers/fsl_dmamux.o
LOAD ./drivers/fsl_ftfx_cache.o
LOAD ./drivers/fsl_ftfx_controller.o
LOAD ./drivers/fsl_ftfx_flash.o
LOAD ./drivers/fsl_ftfx_flexnvm.o
LOAD ./drivers/fsl_gpio.o
LOAD ./drivers/fsl_i2c.o
LOAD ./drivers/fsl_lpsci.o
LOAD ./drivers/fsl_lpsci_dma.o
LOAD ./drivers/fsl_smc.o
LOAD ./drivers/fsl_spi.o
LOAD ./drivers/fsl_uart.o
LOAD ./drivers/fsl_uart_dma.o
LOAD ./board/src/board.o
LOAD ./board/src/clock_config.o
LOAD ./board/peripherals.o
LOAD ./board/pin_mux.o
LOAD ./CMSIS/system_MKL46Z4.o
START GROUP
LOAD /Applications/MCUXpressoIDE_11.7.0_9198/ide/plugins/com.nxp.mcuxpresso.tools.macosx_11.7.0.202209140929/tools/bin/../lib/gcc/arm-none-eabi/10.3.1/../../../../arm-none-eabi/lib/thumb/v6-m/nofp/libcr_semihost_nf.a
LOAD /Applications/MCUXpressoIDE_11.7.0_9198/ide/plugins/com.nxp.mcuxpresso.tools.macosx_11.7.0.202209140929/tools/bin/../lib/gcc/arm-none-eabi/10.3.1/../../../../arm-none-eabi/lib/thumb/v6-m/nofp/libcr_c.a
LOAD /Applications/MCUXpressoIDE_11.7.0_9198/ide/plugins/com.nxp.mcuxpresso.tools.macosx_11.7.0.202209140929/tools/bin/../lib/gcc/arm-none-eabi/10.3.1/thumb/v6-m/nofp/libcr_eabihelpers.a
LOAD /Applications/MCUXpressoIDE_11.7.0_9198/ide/plugins/com.nxp.mcuxpresso.tools.macosx_11.7.0.202209140929/tools/bin/../lib/gcc/arm-none-eabi/10.3.1/thumb/v6-m/nofp/libgcc.a
END GROUP
                0x0000000000000000                __base_PROGRAM_FLASH = 0x0
                0x0000000000000000                __base_Flash = 0x0
                0x0000000000040000                __top_PROGRAM_FLASH = 0x40000
                0x0000000000040000                __top_Flash = 0x40000
                0x000000001fffe000                __base_SRAM = 0x1fffe000
                0x000000001fffe000                __base_RAM = 0x1fffe000
                0x0000000020006000                __top_SRAM = 0x20006000
                0x0000000020006000                __top_RAM = 0x20006000

.text           0x0000000000000000     0x9f64
 FILL mask 0xff
                0x0000000000000000                __vectors_start__ = ABSOLUTE (.)
 *(SORT_BY_ALIGNMENT(.isr_vector))
 .isr_vector    0x0000000000000000       0xc0 ./startup/startup_mkl46z4.o
                0x0000000000000000                __Vectors
                0x0000000000000000                g_pfnVectors
                0x00000000000000c0                . = ALIGN (0x4)
                0x00000000000000c0                __section_table_start = .
                0x00000000000000c0                __data_section_table = .
                0x00000000000000c0        0x4 LONG 0x9f64 LOADADDR (.data)
                0x00000000000000c4        0x4 LONG 0x1fffe080 ADDR (.data)
                0x00000000000000c8        0x4 LONG 0xc SIZEOF (.data)
                0x00000000000000cc                __data_section_table_end = .
                0x00000000000000cc                __bss_section_table = .
                0x00000000000000cc        0x4 LONG 0x1fffe08c ADDR (.bss)
                0x00000000000000d0        0x4 LONG 0x5f8 SIZEOF (.bss)
                0x00000000000000d4                __bss_section_table_end = .
                0x00000000000000d4                __section_table_end = .
 *(SORT_BY_ALIGNMENT(.after_vectors*))
 .after_vectors.reset
                0x00000000000000d4       0x4c ./startup/startup_mkl46z4.o
                0x00000000000000d4                ResetISR
 .after_vectors.init_data
                0x0000000000000120       0x12 ./startup/startup_mkl46z4.o
                0x0000000000000120                data_init
 .after_vectors.init_bss
                0x0000000000000132       0x10 ./startup/startup_mkl46z4.o
                0x0000000000000132                bss_init
 .after_vectors
                0x0000000000000142      0x10c ./startup/startup_mkl46z4.o
                0x0000000000000142                NMI_Handler
                0x0000000000000146                SVC_Handler
                0x0000000000000148                PendSV_Handler
                0x000000000000014c                CMP0_DriverIRQHandler
                0x000000000000014c                I2S0_DriverIRQHandler
                0x000000000000014c                PIT_DriverIRQHandler
                0x000000000000014c                LPTMR0_DriverIRQHandler
                0x000000000000014c                PORTC_PORTD_DriverIRQHandler
                0x000000000000014c                TPM0_DriverIRQHandler
                0x000000000000014c                TPM1_DriverIRQHandler
                0x000000000000014c                PORTA_DriverIRQHandler
                0x000000000000014c                Reserved20_DriverIRQHandler
                0x000000000000014c                TPM2_DriverIRQHandler
                0x000000000000014c                ADC0_DriverIRQHandler
                0x000000000000014c                TSI0_DriverIRQHandler
                0x000000000000014c                RTC_Seconds_DriverIRQHandler
                0x000000000000014c                LLWU_DriverIRQHandler
                0x000000000000014c                MCG_DriverIRQHandler
                0x000000000000014c                LCD_DriverIRQHandler
                0x000000000000014c                RTC_DriverIRQHandler
                0x000000000000014c                FTFA_DriverIRQHandler
                0x000000000000014c                IntDefaultHandler
                0x000000000000014c                USB0_DriverIRQHandler
                0x000000000000014c                DAC0_DriverIRQHandler
                0x000000000000014c                LVD_LVW_DriverIRQHandler
                0x000000000000014e                DMA0_IRQHandler
                0x0000000000000156                DMA1_IRQHandler
                0x000000000000015e                DMA2_IRQHandler
                0x0000000000000166                DMA3_IRQHandler
                0x000000000000016e                Reserved20_IRQHandler
                0x0000000000000176                FTFA_IRQHandler
                0x000000000000017e                LVD_LVW_IRQHandler
                0x0000000000000186                LLWU_IRQHandler
                0x000000000000018e                I2C0_IRQHandler
                0x0000000000000196                I2C1_IRQHandler
                0x000000000000019e                SPI0_IRQHandler
                0x00000000000001a6                SPI1_IRQHandler
                0x00000000000001be                UART2_IRQHandler
                0x00000000000001c6                ADC0_IRQHandler
                0x00000000000001ce                CMP0_IRQHandler
                0x00000000000001d6                TPM0_IRQHandler
                0x00000000000001de                TPM1_IRQHandler
                0x00000000000001e6                TPM2_IRQHandler
                0x00000000000001ee                RTC_IRQHandler
                0x00000000000001f6                RTC_Seconds_IRQHandler
                0x00000000000001fe                PIT_IRQHandler
                0x0000000000000206                I2S0_IRQHandler
                0x000000000000020e                USB0_IRQHandler
                0x0000000000000216                DAC0_IRQHandler
                0x000000000000021e                TSI0_IRQHandler
                0x0000000000000226                MCG_IRQHandler
                0x000000000000022e                LPTMR0_IRQHandler
                0x0000000000000236                LCD_IRQHandler
                0x000000000000023e                PORTA_IRQHandler
                0x0000000000000400                . = 0x400
 *fill*         0x000000000000024e      0x1b2 ff
                0x0000000000000400                PROVIDE (__FLASH_CONFIG_START__ = .)
 *(SORT_BY_ALIGNMENT(.FlashConfig))
 .FlashConfig   0x0000000000000400       0x10 ./startup/startup_mkl46z4.o
                0x0000000000000400                Flash_Config
                0x0000000000000410                PROVIDE (__FLASH_CONFIG_END__ = .)
                0x0000000000000001                ASSERT (! ((__FLASH_CONFIG_START__ == __FLASH_CONFIG_END__)), Linker Flash Config Support Enabled, but no .FlashConfig section provided within application)
 *(SORT_BY_ALIGNMENT(.text*))
 .text.CLOCK_EnableClock
                0x0000000000000410       0x34 ./source/SD2_I2C.o
 .text.PORT_SetPinConfig
                0x0000000000000444       0x38 ./source/SD2_I2C.o
 .text.I2C_releaseBus
                0x000000000000047c      0x124 ./source/SD2_I2C.o
 .text.I2C_configPins
                0x00000000000005a0       0x80 ./source/SD2_I2C.o
 .text.SD2_I2C_init
                0x0000000000000620       0x44 ./source/SD2_I2C.o
                0x0000000000000620                SD2_I2C_init
 .text.CLOCK_EnableClock
                0x0000000000000664       0x34 ./source/SD2_board.o
 .text.PORT_SetPinConfig
                0x0000000000000698       0x38 ./source/SD2_board.o
 .text.rs485_RE
                0x00000000000006d0       0x44 ./source/SD2_board.o
                0x00000000000006d0                rs485_RE
 .text.rs485_DE
                0x0000000000000714       0x44 ./source/SD2_board.o
                0x0000000000000714                rs485_DE
 .text.board_init
                0x0000000000000758      0x2bc ./source/SD2_board.o
                0x0000000000000758                board_init
 .text.board_setLed
                0x0000000000000a14       0xd8 ./source/SD2_board.o
                0x0000000000000a14                board_setLed
 .text.board_getSw
                0x0000000000000aec       0x50 ./source/SD2_board.o
                0x0000000000000aec                board_getSw
 .text.board_configSPI0
                0x0000000000000b3c       0x90 ./source/SD2_board.o
                0x0000000000000b3c                board_configSPI0
 .text.board_setOledPin
                0x0000000000000bcc       0x50 ./source/SD2_board.o
                0x0000000000000bcc                board_setOledPin
 .text.board_SPISend
                0x0000000000000c1c       0x38 ./source/SD2_board.o
                0x0000000000000c1c                board_SPISend
 .text.display_header
                0x0000000000000c54       0x28 ./source/display.o
                0x0000000000000c54                display_header
 .text.display_reading
                0x0000000000000c7c       0xa8 ./source/display.o
                0x0000000000000c7c                display_reading
 .text.enviarContinuo
                0x0000000000000d24      0x108 ./source/enviarAccContinuo.o
                0x0000000000000d24                enviarContinuo
 .text.enviarAccContinuo_1ms
                0x0000000000000e2c       0x20 ./source/enviarAccContinuo.o
                0x0000000000000e2c                enviarAccContinuo_1ms
 .text.__NVIC_SetPriority
                0x0000000000000e4c       0xdc ./source/main.o
 .text.SysTick_Config
                0x0000000000000f28       0x48 ./source/main.o
 .text.main     0x0000000000000f70       0x48 ./source/main.o
                0x0000000000000f70                main
 .text.mefDisplay
                0x0000000000000fb8       0x58 ./source/mefDisplay.o
                0x0000000000000fb8                mefDisplay
 .text.mefDisplay_task1ms
                0x0000000000001010       0x24 ./source/mefDisplay.o
                0x0000000000001010                mefDisplay_task1ms
 .text.mefRecTrama_task
                0x0000000000001034       0xd0 ./source/mefRecTrama.o
                0x0000000000001034                mefRecTrama_task
 .text.__NVIC_EnableIRQ
                0x0000000000001104       0x34 ./source/mma8451.o
 .text.__NVIC_SetPriority
                0x0000000000001138       0xdc ./source/mma8451.o
 .text.PORT_SetPinConfig
                0x0000000000001214       0x38 ./source/mma8451.o
 .text.PORT_SetPinInterruptConfig
                0x000000000000124c       0x40 ./source/mma8451.o
 .text.mma8451_read_reg
                0x000000000000128c       0x68 ./source/mma8451.o
 .text.mma8451_read_multireg
                0x00000000000012f4       0x68 ./source/mma8451.o
 .text.mma8451_write_reg
                0x000000000000135c       0x68 ./source/mma8451.o
 .text.config_port_int1
                0x00000000000013c4       0x74 ./source/mma8451.o
 .text.mma8451_getAcX
                0x0000000000001438       0x2c ./source/mma8451.o
                0x0000000000001438                mma8451_getAcX
 .text.mma8451_getAcY
                0x0000000000001464       0x2c ./source/mma8451.o
                0x0000000000001464                mma8451_getAcY
 .text.mma8451_getAcZ
                0x0000000000001490       0x2c ./source/mma8451.o
                0x0000000000001490                mma8451_getAcZ
 .text.PORTC_PORTD_IRQHandler
                0x00000000000014bc      0x11c ./source/mma8451.o
                0x00000000000014bc                PORTC_PORTD_IRQHandler
 .text.oled_init
                0x00000000000015d8       0x50 ./source/oled.o
                0x00000000000015d8                oled_init
 .text.oled_putPixel
                0x0000000000001628      0x1bc ./source/oled.o
                0x0000000000001628                oled_putPixel
 .text.oled_clearScreen
                0x00000000000017e4       0x84 ./source/oled.o
                0x00000000000017e4                oled_clearScreen
 .text.oled_putChar
                0x0000000000001868      0x148 ./source/oled.o
                0x0000000000001868                oled_putChar
 .text.procLed  0x00000000000019b0       0xb8 ./source/procTrama.o
 .text.procSw   0x0000000000001a68       0xbc ./source/procTrama.o
 .text.procAcc  0x0000000000001b24       0xf8 ./source/procTrama.o
 .text.HardFault_Handler
                0x0000000000001c1c       0x30 ./source/semihost_hardfault.o
                0x0000000000001c1c                HardFault_Handler
 .text.__NVIC_EnableIRQ
                0x0000000000001c4c       0x34 ./source/uart0_DMA.o
 .text.CLOCK_SetLpsci0Clock
                0x0000000000001c80       0x38 ./source/uart0_DMA.o
 .text.PORT_SetPinMux
                0x0000000000001cb8       0x40 ./source/uart0_DMA.o
 .text.DMAMUX_EnableChannel
                0x0000000000001cf8       0x40 ./source/uart0_DMA.o
 .text.DMAMUX_SetSource
                0x0000000000001d38       0x50 ./source/uart0_DMA.o
 .text.LPSCI_UserCallback
                0x0000000000001d88       0x2c ./source/uart0_DMA.o
 .text.uart0_init
                0x0000000000001db4      0x110 ./source/uart0_DMA.o
                0x0000000000001db4                uart0_init
 .text.uart0_DMA_envDatos
                0x0000000000001ec4       0x78 ./source/uart0_DMA.o
                0x0000000000001ec4                uart0_DMA_envDatos
 .text.UART0_IRQHandler
                0x0000000000001f3c       0xb4 ./source/uart0_DMA.o
                0x0000000000001f3c                UART0_IRQHandler
 .text.__NVIC_EnableIRQ
                0x0000000000001ff0       0x34 ./source/uart1.o
 .text.__NVIC_DisableIRQ
                0x0000000000002024       0x44 ./source/uart1.o
 .text.PORT_SetPinMux
                0x0000000000002068       0x40 ./source/uart1.o
 .text.DMAMUX_EnableChannel
                0x00000000000020a8       0x40 ./source/uart1.o
 .text.DMAMUX_SetSource
                0x00000000000020e8       0x50 ./source/uart1.o
 .text.UART1_UserCallback
                0x0000000000002138       0x2c ./source/uart1.o
 .text.uart1_init
                0x0000000000002164      0x118 ./source/uart1.o
                0x0000000000002164                uart1_init
 .text.uart1_ringBuffer_recDatos
                0x000000000000227c       0x78 ./source/uart1.o
                0x000000000000227c                uart1_ringBuffer_recDatos
 .text.uart1_DMA_envDatos
                0x00000000000022f4       0x84 ./source/uart1.o
                0x00000000000022f4                uart1_DMA_envDatos
 .text.UART1_IRQHandler
                0x0000000000002378      0x104 ./source/uart1.o
                0x0000000000002378                UART1_IRQHandler
 .text.CLOCK_SetEr32kClock
                0x000000000000247c       0x34 ./drivers/fsl_clock.o
 .text.CLOCK_SetPllFllSelClock
                0x00000000000024b0       0x38 ./drivers/fsl_clock.o
 .text.CLOCK_GetMcgExtClkFreq
                0x00000000000024e8       0x28 ./drivers/fsl_clock.o
 .text.CLOCK_GetFllExtRefClkFreq
                0x0000000000002510       0xa8 ./drivers/fsl_clock.o
 .text.CLOCK_GetInternalRefClkSelectFreq
                0x00000000000025b8       0x40 ./drivers/fsl_clock.o
 .text.CLOCK_GetFllRefClkFreq
                0x00000000000025f8       0x2c ./drivers/fsl_clock.o
 .text.CLOCK_GetOscRangeFromFreq
                0x0000000000002624       0x4c ./drivers/fsl_clock.o
 .text.CLOCK_GetOsc0ErClkFreq
                0x0000000000002670       0x3c ./drivers/fsl_clock.o
                0x0000000000002670                CLOCK_GetOsc0ErClkFreq
 .text.CLOCK_GetEr32kClkFreq
                0x00000000000026ac       0x78 ./drivers/fsl_clock.o
                0x00000000000026ac                CLOCK_GetEr32kClkFreq
 .text.CLOCK_GetPllFllSelClkFreq
                0x0000000000002724       0x4c ./drivers/fsl_clock.o
                0x0000000000002724                CLOCK_GetPllFllSelClkFreq
 .text.CLOCK_GetFreq
                0x0000000000002770       0xe0 ./drivers/fsl_clock.o
                0x0000000000002770                CLOCK_GetFreq
 .text.CLOCK_SetSimConfig
                0x0000000000002850       0x38 ./drivers/fsl_clock.o
                0x0000000000002850                CLOCK_SetSimConfig
 .text.CLOCK_GetOutClkFreq
                0x0000000000002888       0x78 ./drivers/fsl_clock.o
                0x0000000000002888                CLOCK_GetOutClkFreq
 .text.CLOCK_GetFllFreq
                0x0000000000002900       0x84 ./drivers/fsl_clock.o
                0x0000000000002900                CLOCK_GetFllFreq
 .text.CLOCK_GetInternalRefClkFreq
                0x0000000000002984       0x28 ./drivers/fsl_clock.o
                0x0000000000002984                CLOCK_GetInternalRefClkFreq
 .text.CLOCK_GetPll0Freq
                0x00000000000029ac       0x70 ./drivers/fsl_clock.o
                0x00000000000029ac                CLOCK_GetPll0Freq
 .text.CLOCK_SetInternalRefClkConfig
                0x0000000000002a1c      0x124 ./drivers/fsl_clock.o
                0x0000000000002a1c                CLOCK_SetInternalRefClkConfig
 .text.CLOCK_EnablePll0
                0x0000000000002b40       0x94 ./drivers/fsl_clock.o
                0x0000000000002b40                CLOCK_EnablePll0
 .text.CLOCK_InitOsc0
                0x0000000000002bd4       0x94 ./drivers/fsl_clock.o
                0x0000000000002bd4                CLOCK_InitOsc0
 .text.CLOCK_SetPbeMode
                0x0000000000002c68       0xb0 ./drivers/fsl_clock.o
                0x0000000000002c68                CLOCK_SetPbeMode
 .text.CLOCK_BootToPeeMode
                0x0000000000002d18       0x70 ./drivers/fsl_clock.o
                0x0000000000002d18                CLOCK_BootToPeeMode
 .text.__NVIC_EnableIRQ
                0x0000000000002d88       0x34 ./drivers/fsl_dma.o
 .text.CLOCK_EnableClock
                0x0000000000002dbc       0x34 ./drivers/fsl_dma.o
 .text.DMA_EnableInterrupts
                0x0000000000002df0       0x4c ./drivers/fsl_dma.o
 .text.DMA_ClearChannelStatusFlags
                0x0000000000002e3c       0x54 ./drivers/fsl_dma.o
 .text.DMA_GetInstance
                0x0000000000002e90       0x48 ./drivers/fsl_dma.o
 .text.DMA_Init
                0x0000000000002ed8       0x24 ./drivers/fsl_dma.o
                0x0000000000002ed8                DMA_Init
 .text.DMA_ResetChannel
                0x0000000000002efc       0x90 ./drivers/fsl_dma.o
                0x0000000000002efc                DMA_ResetChannel
 .text.DMA_SetTransferConfig
                0x0000000000002f8c       0xdc ./drivers/fsl_dma.o
                0x0000000000002f8c                DMA_SetTransferConfig
 .text.DMA_CreateHandle
                0x0000000000003068       0x90 ./drivers/fsl_dma.o
                0x0000000000003068                DMA_CreateHandle
 .text.DMA_PrepareTransfer
                0x00000000000030f8      0x144 ./drivers/fsl_dma.o
                0x00000000000030f8                DMA_PrepareTransfer
 .text.DMA_SetCallback
                0x000000000000323c       0x34 ./drivers/fsl_dma.o
                0x000000000000323c                DMA_SetCallback
 .text.DMA_SubmitTransfer
                0x0000000000003270       0x9c ./drivers/fsl_dma.o
                0x0000000000003270                DMA_SubmitTransfer
 .text.DMA_HandleIRQ
                0x000000000000330c       0x4c ./drivers/fsl_dma.o
                0x000000000000330c                DMA_HandleIRQ
 .text.DMA0_DriverIRQHandler
                0x0000000000003358       0x18 ./drivers/fsl_dma.o
                0x0000000000003358                DMA0_DriverIRQHandler
 .text.DMA1_DriverIRQHandler
                0x0000000000003370       0x18 ./drivers/fsl_dma.o
                0x0000000000003370                DMA1_DriverIRQHandler
 .text.DMA2_DriverIRQHandler
                0x0000000000003388       0x18 ./drivers/fsl_dma.o
                0x0000000000003388                DMA2_DriverIRQHandler
 .text.DMA3_DriverIRQHandler
                0x00000000000033a0       0x18 ./drivers/fsl_dma.o
                0x00000000000033a0                DMA3_DriverIRQHandler
 .text.CLOCK_EnableClock
                0x00000000000033b8       0x34 ./drivers/fsl_dmamux.o
 .text.DMAMUX_GetInstance
                0x00000000000033ec       0x48 ./drivers/fsl_dmamux.o
 .text.DMAMUX_Init
                0x0000000000003434       0x24 ./drivers/fsl_dmamux.o
                0x0000000000003434                DMAMUX_Init
 .text.GPIO_PinInit
                0x0000000000003458       0x64 ./drivers/fsl_gpio.o
                0x0000000000003458                GPIO_PinInit
 .text.CLOCK_EnableClock
                0x00000000000034bc       0x34 ./drivers/fsl_i2c.o
 .text.I2C_GetInstance
                0x00000000000034f0       0x4c ./drivers/fsl_i2c.o
                0x00000000000034f0                I2C_GetInstance
 .text.I2C_CheckAndClearError
                0x000000000000353c       0x40 ./drivers/fsl_i2c.o
 .text.I2C_TransferCommonIRQHandler
                0x000000000000357c       0x58 ./drivers/fsl_i2c.o
 .text.I2C_MasterInit
                0x00000000000035d4       0xfc ./drivers/fsl_i2c.o
                0x00000000000035d4                I2C_MasterInit
 .text.I2C_MasterGetDefaultConfig
                0x00000000000036d0       0x40 ./drivers/fsl_i2c.o
                0x00000000000036d0                I2C_MasterGetDefaultConfig
 .text.I2C_MasterSetBaudRate
                0x0000000000003710       0xf0 ./drivers/fsl_i2c.o
                0x0000000000003710                I2C_MasterSetBaudRate
 .text.I2C_MasterStart
                0x0000000000003800       0x74 ./drivers/fsl_i2c.o
                0x0000000000003800                I2C_MasterStart
 .text.I2C_MasterRepeatedStart
                0x0000000000003874       0xbc ./drivers/fsl_i2c.o
                0x0000000000003874                I2C_MasterRepeatedStart
 .text.I2C_MasterWriteBlocking
                0x0000000000003930       0xec ./drivers/fsl_i2c.o
                0x0000000000003930                I2C_MasterWriteBlocking
 .text.I2C_MasterTransferBlocking
                0x0000000000003a1c      0x24c ./drivers/fsl_i2c.o
                0x0000000000003a1c                I2C_MasterTransferBlocking
 .text.I2C0_DriverIRQHandler
                0x0000000000003c68       0x20 ./drivers/fsl_i2c.o
                0x0000000000003c68                I2C0_DriverIRQHandler
 .text.I2C1_DriverIRQHandler
                0x0000000000003c88       0x20 ./drivers/fsl_i2c.o
                0x0000000000003c88                I2C1_DriverIRQHandler
 .text.CLOCK_EnableClock
                0x0000000000003ca8       0x34 ./drivers/fsl_lpsci.o
 .text.LPSCI_GetInstance
                0x0000000000003cdc       0x48 ./drivers/fsl_lpsci.o
                0x0000000000003cdc                LPSCI_GetInstance
 .text.LPSCI_Init
                0x0000000000003d24      0x270 ./drivers/fsl_lpsci.o
                0x0000000000003d24                LPSCI_Init
 .text.LPSCI_GetDefaultConfig
                0x0000000000003f94       0x48 ./drivers/fsl_lpsci.o
                0x0000000000003f94                LPSCI_GetDefaultConfig
 .text.LPSCI_EnableInterrupts
                0x0000000000003fdc       0x58 ./drivers/fsl_lpsci.o
                0x0000000000003fdc                LPSCI_EnableInterrupts
 .text.LPSCI_DisableInterrupts
                0x0000000000004034       0x64 ./drivers/fsl_lpsci.o
                0x0000000000004034                LPSCI_DisableInterrupts
 .text.LPSCI_GetEnabledInterrupts
                0x0000000000004098       0x38 ./drivers/fsl_lpsci.o
                0x0000000000004098                LPSCI_GetEnabledInterrupts
 .text.LPSCI_ClearStatusFlags
                0x00000000000040d0       0x94 ./drivers/fsl_lpsci.o
                0x00000000000040d0                LPSCI_ClearStatusFlags
 .text.UART0_DriverIRQHandler
                0x0000000000004164       0x24 ./drivers/fsl_lpsci.o
                0x0000000000004164                UART0_DriverIRQHandler
 .text.DMA_DisableInterrupts
                0x0000000000004188       0x48 ./drivers/fsl_lpsci_dma.o
 .text.DMA_StartTransfer
                0x00000000000041d0       0x54 ./drivers/fsl_lpsci_dma.o
 .text.LPSCI_TransferSendDMACallback
                0x0000000000004224       0x84 ./drivers/fsl_lpsci_dma.o
 .text.LPSCI_TransferReceiveDMACallback
                0x00000000000042a8       0x84 ./drivers/fsl_lpsci_dma.o
 .text.LPSCI_TransferCreateHandleDMA
                0x000000000000432c       0xb8 ./drivers/fsl_lpsci_dma.o
                0x000000000000432c                LPSCI_TransferCreateHandleDMA
 .text.LPSCI_TransferSendDMA
                0x00000000000043e4       0xe8 ./drivers/fsl_lpsci_dma.o
                0x00000000000043e4                LPSCI_TransferSendDMA
 .text.CLOCK_EnableClock
                0x00000000000044cc       0x34 ./drivers/fsl_spi.o
 .text.SPI_GetInstance
                0x0000000000004500       0x4c ./drivers/fsl_spi.o
                0x0000000000004500                SPI_GetInstance
 .text.SPI_SetDummyData
                0x000000000000454c       0x34 ./drivers/fsl_spi.o
                0x000000000000454c                SPI_SetDummyData
 .text.SPI_WriteNonBlocking
                0x0000000000004580       0xc4 ./drivers/fsl_spi.o
 .text.SPI_MasterGetDefaultConfig
                0x0000000000004644       0x58 ./drivers/fsl_spi.o
                0x0000000000004644                SPI_MasterGetDefaultConfig
 .text.SPI_MasterInit
                0x000000000000469c      0x164 ./drivers/fsl_spi.o
                0x000000000000469c                SPI_MasterInit
 .text.SPI_MasterTransferBlocking
                0x0000000000004800      0x100 ./drivers/fsl_spi.o
                0x0000000000004800                SPI_MasterTransferBlocking
 .text.SPI_CommonIRQHandler
                0x0000000000004900       0x54 ./drivers/fsl_spi.o
 .text.SPI0_DriverIRQHandler
                0x0000000000004954       0x30 ./drivers/fsl_spi.o
                0x0000000000004954                SPI0_DriverIRQHandler
 .text.SPI1_DriverIRQHandler
                0x0000000000004984       0x30 ./drivers/fsl_spi.o
                0x0000000000004984                SPI1_DriverIRQHandler
 .text.CLOCK_EnableClock
                0x00000000000049b4       0x34 ./drivers/fsl_uart.o
 .text.UART_GetInstance
                0x00000000000049e8       0x54 ./drivers/fsl_uart.o
                0x00000000000049e8                UART_GetInstance
 .text.UART_Init
                0x0000000000004a3c      0x1f8 ./drivers/fsl_uart.o
                0x0000000000004a3c                UART_Init
 .text.UART_GetDefaultConfig
                0x0000000000004c34       0x48 ./drivers/fsl_uart.o
                0x0000000000004c34                UART_GetDefaultConfig
 .text.UART_EnableInterrupts
                0x0000000000004c7c       0x58 ./drivers/fsl_uart.o
                0x0000000000004c7c                UART_EnableInterrupts
 .text.UART_DisableInterrupts
                0x0000000000004cd4       0x64 ./drivers/fsl_uart.o
                0x0000000000004cd4                UART_DisableInterrupts
 .text.UART_GetEnabledInterrupts
                0x0000000000004d38       0x38 ./drivers/fsl_uart.o
                0x0000000000004d38                UART_GetEnabledInterrupts
 .text.UART_ClearStatusFlags
                0x0000000000004d70       0x7c ./drivers/fsl_uart.o
                0x0000000000004d70                UART_ClearStatusFlags
 .text.UART1_DriverIRQHandler
                0x0000000000004dec       0x24 ./drivers/fsl_uart.o
                0x0000000000004dec                UART1_DriverIRQHandler
 .text.UART2_DriverIRQHandler
                0x0000000000004e10       0x24 ./drivers/fsl_uart.o
                0x0000000000004e10                UART2_DriverIRQHandler
 .text.DMA_DisableInterrupts
                0x0000000000004e34       0x48 ./drivers/fsl_uart_dma.o
 .text.DMA_StartTransfer
                0x0000000000004e7c       0x54 ./drivers/fsl_uart_dma.o
 .text.UART_TransferSendDMACallback
                0x0000000000004ed0       0x84 ./drivers/fsl_uart_dma.o
 .text.UART_TransferReceiveDMACallback
                0x0000000000004f54       0x84 ./drivers/fsl_uart_dma.o
 .text.UART_TransferCreateHandleDMA
                0x0000000000004fd8       0xb8 ./drivers/fsl_uart_dma.o
                0x0000000000004fd8                UART_TransferCreateHandleDMA
 .text.UART_TransferSendDMA
                0x0000000000005090       0xe8 ./drivers/fsl_uart_dma.o
                0x0000000000005090                UART_TransferSendDMA
 .text.CLOCK_SetSimSafeDivs
                0x0000000000005178       0x20 ./board/src/clock_config.o
 .text.CLOCK_SetXtal0Freq
                0x0000000000005198       0x1c ./board/src/clock_config.o
 .text.CLOCK_CONFIG_SetFllExtRefDiv
                0x00000000000051b4       0x3c ./board/src/clock_config.o
 .text.BOARD_BootClockRUN
                0x00000000000051f0       0x64 ./board/src/clock_config.o
                0x00000000000051f0                BOARD_BootClockRUN
 .text.SystemInit
                0x0000000000005254       0x1c ./CMSIS/system_MKL46Z4.o
                0x0000000000005254                SystemInit
 .text.__assertion_failed
                0x0000000000005270       0x4c /Applications/MCUXpressoIDE_11.7.0_9198/ide/plugins/com.nxp.mcuxpresso.tools.macosx_11.7.0.202209140929/tools/bin/../lib/gcc/arm-none-eabi/10.3.1/../../../../arm-none-eabi/lib/thumb/v6-m/nofp/libcr_semihost_nf.a(_cr_assert.o)
                0x0000000000005270                __assertion_failed
 .text.__sys_appexit
                0x00000000000052bc        0xc /Applications/MCUXpressoIDE_11.7.0_9198/ide/plugins/com.nxp.mcuxpresso.tools.macosx_11.7.0.202209140929/tools/bin/../lib/gcc/arm-none-eabi/10.3.1/../../../../arm-none-eabi/lib/thumb/v6-m/nofp/libcr_semihost_nf.a(__sys_appexit.o)
                0x00000000000052bc                __exit
                0x00000000000052bc                __sys_appexit
 .text._deferredlazyseek
                0x00000000000052c8       0x40 /Applications/MCUXpressoIDE_11.7.0_9198/ide/plugins/com.nxp.mcuxpresso.tools.macosx_11.7.0.202209140929/tools/bin/../lib/gcc/arm-none-eabi/10.3.1/../../../../arm-none-eabi/lib/thumb/v6-m/nofp/libcr_c.a(_deferredlazyseek.o)
                0x00000000000052c8                _deferredlazyseek
 .text.__flsbuf
                0x0000000000005308      0x150 /Applications/MCUXpressoIDE_11.7.0_9198/ide/plugins/com.nxp.mcuxpresso.tools.macosx_11.7.0.202209140929/tools/bin/../lib/gcc/arm-none-eabi/10.3.1/../../../../arm-none-eabi/lib/thumb/v6-m/nofp/libcr_c.a(_deferredlazyseek.o)
                0x0000000000005308                __flsbuf
 .text._fflush  0x0000000000005458       0x60 /Applications/MCUXpressoIDE_11.7.0_9198/ide/plugins/com.nxp.mcuxpresso.tools.macosx_11.7.0.202209140929/tools/bin/../lib/gcc/arm-none-eabi/10.3.1/../../../../arm-none-eabi/lib/thumb/v6-m/nofp/libcr_c.a(_fflush.o)
                0x0000000000005458                _fflush
 .text._Cwritebuf
                0x00000000000054b8       0x68 /Applications/MCUXpressoIDE_11.7.0_9198/ide/plugins/com.nxp.mcuxpresso.tools.macosx_11.7.0.202209140929/tools/bin/../lib/gcc/arm-none-eabi/10.3.1/../../../../arm-none-eabi/lib/thumb/v6-m/nofp/libcr_c.a(_writebuf.o)
                0x00000000000054b8                _Cwritebuf
 .text.malloc   0x0000000000005520       0xcc /Applications/MCUXpressoIDE_11.7.0_9198/ide/plugins/com.nxp.mcuxpresso.tools.macosx_11.7.0.202209140929/tools/bin/../lib/gcc/arm-none-eabi/10.3.1/../../../../arm-none-eabi/lib/thumb/v6-m/nofp/libcr_c.a(alloc.o)
                0x0000000000005520                malloc
 .text._Csys_alloc
                0x00000000000055ec       0x20 /Applications/MCUXpressoIDE_11.7.0_9198/ide/plugins/com.nxp.mcuxpresso.tools.macosx_11.7.0.202209140929/tools/bin/../lib/gcc/arm-none-eabi/10.3.1/../../../../arm-none-eabi/lib/thumb/v6-m/nofp/libcr_c.a(alloc.o)
                0x00000000000055ec                _Csys_alloc
 .text.sprintf  0x000000000000560c       0x6c /Applications/MCUXpressoIDE_11.7.0_9198/ide/plugins/com.nxp.mcuxpresso.tools.macosx_11.7.0.202209140929/tools/bin/../lib/gcc/arm-none-eabi/10.3.1/../../../../arm-none-eabi/lib/thumb/v6-m/nofp/libcr_c.a(fpprintf.o)
                0x000000000000560c                sprintf
 .text.fp_display
                0x0000000000005678      0x97c /Applications/MCUXpressoIDE_11.7.0_9198/ide/plugins/com.nxp.mcuxpresso.tools.macosx_11.7.0.202209140929/tools/bin/../lib/gcc/arm-none-eabi/10.3.1/../../../../arm-none-eabi/lib/thumb/v6-m/nofp/libcr_c.a(fpprintf.o)
 .text.fseek    0x0000000000005ff4       0xf0 /Applications/MCUXpressoIDE_11.7.0_9198/ide/plugins/com.nxp.mcuxpresso.tools.macosx_11.7.0.202209140929/tools/bin/../lib/gcc/arm-none-eabi/10.3.1/../../../../arm-none-eabi/lib/thumb/v6-m/nofp/libcr_c.a(fseek.o)
                0x0000000000005ff4                fseek
 .text.ftell    0x00000000000060e4       0x48 /Applications/MCUXpressoIDE_11.7.0_9198/ide/plugins/com.nxp.mcuxpresso.tools.macosx_11.7.0.202209140929/tools/bin/../lib/gcc/arm-none-eabi/10.3.1/../../../../arm-none-eabi/lib/thumb/v6-m/nofp/libcr_c.a(ftell.o)
                0x00000000000060e4                ftell
 .text._initio  0x000000000000612c       0x7c /Applications/MCUXpressoIDE_11.7.0_9198/ide/plugins/com.nxp.mcuxpresso.tools.macosx_11.7.0.202209140929/tools/bin/../lib/gcc/arm-none-eabi/10.3.1/../../../../arm-none-eabi/lib/thumb/v6-m/nofp/libcr_c.a(initio.o)
                0x000000000000612c                _initio
 .text.__vfprintf
                0x00000000000061a8      0xd40 /Applications/MCUXpressoIDE_11.7.0_9198/ide/plugins/com.nxp.mcuxpresso.tools.macosx_11.7.0.202209140929/tools/bin/../lib/gcc/arm-none-eabi/10.3.1/../../../../arm-none-eabi/lib/thumb/v6-m/nofp/libcr_c.a(printf.o)
                0x00000000000061a8                __vfprintf
 .text._sprintf
                0x0000000000006ee8       0x6c /Applications/MCUXpressoIDE_11.7.0_9198/ide/plugins/com.nxp.mcuxpresso.tools.macosx_11.7.0.202209140929/tools/bin/../lib/gcc/arm-none-eabi/10.3.1/../../../../arm-none-eabi/lib/thumb/v6-m/nofp/libcr_c.a(printf.o)
                0x0000000000006ee8                _sprintf
 .text.ch_val   0x0000000000006f54       0x30 /Applications/MCUXpressoIDE_11.7.0_9198/ide/plugins/com.nxp.mcuxpresso.tools.macosx_11.7.0.202209140929/tools/bin/../lib/gcc/arm-none-eabi/10.3.1/../../../../arm-none-eabi/lib/thumb/v6-m/nofp/libcr_c.a(scanf.o)
 .text._strtoul
                0x0000000000006f84       0xcc /Applications/MCUXpressoIDE_11.7.0_9198/ide/plugins/com.nxp.mcuxpresso.tools.macosx_11.7.0.202209140929/tools/bin/../lib/gcc/arm-none-eabi/10.3.1/../../../../arm-none-eabi/lib/thumb/v6-m/nofp/libcr_c.a(scanf.o)
 .text.strtol   0x0000000000007050       0x8c /Applications/MCUXpressoIDE_11.7.0_9198/ide/plugins/com.nxp.mcuxpresso.tools.macosx_11.7.0.202209140929/tools/bin/../lib/gcc/arm-none-eabi/10.3.1/../../../../arm-none-eabi/lib/thumb/v6-m/nofp/libcr_c.a(scanf.o)
                0x0000000000007050                strtol
 .text.setvbuf  0x00000000000070dc       0x4c /Applications/MCUXpressoIDE_11.7.0_9198/ide/plugins/com.nxp.mcuxpresso.tools.macosx_11.7.0.202209140929/tools/bin/../lib/gcc/arm-none-eabi/10.3.1/../../../../arm-none-eabi/lib/thumb/v6-m/nofp/libcr_c.a(setvbuf.o)
                0x00000000000070dc                setvbuf
 .text.strlen   0x0000000000007128       0x58 /Applications/MCUXpressoIDE_11.7.0_9198/ide/plugins/com.nxp.mcuxpresso.tools.macosx_11.7.0.202209140929/tools/bin/../lib/gcc/arm-none-eabi/10.3.1/../../../../arm-none-eabi/lib/thumb/v6-m/nofp/libcr_c.a(strlen.o)
                0x0000000000007128                strlen
 .text._sbrk    0x0000000000007180       0x44 /Applications/MCUXpressoIDE_11.7.0_9198/ide/plugins/com.nxp.mcuxpresso.tools.macosx_11.7.0.202209140929/tools/bin/../lib/gcc/arm-none-eabi/10.3.1/../../../../arm-none-eabi/lib/thumb/v6-m/nofp/libcr_c.a(_cr_sbrk.o)
                0x0000000000007180                _sbrk
 .text._fdopen  0x00000000000071c4       0x74 /Applications/MCUXpressoIDE_11.7.0_9198/ide/plugins/com.nxp.mcuxpresso.tools.macosx_11.7.0.202209140929/tools/bin/../lib/gcc/arm-none-eabi/10.3.1/../../../../arm-none-eabi/lib/thumb/v6-m/nofp/libcr_c.a(_fdopen.o)
                0x00000000000071c4                _fdopen
 .text._frexpl  0x0000000000007238       0x80 /Applications/MCUXpressoIDE_11.7.0_9198/ide/plugins/com.nxp.mcuxpresso.tools.macosx_11.7.0.202209140929/tools/bin/../lib/gcc/arm-none-eabi/10.3.1/../../../../arm-none-eabi/lib/thumb/v6-m/nofp/libcr_c.a(_frexpl.o)
                0x0000000000007238                _frexpl
 .text._ldexpl  0x00000000000072b8       0x58 /Applications/MCUXpressoIDE_11.7.0_9198/ide/plugins/com.nxp.mcuxpresso.tools.macosx_11.7.0.202209140929/tools/bin/../lib/gcc/arm-none-eabi/10.3.1/../../../../arm-none-eabi/lib/thumb/v6-m/nofp/libcr_c.a(_ldexpl.o)
                0x00000000000072b8                _ldexpl
 .text.fclose   0x0000000000007310       0x5c /Applications/MCUXpressoIDE_11.7.0_9198/ide/plugins/com.nxp.mcuxpresso.tools.macosx_11.7.0.202209140929/tools/bin/../lib/gcc/arm-none-eabi/10.3.1/../../../../arm-none-eabi/lib/thumb/v6-m/nofp/libcr_c.a(fclose.o)
                0x0000000000007310                fclose
 .text.fflush   0x000000000000736c       0x44 /Applications/MCUXpressoIDE_11.7.0_9198/ide/plugins/com.nxp.mcuxpresso.tools.macosx_11.7.0.202209140929/tools/bin/../lib/gcc/arm-none-eabi/10.3.1/../../../../arm-none-eabi/lib/thumb/v6-m/nofp/libcr_c.a(fflush.o)
                0x000000000000736c                fflush
 .text.__check_heap_overflow
                0x00000000000073b0       0x18 /Applications/MCUXpressoIDE_11.7.0_9198/ide/plugins/com.nxp.mcuxpresso.tools.macosx_11.7.0.202209140929/tools/bin/../lib/gcc/arm-none-eabi/10.3.1/../../../../arm-none-eabi/lib/thumb/v6-m/nofp/libcr_c.a(_cr_check_heap.o)
                0x00000000000073b0                __check_heap_overflow
 .text._do_fflush
                0x00000000000073c8       0x48 /Applications/MCUXpressoIDE_11.7.0_9198/ide/plugins/com.nxp.mcuxpresso.tools.macosx_11.7.0.202209140929/tools/bin/../lib/gcc/arm-none-eabi/10.3.1/../../../../arm-none-eabi/lib/thumb/v6-m/nofp/libcr_c.a(_do_fflush.o)
                0x00000000000073c8                _do_fflush
 .text.__aeabi_dmul
                0x0000000000007410      0x184 /Applications/MCUXpressoIDE_11.7.0_9198/ide/plugins/com.nxp.mcuxpresso.tools.macosx_11.7.0.202209140929/tools/bin/../lib/gcc/arm-none-eabi/10.3.1/thumb/v6-m/nofp/libcr_eabihelpers.a(double.o)
                0x0000000000007410                __aeabi_dmul
 .text.__aeabi_ddiv
                0x0000000000007594      0x14c /Applications/MCUXpressoIDE_11.7.0_9198/ide/plugins/com.nxp.mcuxpresso.tools.macosx_11.7.0.202209140929/tools/bin/../lib/gcc/arm-none-eabi/10.3.1/thumb/v6-m/nofp/libcr_eabihelpers.a(double.o)
                0x0000000000007594                __aeabi_ddiv
 .text.__aeabi_dsub
                0x00000000000076e0      0x1c0 /Applications/MCUXpressoIDE_11.7.0_9198/ide/plugins/com.nxp.mcuxpresso.tools.macosx_11.7.0.202209140929/tools/bin/../lib/gcc/arm-none-eabi/10.3.1/thumb/v6-m/nofp/libcr_eabihelpers.a(double.o)
                0x00000000000076e0                __aeabi_dsub
 .text.__aeabi_dadd
                0x00000000000078a0      0x134 /Applications/MCUXpressoIDE_11.7.0_9198/ide/plugins/com.nxp.mcuxpresso.tools.macosx_11.7.0.202209140929/tools/bin/../lib/gcc/arm-none-eabi/10.3.1/thumb/v6-m/nofp/libcr_eabihelpers.a(double.o)
                0x00000000000078a0                __aeabi_dadd
 .text.__aeabi_d2iz
                0x00000000000079d4       0x50 /Applications/MCUXpressoIDE_11.7.0_9198/ide/plugins/com.nxp.mcuxpresso.tools.macosx_11.7.0.202209140929/tools/bin/../lib/gcc/arm-none-eabi/10.3.1/thumb/v6-m/nofp/libcr_eabihelpers.a(double.o)
                0x00000000000079d4                __aeabi_d2iz
 .text.__aeabi_dcmpeq
                0x0000000000007a24       0x30 /Applications/MCUXpressoIDE_11.7.0_9198/ide/plugins/com.nxp.mcuxpresso.tools.macosx_11.7.0.202209140929/tools/bin/../lib/gcc/arm-none-eabi/10.3.1/thumb/v6-m/nofp/libcr_eabihelpers.a(double.o)
                0x0000000000007a24                __aeabi_dcmpeq
 .text.__aeabi_dcmplt
                0x0000000000007a54       0x60 /Applications/MCUXpressoIDE_11.7.0_9198/ide/plugins/com.nxp.mcuxpresso.tools.macosx_11.7.0.202209140929/tools/bin/../lib/gcc/arm-none-eabi/10.3.1/thumb/v6-m/nofp/libcr_eabihelpers.a(double.o)
                0x0000000000007a54                __aeabi_dcmplt
 .text.__aeabi_dcmple
                0x0000000000007ab4       0x5c /Applications/MCUXpressoIDE_11.7.0_9198/ide/plugins/com.nxp.mcuxpresso.tools.macosx_11.7.0.202209140929/tools/bin/../lib/gcc/arm-none-eabi/10.3.1/thumb/v6-m/nofp/libcr_eabihelpers.a(double.o)
                0x0000000000007ab4                __aeabi_dcmple
 .text.__aeabi_dcmpge
                0x0000000000007b10       0x5c /Applications/MCUXpressoIDE_11.7.0_9198/ide/plugins/com.nxp.mcuxpresso.tools.macosx_11.7.0.202209140929/tools/bin/../lib/gcc/arm-none-eabi/10.3.1/thumb/v6-m/nofp/libcr_eabihelpers.a(double.o)
                0x0000000000007b10                __aeabi_dcmpge
 .text.GPIO_PinWrite
                0x0000000000007b6c       0x34 ./source/SD2_I2C.o
 .text.i2c_release_bus_delay
                0x0000000000007ba0       0x28 ./source/SD2_I2C.o
 .text.GPIO_PinWrite
                0x0000000000007bc8       0x34 ./source/SD2_board.o
 .text.GPIO_PortSet
                0x0000000000007bfc       0x18 ./source/SD2_board.o
 .text.GPIO_PortClear
                0x0000000000007c14       0x18 ./source/SD2_board.o
 .text.GPIO_PortToggle
                0x0000000000007c2c       0x18 ./source/SD2_board.o
 .text.GPIO_PinRead
                0x0000000000007c44       0x20 ./source/SD2_board.o
 .text.GPIO_ReadPinInput
                0x0000000000007c64       0x20 ./source/SD2_board.o
 .text.display_init
                0x0000000000007c84       0x1a ./source/display.o
                0x0000000000007c84                display_init
 .text.SysTick_Handler
                0x0000000000007c9e       0x12 ./source/main.o
                0x0000000000007c9e                SysTick_Handler
 .text.PORT_ClearPinsInterruptFlags
                0x0000000000007cb0       0x1a ./source/mma8451.o
 .text.mma8451_init
                0x0000000000007cca      0x1a0 ./source/mma8451.o
                0x0000000000007cca                mma8451_init
 .text.mma8451_setDR_int
                0x0000000000007e6a      0x146 ./source/mma8451.o
                0x0000000000007e6a                mma8451_setDR_int
 .text.writeCommand
                0x0000000000007fb0       0x26 ./source/oled.o
 .text.writeData
                0x0000000000007fd6       0x26 ./source/oled.o
 .text.writeDataLen
                0x0000000000007ffc       0x5e ./source/oled.o
 .text.runInitSequence
                0x000000000000805a       0xa6 ./source/oled.o
 .text.oled_setContrast
                0x0000000000008100       0x24 ./source/oled.o
                0x0000000000008100                oled_setContrast
 .text.oled_putString
                0x0000000000008124       0x68 ./source/oled.o
                0x0000000000008124                oled_putString
 .text.accionLed
                0x000000000000818c       0x44 ./source/procTrama.o
 .text.procTrama
                0x00000000000081d0       0x6c ./source/procTrama.o
                0x00000000000081d0                procTrama
 .text.ringBuffer_init
                0x000000000000823c       0x42 ./source/ringBuffer.o
                0x000000000000823c                ringBuffer_init
 .text.ringBuffer_putData
                0x000000000000827e       0x90 ./source/ringBuffer.o
                0x000000000000827e                ringBuffer_putData
 .text.ringBuffer_getData
                0x000000000000830e       0x6c ./source/ringBuffer.o
                0x000000000000830e                ringBuffer_getData
 .text.ringBuffer_isEmpty
                0x000000000000837a       0x1e ./source/ringBuffer.o
                0x000000000000837a                ringBuffer_isEmpty
 .text.EnableIRQ
                0x0000000000008398       0x30 ./source/uart0_DMA.o
 .text.LPSCI_ReadByte
                0x00000000000083c8       0x16 ./source/uart0_DMA.o
 .text.UART_ReadByte
                0x00000000000083de       0x16 ./source/uart1.o
 .text.OSC_SetExtRefClkConfig
                0x00000000000083f4       0x3e ./drivers/fsl_clock.o
 .text.OSC_SetCapLoad
                0x0000000000008432       0x42 ./drivers/fsl_clock.o
 .text.CLOCK_GetPll0RefFreq
                0x0000000000008474       0x10 ./drivers/fsl_clock.o
 .text.CLOCK_GetFixedFreqClkFreq
                0x0000000000008484       0x30 ./drivers/fsl_clock.o
                0x0000000000008484                CLOCK_GetFixedFreqClkFreq
 .text.CLOCK_SetExternalRefClkConfig
                0x00000000000084b4       0x16 ./drivers/fsl_clock.o
                0x00000000000084b4                CLOCK_SetExternalRefClkConfig
 .text.EnableIRQ
                0x00000000000084ca       0x30 ./drivers/fsl_dma.o
 .text.GPIO_PinWrite
                0x00000000000084fa       0x34 ./drivers/fsl_gpio.o
 .text.GPIO_WritePinOutput
                0x000000000000852e       0x24 ./drivers/fsl_gpio.o
 .text.I2C_MasterClearStatusFlags
                0x0000000000008552       0x56 ./drivers/fsl_i2c.o
 .text.I2C_MasterStop
                0x00000000000085a8       0x36 ./drivers/fsl_i2c.o
                0x00000000000085a8                I2C_MasterStop
 .text.I2C_MasterGetStatusFlags
                0x00000000000085de       0x4a ./drivers/fsl_i2c.o
                0x00000000000085de                I2C_MasterGetStatusFlags
 .text.I2C_MasterReadBlocking
                0x0000000000008628       0xea ./drivers/fsl_i2c.o
                0x0000000000008628                I2C_MasterReadBlocking
 .text.LPSCI_GetStatusFlags
                0x0000000000008712       0x26 ./drivers/fsl_lpsci.o
                0x0000000000008712                LPSCI_GetStatusFlags
 .text.LPSCI_GetDataRegisterAddress
                0x0000000000008738       0x14 ./drivers/fsl_lpsci_dma.o
 .text.LPSCI_EnableTxDMA
                0x000000000000874c       0x64 ./drivers/fsl_lpsci_dma.o
 .text.LPSCI_EnableRxDMA
                0x00000000000087b0       0x60 ./drivers/fsl_lpsci_dma.o
 .text.SPI_ReadNonBlocking
                0x0000000000008810       0x98 ./drivers/fsl_spi.o
 .text.SPI_MasterSetBaudRate
                0x00000000000088a8       0xb8 ./drivers/fsl_spi.o
                0x00000000000088a8                SPI_MasterSetBaudRate
 .text.SPI_WriteData
                0x0000000000008960       0x2e ./drivers/fsl_spi.o
                0x0000000000008960                SPI_WriteData
 .text.SPI_ReadData
                0x000000000000898e       0x3c ./drivers/fsl_spi.o
                0x000000000000898e                SPI_ReadData
 .text.UART_GetStatusFlags
                0x00000000000089ca       0x26 ./drivers/fsl_uart.o
                0x00000000000089ca                UART_GetStatusFlags
 .text.UART_GetDataRegisterAddress
                0x00000000000089f0       0x14 ./drivers/fsl_uart_dma.o
 .text.UART_EnableTxDMA
                0x0000000000008a04       0x64 ./drivers/fsl_uart_dma.o
 .text.UART_EnableRxDMA
                0x0000000000008a68       0x60 ./drivers/fsl_uart_dma.o
 .text.SystemInitHook
                0x0000000000008ac8        0xa ./CMSIS/system_MKL46Z4.o
                0x0000000000008ac8                SystemInitHook
 .text.__main   0x0000000000008ad2        0xc /Applications/MCUXpressoIDE_11.7.0_9198/ide/plugins/com.nxp.mcuxpresso.tools.macosx_11.7.0.202209140929/tools/bin/../lib/gcc/arm-none-eabi/10.3.1/../../../../arm-none-eabi/lib/thumb/v6-m/nofp/libcr_semihost_nf.a(_cr__main.o)
                0x0000000000008ad2                __main
                0x0000000000008ad2                __CR_SEMIHOST
 .text.memcpy   0x0000000000008ade        0x8 /Applications/MCUXpressoIDE_11.7.0_9198/ide/plugins/com.nxp.mcuxpresso.tools.macosx_11.7.0.202209140929/tools/bin/../lib/gcc/arm-none-eabi/10.3.1/../../../../arm-none-eabi/lib/thumb/v6-m/nofp/libcr_c.a(memcpy.o)
                0x0000000000008ade                memcpy
 .text.memset   0x0000000000008ae6        0x8 /Applications/MCUXpressoIDE_11.7.0_9198/ide/plugins/com.nxp.mcuxpresso.tools.macosx_11.7.0.202209140929/tools/bin/../lib/gcc/arm-none-eabi/10.3.1/../../../../arm-none-eabi/lib/thumb/v6-m/nofp/libcr_c.a(memset.o)
                0x0000000000008ae6                memset
 .text.free     0x0000000000008aee       0x2c /Applications/MCUXpressoIDE_11.7.0_9198/ide/plugins/com.nxp.mcuxpresso.tools.macosx_11.7.0.202209140929/tools/bin/../lib/gcc/arm-none-eabi/10.3.1/../../../../arm-none-eabi/lib/thumb/v6-m/nofp/libcr_c.a(alloc.o)
                0x0000000000008aee                free
 .text.fp_round
                0x0000000000008b1a       0x4a /Applications/MCUXpressoIDE_11.7.0_9198/ide/plugins/com.nxp.mcuxpresso.tools.macosx_11.7.0.202209140929/tools/bin/../lib/gcc/arm-none-eabi/10.3.1/../../../../arm-none-eabi/lib/thumb/v6-m/nofp/libcr_c.a(fpprintf.o)
 .text.pr_dec.constprop.0
                0x0000000000008b64       0x30 /Applications/MCUXpressoIDE_11.7.0_9198/ide/plugins/com.nxp.mcuxpresso.tools.macosx_11.7.0.202209140929/tools/bin/../lib/gcc/arm-none-eabi/10.3.1/../../../../arm-none-eabi/lib/thumb/v6-m/nofp/libcr_c.a(fpprintf.o)
 .text.fputs    0x0000000000008b94       0x2e /Applications/MCUXpressoIDE_11.7.0_9198/ide/plugins/com.nxp.mcuxpresso.tools.macosx_11.7.0.202209140929/tools/bin/../lib/gcc/arm-none-eabi/10.3.1/../../../../arm-none-eabi/lib/thumb/v6-m/nofp/libcr_c.a(fputs.o)
                0x0000000000008b94                fputs
 .text.no_fp_display
                0x0000000000008bc2        0x4 /Applications/MCUXpressoIDE_11.7.0_9198/ide/plugins/com.nxp.mcuxpresso.tools.macosx_11.7.0.202209140929/tools/bin/../lib/gcc/arm-none-eabi/10.3.1/../../../../arm-none-eabi/lib/thumb/v6-m/nofp/libcr_c.a(printf.o)
 .text.abs      0x0000000000008bc6        0x8 /Applications/MCUXpressoIDE_11.7.0_9198/ide/plugins/com.nxp.mcuxpresso.tools.macosx_11.7.0.202209140929/tools/bin/../lib/gcc/arm-none-eabi/10.3.1/../../../../arm-none-eabi/lib/thumb/v6-m/nofp/libcr_c.a(stdlib.o)
                0x0000000000008bc6                abs
 .text.remove   0x0000000000008bce       0x12 /Applications/MCUXpressoIDE_11.7.0_9198/ide/plugins/com.nxp.mcuxpresso.tools.macosx_11.7.0.202209140929/tools/bin/../lib/gcc/arm-none-eabi/10.3.1/../../../../arm-none-eabi/lib/thumb/v6-m/nofp/libcr_c.a(remove.o)
                0x0000000000008bce                remove
 .text.__aeabi_division_idivmod
                0x0000000000008be0       0x78 /Applications/MCUXpressoIDE_11.7.0_9198/ide/plugins/com.nxp.mcuxpresso.tools.macosx_11.7.0.202209140929/tools/bin/../lib/gcc/arm-none-eabi/10.3.1/thumb/v6-m/nofp/libcr_eabihelpers.a(division_32.o)
                0x0000000000008be0                __aeabi_idiv
                0x0000000000008be0                __aeabi_idivmod
                0x0000000000008be6                __aeabi_uidiv
                0x0000000000008be6                __aeabi_uidivmod
 .text.__aeabi_division_idiv0
                0x0000000000008c58        0x2 /Applications/MCUXpressoIDE_11.7.0_9198/ide/plugins/com.nxp.mcuxpresso.tools.macosx_11.7.0.202209140929/tools/bin/../lib/gcc/arm-none-eabi/10.3.1/thumb/v6-m/nofp/libcr_eabihelpers.a(division_idiv0.o)
                0x0000000000008c58                __aeabi_idiv0
 .text.__bhs_ui2d
                0x0000000000008c5a       0x5e /Applications/MCUXpressoIDE_11.7.0_9198/ide/plugins/com.nxp.mcuxpresso.tools.macosx_11.7.0.202209140929/tools/bin/../lib/gcc/arm-none-eabi/10.3.1/thumb/v6-m/nofp/libcr_eabihelpers.a(double.o)
                0x0000000000008c5a                __bhs_ui2d
 .text.__aeabi_i2d
                0x0000000000008cb8       0x18 /Applications/MCUXpressoIDE_11.7.0_9198/ide/plugins/com.nxp.mcuxpresso.tools.macosx_11.7.0.202209140929/tools/bin/../lib/gcc/arm-none-eabi/10.3.1/thumb/v6-m/nofp/libcr_eabihelpers.a(double.o)
                0x0000000000008cb8                __aeabi_i2d
 .text.__aeabi_llong_lmul
                0x0000000000008cd0       0x2e /Applications/MCUXpressoIDE_11.7.0_9198/ide/plugins/com.nxp.mcuxpresso.tools.macosx_11.7.0.202209140929/tools/bin/../lib/gcc/arm-none-eabi/10.3.1/thumb/v6-m/nofp/libcr_eabihelpers.a(llong.o)
                0x0000000000008cd0                __aeabi_lmul
 .text.__aeabi_memcpy
                0x0000000000008cfe       0x2c /Applications/MCUXpressoIDE_11.7.0_9198/ide/plugins/com.nxp.mcuxpresso.tools.macosx_11.7.0.202209140929/tools/bin/../lib/gcc/arm-none-eabi/10.3.1/thumb/v6-m/nofp/libcr_eabihelpers.a(memcpy.o)
                0x0000000000008cfe                __aeabi_memcpy
                0x0000000000008cfe                __aeabi_memcpy4
                0x0000000000008cfe                __aeabi_memcpy8
 .text.__aeabi_memset_lowlevel
                0x0000000000008d2a       0x2a /Applications/MCUXpressoIDE_11.7.0_9198/ide/plugins/com.nxp.mcuxpresso.tools.macosx_11.7.0.202209140929/tools/bin/../lib/gcc/arm-none-eabi/10.3.1/thumb/v6-m/nofp/libcr_eabihelpers.a(memcpy.o)
                0x0000000000008d2a                __aeabi_lowlevel_memset
 .text.__gnu_thumb1_case_shi
                0x0000000000008d54       0x10 /Applications/MCUXpressoIDE_11.7.0_9198/ide/plugins/com.nxp.mcuxpresso.tools.macosx_11.7.0.202209140929/tools/bin/../lib/gcc/arm-none-eabi/10.3.1/thumb/v6-m/nofp/libcr_eabihelpers.a(thumb1_switch_helpers.o)
                0x0000000000008d54                __gnu_thumb1_case_shi
 .text.__sys_close
                0x0000000000008d64        0xc /Applications/MCUXpressoIDE_11.7.0_9198/ide/plugins/com.nxp.mcuxpresso.tools.macosx_11.7.0.202209140929/tools/bin/../lib/gcc/arm-none-eabi/10.3.1/../../../../arm-none-eabi/lib/thumb/v6-m/nofp/libcr_semihost_nf.a(__sys_close.o)
                0x0000000000008d64                __sys_close
 .text.__sys_flen
                0x0000000000008d70        0xc /Applications/MCUXpressoIDE_11.7.0_9198/ide/plugins/com.nxp.mcuxpresso.tools.macosx_11.7.0.202209140929/tools/bin/../lib/gcc/arm-none-eabi/10.3.1/../../../../arm-none-eabi/lib/thumb/v6-m/nofp/libcr_semihost_nf.a(__sys_flen.o)
                0x0000000000008d70                __sys_flen
 .text.__sys_istty
                0x0000000000008d7c        0xc /Applications/MCUXpressoIDE_11.7.0_9198/ide/plugins/com.nxp.mcuxpresso.tools.macosx_11.7.0.202209140929/tools/bin/../lib/gcc/arm-none-eabi/10.3.1/../../../../arm-none-eabi/lib/thumb/v6-m/nofp/libcr_semihost_nf.a(__sys_istty.o)
                0x0000000000008d7c                __sys_istty
 .text.__sys_remove
                0x0000000000008d88        0xc /Applications/MCUXpressoIDE_11.7.0_9198/ide/plugins/com.nxp.mcuxpresso.tools.macosx_11.7.0.202209140929/tools/bin/../lib/gcc/arm-none-eabi/10.3.1/../../../../arm-none-eabi/lib/thumb/v6-m/nofp/libcr_semihost_nf.a(__sys_remove.o)
                0x0000000000008d88                __sys_remove
 .text.__sys_seek
                0x0000000000008d94        0xc /Applications/MCUXpressoIDE_11.7.0_9198/ide/plugins/com.nxp.mcuxpresso.tools.macosx_11.7.0.202209140929/tools/bin/../lib/gcc/arm-none-eabi/10.3.1/../../../../arm-none-eabi/lib/thumb/v6-m/nofp/libcr_semihost_nf.a(__sys_seek.o)
                0x0000000000008d94                __sys_seek
 .text.__sys_tmpnam
                0x0000000000008da0        0xc /Applications/MCUXpressoIDE_11.7.0_9198/ide/plugins/com.nxp.mcuxpresso.tools.macosx_11.7.0.202209140929/tools/bin/../lib/gcc/arm-none-eabi/10.3.1/../../../../arm-none-eabi/lib/thumb/v6-m/nofp/libcr_semihost_nf.a(__sys_tmpnam.o)
                0x0000000000008da0                __sys_tmpnam
 .text.__sys_write
                0x0000000000008dac        0xc /Applications/MCUXpressoIDE_11.7.0_9198/ide/plugins/com.nxp.mcuxpresso.tools.macosx_11.7.0.202209140929/tools/bin/../lib/gcc/arm-none-eabi/10.3.1/../../../../arm-none-eabi/lib/thumb/v6-m/nofp/libcr_semihost_nf.a(__sys_write.o)
                0x0000000000008dac                __sys_write
 *(SORT_BY_ALIGNMENT(.rodata) SORT_BY_ALIGNMENT(.rodata.*) SORT_BY_ALIGNMENT(.constdata) SORT_BY_ALIGNMENT(.constdata.*))
 .rodata.PORT_SetPinConfig.str1.4
                0x0000000000008db8       0x23 ./source/SD2_I2C.o
 .rodata.PORT_SetPinConfig.str1.4
                0x0000000000008ddb       0x23 ./source/SD2_board.o
 *fill*         0x0000000000008ddb        0x1 ff
 .rodata.board_gpioLeds
                0x0000000000008ddc       0x18 ./source/SD2_board.o
 .rodata.board_gpioSw
                0x0000000000008df4       0x18 ./source/SD2_board.o
 .rodata.board_gpioOled
                0x0000000000008e0c       0x18 ./source/SD2_board.o
 .rodata.board_gpioContLine
                0x0000000000008e24       0x18 ./source/SD2_board.o
 .rodata        0x0000000000008e3c        0x2 ./source/SD2_board.o
 *fill*         0x0000000000008e3e        0x2 ff
 .rodata.display_header.str1.4
                0x0000000000008e40       0x15 ./source/display.o
 *fill*         0x0000000000008e55        0x3 ff
 .rodata.display_reading.str1.4
                0x0000000000008e58       0x21 ./source/display.o
 *fill*         0x0000000000008e79        0x3 ff
 .rodata.enviarContinuo.str1.4
                0x0000000000008e7c       0x16 ./source/enviarAccContinuo.o
 *fill*         0x0000000000008e92        0x2 ff
 .rodata.font5x7
                0x0000000000008e94      0x300 ./source/font5x7.o
                0x0000000000008e94                font5x7
 .rodata.PORT_SetPinConfig.str1.4
                0x0000000000009194       0x23 ./source/mma8451.o
 .rodata.font_mask
                0x0000000000009194        0x8 ./source/oled.o
 .rodata.procLed.str1.4
                0x000000000000919c       0x2b ./source/procTrama.o
 *fill*         0x00000000000091c7        0x1 ff
 .rodata.procSw.str1.4
                0x00000000000091c8       0x2e ./source/procTrama.o
 *fill*         0x00000000000091f6        0x2 ff
 .rodata.procAcc.str1.4
                0x00000000000091f8       0x1b ./source/procTrama.o
 *fill*         0x0000000000009213        0x1 ff
 .rodata.DMAMUX_EnableChannel.str1.4
                0x0000000000009214       0x4a ./source/uart0_DMA.o
 *fill*         0x000000000000925e        0x2 ff
 .rodata.DMAMUX_SetSource.str1.4
                0x0000000000009260       0x4a ./source/uart0_DMA.o
 .rodata.DMAMUX_EnableChannel.str1.4
                0x00000000000092aa       0x4a ./source/uart1.o
 .rodata.DMAMUX_SetSource.str1.4
                0x00000000000092aa       0x4a ./source/uart1.o
 *fill*         0x00000000000092aa        0x2 ff
 .rodata.CLOCK_GetMcgExtClkFreq.str1.4
                0x00000000000092ac       0x1e ./drivers/fsl_clock.o
 *fill*         0x00000000000092ca        0x2 ff
 .rodata.CLOCK_GetOsc0ErClkFreq.str1.4
                0x00000000000092cc       0x1e ./drivers/fsl_clock.o
 *fill*         0x00000000000092ea        0x2 ff
 .rodata.CLOCK_GetEr32kClkFreq.str1.4
                0x00000000000092ec       0x1f ./drivers/fsl_clock.o
 *fill*         0x000000000000930b        0x1 ff
 .rodata.CLOCK_GetFreq
                0x000000000000930c       0x34 ./drivers/fsl_clock.o
 .rodata.CLOCK_GetPll0Freq.str1.4
                0x0000000000009340       0x1d ./drivers/fsl_clock.o
 *fill*         0x000000000000935d        0x3 ff
 .rodata.CLOCK_EnablePll0.str1.4
                0x0000000000009360       0x19 ./drivers/fsl_clock.o
 *fill*         0x0000000000009379        0x3 ff
 .rodata.CLOCK_SetPbeMode.str1.4
                0x000000000000937c       0x1a ./drivers/fsl_clock.o
 *fill*         0x0000000000009396        0x2 ff
 .rodata.CLOCK_BootToPeeMode.str1.4
                0x0000000000009398       0x1a ./drivers/fsl_clock.o
 *fill*         0x00000000000093b2        0x2 ff
 .rodata.fllFactorTable.1
                0x00000000000093b4       0x10 ./drivers/fsl_clock.o
 .rodata.DMA_EnableInterrupts.str1.4
                0x00000000000093c4       0x3c ./drivers/fsl_dma.o
 .rodata.DMA_ClearChannelStatusFlags.str1.4
                0x0000000000009400       0x3c ./drivers/fsl_dma.o
 .rodata.s_dmaIRQNumber
                0x000000000000943c        0x4 ./drivers/fsl_dma.o
 .rodata.DMA_GetInstance.str1.4
                0x0000000000009440       0x31 ./drivers/fsl_dma.o
 *fill*         0x0000000000009471        0x3 ff
 .rodata.DMA_ResetChannel.str1.4
                0x0000000000009474       0x39 ./drivers/fsl_dma.o
 *fill*         0x00000000000094ad        0x3 ff
 .rodata.DMA_SetTransferConfig.str1.4
                0x00000000000094b0       0x5b ./drivers/fsl_dma.o
 *fill*         0x000000000000950b        0x1 ff
 .rodata.DMA_CreateHandle.str1.4
                0x000000000000950c       0x59 ./drivers/fsl_dma.o
 *fill*         0x0000000000009565        0x3 ff
 .rodata.DMA_PrepareTransfer.str1.4
                0x0000000000009568       0xfc ./drivers/fsl_dma.o
 .rodata.DMA_SetCallback.str1.4
                0x0000000000009664       0x1f ./drivers/fsl_dma.o
 *fill*         0x0000000000009683        0x1 ff
 .rodata.DMA_SubmitTransfer.str1.4
                0x0000000000009684       0x3f ./drivers/fsl_dma.o
 *fill*         0x00000000000096c3        0x1 ff
 .rodata.DMA_HandleIRQ.str1.4
                0x00000000000096c4       0x1f ./drivers/fsl_dma.o
 *fill*         0x00000000000096e3        0x1 ff
 .rodata.DMAMUX_GetInstance.str1.4
                0x00000000000096e4       0x37 ./drivers/fsl_dmamux.o
 *fill*         0x000000000000971b        0x1 ff
 .rodata.GPIO_PinInit.str1.4
                0x000000000000971c       0x18 ./drivers/fsl_gpio.o
 .rodata.s_i2cBases
                0x0000000000009734        0x8 ./drivers/fsl_i2c.o
                0x0000000000009734                s_i2cBases
 .rodata.s_i2cDividerTable
                0x000000000000973c       0x80 ./drivers/fsl_i2c.o
 .rodata.s_i2cClocks
                0x00000000000097bc        0x8 ./drivers/fsl_i2c.o
 .rodata.I2C_GetInstance.str1.4
                0x00000000000097c4       0x32 ./drivers/fsl_i2c.o
 *fill*         0x00000000000097f6        0x2 ff
 .rodata.I2C_MasterInit.str1.4
                0x00000000000097f8       0x2c ./drivers/fsl_i2c.o
 .rodata.I2C_MasterGetDefaultConfig.str1.4
                0x0000000000009824       0x1d ./drivers/fsl_i2c.o
 *fill*         0x0000000000009841        0x3 ff
 .rodata.I2C_MasterTransferBlocking.str1.4
                0x0000000000009844       0x16 ./drivers/fsl_i2c.o
 *fill*         0x000000000000985a        0x2 ff
 .rodata.LPSCI_GetInstance.str1.4
                0x000000000000985c       0x36 ./drivers/fsl_lpsci.o
 *fill*         0x0000000000009892        0x2 ff
 .rodata.LPSCI_Init.str1.4
                0x0000000000009894       0x43 ./drivers/fsl_lpsci.o
 *fill*         0x00000000000098d7        0x1 ff
 .rodata.LPSCI_GetDefaultConfig.str1.4
                0x00000000000098d8       0x19 ./drivers/fsl_lpsci.o
 *fill*         0x00000000000098f1        0x3 ff
 .rodata.DMA_DisableInterrupts.str1.4
                0x00000000000098f4       0x3c ./drivers/fsl_lpsci_dma.o
 .rodata.DMA_StartTransfer.str1.4
                0x0000000000009930       0x1f ./drivers/fsl_lpsci_dma.o
 *fill*         0x000000000000994f        0x1 ff
 .rodata.LPSCI_TransferSendDMACallback.str1.4
                0x0000000000009950       0x3c ./drivers/fsl_lpsci_dma.o
 .rodata.LPSCI_TransferReceiveDMACallback.str1.4
                0x000000000000998c       0x3c ./drivers/fsl_lpsci_dma.o
 .rodata.LPSCI_TransferCreateHandleDMA.str1.4
                0x00000000000099c8       0x1d ./drivers/fsl_lpsci_dma.o
 *fill*         0x00000000000099e5        0x3 ff
 .rodata.LPSCI_TransferSendDMA.str1.4
                0x00000000000099e8       0xb1 ./drivers/fsl_lpsci_dma.o
 *fill*         0x0000000000009a99        0x3 ff
 .rodata.s_spiBases
                0x0000000000009a9c        0x8 ./drivers/fsl_spi.o
 .rodata.s_spiClock
                0x0000000000009aa4        0x8 ./drivers/fsl_spi.o
 .rodata.SPI_GetInstance.str1.4
                0x0000000000009aac       0x32 ./drivers/fsl_spi.o
 *fill*         0x0000000000009ade        0x2 ff
 .rodata.SPI_MasterInit.str1.4
                0x0000000000009ae0       0x26 ./drivers/fsl_spi.o
 *fill*         0x0000000000009b06        0x2 ff
 .rodata.SPI_MasterTransferBlocking.str1.4
                0x0000000000009b08       0x15 ./drivers/fsl_spi.o
 *fill*         0x0000000000009b1d        0x3 ff
 .rodata.SPI0_DriverIRQHandler.str1.4
                0x0000000000009b20       0x20 ./drivers/fsl_spi.o
 .rodata.SPI1_DriverIRQHandler.str1.4
                0x0000000000009b40       0x20 ./drivers/fsl_spi.o
 .rodata.s_uartBases
                0x0000000000009b60        0xc ./drivers/fsl_uart.o
 .rodata.s_uartClock
                0x0000000000009b6c        0xc ./drivers/fsl_uart.o
 .rodata.UART_GetInstance.str1.4
                0x0000000000009b78       0x2b ./drivers/fsl_uart.o
 *fill*         0x0000000000009ba3        0x1 ff
 .rodata.UART_Init.str1.4
                0x0000000000009ba4       0x3e ./drivers/fsl_uart.o
 *fill*         0x0000000000009be2        0x2 ff
 .rodata.UART_GetDefaultConfig.str1.4
                0x0000000000009be4       0x18 ./drivers/fsl_uart.o
 .rodata.DMA_DisableInterrupts.str1.4
                0x0000000000009bfc       0x3c ./drivers/fsl_uart_dma.o
 .rodata.DMA_StartTransfer.str1.4
                0x0000000000009bfc       0x1f ./drivers/fsl_uart_dma.o
 .rodata.UART_TransferSendDMACallback.str1.4
                0x0000000000009bfc       0x37 ./drivers/fsl_uart_dma.o
 *fill*         0x0000000000009c33        0x1 ff
 .rodata.UART_TransferReceiveDMACallback.str1.4
                0x0000000000009c34       0x37 ./drivers/fsl_uart_dma.o
 *fill*         0x0000000000009c6b        0x1 ff
 .rodata.UART_TransferCreateHandleDMA.str1.4
                0x0000000000009c6c       0x1c ./drivers/fsl_uart_dma.o
 .rodata.UART_TransferSendDMA.str1.4
                0x0000000000009c88       0xa8 ./drivers/fsl_uart_dma.o
 .rodata.mcgConfig_BOARD_BootClockRUN
                0x0000000000009d30        0xa ./board/src/clock_config.o
                0x0000000000009d30                mcgConfig_BOARD_BootClockRUN
 *fill*         0x0000000000009d3a        0x2 ff
 .rodata.simConfig_BOARD_BootClockRUN
                0x0000000000009d3c        0x8 ./board/src/clock_config.o
                0x0000000000009d3c                simConfig_BOARD_BootClockRUN
 .rodata.oscConfig_BOARD_BootClockRUN
                0x0000000000009d44        0x8 ./board/src/clock_config.o
                0x0000000000009d44                oscConfig_BOARD_BootClockRUN
 .rodata.__num_Ciob_streams
                0x0000000000009d4c        0x4 /Applications/MCUXpressoIDE_11.7.0_9198/ide/plugins/com.nxp.mcuxpresso.tools.macosx_11.7.0.202209140929/tools/bin/../lib/gcc/arm-none-eabi/10.3.1/../../../../arm-none-eabi/lib/thumb/v6-m/nofp/libcr_semihost_nf.a(__ciob.o)
                0x0000000000009d4c                __num_Ciob_streams
 .rodata.__assertion_failed.str1.1
                0x0000000000009d50       0x15 /Applications/MCUXpressoIDE_11.7.0_9198/ide/plugins/com.nxp.mcuxpresso.tools.macosx_11.7.0.202209140929/tools/bin/../lib/gcc/arm-none-eabi/10.3.1/../../../../arm-none-eabi/lib/thumb/v6-m/nofp/libcr_semihost_nf.a(_cr_assert.o)
 .rodata._Csys_alloc.str1.1
                0x0000000000009d65       0x18 /Applications/MCUXpressoIDE_11.7.0_9198/ide/plugins/com.nxp.mcuxpresso.tools.macosx_11.7.0.202209140929/tools/bin/../lib/gcc/arm-none-eabi/10.3.1/../../../../arm-none-eabi/lib/thumb/v6-m/nofp/libcr_c.a(alloc.o)
 .rodata.fp_display.str1.1
                0x0000000000009d7d       0x32 /Applications/MCUXpressoIDE_11.7.0_9198/ide/plugins/com.nxp.mcuxpresso.tools.macosx_11.7.0.202209140929/tools/bin/../lib/gcc/arm-none-eabi/10.3.1/../../../../arm-none-eabi/lib/thumb/v6-m/nofp/libcr_c.a(fpprintf.o)
                                         0x35 (size before relaxing)
 .rodata._initio.str1.1
                0x0000000000009daf        0x4 /Applications/MCUXpressoIDE_11.7.0_9198/ide/plugins/com.nxp.mcuxpresso.tools.macosx_11.7.0.202209140929/tools/bin/../lib/gcc/arm-none-eabi/10.3.1/../../../../arm-none-eabi/lib/thumb/v6-m/nofp/libcr_c.a(initio.o)
 .rodata.__vfprintf.str1.1
                0x0000000000009db3       0x31 /Applications/MCUXpressoIDE_11.7.0_9198/ide/plugins/com.nxp.mcuxpresso.tools.macosx_11.7.0.202209140929/tools/bin/../lib/gcc/arm-none-eabi/10.3.1/../../../../arm-none-eabi/lib/thumb/v6-m/nofp/libcr_c.a(printf.o)
                                         0x38 (size before relaxing)
 .rodata.__ctype
                0x0000000000009de4      0x180 /Applications/MCUXpressoIDE_11.7.0_9198/ide/plugins/com.nxp.mcuxpresso.tools.macosx_11.7.0.202209140929/tools/bin/../lib/gcc/arm-none-eabi/10.3.1/../../../../arm-none-eabi/lib/thumb/v6-m/nofp/libcr_c.a(ctype.o)
                0x0000000000009de4                __ctype
                0x0000000000009f64                . = ALIGN (0x4)

.glue_7         0x0000000000009f64        0x0
 .glue_7        0x0000000000009f64        0x0 linker stubs

.glue_7t        0x0000000000009f64        0x0
 .glue_7t       0x0000000000009f64        0x0 linker stubs

.vfp11_veneer   0x0000000000009f64        0x0
 .vfp11_veneer  0x0000000000009f64        0x0 linker stubs

.v4_bx          0x0000000000009f64        0x0
 .v4_bx         0x0000000000009f64        0x0 linker stubs

.iplt           0x0000000000009f64        0x0
 .iplt          0x0000000000009f64        0x0 ./startup/startup_mkl46z4.o

.rel.dyn        0x0000000000009f64        0x0
 .rel.iplt      0x0000000000009f64        0x0 ./startup/startup_mkl46z4.o

.ARM.extab
 *(SORT_BY_ALIGNMENT(.ARM.extab*) SORT_BY_ALIGNMENT(.gnu.linkonce.armextab.*))

.ARM.exidx      0x0000000000009f64        0x0
                0x0000000000009f64                __exidx_start = .
 *(SORT_BY_ALIGNMENT(.ARM.exidx*) SORT_BY_ALIGNMENT(.gnu.linkonce.armexidx.*))
                0x0000000000009f64                __exidx_end = .
                0x0000000000009f64                _etext = .

.m_usb_data
 *(SORT_BY_ALIGNMENT(m_usb_bdt))

.mtb_buffer_default
                0x000000001fffe000       0x80
 *(SORT_BY_ALIGNMENT(.mtb*))
 .mtb.$RAM1     0x000000001fffe000       0x80 ./source/mtb.o
                0x000000001fffe000                __mtb_buffer__

.uninit_RESERVED
                0x000000001fffe080        0x0
                0x000000001fffe080                _start_uninit_RESERVED = .
 *(SORT_BY_ALIGNMENT(.bss.$RESERVED*))
                0x000000001fffe080                . = ALIGN (0x4)
                0x000000001fffe080                _end_uninit_RESERVED = .

.data           0x000000001fffe080        0xc load address 0x0000000000009f64
 FILL mask 0xff
                0x000000001fffe080                _data = .
                [!provide]                        PROVIDE (__start_data_RAM = .)
                [!provide]                        PROVIDE (__start_data_SRAM = .)
 *(SORT_BY_ALIGNMENT(vtable))
 *(SORT_BY_ALIGNMENT(.ramfunc*))
 *(SORT_BY_ALIGNMENT(CodeQuickAccess))
 *(SORT_BY_ALIGNMENT(DataQuickAccess))
 *(SORT_BY_ALIGNMENT(RamFunction))
 *(SORT_BY_ALIGNMENT(.data*))
 .data.s_slowIrcFreq
                0x000000001fffe080        0x4 ./drivers/fsl_clock.o
 .data.s_fastIrcFreq
                0x000000001fffe084        0x4 ./drivers/fsl_clock.o
 .data.SystemCoreClock
                0x000000001fffe088        0x4 ./CMSIS/system_MKL46Z4.o
                0x000000001fffe088                SystemCoreClock
                0x000000001fffe08c                . = ALIGN (0x4)
                0x000000001fffe08c                _edata = .
                [!provide]                        PROVIDE (__end_data_RAM = .)
                [!provide]                        PROVIDE (__end_data_SRAM = .)

.igot.plt       0x000000001fffe08c        0x0 load address 0x0000000000009f70
 .igot.plt      0x000000001fffe08c        0x0 ./startup/startup_mkl46z4.o

.bss            0x000000001fffe08c      0x5f8
                0x000000001fffe08c                _bss = .
                [!provide]                        PROVIDE (__start_bss_RAM = .)
                [!provide]                        PROVIDE (__start_bss_SRAM = .)
 *(SORT_BY_ALIGNMENT(.bss*))
 .bss.timer     0x000000001fffe08c        0x4 ./source/enviarAccContinuo.o
                0x000000001fffe08c                timer
 .bss.bufferRec
                0x000000001fffe090        0x8 ./source/mefRecTrama.o
 .bss.shadowFB  0x000000001fffe098      0x400 ./source/oled.o
 .bss.pRingBufferRx
                0x000000001fffe498        0x4 ./source/uart0_DMA.o
 .bss.txBuffer_dma
                0x000000001fffe49c       0x20 ./source/uart0_DMA.o
 .bss.lpsciDmaHandle
                0x000000001fffe4bc       0x20 ./source/uart0_DMA.o
 .bss.lpsciTxDmaHandle
                0x000000001fffe4dc       0x10 ./source/uart0_DMA.o
 .bss.uart1_pRingBufferRx
                0x000000001fffe4ec        0x4 ./source/uart1.o
 .bss.txBuffer_dma
                0x000000001fffe4f0       0x20 ./source/uart1.o
 .bss.uart1DmaHandle
                0x000000001fffe510       0x20 ./source/uart1.o
 .bss.uart1TxDmaHandle
                0x000000001fffe530       0x10 ./source/uart1.o
 .bss.g_xtal0Freq
                0x000000001fffe540        0x4 ./drivers/fsl_clock.o
                0x000000001fffe540                g_xtal0Freq
 .bss.g_xtal32Freq
                0x000000001fffe544        0x4 ./drivers/fsl_clock.o
                0x000000001fffe544                g_xtal32Freq
 .bss.s_DMAHandle
                0x000000001fffe548       0x10 ./drivers/fsl_dma.o
 .bss.s_i2cHandle
                0x000000001fffe558        0x8 ./drivers/fsl_i2c.o
 .bss.s_i2cMasterIsr
                0x000000001fffe560        0x4 ./drivers/fsl_i2c.o
 .bss.s_i2cSlaveIsr
                0x000000001fffe564        0x4 ./drivers/fsl_i2c.o
 .bss.s_lpsciHandle
                0x000000001fffe568        0x4 ./drivers/fsl_lpsci.o
 .bss.s_lpsciIsr
                0x000000001fffe56c        0x4 ./drivers/fsl_lpsci.o
 .bss.s_dmaPrivateHandle
                0x000000001fffe570        0x8 ./drivers/fsl_lpsci_dma.o
 .bss.s_spiHandle
                0x000000001fffe578        0x8 ./drivers/fsl_spi.o
 .bss.s_spiMasterIsr
                0x000000001fffe580        0x4 ./drivers/fsl_spi.o
 .bss.s_spiSlaveIsr
                0x000000001fffe584        0x4 ./drivers/fsl_spi.o
 .bss.g_spiDummyData
                0x000000001fffe588        0x2 ./drivers/fsl_spi.o
                0x000000001fffe588                g_spiDummyData
 *fill*         0x000000001fffe58a        0x2 
 .bss.s_uartHandle
                0x000000001fffe58c        0xc ./drivers/fsl_uart.o
 .bss.s_uartIsr
                0x000000001fffe598        0x4 ./drivers/fsl_uart.o
 .bss.s_dmaPrivateHandle
                0x000000001fffe59c       0x18 ./drivers/fsl_uart_dma.o
 .bss.__Ciob    0x000000001fffe5b4       0xb4 /Applications/MCUXpressoIDE_11.7.0_9198/ide/plugins/com.nxp.mcuxpresso.tools.macosx_11.7.0.202209140929/tools/bin/../lib/gcc/arm-none-eabi/10.3.1/../../../../arm-none-eabi/lib/thumb/v6-m/nofp/libcr_semihost_nf.a(__ciob.o)
                0x000000001fffe5b4                __Ciob
 .bss.__end_of_heap
                0x000000001fffe668        0x4 /Applications/MCUXpressoIDE_11.7.0_9198/ide/plugins/com.nxp.mcuxpresso.tools.macosx_11.7.0.202209140929/tools/bin/../lib/gcc/arm-none-eabi/10.3.1/../../../../arm-none-eabi/lib/thumb/v6-m/nofp/libcr_c.a(__init_alloc.o)
                0x000000001fffe668                __end_of_heap
 .bss.__heaps   0x000000001fffe66c        0x4 /Applications/MCUXpressoIDE_11.7.0_9198/ide/plugins/com.nxp.mcuxpresso.tools.macosx_11.7.0.202209140929/tools/bin/../lib/gcc/arm-none-eabi/10.3.1/../../../../arm-none-eabi/lib/thumb/v6-m/nofp/libcr_c.a(__init_alloc.o)
                0x000000001fffe66c                __heaps
 .bss.errno     0x000000001fffe670        0x4 /Applications/MCUXpressoIDE_11.7.0_9198/ide/plugins/com.nxp.mcuxpresso.tools.macosx_11.7.0.202209140929/tools/bin/../lib/gcc/arm-none-eabi/10.3.1/../../../../arm-none-eabi/lib/thumb/v6-m/nofp/libcr_c.a(errno.o)
                0x000000001fffe670                errno
 .bss.displayTimer
                0x000000001fffe674        0x2 ./source/mefDisplay.o
 .bss.readX     0x000000001fffe676        0x2 ./source/mma8451.o
 .bss.readY     0x000000001fffe678        0x2 ./source/mma8451.o
 .bss.readZ     0x000000001fffe67a        0x2 ./source/mma8451.o
 .bss.estado.1  0x000000001fffe67c        0x1 ./source/mefRecTrama.o
 .bss.indexRec.0
                0x000000001fffe67d        0x1 ./source/mefRecTrama.o
 .bss.FFint     0x000000001fffe67e        0x1 ./source/mma8451.o
 .bss.txOnGoing
                0x000000001fffe67f        0x1 ./source/uart0_DMA.o
                0x000000001fffe67f                txOnGoing
 .bss.byteRec   0x000000001fffe680        0x1 ./source/uart1.o
 .bss.uart1TxOnGoing
                0x000000001fffe681        0x1 ./source/uart1.o
                0x000000001fffe681                uart1TxOnGoing
 *(SORT_BY_ALIGNMENT(COMMON))
                0x000000001fffe684                . = ALIGN (0x4)
 *fill*         0x000000001fffe682        0x2 
                0x000000001fffe684                _ebss = .
                [!provide]                        PROVIDE (__end_bss_RAM = .)
                [!provide]                        PROVIDE (__end_bss_SRAM = .)
                [!provide]                        PROVIDE (end = .)

.noinit         0x000000001fffe684        0x0
                0x000000001fffe684                _noinit = .
                [!provide]                        PROVIDE (__start_noinit_RAM = .)
                [!provide]                        PROVIDE (__start_noinit_SRAM = .)
 *(SORT_BY_ALIGNMENT(.noinit*))
                0x000000001fffe684                . = ALIGN (0x4)
                0x000000001fffe684                _end_noinit = .
                [!provide]                        PROVIDE (__end_noinit_RAM = .)
                [!provide]                        PROVIDE (__end_noinit_SRAM = .)
                0x0000000000000800                _HeapSize = 0x800

.heap           0x000000001fffe684      0x800
                0x000000001fffe684                _pvHeapStart = .
                0x000000001fffee84                . = (. + _HeapSize)
 *fill*         0x000000001fffe684      0x800 
                0x000000001fffee84                . = ALIGN (0x4)
                0x000000001fffee84                _pvHeapLimit = .
                0x0000000000000800                _StackSize = 0x800

.heap2stackfill
                0x000000001fffee84      0x800
                0x000000001ffff684                . = (. + _StackSize)
 *fill*         0x000000001fffee84      0x800 

.stack          0x0000000020005800        0x0
                0x0000000020005800                _vStackBase = .
                0x0000000020005800                . = ALIGN (0x4)
                0x0000000020006000                _vStackTop = (. + _StackSize)
                0x0000000000000000                _image_start = LOADADDR (.text)
                0x0000000000009f70                _image_end = (LOADADDR (.data) + SIZEOF (.data))
                0x0000000000009f70                _image_size = (_image_end - _image_start)
OUTPUT(SD2_TP3.axf elf32-littlearm)
LOAD linker stubs

.debug_info     0x0000000000000000    0x122ed
 .debug_info    0x0000000000000000      0x4e7 ./startup/startup_mkl46z4.o
 .debug_info    0x00000000000004e7      0x791 ./source/SD2_I2C.o
 .debug_info    0x0000000000000c78      0xef6 ./source/SD2_board.o
 .debug_info    0x0000000000001b6e      0x1cb ./source/display.o
 .debug_info    0x0000000000001d39      0x17b ./source/enviarAccContinuo.o
 .debug_info    0x0000000000001eb4       0x5e ./source/font5x7.o
 .debug_info    0x0000000000001f12      0x415 ./source/main.o
 .debug_info    0x0000000000002327       0xf2 ./source/mefDisplay.o
 .debug_info    0x0000000000002419      0x129 ./source/mefRecTrama.o
 .debug_info    0x0000000000002542     0x143e ./source/mma8451.o
 .debug_info    0x0000000000003980       0x4f ./source/mtb.o
 .debug_info    0x00000000000039cf      0x849 ./source/oled.o
 .debug_info    0x0000000000004218      0x2ca ./source/procTrama.o
 .debug_info    0x00000000000044e2      0x265 ./source/ringBuffer.o
 .debug_info    0x0000000000004747       0x38 ./source/semihost_hardfault.o
 .debug_info    0x000000000000477f     0x12f0 ./source/uart0_DMA.o
 .debug_info    0x0000000000005a6f     0x1088 ./source/uart1.o
 .debug_info    0x0000000000006af7     0x1a87 ./drivers/fsl_clock.o
 .debug_info    0x000000000000857e      0xf51 ./drivers/fsl_dma.o
 .debug_info    0x00000000000094cf      0x4e1 ./drivers/fsl_dmamux.o
 .debug_info    0x00000000000099b0      0x7d8 ./drivers/fsl_gpio.o
 .debug_info    0x000000000000a188     0x1ab6 ./drivers/fsl_i2c.o
 .debug_info    0x000000000000bc3e     0x14a8 ./drivers/fsl_lpsci.o
 .debug_info    0x000000000000d0e6      0xc5f ./drivers/fsl_lpsci_dma.o
 .debug_info    0x000000000000dd45     0x1618 ./drivers/fsl_spi.o
 .debug_info    0x000000000000f35d     0x1449 ./drivers/fsl_uart.o
 .debug_info    0x00000000000107a6      0xc4f ./drivers/fsl_uart_dma.o
 .debug_info    0x00000000000113f5      0xaee ./board/src/clock_config.o
 .debug_info    0x0000000000011ee3      0x40a ./CMSIS/system_MKL46Z4.o

.debug_abbrev   0x0000000000000000     0x3620
 .debug_abbrev  0x0000000000000000      0x195 ./startup/startup_mkl46z4.o
 .debug_abbrev  0x0000000000000195      0x227 ./source/SD2_I2C.o
 .debug_abbrev  0x00000000000003bc      0x2b0 ./source/SD2_board.o
 .debug_abbrev  0x000000000000066c       0xe6 ./source/display.o
 .debug_abbrev  0x0000000000000752       0xec ./source/enviarAccContinuo.o
 .debug_abbrev  0x000000000000083e       0x47 ./source/font5x7.o
 .debug_abbrev  0x0000000000000885      0x17f ./source/main.o
 .debug_abbrev  0x0000000000000a04       0x83 ./source/mefDisplay.o
 .debug_abbrev  0x0000000000000a87       0x92 ./source/mefRecTrama.o
 .debug_abbrev  0x0000000000000b19      0x302 ./source/mma8451.o
 .debug_abbrev  0x0000000000000e1b       0x43 ./source/mtb.o
 .debug_abbrev  0x0000000000000e5e      0x1a2 ./source/oled.o
 .debug_abbrev  0x0000000000001000      0x109 ./source/procTrama.o
 .debug_abbrev  0x0000000000001109       0xf2 ./source/ringBuffer.o
 .debug_abbrev  0x00000000000011fb       0x2e ./source/semihost_hardfault.o
 .debug_abbrev  0x0000000000001229      0x2c8 ./source/uart0_DMA.o
 .debug_abbrev  0x00000000000014f1      0x2ce ./source/uart1.o
 .debug_abbrev  0x00000000000017bf      0x348 ./drivers/fsl_clock.o
 .debug_abbrev  0x0000000000001b07      0x2b9 ./drivers/fsl_dma.o
 .debug_abbrev  0x0000000000001dc0      0x17b ./drivers/fsl_dmamux.o
 .debug_abbrev  0x0000000000001f3b      0x1f3 ./drivers/fsl_gpio.o
 .debug_abbrev  0x000000000000212e      0x373 ./drivers/fsl_i2c.o
 .debug_abbrev  0x00000000000024a1      0x2f0 ./drivers/fsl_lpsci.o
 .debug_abbrev  0x0000000000002791      0x276 ./drivers/fsl_lpsci_dma.o
 .debug_abbrev  0x0000000000002a07      0x358 ./drivers/fsl_spi.o
 .debug_abbrev  0x0000000000002d5f      0x2f0 ./drivers/fsl_uart.o
 .debug_abbrev  0x000000000000304f      0x28e ./drivers/fsl_uart_dma.o
 .debug_abbrev  0x00000000000032dd      0x1fe ./board/src/clock_config.o
 .debug_abbrev  0x00000000000034db      0x145 ./CMSIS/system_MKL46Z4.o

.debug_aranges  0x0000000000000000     0x1060
 .debug_aranges
                0x0000000000000000      0x160 ./startup/startup_mkl46z4.o
 .debug_aranges
                0x0000000000000160       0x50 ./source/SD2_I2C.o
 .debug_aranges
                0x00000000000001b0       0x98 ./source/SD2_board.o
 .debug_aranges
                0x0000000000000248       0x48 ./source/display.o
 .debug_aranges
                0x0000000000000290       0x28 ./source/enviarAccContinuo.o
 .debug_aranges
                0x00000000000002b8       0x18 ./source/font5x7.o
 .debug_aranges
                0x00000000000002d0       0x38 ./source/main.o
 .debug_aranges
                0x0000000000000308       0x28 ./source/mefDisplay.o
 .debug_aranges
                0x0000000000000330       0x20 ./source/mefRecTrama.o
 .debug_aranges
                0x0000000000000350       0xb8 ./source/mma8451.o
 .debug_aranges
                0x0000000000000408       0x18 ./source/mtb.o
 .debug_aranges
                0x0000000000000420       0x98 ./source/oled.o
 .debug_aranges
                0x00000000000004b8       0x40 ./source/procTrama.o
 .debug_aranges
                0x00000000000004f8       0x48 ./source/ringBuffer.o
 .debug_aranges
                0x0000000000000540       0x20 ./source/semihost_hardfault.o
 .debug_aranges
                0x0000000000000560       0x80 ./source/uart0_DMA.o
 .debug_aranges
                0x00000000000005e0       0x70 ./source/uart1.o
 .debug_aranges
                0x0000000000000650      0x1d8 ./drivers/fsl_clock.o
 .debug_aranges
                0x0000000000000828       0xd0 ./drivers/fsl_dma.o
 .debug_aranges
                0x00000000000008f8       0x40 ./drivers/fsl_dmamux.o
 .debug_aranges
                0x0000000000000938       0x78 ./drivers/fsl_gpio.o
 .debug_aranges
                0x00000000000009b0      0x178 ./drivers/fsl_i2c.o
 .debug_aranges
                0x0000000000000b28      0x118 ./drivers/fsl_lpsci.o
 .debug_aranges
                0x0000000000000c40       0x98 ./drivers/fsl_lpsci_dma.o
 .debug_aranges
                0x0000000000000cd8      0x140 ./drivers/fsl_spi.o
 .debug_aranges
                0x0000000000000e18      0x130 ./drivers/fsl_uart.o
 .debug_aranges
                0x0000000000000f48       0x98 ./drivers/fsl_uart_dma.o
 .debug_aranges
                0x0000000000000fe0       0x50 ./board/src/clock_config.o
 .debug_aranges
                0x0000000000001030       0x30 ./CMSIS/system_MKL46Z4.o

.debug_ranges   0x0000000000000000      0xe80
 .debug_ranges  0x0000000000000000      0x150 ./startup/startup_mkl46z4.o
 .debug_ranges  0x0000000000000150       0x40 ./source/SD2_I2C.o
 .debug_ranges  0x0000000000000190       0x88 ./source/SD2_board.o
 .debug_ranges  0x0000000000000218       0x38 ./source/display.o
 .debug_ranges  0x0000000000000250       0x18 ./source/enviarAccContinuo.o
 .debug_ranges  0x0000000000000268       0x28 ./source/main.o
 .debug_ranges  0x0000000000000290       0x18 ./source/mefDisplay.o
 .debug_ranges  0x00000000000002a8       0x10 ./source/mefRecTrama.o
 .debug_ranges  0x00000000000002b8       0xa8 ./source/mma8451.o
 .debug_ranges  0x0000000000000360       0x88 ./source/oled.o
 .debug_ranges  0x00000000000003e8       0x30 ./source/procTrama.o
 .debug_ranges  0x0000000000000418       0x38 ./source/ringBuffer.o
 .debug_ranges  0x0000000000000450       0x10 ./source/semihost_hardfault.o
 .debug_ranges  0x0000000000000460       0x70 ./source/uart0_DMA.o
 .debug_ranges  0x00000000000004d0       0x60 ./source/uart1.o
 .debug_ranges  0x0000000000000530      0x1c8 ./drivers/fsl_clock.o
 .debug_ranges  0x00000000000006f8       0xc0 ./drivers/fsl_dma.o
 .debug_ranges  0x00000000000007b8       0x30 ./drivers/fsl_dmamux.o
 .debug_ranges  0x00000000000007e8       0x68 ./drivers/fsl_gpio.o
 .debug_ranges  0x0000000000000850      0x168 ./drivers/fsl_i2c.o
 .debug_ranges  0x00000000000009b8      0x108 ./drivers/fsl_lpsci.o
 .debug_ranges  0x0000000000000ac0       0x88 ./drivers/fsl_lpsci_dma.o
 .debug_ranges  0x0000000000000b48      0x130 ./drivers/fsl_spi.o
 .debug_ranges  0x0000000000000c78      0x120 ./drivers/fsl_uart.o
 .debug_ranges  0x0000000000000d98       0x88 ./drivers/fsl_uart_dma.o
 .debug_ranges  0x0000000000000e20       0x40 ./board/src/clock_config.o
 .debug_ranges  0x0000000000000e60       0x20 ./CMSIS/system_MKL46Z4.o

.debug_line     0x0000000000000000     0x8e84
 .debug_line    0x0000000000000000      0x1ed ./startup/startup_mkl46z4.o
 .debug_line    0x00000000000001ed      0x290 ./source/SD2_I2C.o
 .debug_line    0x000000000000047d      0x4d0 ./source/SD2_board.o
 .debug_line    0x000000000000094d      0x16f ./source/display.o
 .debug_line    0x0000000000000abc      0x127 ./source/enviarAccContinuo.o
 .debug_line    0x0000000000000be3       0x34 ./source/font5x7.o
 .debug_line    0x0000000000000c17      0x1f1 ./source/main.o
 .debug_line    0x0000000000000e08      0x102 ./source/mefDisplay.o
 .debug_line    0x0000000000000f0a      0x15c ./source/mefRecTrama.o
 .debug_line    0x0000000000001066      0x674 ./source/mma8451.o
 .debug_line    0x00000000000016da       0x30 ./source/mtb.o
 .debug_line    0x000000000000170a      0x628 ./source/oled.o
 .debug_line    0x0000000000001d32      0x1ed ./source/procTrama.o
 .debug_line    0x0000000000001f1f      0x1e9 ./source/ringBuffer.o
 .debug_line    0x0000000000002108       0x5a ./source/semihost_hardfault.o
 .debug_line    0x0000000000002162      0x485 ./source/uart0_DMA.o
 .debug_line    0x00000000000025e7      0x468 ./source/uart1.o
 .debug_line    0x0000000000002a4f     0x1158 ./drivers/fsl_clock.o
 .debug_line    0x0000000000003ba7      0x5da ./drivers/fsl_dma.o
 .debug_line    0x0000000000004181      0x1c2 ./drivers/fsl_dmamux.o
 .debug_line    0x0000000000004343      0x30f ./drivers/fsl_gpio.o
 .debug_line    0x0000000000004652     0x12ba ./drivers/fsl_i2c.o
 .debug_line    0x000000000000590c      0xcc0 ./drivers/fsl_lpsci.o
 .debug_line    0x00000000000065cc      0x593 ./drivers/fsl_lpsci_dma.o
 .debug_line    0x0000000000006b5f      0xc75 ./drivers/fsl_spi.o
 .debug_line    0x00000000000077d4      0xccb ./drivers/fsl_uart.o
 .debug_line    0x000000000000849f      0x598 ./drivers/fsl_uart_dma.o
 .debug_line    0x0000000000008a37      0x21d ./board/src/clock_config.o
 .debug_line    0x0000000000008c54      0x230 ./CMSIS/system_MKL46Z4.o

.debug_str      0x0000000000000000     0x70c1
 .debug_str     0x0000000000000000      0x4a6 ./startup/startup_mkl46z4.o
                                        0x4b9 (size before relaxing)
 .debug_str     0x00000000000004a6      0x780 ./source/SD2_I2C.o
                                        0x8fe (size before relaxing)
 .debug_str     0x0000000000000c26      0xbb8 ./source/SD2_board.o
                                       0x13e7 (size before relaxing)
 .debug_str     0x00000000000017de       0x95 ./source/display.o
                                        0x26b (size before relaxing)
 .debug_str     0x0000000000001873       0x97 ./source/enviarAccContinuo.o
                                        0x253 (size before relaxing)
 .debug_str     0x000000000000190a       0x1c ./source/font5x7.o
                                        0x164 (size before relaxing)
 .debug_str     0x0000000000001926      0x2a6 ./source/main.o
                                        0x477 (size before relaxing)
 .debug_str     0x0000000000001bcc       0x42 ./source/mefDisplay.o
                                        0x208 (size before relaxing)
 .debug_str     0x0000000000001c0e       0x97 ./source/mefRecTrama.o
                                        0x253 (size before relaxing)
 .debug_str     0x0000000000001ca5      0x64a ./source/mma8451.o
                                       0x139d (size before relaxing)
 .debug_str     0x00000000000022ef       0x1f ./source/mtb.o
                                        0x15e (size before relaxing)
 .debug_str     0x000000000000230e      0x1be ./source/oled.o
                                        0x3eb (size before relaxing)
 .debug_str     0x00000000000024cc       0x89 ./source/procTrama.o
                                        0x33f (size before relaxing)
 .debug_str     0x0000000000002555       0xb3 ./source/ringBuffer.o
                                        0x27f (size before relaxing)
 .debug_str     0x0000000000002608       0x1f ./source/semihost_hardfault.o
                                        0x15e (size before relaxing)
 .debug_str     0x0000000000002627      0xf4c ./source/uart0_DMA.o
                                       0x1b8d (size before relaxing)
 .debug_str     0x0000000000003573      0x663 ./source/uart1.o
                                       0x1a7e (size before relaxing)
 .debug_str     0x0000000000003bd6      0xd1a ./drivers/fsl_clock.o
                                       0x18a1 (size before relaxing)
 .debug_str     0x00000000000048f0      0x6e6 ./drivers/fsl_dma.o
                                       0x132d (size before relaxing)
 .debug_str     0x0000000000004fd6       0x65 ./drivers/fsl_dmamux.o
                                        0x959 (size before relaxing)
 .debug_str     0x000000000000503b       0xcd ./drivers/fsl_gpio.o
                                        0x952 (size before relaxing)
 .debug_str     0x0000000000005108      0xa59 ./drivers/fsl_i2c.o
                                       0x1845 (size before relaxing)
 .debug_str     0x0000000000005b61      0x4d1 ./drivers/fsl_lpsci.o
                                       0x16eb (size before relaxing)