Archive member included to satisfy reference by file (symbol)

/Applications/MCUXpressoIDE_11.7.0_9198/ide/plugins/com.nxp.mcuxpresso.tools.macosx_11.7.0.202209140929/tools/bin/../lib/gcc/arm-none-eabi/10.3.1/../../../../arm-none-eabi/lib/thumb/v6-m/nofp/libcr_semihost_nf.a(_cr__main.o)
                              ./startup/startup_mkl46z4.o (__main)
/Applications/MCUXpressoIDE_11.7.0_9198/ide/plugins/com.nxp.mcuxpresso.tools.macosx_11.7.0.202209140929/tools/bin/../lib/gcc/arm-none-eabi/10.3.1/../../../../arm-none-eabi/lib/thumb/v6-m/nofp/libcr_semihost_nf.a(_cr_assert.o)
                              ./utilities/fsl_debug_console.o (__assertion_failed)
/Applications/MCUXpressoIDE_11.7.0_9198/ide/plugins/com.nxp.mcuxpresso.tools.macosx_11.7.0.202209140929/tools/bin/../lib/gcc/arm-none-eabi/10.3.1/../../../../arm-none-eabi/lib/thumb/v6-m/nofp/libcr_semihost_nf.a(__ciob.o)
                              /Applications/MCUXpressoIDE_11.7.0_9198/ide/plugins/com.nxp.mcuxpresso.tools.macosx_11.7.0.202209140929/tools/bin/../lib/gcc/arm-none-eabi/10.3.1/../../../../arm-none-eabi/lib/thumb/v6-m/nofp/libcr_semihost_nf.a(_cr_assert.o) (__Ciob)
/Applications/MCUXpressoIDE_11.7.0_9198/ide/plugins/com.nxp.mcuxpresso.tools.macosx_11.7.0.202209140929/tools/bin/../lib/gcc/arm-none-eabi/10.3.1/../../../../arm-none-eabi/lib/thumb/v6-m/nofp/libcr_semihost_nf.a(__sys_appexit.o)
                              /Applications/MCUXpressoIDE_11.7.0_9198/ide/plugins/com.nxp.mcuxpresso.tools.macosx_11.7.0.202209140929/tools/bin/../lib/gcc/arm-none-eabi/10.3.1/../../../../arm-none-eabi/lib/thumb/v6-m/nofp/libcr_semihost_nf.a(_cr_assert.o) (__sys_appexit)
/Applications/MCUXpressoIDE_11.7.0_9198/ide/plugins/com.nxp.mcuxpresso.tools.macosx_11.7.0.202209140929/tools/bin/../lib/gcc/arm-none-eabi/10.3.1/../../../../arm-none-eabi/lib/thumb/v6-m/nofp/libcr_c.a(memcpy.o)
                              ./drivers/fsl_ftfx_cache.o (memcpy)
/Applications/MCUXpressoIDE_11.7.0_9198/ide/plugins/com.nxp.mcuxpresso.tools.macosx_11.7.0.202209140929/tools/bin/../lib/gcc/arm-none-eabi/10.3.1/../../../../arm-none-eabi/lib/thumb/v6-m/nofp/libcr_c.a(memset.o)
                              ./drivers/fsl_ftfx_cache.o (memset)
/Applications/MCUXpressoIDE_11.7.0_9198/ide/plugins/com.nxp.mcuxpresso.tools.macosx_11.7.0.202209140929/tools/bin/../lib/gcc/arm-none-eabi/10.3.1/../../../../arm-none-eabi/lib/thumb/v6-m/nofp/libcr_c.a(_deferredlazyseek.o)
                              /Applications/MCUXpressoIDE_11.7.0_9198/ide/plugins/com.nxp.mcuxpresso.tools.macosx_11.7.0.202209140929/tools/bin/../lib/gcc/arm-none-eabi/10.3.1/../../../../arm-none-eabi/lib/thumb/v6-m/nofp/libcr_semihost_nf.a(_cr_assert.o) (__flsbuf)
/Applications/MCUXpressoIDE_11.7.0_9198/ide/plugins/com.nxp.mcuxpresso.tools.macosx_11.7.0.202209140929/tools/bin/../lib/gcc/arm-none-eabi/10.3.1/../../../../arm-none-eabi/lib/thumb/v6-m/nofp/libcr_c.a(_fflush.o)
                              /Applications/MCUXpressoIDE_11.7.0_9198/ide/plugins/com.nxp.mcuxpresso.tools.macosx_11.7.0.202209140929/tools/bin/../lib/gcc/arm-none-eabi/10.3.1/../../../../arm-none-eabi/lib/thumb/v6-m/nofp/libcr_c.a(_deferredlazyseek.o) (_fflush)
/Applications/MCUXpressoIDE_11.7.0_9198/ide/plugins/com.nxp.mcuxpresso.tools.macosx_11.7.0.202209140929/tools/bin/../lib/gcc/arm-none-eabi/10.3.1/../../../../arm-none-eabi/lib/thumb/v6-m/nofp/libcr_c.a(_writebuf.o)
                              /Applications/MCUXpressoIDE_11.7.0_9198/ide/plugins/com.nxp.mcuxpresso.tools.macosx_11.7.0.202209140929/tools/bin/../lib/gcc/arm-none-eabi/10.3.1/../../../../arm-none-eabi/lib/thumb/v6-m/nofp/libcr_c.a(_deferredlazyseek.o) (_Cwritebuf)
/Applications/MCUXpressoIDE_11.7.0_9198/ide/plugins/com.nxp.mcuxpresso.tools.macosx_11.7.0.202209140929/tools/bin/../lib/gcc/arm-none-eabi/10.3.1/../../../../arm-none-eabi/lib/thumb/v6-m/nofp/libcr_c.a(alloc.o)
                              ./source/ringBuffer.o (malloc)
/Applications/MCUXpressoIDE_11.7.0_9198/ide/plugins/com.nxp.mcuxpresso.tools.macosx_11.7.0.202209140929/tools/bin/../lib/gcc/arm-none-eabi/10.3.1/../../../../arm-none-eabi/lib/thumb/v6-m/nofp/libcr_c.a(fpprintf.o)
                              ./source/procTrama.o (sprintf)
/Applications/MCUXpressoIDE_11.7.0_9198/ide/plugins/com.nxp.mcuxpresso.tools.macosx_11.7.0.202209140929/tools/bin/../lib/gcc/arm-none-eabi/10.3.1/../../../../arm-none-eabi/lib/thumb/v6-m/nofp/libcr_c.a(fputs.o)
                              /Applications/MCUXpressoIDE_11.7.0_9198/ide/plugins/com.nxp.mcuxpresso.tools.macosx_11.7.0.202209140929/tools/bin/../lib/gcc/arm-none-eabi/10.3.1/../../../../arm-none-eabi/lib/thumb/v6-m/nofp/libcr_semihost_nf.a(_cr_assert.o) (fputs)
/Applications/MCUXpressoIDE_11.7.0_9198/ide/plugins/com.nxp.mcuxpresso.tools.macosx_11.7.0.202209140929/tools/bin/../lib/gcc/arm-none-eabi/10.3.1/../../../../arm-none-eabi/lib/thumb/v6-m/nofp/libcr_c.a(fseek.o)
[...]
Memory Configuration

Name             Origin             Length             Attributes
PROGRAM_FLASH    0x0000000000000000 0x0000000000040000 xr
SRAM             0x000000001fffe000 0x0000000000008000 xrw
*default*        0x0000000000000000 0xffffffffffffffff

Linker script and memory map

LOAD ./utilities/fsl_assert.o
LOAD ./utilities/fsl_debug_console.o
LOAD ./utilities/fsl_io.o
LOAD ./utilities/fsl_log.o
LOAD ./utilities/fsl_str.o
LOAD ./startup/startup_mkl46z4.o
LOAD ./source/SD2_board.o
LOAD ./source/ejemploTramas.o
LOAD ./source/mefRecTrama.o
LOAD ./source/mtb.o
LOAD ./source/procTrama.o
LOAD ./source/ringBuffer.o
LOAD ./source/semihost_hardfault.o
LOAD ./source/uart_ringBufer.o
LOAD ./drivers/fsl_clock.o
LOAD ./drivers/fsl_common.o
LOAD ./drivers/fsl_ftfx_cache.o
LOAD ./drivers/fsl_ftfx_controller.o
LOAD ./drivers/fsl_ftfx_flash.o
LOAD ./drivers/fsl_ftfx_flexnvm.o
LOAD ./drivers/fsl_gpio.o
LOAD ./drivers/fsl_lpsci.o
LOAD ./drivers/fsl_smc.o
LOAD ./drivers/fsl_uart.o
LOAD ./board/src/board.o
LOAD ./board/src/clock_config.o
LOAD ./board/peripherals.o
LOAD ./board/pin_mux.o
LOAD ./CMSIS/system_MKL46Z4.o
START GROUP
LOAD /Applications/MCUXpressoIDE_11.7.0_9198/ide/plugins/com.nxp.mcuxpresso.tools.macosx_11.7.0.202209140929/tools/bin/../lib/gcc/arm-none-eabi/10.3.1/../../../../arm-none-eabi/lib/thumb/v6-m/nofp/libcr_semihost_nf.a
LOAD /Applications/MCUXpressoIDE_11.7.0_9198/ide/plugins/com.nxp.mcuxpresso.tools.macosx_11.7.0.202209140929/tools/bin/../lib/gcc/arm-none-eabi/10.3.1/../../../../arm-none-eabi/lib/thumb/v6-m/nofp/libcr_c.a
LOAD /Applications/MCUXpressoIDE_11.7.0_9198/ide/plugins/com.nxp.mcuxpresso.tools.macosx_11.7.0.202209140929/tools/bin/../lib/gcc/arm-none-eabi/10.3.1/thumb/v6-m/nofp/libcr_eabihelpers.a
LOAD /Applications/MCUXpressoIDE_11.7.0_9198/ide/plugins/com.nxp.mcuxpresso.tools.macosx_11.7.0.202209140929/tools/bin/../lib/gcc/arm-none-eabi/10.3.1/thumb/v6-m/nofp/libgcc.a
END GROUP
                0x0000000000000000                __base_PROGRAM_FLASH = 0x0
                0x0000000000000000                __base_Flash = 0x0
                0x0000000000040000                __top_PROGRAM_FLASH = 0x40000
                0x0000000000040000                __top_Flash = 0x40000
                0x000000001fffe000                __base_SRAM = 0x1fffe000
                0x000000001fffe000                __base_RAM = 0x1fffe000
                0x0000000020006000                __top_SRAM = 0x20006000
                0x0000000020006000                __top_RAM = 0x20006000

.text           0x0000000000000000     0x5130
 FILL mask 0xff
                0x0000000000000000                __vectors_start__ = ABSOLUTE (.)
 *(SORT_BY_ALIGNMENT(.isr_vector))
 .isr_vector    0x0000000000000000       0xc0 ./startup/startup_mkl46z4.o
                0x0000000000000000                __Vectors
                0x0000000000000000                g_pfnVectors
                0x00000000000000c0                . = ALIGN (0x4)
                0x00000000000000c0                __section_table_start = .
                0x00000000000000c0                __data_section_table = .
                0x00000000000000c0        0x4 LONG 0x5130 LOADADDR (.data)
                0x00000000000000c4        0x4 LONG 0x1fffe080 ADDR (.data)
                0x00000000000000c8        0x4 LONG 0xc SIZEOF (.data)
                0x00000000000000cc                __data_section_table_end = .
                0x00000000000000cc                __bss_section_table = .
                0x00000000000000cc        0x4 LONG 0x1fffe08c ADDR (.bss)
                0x00000000000000d0        0x4 LONG 0xf4 SIZEOF (.bss)
                0x00000000000000d4                __bss_section_table_end = .
                0x00000000000000d4                __section_table_end = .
 *(SORT_BY_ALIGNMENT(.after_vectors*))
 .after_vectors.reset
                0x00000000000000d4       0x4c ./startup/startup_mkl46z4.o
                0x00000000000000d4                ResetISR
 .after_vectors.init_data
                0x0000000000000120       0x12 ./startup/startup_mkl46z4.o
                0x0000000000000120                data_init
 .after_vectors.init_bss
                0x0000000000000132       0x10 ./startup/startup_mkl46z4.o
                0x0000000000000132                bss_init
 .after_vectors
                0x0000000000000142      0x10c ./startup/startup_mkl46z4.o
                0x0000000000000142                NMI_Handler
                0x0000000000000146                SVC_Handler
                0x0000000000000148                PendSV_Handler
                0x000000000000014a                SysTick_Handler
                0x000000000000014c                PORTC_PORTD_DriverIRQHandler
                0x000000000000014c                I2C0_DriverIRQHandler
                0x000000000000014c                DMA2_DriverIRQHandler
                0x000000000000014c                I2S0_DriverIRQHandler
                0x000000000000014c                CMP0_DriverIRQHandler
                0x000000000000014c                TPM1_DriverIRQHandler
                0x000000000000014c                DMA0_DriverIRQHandler
                0x000000000000014c                SPI1_DriverIRQHandler
                0x000000000000014c                LPTMR0_DriverIRQHandler
                0x000000000000014c                Reserved20_DriverIRQHandler
                0x000000000000014c                DMA3_DriverIRQHandler
                0x000000000000014c                PORTA_DriverIRQHandler
                0x000000000000014c                TPM2_DriverIRQHandler
                0x000000000000014c                ADC0_DriverIRQHandler
                0x000000000000014c                SPI0_DriverIRQHandler
                0x000000000000014c                I2C1_DriverIRQHandler
                0x000000000000014c                TSI0_DriverIRQHandler
                0x000000000000014c                RTC_Seconds_DriverIRQHandler
                0x000000000000014c                LLWU_DriverIRQHandler
                0x000000000000014c                MCG_DriverIRQHandler
                0x000000000000014c                PIT_DriverIRQHandler
                0x000000000000014c                DMA1_DriverIRQHandler
                0x000000000000014c                FTFA_DriverIRQHandler
                0x000000000000014c                IntDefaultHandler
                0x000000000000014c                USB0_DriverIRQHandler
                0x000000000000014c                DAC0_DriverIRQHandler
                0x000000000000014c                LVD_LVW_DriverIRQHandler
                0x000000000000014c                TPM0_DriverIRQHandler
                0x000000000000014c                LCD_DriverIRQHandler
                0x000000000000014c                RTC_DriverIRQHandler
                0x000000000000014e                DMA0_IRQHandler
                0x0000000000000156                DMA1_IRQHandler
                0x000000000000015e                DMA2_IRQHandler
                0x0000000000000166                DMA3_IRQHandler
                0x000000000000016e                Reserved20_IRQHandler
                0x0000000000000176                FTFA_IRQHandler
                0x000000000000017e                LVD_LVW_IRQHandler
                0x0000000000000186                LLWU_IRQHandler
                0x000000000000018e                I2C0_IRQHandler
                0x0000000000000196                I2C1_IRQHandler
                0x000000000000019e                SPI0_IRQHandler
                0x00000000000001a6                SPI1_IRQHandler
                0x00000000000001b6                UART1_IRQHandler
                0x00000000000001be                UART2_IRQHandler
                0x00000000000001c6                ADC0_IRQHandler
                0x00000000000001ce                CMP0_IRQHandler
                0x00000000000001d6                TPM0_IRQHandler
                0x00000000000001de                TPM1_IRQHandler
                0x00000000000001e6                TPM2_IRQHandler
                0x00000000000001ee                RTC_IRQHandler
                0x00000000000001f6                RTC_Seconds_IRQHandler
                0x00000000000001fe                PIT_IRQHandler
                0x0000000000000206                I2S0_IRQHandler
                0x000000000000020e                USB0_IRQHandler
                0x0000000000000216                DAC0_IRQHandler
                0x000000000000021e                TSI0_IRQHandler
                0x0000000000000226                MCG_IRQHandler
                0x000000000000022e                LPTMR0_IRQHandler
                0x0000000000000236                LCD_IRQHandler
                0x000000000000023e                PORTA_IRQHandler
                0x0000000000000246                PORTC_PORTD_IRQHandler
                0x0000000000000400                . = 0x400
 *fill*         0x000000000000024e      0x1b2 ff
                0x0000000000000400                PROVIDE (__FLASH_CONFIG_START__ = .)
 *(SORT_BY_ALIGNMENT(.FlashConfig))
 .FlashConfig   0x0000000000000400       0x10 ./startup/startup_mkl46z4.o
                0x0000000000000400                Flash_Config
                0x0000000000000410                PROVIDE (__FLASH_CONFIG_END__ = .)
                0x0000000000000001                ASSERT (! ((__FLASH_CONFIG_START__ == __FLASH_CONFIG_END__)), Linker Flash Config Support Enabled, but no .FlashConfig section provided within application)
 *(SORT_BY_ALIGNMENT(.text*))
 .text.CLOCK_EnableClock
                0x0000000000000410       0x34 ./source/SD2_board.o
 .text.PORT_SetPinConfig
                0x0000000000000444       0x38 ./source/SD2_board.o
 .text.board_init
                0x000000000000047c      0x178 ./source/SD2_board.o
                0x000000000000047c                board_init
 .text.board_setLed
                0x00000000000005f4       0xd8 ./source/SD2_board.o
                0x00000000000005f4                board_setLed
 .text.board_getSw
                0x00000000000006cc       0x50 ./source/SD2_board.o
                0x00000000000006cc                board_getSw
 .text.mefRecTrama_task
                0x000000000000071c       0xcc ./source/mefRecTrama.o
                0x000000000000071c                mefRecTrama_task
 .text.procLed  0x00000000000007e8       0xb8 ./source/procTrama.o
 .text.procSw   0x00000000000008a0       0xbc ./source/procTrama.o
 .text.procAcc  0x000000000000095c       0x2c ./source/procTrama.o
 .text.HardFault_Handler
                0x0000000000000988       0x30 ./source/semihost_hardfault.o
                0x0000000000000988                HardFault_Handler
 .text.__NVIC_EnableIRQ
                0x00000000000009b8       0x34 ./source/uart_ringBufer.o
 .text.__NVIC_DisableIRQ
                0x00000000000009ec       0x44 ./source/uart_ringBufer.o
 .text.CLOCK_SetLpsci0Clock
                0x0000000000000a30       0x38 ./source/uart_ringBufer.o
 .text.PORT_SetPinMux
                0x0000000000000a68       0x40 ./source/uart_ringBufer.o
 .text.uart_ringBuffer_init
                0x0000000000000aa8       0xb0 ./source/uart_ringBufer.o
                0x0000000000000aa8                uart_ringBuffer_init
 .text.uart_ringBuffer_recDatos
                0x0000000000000b58       0x6c ./source/uart_ringBufer.o
                0x0000000000000b58                uart_ringBuffer_recDatos
 .text.uart_ringBuffer_envDatos
                0x0000000000000bc4       0x84 ./source/uart_ringBufer.o
                0x0000000000000bc4                uart_ringBuffer_envDatos
 .text.UART0_IRQHandler
                0x0000000000000c48       0xc4 ./source/uart_ringBufer.o
                0x0000000000000c48                UART0_IRQHandler
 .text.CLOCK_SetEr32kClock
                0x0000000000000d0c       0x34 ./drivers/fsl_clock.o
 .text.CLOCK_SetPllFllSelClock
                0x0000000000000d40       0x38 ./drivers/fsl_clock.o
 .text.CLOCK_GetMcgExtClkFreq
                0x0000000000000d78       0x28 ./drivers/fsl_clock.o
 .text.CLOCK_GetFllExtRefClkFreq
                0x0000000000000da0       0xa8 ./drivers/fsl_clock.o
 .text.CLOCK_GetInternalRefClkSelectFreq
                0x0000000000000e48       0x40 ./drivers/fsl_clock.o
 .text.CLOCK_GetFllRefClkFreq
                0x0000000000000e88       0x2c ./drivers/fsl_clock.o
 .text.CLOCK_GetOscRangeFromFreq
                0x0000000000000eb4       0x4c ./drivers/fsl_clock.o
 .text.CLOCK_GetOsc0ErClkFreq
                0x0000000000000f00       0x3c ./drivers/fsl_clock.o
                0x0000000000000f00                CLOCK_GetOsc0ErClkFreq
 .text.CLOCK_GetEr32kClkFreq
                0x0000000000000f3c       0x78 ./drivers/fsl_clock.o
                0x0000000000000f3c                CLOCK_GetEr32kClkFreq
 .text.CLOCK_GetPllFllSelClkFreq
                0x0000000000000fb4       0x4c ./drivers/fsl_clock.o
                0x0000000000000fb4                CLOCK_GetPllFllSelClkFreq
 .text.CLOCK_GetFreq
                0x0000000000001000       0xe0 ./drivers/fsl_clock.o
                0x0000000000001000                CLOCK_GetFreq
 .text.CLOCK_SetSimConfig
                0x00000000000010e0       0x38 ./drivers/fsl_clock.o
                0x00000000000010e0                CLOCK_SetSimConfig
 .text.CLOCK_GetOutClkFreq
                0x0000000000001118       0x78 ./drivers/fsl_clock.o
                0x0000000000001118                CLOCK_GetOutClkFreq
 .text.CLOCK_GetFllFreq
                0x0000000000001190       0x84 ./drivers/fsl_clock.o
                0x0000000000001190                CLOCK_GetFllFreq
 .text.CLOCK_GetInternalRefClkFreq
                0x0000000000001214       0x28 ./drivers/fsl_clock.o
                0x0000000000001214                CLOCK_GetInternalRefClkFreq
 .text.CLOCK_GetPll0Freq
                0x000000000000123c       0x70 ./drivers/fsl_clock.o
                0x000000000000123c                CLOCK_GetPll0Freq
 .text.CLOCK_SetInternalRefClkConfig
                0x00000000000012ac      0x124 ./drivers/fsl_clock.o
                0x00000000000012ac                CLOCK_SetInternalRefClkConfig
 .text.CLOCK_EnablePll0
                0x00000000000013d0       0x94 ./drivers/fsl_clock.o
                0x00000000000013d0                CLOCK_EnablePll0
 .text.CLOCK_InitOsc0
                0x0000000000001464       0x94 ./drivers/fsl_clock.o
                0x0000000000001464                CLOCK_InitOsc0
 .text.CLOCK_SetPbeMode
                0x00000000000014f8       0xb0 ./drivers/fsl_clock.o
                0x00000000000014f8                CLOCK_SetPbeMode
 .text.CLOCK_BootToPeeMode
                0x00000000000015a8       0x70 ./drivers/fsl_clock.o
                0x00000000000015a8                CLOCK_BootToPeeMode
 .text.GPIO_PinInit
                0x0000000000001618       0x64 ./drivers/fsl_gpio.o
                0x0000000000001618                GPIO_PinInit
 .text.CLOCK_EnableClock
                0x000000000000167c       0x34 ./drivers/fsl_lpsci.o
 .text.LPSCI_GetInstance
                0x00000000000016b0       0x48 ./drivers/fsl_lpsci.o
                0x00000000000016b0                LPSCI_GetInstance
 .text.LPSCI_Init
                0x00000000000016f8      0x270 ./drivers/fsl_lpsci.o
                0x00000000000016f8                LPSCI_Init
 .text.LPSCI_GetDefaultConfig
                0x0000000000001968       0x48 ./drivers/fsl_lpsci.o
                0x0000000000001968                LPSCI_GetDefaultConfig
 .text.LPSCI_EnableInterrupts
                0x00000000000019b0       0x58 ./drivers/fsl_lpsci.o
                0x00000000000019b0                LPSCI_EnableInterrupts
 .text.LPSCI_DisableInterrupts
                0x0000000000001a08       0x64 ./drivers/fsl_lpsci.o
                0x0000000000001a08                LPSCI_DisableInterrupts
 .text.LPSCI_GetEnabledInterrupts
                0x0000000000001a6c       0x38 ./drivers/fsl_lpsci.o
                0x0000000000001a6c                LPSCI_GetEnabledInterrupts
 .text.LPSCI_ClearStatusFlags
                0x0000000000001aa4       0x94 ./drivers/fsl_lpsci.o
                0x0000000000001aa4                LPSCI_ClearStatusFlags
 .text.UART0_DriverIRQHandler
                0x0000000000001b38       0x24 ./drivers/fsl_lpsci.o
                0x0000000000001b38                UART0_DriverIRQHandler
 .text.UART1_DriverIRQHandler
                0x0000000000001b5c       0x24 ./drivers/fsl_uart.o
                0x0000000000001b5c                UART1_DriverIRQHandler
 .text.UART2_DriverIRQHandler
                0x0000000000001b80       0x24 ./drivers/fsl_uart.o
                0x0000000000001b80                UART2_DriverIRQHandler
 .text.CLOCK_SetSimSafeDivs
                0x0000000000001ba4       0x20 ./board/src/clock_config.o
 .text.CLOCK_SetXtal0Freq
                0x0000000000001bc4       0x1c ./board/src/clock_config.o
 .text.CLOCK_CONFIG_SetFllExtRefDiv
                0x0000000000001be0       0x3c ./board/src/clock_config.o
 .text.BOARD_BootClockRUN
                0x0000000000001c1c       0x64 ./board/src/clock_config.o
                0x0000000000001c1c                BOARD_BootClockRUN
 .text.SystemInit
                0x0000000000001c80       0x1c ./CMSIS/system_MKL46Z4.o
                0x0000000000001c80                SystemInit
 .text.__assertion_failed
                0x0000000000001c9c       0x4c /Applications/MCUXpressoIDE_11.7.0_9198/ide/plugins/com.nxp.mcuxpresso.tools.macosx_11.7.0.202209140929/tools/bin/../lib/gcc/arm-none-eabi/10.3.1/../../../../arm-none-eabi/lib/thumb/v6-m/nofp/libcr_semihost_nf.a(_cr_assert.o)
                0x0000000000001c9c                __assertion_failed
 .text.__sys_appexit
                0x0000000000001ce8        0xc /Applications/MCUXpressoIDE_11.7.0_9198/ide/plugins/com.nxp.mcuxpresso.tools.macosx_11.7.0.202209140929/tools/bin/../lib/gcc/arm-none-eabi/10.3.1/../../../../arm-none-eabi/lib/thumb/v6-m/nofp/libcr_semihost_nf.a(__sys_appexit.o)
                0x0000000000001ce8                __exit
                0x0000000000001ce8                __sys_appexit
 .text._deferredlazyseek
                0x0000000000001cf4       0x40 /Applications/MCUXpressoIDE_11.7.0_9198/ide/plugins/com.nxp.mcuxpresso.tools.macosx_11.7.0.202209140929/tools/bin/../lib/gcc/arm-none-eabi/10.3.1/../../../../arm-none-eabi/lib/thumb/v6-m/nofp/libcr_c.a(_deferredlazyseek.o)
                0x0000000000001cf4                _deferredlazyseek
 .text.__flsbuf
                0x0000000000001d34      0x150 /Applications/MCUXpressoIDE_11.7.0_9198/ide/plugins/com.nxp.mcuxpresso.tools.macosx_11.7.0.202209140929/tools/bin/../lib/gcc/arm-none-eabi/10.3.1/../../../../arm-none-eabi/lib/thumb/v6-m/nofp/libcr_c.a(_deferredlazyseek.o)
                0x0000000000001d34                __flsbuf
 .text._fflush  0x0000000000001e84       0x60 /Applications/MCUXpressoIDE_11.7.0_9198/ide/plugins/com.nxp.mcuxpresso.tools.macosx_11.7.0.202209140929/tools/bin/../lib/gcc/arm-none-eabi/10.3.1/../../../../arm-none-eabi/lib/thumb/v6-m/nofp/libcr_c.a(_fflush.o)
                0x0000000000001e84                _fflush
 .text._Cwritebuf
                0x0000000000001ee4       0x68 /Applications/MCUXpressoIDE_11.7.0_9198/ide/plugins/com.nxp.mcuxpresso.tools.macosx_11.7.0.202209140929/tools/bin/../lib/gcc/arm-none-eabi/10.3.1/../../../../arm-none-eabi/lib/thumb/v6-m/nofp/libcr_c.a(_writebuf.o)
                0x0000000000001ee4                _Cwritebuf
 .text.malloc   0x0000000000001f4c       0xcc /Applications/MCUXpressoIDE_11.7.0_9198/ide/plugins/com.nxp.mcuxpresso.tools.macosx_11.7.0.202209140929/tools/bin/../lib/gcc/arm-none-eabi/10.3.1/../../../../arm-none-eabi/lib/thumb/v6-m/nofp/libcr_c.a(alloc.o)
                0x0000000000001f4c                malloc
 .text._Csys_alloc
                0x0000000000002018       0x20 /Applications/MCUXpressoIDE_11.7.0_9198/ide/plugins/com.nxp.mcuxpresso.tools.macosx_11.7.0.202209140929/tools/bin/../lib/gcc/arm-none-eabi/10.3.1/../../../../arm-none-eabi/lib/thumb/v6-m/nofp/libcr_c.a(alloc.o)
                0x0000000000002018                _Csys_alloc
 .text.sprintf  0x0000000000002038       0x6c /Applications/MCUXpressoIDE_11.7.0_9198/ide/plugins/com.nxp.mcuxpresso.tools.macosx_11.7.0.202209140929/tools/bin/../lib/gcc/arm-none-eabi/10.3.1/../../../../arm-none-eabi/lib/thumb/v6-m/nofp/libcr_c.a(fpprintf.o)
                0x0000000000002038                sprintf
 .text.fp_display
                0x00000000000020a4      0x97c /Applications/MCUXpressoIDE_11.7.0_9198/ide/plugins/com.nxp.mcuxpresso.tools.macosx_11.7.0.202209140929/tools/bin/../lib/gcc/arm-none-eabi/10.3.1/../../../../arm-none-eabi/lib/thumb/v6-m/nofp/libcr_c.a(fpprintf.o)
 .text.fseek    0x0000000000002a20       0xf0 /Applications/MCUXpressoIDE_11.7.0_9198/ide/plugins/com.nxp.mcuxpresso.tools.macosx_11.7.0.202209140929/tools/bin/../lib/gcc/arm-none-eabi/10.3.1/../../../../arm-none-eabi/lib/thumb/v6-m/nofp/libcr_c.a(fseek.o)
                0x0000000000002a20                fseek
 .text.ftell    0x0000000000002b10       0x48 /Applications/MCUXpressoIDE_11.7.0_9198/ide/plugins/com.nxp.mcuxpresso.tools.macosx_11.7.0.202209140929/tools/bin/../lib/gcc/arm-none-eabi/10.3.1/../../../../arm-none-eabi/lib/thumb/v6-m/nofp/libcr_c.a(ftell.o)
                0x0000000000002b10                ftell
 .text._initio  0x0000000000002b58       0x7c /Applications/MCUXpressoIDE_11.7.0_9198/ide/plugins/com.nxp.mcuxpresso.tools.macosx_11.7.0.202209140929/tools/bin/../lib/gcc/arm-none-eabi/10.3.1/../../../../arm-none-eabi/lib/thumb/v6-m/nofp/libcr_c.a(initio.o)
                0x0000000000002b58                _initio
 .text.__vfprintf
                0x0000000000002bd4      0xd40 /Applications/MCUXpressoIDE_11.7.0_9198/ide/plugins/com.nxp.mcuxpresso.tools.macosx_11.7.0.202209140929/tools/bin/../lib/gcc/arm-none-eabi/10.3.1/../../../../arm-none-eabi/lib/thumb/v6-m/nofp/libcr_c.a(printf.o)
                0x0000000000002bd4                __vfprintf
 .text.ch_val   0x0000000000003914       0x30 /Applications/MCUXpressoIDE_11.7.0_9198/ide/plugins/com.nxp.mcuxpresso.tools.macosx_11.7.0.202209140929/tools/bin/../lib/gcc/arm-none-eabi/10.3.1/../../../../arm-none-eabi/lib/thumb/v6-m/nofp/libcr_c.a(scanf.o)
 .text._strtoul
                0x0000000000003944       0xcc /Applications/MCUXpressoIDE_11.7.0_9198/ide/plugins/com.nxp.mcuxpresso.tools.macosx_11.7.0.202209140929/tools/bin/../lib/gcc/arm-none-eabi/10.3.1/../../../../arm-none-eabi/lib/thumb/v6-m/nofp/libcr_c.a(scanf.o)
 .text.strtol   0x0000000000003a10       0x8c /Applications/MCUXpressoIDE_11.7.0_9198/ide/plugins/com.nxp.mcuxpresso.tools.macosx_11.7.0.202209140929/tools/bin/../lib/gcc/arm-none-eabi/10.3.1/../../../../arm-none-eabi/lib/thumb/v6-m/nofp/libcr_c.a(scanf.o)
                0x0000000000003a10                strtol
 .text.setvbuf  0x0000000000003a9c       0x4c /Applications/MCUXpressoIDE_11.7.0_9198/ide/plugins/com.nxp.mcuxpresso.tools.macosx_11.7.0.202209140929/tools/bin/../lib/gcc/arm-none-eabi/10.3.1/../../../../arm-none-eabi/lib/thumb/v6-m/nofp/libcr_c.a(setvbuf.o)
                0x0000000000003a9c                setvbuf
 .text.strlen   0x0000000000003ae8       0x58 /Applications/MCUXpressoIDE_11.7.0_9198/ide/plugins/com.nxp.mcuxpresso.tools.macosx_11.7.0.202209140929/tools/bin/../lib/gcc/arm-none-eabi/10.3.1/../../../../arm-none-eabi/lib/thumb/v6-m/nofp/libcr_c.a(strlen.o)
                0x0000000000003ae8                strlen
 .text._sbrk    0x0000000000003b40       0x44 /Applications/MCUXpressoIDE_11.7.0_9198/ide/plugins/com.nxp.mcuxpresso.tools.macosx_11.7.0.202209140929/tools/bin/../lib/gcc/arm-none-eabi/10.3.1/../../../../arm-none-eabi/lib/thumb/v6-m/nofp/libcr_c.a(_cr_sbrk.o)
                0x0000000000003b40                _sbrk
 .text._fdopen  0x0000000000003b84       0x74 /Applications/MCUXpressoIDE_11.7.0_9198/ide/plugins/com.nxp.mcuxpresso.tools.macosx_11.7.0.202209140929/tools/bin/../lib/gcc/arm-none-eabi/10.3.1/../../../../arm-none-eabi/lib/thumb/v6-m/nofp/libcr_c.a(_fdopen.o)
                0x0000000000003b84                _fdopen
 .text._frexpl  0x0000000000003bf8       0x80 /Applications/MCUXpressoIDE_11.7.0_9198/ide/plugins/com.nxp.mcuxpresso.tools.macosx_11.7.0.202209140929/tools/bin/../lib/gcc/arm-none-eabi/10.3.1/../../../../arm-none-eabi/lib/thumb/v6-m/nofp/libcr_c.a(_frexpl.o)
                0x0000000000003bf8                _frexpl
 .text._ldexpl  0x0000000000003c78       0x58 /Applications/MCUXpressoIDE_11.7.0_9198/ide/plugins/com.nxp.mcuxpresso.tools.macosx_11.7.0.202209140929/tools/bin/../lib/gcc/arm-none-eabi/10.3.1/../../../../arm-none-eabi/lib/thumb/v6-m/nofp/libcr_c.a(_ldexpl.o)
                0x0000000000003c78                _ldexpl
 .text.fclose   0x0000000000003cd0       0x5c /Applications/MCUXpressoIDE_11.7.0_9198/ide/plugins/com.nxp.mcuxpresso.tools.macosx_11.7.0.202209140929/tools/bin/../lib/gcc/arm-none-eabi/10.3.1/../../../../arm-none-eabi/lib/thumb/v6-m/nofp/libcr_c.a(fclose.o)
                0x0000000000003cd0                fclose
 .text.fflush   0x0000000000003d2c       0x44 /Applications/MCUXpressoIDE_11.7.0_9198/ide/plugins/com.nxp.mcuxpresso.tools.macosx_11.7.0.202209140929/tools/bin/../lib/gcc/arm-none-eabi/10.3.1/../../../../arm-none-eabi/lib/thumb/v6-m/nofp/libcr_c.a(fflush.o)
                0x0000000000003d2c                fflush
 .text.__check_heap_overflow
                0x0000000000003d70       0x18 /Applications/MCUXpressoIDE_11.7.0_9198/ide/plugins/com.nxp.mcuxpresso.tools.macosx_11.7.0.202209140929/tools/bin/../lib/gcc/arm-none-eabi/10.3.1/../../../../arm-none-eabi/lib/thumb/v6-m/nofp/libcr_c.a(_cr_check_heap.o)
                0x0000000000003d70                __check_heap_overflow
 .text._do_fflush
                0x0000000000003d88       0x48 /Applications/MCUXpressoIDE_11.7.0_9198/ide/plugins/com.nxp.mcuxpresso.tools.macosx_11.7.0.202209140929/tools/bin/../lib/gcc/arm-none-eabi/10.3.1/../../../../arm-none-eabi/lib/thumb/v6-m/nofp/libcr_c.a(_do_fflush.o)
                0x0000000000003d88                _do_fflush
 .text.__aeabi_dmul
                0x0000000000003dd0      0x184 /Applications/MCUXpressoIDE_11.7.0_9198/ide/plugins/com.nxp.mcuxpresso.tools.macosx_11.7.0.202209140929/tools/bin/../lib/gcc/arm-none-eabi/10.3.1/thumb/v6-m/nofp/libcr_eabihelpers.a(double.o)
                0x0000000000003dd0                __aeabi_dmul
 .text.__aeabi_ddiv
                0x0000000000003f54      0x14c /Applications/MCUXpressoIDE_11.7.0_9198/ide/plugins/com.nxp.mcuxpresso.tools.macosx_11.7.0.202209140929/tools/bin/../lib/gcc/arm-none-eabi/10.3.1/thumb/v6-m/nofp/libcr_eabihelpers.a(double.o)
                0x0000000000003f54                __aeabi_ddiv
 .text.__aeabi_dsub
                0x00000000000040a0      0x1c0 /Applications/MCUXpressoIDE_11.7.0_9198/ide/plugins/com.nxp.mcuxpresso.tools.macosx_11.7.0.202209140929/tools/bin/../lib/gcc/arm-none-eabi/10.3.1/thumb/v6-m/nofp/libcr_eabihelpers.a(double.o)
                0x00000000000040a0                __aeabi_dsub
 .text.__aeabi_dadd
                0x0000000000004260      0x134 /Applications/MCUXpressoIDE_11.7.0_9198/ide/plugins/com.nxp.mcuxpresso.tools.macosx_11.7.0.202209140929/tools/bin/../lib/gcc/arm-none-eabi/10.3.1/thumb/v6-m/nofp/libcr_eabihelpers.a(double.o)
                0x0000000000004260                __aeabi_dadd
 .text.__aeabi_d2iz
                0x0000000000004394       0x50 /Applications/MCUXpressoIDE_11.7.0_9198/ide/plugins/com.nxp.mcuxpresso.tools.macosx_11.7.0.202209140929/tools/bin/../lib/gcc/arm-none-eabi/10.3.1/thumb/v6-m/nofp/libcr_eabihelpers.a(double.o)
                0x0000000000004394                __aeabi_d2iz
 .text.__aeabi_dcmpeq
                0x00000000000043e4       0x30 /Applications/MCUXpressoIDE_11.7.0_9198/ide/plugins/com.nxp.mcuxpresso.tools.macosx_11.7.0.202209140929/tools/bin/../lib/gcc/arm-none-eabi/10.3.1/thumb/v6-m/nofp/libcr_eabihelpers.a(double.o)
                0x00000000000043e4                __aeabi_dcmpeq
 .text.__aeabi_dcmplt
                0x0000000000004414       0x60 /Applications/MCUXpressoIDE_11.7.0_9198/ide/plugins/com.nxp.mcuxpresso.tools.macosx_11.7.0.202209140929/tools/bin/../lib/gcc/arm-none-eabi/10.3.1/thumb/v6-m/nofp/libcr_eabihelpers.a(double.o)
                0x0000000000004414                __aeabi_dcmplt
 .text.__aeabi_dcmple
                0x0000000000004474       0x5c /Applications/MCUXpressoIDE_11.7.0_9198/ide/plugins/com.nxp.mcuxpresso.tools.macosx_11.7.0.202209140929/tools/bin/../lib/gcc/arm-none-eabi/10.3.1/thumb/v6-m/nofp/libcr_eabihelpers.a(double.o)
                0x0000000000004474                __aeabi_dcmple
 .text.__aeabi_dcmpge
                0x00000000000044d0       0x5c /Applications/MCUXpressoIDE_11.7.0_9198/ide/plugins/com.nxp.mcuxpresso.tools.macosx_11.7.0.202209140929/tools/bin/../lib/gcc/arm-none-eabi/10.3.1/thumb/v6-m/nofp/libcr_eabihelpers.a(double.o)
                0x00000000000044d0                __aeabi_dcmpge
 .text.GPIO_PortSet
                0x000000000000452c       0x18 ./source/SD2_board.o
 .text.GPIO_PortClear
                0x0000000000004544       0x18 ./source/SD2_board.o
 .text.GPIO_PortToggle
                0x000000000000455c       0x18 ./source/SD2_board.o
 .text.GPIO_PinRead
                0x0000000000004574       0x20 ./source/SD2_board.o
 .text.GPIO_ReadPinInput
                0x0000000000004594       0x20 ./source/SD2_board.o
 .text.main     0x00000000000045b4       0x16 ./source/ejemploTramas.o
                0x00000000000045b4                main
 .text.accionLed
                0x00000000000045ca       0x44 ./source/procTrama.o
 .text.procTrama
                0x000000000000460e       0x70 ./source/procTrama.o
                0x000000000000460e                procTrama
 .text.ringBuffer_init
                0x000000000000467e       0x42 ./source/ringBuffer.o
                0x000000000000467e                ringBuffer_init
 .text.ringBuffer_putData
                0x00000000000046c0       0x90 ./source/ringBuffer.o
                0x00000000000046c0                ringBuffer_putData
 .text.ringBuffer_getData
                0x0000000000004750       0x6c ./source/ringBuffer.o
                0x0000000000004750                ringBuffer_getData
 .text.ringBuffer_isFull
                0x00000000000047bc       0x24 ./source/ringBuffer.o
                0x00000000000047bc                ringBuffer_isFull
 .text.ringBuffer_isEmpty
                0x00000000000047e0       0x1e ./source/ringBuffer.o
                0x00000000000047e0                ringBuffer_isEmpty
 .text.EnableIRQ
                0x00000000000047fe       0x30 ./source/uart_ringBufer.o
 .text.LPSCI_WriteByte
                0x000000000000482e       0x1e ./source/uart_ringBufer.o
 .text.LPSCI_ReadByte
                0x000000000000484c       0x16 ./source/uart_ringBufer.o
 .text.OSC_SetExtRefClkConfig
                0x0000000000004862       0x3e ./drivers/fsl_clock.o
 .text.OSC_SetCapLoad
                0x00000000000048a0       0x42 ./drivers/fsl_clock.o
 .text.CLOCK_GetPll0RefFreq
                0x00000000000048e2       0x10 ./drivers/fsl_clock.o
 .text.CLOCK_GetFixedFreqClkFreq
                0x00000000000048f2       0x30 ./drivers/fsl_clock.o
                0x00000000000048f2                CLOCK_GetFixedFreqClkFreq
 .text.CLOCK_SetExternalRefClkConfig
                0x0000000000004922       0x16 ./drivers/fsl_clock.o
                0x0000000000004922                CLOCK_SetExternalRefClkConfig
 .text.GPIO_PinWrite
                0x0000000000004938       0x34 ./drivers/fsl_gpio.o
 .text.GPIO_WritePinOutput
                0x000000000000496c       0x24 ./drivers/fsl_gpio.o
 .text.LPSCI_GetStatusFlags
                0x0000000000004990       0x26 ./drivers/fsl_lpsci.o
                0x0000000000004990                LPSCI_GetStatusFlags
 .text.SystemInitHook
                0x00000000000049b6        0xa ./CMSIS/system_MKL46Z4.o
                0x00000000000049b6                SystemInitHook
 .text.__main   0x00000000000049c0        0xc /Applications/MCUXpressoIDE_11.7.0_9198/ide/plugins/com.nxp.mcuxpresso.tools.macosx_11.7.0.202209140929/tools/bin/../lib/gcc/arm-none-eabi/10.3.1/../../../../arm-none-eabi/lib/thumb/v6-m/nofp/libcr_semihost_nf.a(_cr__main.o)
                0x00000000000049c0                __main
                0x00000000000049c0                __CR_SEMIHOST
 .text.memset   0x00000000000049cc        0x8 /Applications/MCUXpressoIDE_11.7.0_9198/ide/plugins/com.nxp.mcuxpresso.tools.macosx_11.7.0.202209140929/tools/bin/../lib/gcc/arm-none-eabi/10.3.1/../../../../arm-none-eabi/lib/thumb/v6-m/nofp/libcr_c.a(memset.o)
                0x00000000000049cc                memset
 .text.free     0x00000000000049d4       0x2c /Applications/MCUXpressoIDE_11.7.0_9198/ide/plugins/com.nxp.mcuxpresso.tools.macosx_11.7.0.202209140929/tools/bin/../lib/gcc/arm-none-eabi/10.3.1/../../../../arm-none-eabi/lib/thumb/v6-m/nofp/libcr_c.a(alloc.o)
                0x00000000000049d4                free
 .text.fp_round
                0x0000000000004a00       0x4a /Applications/MCUXpressoIDE_11.7.0_9198/ide/plugins/com.nxp.mcuxpresso.tools.macosx_11.7.0.202209140929/tools/bin/../lib/gcc/arm-none-eabi/10.3.1/../../../../arm-none-eabi/lib/thumb/v6-m/nofp/libcr_c.a(fpprintf.o)
 .text.pr_dec.constprop.0
                0x0000000000004a4a       0x30 /Applications/MCUXpressoIDE_11.7.0_9198/ide/plugins/com.nxp.mcuxpresso.tools.macosx_11.7.0.202209140929/tools/bin/../lib/gcc/arm-none-eabi/10.3.1/../../../../arm-none-eabi/lib/thumb/v6-m/nofp/libcr_c.a(fpprintf.o)
 .text.fputs    0x0000000000004a7a       0x2e /Applications/MCUXpressoIDE_11.7.0_9198/ide/plugins/com.nxp.mcuxpresso.tools.macosx_11.7.0.202209140929/tools/bin/../lib/gcc/arm-none-eabi/10.3.1/../../../../arm-none-eabi/lib/thumb/v6-m/nofp/libcr_c.a(fputs.o)
                0x0000000000004a7a                fputs
 .text.remove   0x0000000000004aa8       0x12 /Applications/MCUXpressoIDE_11.7.0_9198/ide/plugins/com.nxp.mcuxpresso.tools.macosx_11.7.0.202209140929/tools/bin/../lib/gcc/arm-none-eabi/10.3.1/../../../../arm-none-eabi/lib/thumb/v6-m/nofp/libcr_c.a(remove.o)
                0x0000000000004aa8                remove
 .text.__aeabi_division_idivmod
                0x0000000000004aba       0x78 /Applications/MCUXpressoIDE_11.7.0_9198/ide/plugins/com.nxp.mcuxpresso.tools.macosx_11.7.0.202209140929/tools/bin/../lib/gcc/arm-none-eabi/10.3.1/thumb/v6-m/nofp/libcr_eabihelpers.a(division_32.o)
                0x0000000000004aba                __aeabi_idiv
                0x0000000000004aba                __aeabi_idivmod
                0x0000000000004ac0                __aeabi_uidiv
                0x0000000000004ac0                __aeabi_uidivmod
 .text.__aeabi_division_idiv0
                0x0000000000004b32        0x2 /Applications/MCUXpressoIDE_11.7.0_9198/ide/plugins/com.nxp.mcuxpresso.tools.macosx_11.7.0.202209140929/tools/bin/../lib/gcc/arm-none-eabi/10.3.1/thumb/v6-m/nofp/libcr_eabihelpers.a(division_idiv0.o)
                0x0000000000004b32                __aeabi_idiv0
 .text.__bhs_ui2d
                0x0000000000004b34       0x5e /Applications/MCUXpressoIDE_11.7.0_9198/ide/plugins/com.nxp.mcuxpresso.tools.macosx_11.7.0.202209140929/tools/bin/../lib/gcc/arm-none-eabi/10.3.1/thumb/v6-m/nofp/libcr_eabihelpers.a(double.o)
                0x0000000000004b34                __bhs_ui2d
 .text.__aeabi_i2d
                0x0000000000004b92       0x18 /Applications/MCUXpressoIDE_11.7.0_9198/ide/plugins/com.nxp.mcuxpresso.tools.macosx_11.7.0.202209140929/tools/bin/../lib/gcc/arm-none-eabi/10.3.1/thumb/v6-m/nofp/libcr_eabihelpers.a(double.o)
                0x0000000000004b92                __aeabi_i2d
 .text.__aeabi_llong_lmul
                0x0000000000004baa       0x2e /Applications/MCUXpressoIDE_11.7.0_9198/ide/plugins/com.nxp.mcuxpresso.tools.macosx_11.7.0.202209140929/tools/bin/../lib/gcc/arm-none-eabi/10.3.1/thumb/v6-m/nofp/libcr_eabihelpers.a(llong.o)
                0x0000000000004baa                __aeabi_lmul
 .text.__aeabi_memset_lowlevel
                0x0000000000004bd8       0x2a /Applications/MCUXpressoIDE_11.7.0_9198/ide/plugins/com.nxp.mcuxpresso.tools.macosx_11.7.0.202209140929/tools/bin/../lib/gcc/arm-none-eabi/10.3.1/thumb/v6-m/nofp/libcr_eabihelpers.a(memcpy.o)
                0x0000000000004bd8                __aeabi_lowlevel_memset
 .text.__gnu_thumb1_case_shi
                0x0000000000004c02       0x10 /Applications/MCUXpressoIDE_11.7.0_9198/ide/plugins/com.nxp.mcuxpresso.tools.macosx_11.7.0.202209140929/tools/bin/../lib/gcc/arm-none-eabi/10.3.1/thumb/v6-m/nofp/libcr_eabihelpers.a(thumb1_switch_helpers.o)
                0x0000000000004c02                __gnu_thumb1_case_shi
 .text.__sys_close
                0x0000000000004c12        0xc /Applications/MCUXpressoIDE_11.7.0_9198/ide/plugins/com.nxp.mcuxpresso.tools.macosx_11.7.0.202209140929/tools/bin/../lib/gcc/arm-none-eabi/10.3.1/../../../../arm-none-eabi/lib/thumb/v6-m/nofp/libcr_semihost_nf.a(__sys_close.o)
                0x0000000000004c12                __sys_close
 .text.__sys_flen
                0x0000000000004c1e        0xc /Applications/MCUXpressoIDE_11.7.0_9198/ide/plugins/com.nxp.mcuxpresso.tools.macosx_11.7.0.202209140929/tools/bin/../lib/gcc/arm-none-eabi/10.3.1/../../../../arm-none-eabi/lib/thumb/v6-m/nofp/libcr_semihost_nf.a(__sys_flen.o)
                0x0000000000004c1e                __sys_flen
 .text.__sys_istty
                0x0000000000004c2a        0xc /Applications/MCUXpressoIDE_11.7.0_9198/ide/plugins/com.nxp.mcuxpresso.tools.macosx_11.7.0.202209140929/tools/bin/../lib/gcc/arm-none-eabi/10.3.1/../../../../arm-none-eabi/lib/thumb/v6-m/nofp/libcr_semihost_nf.a(__sys_istty.o)
                0x0000000000004c2a                __sys_istty
 .text.__sys_remove
                0x0000000000004c36        0xc /Applications/MCUXpressoIDE_11.7.0_9198/ide/plugins/com.nxp.mcuxpresso.tools.macosx_11.7.0.202209140929/tools/bin/../lib/gcc/arm-none-eabi/10.3.1/../../../../arm-none-eabi/lib/thumb/v6-m/nofp/libcr_semihost_nf.a(__sys_remove.o)
                0x0000000000004c36                __sys_remove
 .text.__sys_seek
                0x0000000000004c42        0xc /Applications/MCUXpressoIDE_11.7.0_9198/ide/plugins/com.nxp.mcuxpresso.tools.macosx_11.7.0.202209140929/tools/bin/../lib/gcc/arm-none-eabi/10.3.1/../../../../arm-none-eabi/lib/thumb/v6-m/nofp/libcr_semihost_nf.a(__sys_seek.o)
                0x0000000000004c42                __sys_seek
 .text.__sys_tmpnam
                0x0000000000004c4e        0xc /Applications/MCUXpressoIDE_11.7.0_9198/ide/plugins/com.nxp.mcuxpresso.tools.macosx_11.7.0.202209140929/tools/bin/../lib/gcc/arm-none-eabi/10.3.1/../../../../arm-none-eabi/lib/thumb/v6-m/nofp/libcr_semihost_nf.a(__sys_tmpnam.o)
                0x0000000000004c4e                __sys_tmpnam
 .text.__sys_write
                0x0000000000004c5a        0xc /Applications/MCUXpressoIDE_11.7.0_9198/ide/plugins/com.nxp.mcuxpresso.tools.macosx_11.7.0.202209140929/tools/bin/../lib/gcc/arm-none-eabi/10.3.1/../../../../arm-none-eabi/lib/thumb/v6-m/nofp/libcr_semihost_nf.a(__sys_write.o)
                0x0000000000004c5a                __sys_write
 *(SORT_BY_ALIGNMENT(.rodata) SORT_BY_ALIGNMENT(.rodata.*) SORT_BY_ALIGNMENT(.constdata) SORT_BY_ALIGNMENT(.constdata.*))
 *fill*         0x0000000000004c66        0x2 ff
 .rodata.PORT_SetPinConfig.str1.4
                0x0000000000004c68       0x23 ./source/SD2_board.o
 *fill*         0x0000000000004c8b        0x1 ff
 .rodata.board_gpioLeds
                0x0000000000004c8c       0x18 ./source/SD2_board.o
 .rodata.board_gpioSw
                0x0000000000004ca4       0x18 ./source/SD2_board.o
 .rodata        0x0000000000004cbc        0x2 ./source/SD2_board.o
 *fill*         0x0000000000004cbe        0x2 ff
 .rodata.procLed.str1.4
                0x0000000000004cc0       0x2b ./source/procTrama.o
 *fill*         0x0000000000004ceb        0x1 ff
 .rodata.procSw.str1.4
                0x0000000000004cec       0x2e ./source/procTrama.o
 *fill*         0x0000000000004d1a        0x2 ff
 .rodata.procAcc.str1.4
                0x0000000000004d1c       0x18 ./source/procTrama.o
 .rodata.CLOCK_GetMcgExtClkFreq.str1.4
                0x0000000000004d34       0x1e ./drivers/fsl_clock.o
 *fill*         0x0000000000004d52        0x2 ff
 .rodata.CLOCK_GetOsc0ErClkFreq.str1.4
                0x0000000000004d54       0x1e ./drivers/fsl_clock.o
 *fill*         0x0000000000004d72        0x2 ff
 .rodata.CLOCK_GetEr32kClkFreq.str1.4
                0x0000000000004d74       0x1f ./drivers/fsl_clock.o
 *fill*         0x0000000000004d93        0x1 ff
 .rodata.CLOCK_GetFreq
                0x0000000000004d94       0x34 ./drivers/fsl_clock.o
 .rodata.CLOCK_GetPll0Freq.str1.4
                0x0000000000004dc8       0x1d ./drivers/fsl_clock.o
 *fill*         0x0000000000004de5        0x3 ff
 .rodata.CLOCK_EnablePll0.str1.4
                0x0000000000004de8       0x19 ./drivers/fsl_clock.o
 *fill*         0x0000000000004e01        0x3 ff
 .rodata.CLOCK_SetPbeMode.str1.4
                0x0000000000004e04       0x1a ./drivers/fsl_clock.o
 *fill*         0x0000000000004e1e        0x2 ff
 .rodata.CLOCK_BootToPeeMode.str1.4
                0x0000000000004e20       0x1a ./drivers/fsl_clock.o
 *fill*         0x0000000000004e3a        0x2 ff
 .rodata.fllFactorTable.1
                0x0000000000004e3c       0x10 ./drivers/fsl_clock.o
 .rodata.GPIO_PinInit.str1.4
                0x0000000000004e4c       0x18 ./drivers/fsl_gpio.o
 .rodata.LPSCI_GetInstance.str1.4
                0x0000000000004e64       0x36 ./drivers/fsl_lpsci.o
 *fill*         0x0000000000004e9a        0x2 ff
 .rodata.LPSCI_Init.str1.4
                0x0000000000004e9c       0x43 ./drivers/fsl_lpsci.o
 *fill*         0x0000000000004edf        0x1 ff
 .rodata.LPSCI_GetDefaultConfig.str1.4
                0x0000000000004ee0       0x19 ./drivers/fsl_lpsci.o
 *fill*         0x0000000000004ef9        0x3 ff
 .rodata.mcgConfig_BOARD_BootClockRUN
                0x0000000000004efc        0xa ./board/src/clock_config.o
                0x0000000000004efc                mcgConfig_BOARD_BootClockRUN
 *fill*         0x0000000000004f06        0x2 ff
 .rodata.simConfig_BOARD_BootClockRUN
                0x0000000000004f08        0x8 ./board/src/clock_config.o
                0x0000000000004f08                simConfig_BOARD_BootClockRUN
 .rodata.oscConfig_BOARD_BootClockRUN
                0x0000000000004f10        0x8 ./board/src/clock_config.o
                0x0000000000004f10                oscConfig_BOARD_BootClockRUN
 .rodata.__num_Ciob_streams
                0x0000000000004f18        0x4 /Applications/MCUXpressoIDE_11.7.0_9198/ide/plugins/com.nxp.mcuxpresso.tools.macosx_11.7.0.202209140929/tools/bin/../lib/gcc/arm-none-eabi/10.3.1/../../../../arm-none-eabi/lib/thumb/v6-m/nofp/libcr_semihost_nf.a(__ciob.o)
                0x0000000000004f18                __num_Ciob_streams
 .rodata.__assertion_failed.str1.1
                0x0000000000004f1c       0x15 /Applications/MCUXpressoIDE_11.7.0_9198/ide/plugins/com.nxp.mcuxpresso.tools.macosx_11.7.0.202209140929/tools/bin/../lib/gcc/arm-none-eabi/10.3.1/../../../../arm-none-eabi/lib/thumb/v6-m/nofp/libcr_semihost_nf.a(_cr_assert.o)
 .rodata._Csys_alloc.str1.1
                0x0000000000004f31       0x18 /Applications/MCUXpressoIDE_11.7.0_9198/ide/plugins/com.nxp.mcuxpresso.tools.macosx_11.7.0.202209140929/tools/bin/../lib/gcc/arm-none-eabi/10.3.1/../../../../arm-none-eabi/lib/thumb/v6-m/nofp/libcr_c.a(alloc.o)
 .rodata.fp_display.str1.1
                0x0000000000004f49       0x32 /Applications/MCUXpressoIDE_11.7.0_9198/ide/plugins/com.nxp.mcuxpresso.tools.macosx_11.7.0.202209140929/tools/bin/../lib/gcc/arm-none-eabi/10.3.1/../../../../arm-none-eabi/lib/thumb/v6-m/nofp/libcr_c.a(fpprintf.o)
                                         0x35 (size before relaxing)
 .rodata._initio.str1.1
                0x0000000000004f7b        0x4 /Applications/MCUXpressoIDE_11.7.0_9198/ide/plugins/com.nxp.mcuxpresso.tools.macosx_11.7.0.202209140929/tools/bin/../lib/gcc/arm-none-eabi/10.3.1/../../../../arm-none-eabi/lib/thumb/v6-m/nofp/libcr_c.a(initio.o)
 .rodata.__vfprintf.str1.1
                0x0000000000004f7f       0x31 /Applications/MCUXpressoIDE_11.7.0_9198/ide/plugins/com.nxp.mcuxpresso.tools.macosx_11.7.0.202209140929/tools/bin/../lib/gcc/arm-none-eabi/10.3.1/../../../../arm-none-eabi/lib/thumb/v6-m/nofp/libcr_c.a(printf.o)
                                         0x38 (size before relaxing)
 .rodata.__ctype
                0x0000000000004fb0      0x180 /Applications/MCUXpressoIDE_11.7.0_9198/ide/plugins/com.nxp.mcuxpresso.tools.macosx_11.7.0.202209140929/tools/bin/../lib/gcc/arm-none-eabi/10.3.1/../../../../arm-none-eabi/lib/thumb/v6-m/nofp/libcr_c.a(ctype.o)
                0x0000000000004fb0                __ctype
                0x0000000000005130                . = ALIGN (0x4)

.glue_7         0x0000000000005130        0x0
 .glue_7        0x0000000000005130        0x0 linker stubs

.glue_7t        0x0000000000005130        0x0
 .glue_7t       0x0000000000005130        0x0 linker stubs

.vfp11_veneer   0x0000000000005130        0x0
 .vfp11_veneer  0x0000000000005130        0x0 linker stubs

.v4_bx          0x0000000000005130        0x0
 .v4_bx         0x0000000000005130        0x0 linker stubs

.iplt           0x0000000000005130        0x0
 .iplt          0x0000000000005130        0x0 ./startup/startup_mkl46z4.o

.rel.dyn        0x0000000000005130        0x0
 .rel.iplt      0x0000000000005130        0x0 ./startup/startup_mkl46z4.o

.ARM.extab
 *(SORT_BY_ALIGNMENT(.ARM.extab*) SORT_BY_ALIGNMENT(.gnu.linkonce.armextab.*))

.ARM.exidx      0x0000000000005130        0x0
                0x0000000000005130                __exidx_start = .
 *(SORT_BY_ALIGNMENT(.ARM.exidx*) SORT_BY_ALIGNMENT(.gnu.linkonce.armexidx.*))
                0x0000000000005130                __exidx_end = .
                0x0000000000005130                _etext = .

.m_usb_data
 *(SORT_BY_ALIGNMENT(m_usb_bdt))

.mtb_buffer_default
                0x000000001fffe000       0x80
 *(SORT_BY_ALIGNMENT(.mtb*))
 .mtb.$RAM1     0x000000001fffe000       0x80 ./source/mtb.o
                0x000000001fffe000                __mtb_buffer__

.uninit_RESERVED
                0x000000001fffe080        0x0
                0x000000001fffe080                _start_uninit_RESERVED = .
 *(SORT_BY_ALIGNMENT(.bss.$RESERVED*))
                0x000000001fffe080                . = ALIGN (0x4)
                0x000000001fffe080                _end_uninit_RESERVED = .

.data           0x000000001fffe080        0xc load address 0x0000000000005130
 FILL mask 0xff
                0x000000001fffe080                _data = .
                [!provide]                        PROVIDE (__start_data_RAM = .)
                [!provide]                        PROVIDE (__start_data_SRAM = .)
 *(SORT_BY_ALIGNMENT(vtable))
 *(SORT_BY_ALIGNMENT(.ramfunc*))
 *(SORT_BY_ALIGNMENT(CodeQuickAccess))
 *(SORT_BY_ALIGNMENT(DataQuickAccess))
 *(SORT_BY_ALIGNMENT(RamFunction))
 *(SORT_BY_ALIGNMENT(.data*))
 .data.s_slowIrcFreq
                0x000000001fffe080        0x4 ./drivers/fsl_clock.o
 .data.s_fastIrcFreq
                0x000000001fffe084        0x4 ./drivers/fsl_clock.o
 .data.SystemCoreClock
                0x000000001fffe088        0x4 ./CMSIS/system_MKL46Z4.o
                0x000000001fffe088                SystemCoreClock
                0x000000001fffe08c                . = ALIGN (0x4)
                0x000000001fffe08c                _edata = .
                [!provide]                        PROVIDE (__end_data_RAM = .)
                [!provide]                        PROVIDE (__end_data_SRAM = .)

.igot.plt       0x000000001fffe08c        0x0 load address 0x000000000000513c
 .igot.plt      0x000000001fffe08c        0x0 ./startup/startup_mkl46z4.o

.bss            0x000000001fffe08c       0xf4
                0x000000001fffe08c                _bss = .
                [!provide]                        PROVIDE (__start_bss_RAM = .)
                [!provide]                        PROVIDE (__start_bss_SRAM = .)
 *(SORT_BY_ALIGNMENT(.bss*))
 .bss.bufferRec
                0x000000001fffe08c        0x8 ./source/mefRecTrama.o
 .bss.pRingBufferRx
                0x000000001fffe094        0x4 ./source/uart_ringBufer.o
 .bss.pRingBufferTx
                0x000000001fffe098        0x4 ./source/uart_ringBufer.o
 .bss.g_xtal0Freq
                0x000000001fffe09c        0x4 ./drivers/fsl_clock.o
                0x000000001fffe09c                g_xtal0Freq
 .bss.g_xtal32Freq
                0x000000001fffe0a0        0x4 ./drivers/fsl_clock.o
                0x000000001fffe0a0                g_xtal32Freq
 .bss.s_lpsciHandle
                0x000000001fffe0a4        0x4 ./drivers/fsl_lpsci.o
 .bss.s_lpsciIsr
                0x000000001fffe0a8        0x4 ./drivers/fsl_lpsci.o
 .bss.s_uartHandle
                0x000000001fffe0ac        0xc ./drivers/fsl_uart.o
 .bss.s_uartIsr
                0x000000001fffe0b8        0x4 ./drivers/fsl_uart.o
 .bss.__Ciob    0x000000001fffe0bc       0xb4 /Applications/MCUXpressoIDE_11.7.0_9198/ide/plugins/com.nxp.mcuxpresso.tools.macosx_11.7.0.202209140929/tools/bin/../lib/gcc/arm-none-eabi/10.3.1/../../../../arm-none-eabi/lib/thumb/v6-m/nofp/libcr_semihost_nf.a(__ciob.o)
                0x000000001fffe0bc                __Ciob
 .bss.__end_of_heap
                0x000000001fffe170        0x4 /Applications/MCUXpressoIDE_11.7.0_9198/ide/plugins/com.nxp.mcuxpresso.tools.macosx_11.7.0.202209140929/tools/bin/../lib/gcc/arm-none-eabi/10.3.1/../../../../arm-none-eabi/lib/thumb/v6-m/nofp/libcr_c.a(__init_alloc.o)
                0x000000001fffe170                __end_of_heap
 .bss.__heaps   0x000000001fffe174        0x4 /Applications/MCUXpressoIDE_11.7.0_9198/ide/plugins/com.nxp.mcuxpresso.tools.macosx_11.7.0.202209140929/tools/bin/../lib/gcc/arm-none-eabi/10.3.1/../../../../arm-none-eabi/lib/thumb/v6-m/nofp/libcr_c.a(__init_alloc.o)
                0x000000001fffe174                __heaps
 .bss.errno     0x000000001fffe178        0x4 /Applications/MCUXpressoIDE_11.7.0_9198/ide/plugins/com.nxp.mcuxpresso.tools.macosx_11.7.0.202209140929/tools/bin/../lib/gcc/arm-none-eabi/10.3.1/../../../../arm-none-eabi/lib/thumb/v6-m/nofp/libcr_c.a(errno.o)
                0x000000001fffe178                errno
 .bss.estado.1  0x000000001fffe17c        0x1 ./source/mefRecTrama.o
 .bss.indexRec.0
                0x000000001fffe17d        0x1 ./source/mefRecTrama.o
 *(SORT_BY_ALIGNMENT(COMMON))
                0x000000001fffe180                . = ALIGN (0x4)
 *fill*         0x000000001fffe17e        0x2 
                0x000000001fffe180                _ebss = .
                [!provide]                        PROVIDE (__end_bss_RAM = .)
                [!provide]                        PROVIDE (__end_bss_SRAM = .)
                [!provide]                        PROVIDE (end = .)

.noinit         0x000000001fffe180        0x0
                0x000000001fffe180                _noinit = .
                [!provide]                        PROVIDE (__start_noinit_RAM = .)
                [!provide]                        PROVIDE (__start_noinit_SRAM = .)
 *(SORT_BY_ALIGNMENT(.noinit*))
                0x000000001fffe180                . = ALIGN (0x4)
                0x000000001fffe180                _end_noinit = .
                [!provide]                        PROVIDE (__end_noinit_RAM = .)
                [!provide]                        PROVIDE (__end_noinit_SRAM = .)
                0x0000000000000800                _HeapSize = 0x800

.heap           0x000000001fffe180      0x800
                0x000000001fffe180                _pvHeapStart = .
                0x000000001fffe980                . = (. + _HeapSize)
 *fill*         0x000000001fffe180      0x800 
                0x000000001fffe980                . = ALIGN (0x4)
                0x000000001fffe980                _pvHeapLimit = .
                0x0000000000000800                _StackSize = 0x800

.heap2stackfill
                0x000000001fffe980      0x800
                0x000000001ffff180                . = (. + _StackSize)
 *fill*         0x000000001fffe980      0x800 

.stack          0x0000000020005800        0x0
                0x0000000020005800                _vStackBase = .
                0x0000000020005800                . = ALIGN (0x4)
                0x0000000020006000                _vStackTop = (. + _StackSize)
                0x0000000000000000                _image_start = LOADADDR (.text)
                0x000000000000513c                _image_end = (LOADADDR (.data) + SIZEOF (.data))
                0x000000000000513c                _image_size = (_image_end - _image_start)
OUTPUT(SD2_TP3.axf elf32-littlearm)
LOAD linker stubs

.debug_info     0x0000000000000000     0x7d92
 .debug_info    0x0000000000000000      0x4e7 ./startup/startup_mkl46z4.o
 .debug_info    0x00000000000004e7      0x9a1 ./source/SD2_board.o
 .debug_info    0x0000000000000e88       0x82 ./source/ejemploTramas.o
 .debug_info    0x0000000000000f0a      0x129 ./source/mefRecTrama.o
 .debug_info    0x0000000000001033       0x4f ./source/mtb.o
 .debug_info    0x0000000000001082      0x31a ./source/procTrama.o
 .debug_info    0x000000000000139c      0x265 ./source/ringBuffer.o
 .debug_info    0x0000000000001601       0x38 ./source/semihost_hardfault.o
 .debug_info    0x0000000000001639      0xd11 ./source/uart_ringBufer.o
 .debug_info    0x000000000000234a     0x1a87 ./drivers/fsl_clock.o
 .debug_info    0x0000000000003dd1      0x7d8 ./drivers/fsl_gpio.o
 .debug_info    0x00000000000045a9     0x14a8 ./drivers/fsl_lpsci.o
 .debug_info    0x0000000000005a51     0x1449 ./drivers/fsl_uart.o
 .debug_info    0x0000000000006e9a      0xaee ./board/src/clock_config.o
 .debug_info    0x0000000000007988      0x40a ./CMSIS/system_MKL46Z4.o

.debug_abbrev   0x0000000000000000     0x1840
 .debug_abbrev  0x0000000000000000      0x195 ./startup/startup_mkl46z4.o
 .debug_abbrev  0x0000000000000195      0x296 ./source/SD2_board.o
 .debug_abbrev  0x000000000000042b       0x46 ./source/ejemploTramas.o
 .debug_abbrev  0x0000000000000471       0x92 ./source/mefRecTrama.o
 .debug_abbrev  0x0000000000000503       0x43 ./source/mtb.o
 .debug_abbrev  0x0000000000000546      0x132 ./source/procTrama.o
 .debug_abbrev  0x0000000000000678       0xf2 ./source/ringBuffer.o
 .debug_abbrev  0x000000000000076a       0x2e ./source/semihost_hardfault.o
 .debug_abbrev  0x0000000000000798      0x24a ./source/uart_ringBufer.o
 .debug_abbrev  0x00000000000009e2      0x348 ./drivers/fsl_clock.o
 .debug_abbrev  0x0000000000000d2a      0x1f3 ./drivers/fsl_gpio.o
 .debug_abbrev  0x0000000000000f1d      0x2f0 ./drivers/fsl_lpsci.o
 .debug_abbrev  0x000000000000120d      0x2f0 ./drivers/fsl_uart.o
 .debug_abbrev  0x00000000000014fd      0x1fe ./board/src/clock_config.o
 .debug_abbrev  0x00000000000016fb      0x145 ./CMSIS/system_MKL46Z4.o

.debug_aranges  0x0000000000000000      0x850
 .debug_aranges
                0x0000000000000000      0x160 ./startup/startup_mkl46z4.o
 .debug_aranges
                0x0000000000000160       0x68 ./source/SD2_board.o
 .debug_aranges
                0x00000000000001c8       0x20 ./source/ejemploTramas.o
 .debug_aranges
                0x00000000000001e8       0x20 ./source/mefRecTrama.o
 .debug_aranges
                0x0000000000000208       0x18 ./source/mtb.o
 .debug_aranges
                0x0000000000000220       0x40 ./source/procTrama.o
 .debug_aranges
                0x0000000000000260       0x48 ./source/ringBuffer.o
 .debug_aranges
                0x00000000000002a8       0x20 ./source/semihost_hardfault.o
 .debug_aranges
                0x00000000000002c8       0x70 ./source/uart_ringBufer.o
 .debug_aranges
                0x0000000000000338      0x1d8 ./drivers/fsl_clock.o
 .debug_aranges
                0x0000000000000510       0x78 ./drivers/fsl_gpio.o
 .debug_aranges
                0x0000000000000588      0x118 ./drivers/fsl_lpsci.o
 .debug_aranges
                0x00000000000006a0      0x130 ./drivers/fsl_uart.o
 .debug_aranges
                0x00000000000007d0       0x50 ./board/src/clock_config.o
 .debug_aranges
                0x0000000000000820       0x30 ./CMSIS/system_MKL46Z4.o

.debug_ranges   0x0000000000000000      0x758
 .debug_ranges  0x0000000000000000      0x150 ./startup/startup_mkl46z4.o
 .debug_ranges  0x0000000000000150       0x58 ./source/SD2_board.o
 .debug_ranges  0x00000000000001a8       0x10 ./source/ejemploTramas.o
 .debug_ranges  0x00000000000001b8       0x10 ./source/mefRecTrama.o
 .debug_ranges  0x00000000000001c8       0x30 ./source/procTrama.o
 .debug_ranges  0x00000000000001f8       0x38 ./source/ringBuffer.o
 .debug_ranges  0x0000000000000230       0x10 ./source/semihost_hardfault.o
 .debug_ranges  0x0000000000000240       0x60 ./source/uart_ringBufer.o
 .debug_ranges  0x00000000000002a0      0x1c8 ./drivers/fsl_clock.o
 .debug_ranges  0x0000000000000468       0x68 ./drivers/fsl_gpio.o
 .debug_ranges  0x00000000000004d0      0x108 ./drivers/fsl_lpsci.o
 .debug_ranges  0x00000000000005d8      0x120 ./drivers/fsl_uart.o
 .debug_ranges  0x00000000000006f8       0x40 ./board/src/clock_config.o
 .debug_ranges  0x0000000000000738       0x20 ./CMSIS/system_MKL46Z4.o

.debug_line     0x0000000000000000     0x407f
 .debug_line    0x0000000000000000      0x1ed ./startup/startup_mkl46z4.o
 .debug_line    0x00000000000001ed      0x2e4 ./source/SD2_board.o
 .debug_line    0x00000000000004d1       0x57 ./source/ejemploTramas.o
 .debug_line    0x0000000000000528      0x15b ./source/mefRecTrama.o
 .debug_line    0x0000000000000683       0x30 ./source/mtb.o
 .debug_line    0x00000000000006b3      0x1cb ./source/procTrama.o
 .debug_line    0x000000000000087e      0x1e9 ./source/ringBuffer.o
 .debug_line    0x0000000000000a67       0x5a ./source/semihost_hardfault.o
 .debug_line    0x0000000000000ac1      0x37f ./source/uart_ringBufer.o
 .debug_line    0x0000000000000e40     0x1158 ./drivers/fsl_clock.o
 .debug_line    0x0000000000001f98      0x30f ./drivers/fsl_gpio.o
 .debug_line    0x00000000000022a7      0xcc0 ./drivers/fsl_lpsci.o
 .debug_line    0x0000000000002f67      0xccb ./drivers/fsl_uart.o
 .debug_line    0x0000000000003c32      0x21d ./board/src/clock_config.o
 .debug_line    0x0000000000003e4f      0x230 ./CMSIS/system_MKL46Z4.o

.debug_str      0x0000000000000000     0x3e86
 .debug_str     0x0000000000000000      0x4a6 ./startup/startup_mkl46z4.o
                                        0x4b9 (size before relaxing)
 .debug_str     0x00000000000004a6      0xc91 ./source/SD2_board.o
                                        0xe03 (size before relaxing)
 .debug_str     0x0000000000001137       0x1f ./source/ejemploTramas.o
                                        0x1c5 (size before relaxing)
 .debug_str     0x0000000000001156       0x97 ./source/mefRecTrama.o
                                        0x253 (size before relaxing)
 .debug_str     0x00000000000011ed       0x1f ./source/mtb.o
                                        0x15e (size before relaxing)
 .debug_str     0x000000000000120c       0xa3 ./source/procTrama.o
                                        0x30c (size before relaxing)
 .debug_str     0x00000000000012af       0xad ./source/ringBuffer.o
                                        0x27f (size before relaxing)
 .debug_str     0x000000000000135c       0x1f ./source/semihost_hardfault.o
                                        0x15e (size before relaxing)
 .debug_str     0x000000000000137b      0x990 ./source/uart_ringBufer.o
                                       0x1221 (size before relaxing)
 .debug_str     0x0000000000001d0b      0xd1f ./drivers/fsl_clock.o
                                       0x18a1 (size before relaxing)
 .debug_str     0x0000000000002a2a       0xdd ./drivers/fsl_gpio.o
                                        0x952 (size before relaxing)
 .debug_str     0x0000000000002b07      0x6d1 ./drivers/fsl_lpsci.o
                                       0x16eb (size before relaxing)
 .debug_str     0x00000000000031d8      0x969 ./drivers/fsl_uart.o
                                       0x16f2 (size before relaxing)
 .debug_str     0x0000000000003b41      0x2e7 ./board/src/clock_config.o
                                        0xe79 (size before relaxing)
 .debug_str     0x0000000000003e28       0x5e ./CMSIS/system_MKL46Z4.o
                                        0x319 (size before relaxing)

.comment        0x0000000000000000       0x49
 .comment       0x0000000000000000       0x49 ./startup/startup_mkl46z4.o
                                         0x4a (size before relaxing)
 .comment       0x0000000000000049       0x4a ./source/SD2_board.o
 .comment       0x0000000000000049       0x4a ./source/ejemploTramas.o
 .comment       0x0000000000000049       0x4a ./source/mefRecTrama.o
 .comment       0x0000000000000049       0x4a ./source/mtb.o
 .comment       0x0000000000000049       0x4a ./source/procTrama.o
 .comment       0x0000000000000049       0x4a ./source/ringBuffer.o
 .comment       0x0000000000000049       0x4a ./source/semihost_hardfault.o
 .comment       0x0000000000000049       0x4a ./source/uart_ringBufer.o
 .comment       0x0000000000000049       0x4a ./drivers/fsl_clock.o
 .comment       0x0000000000000049       0x4a ./drivers/fsl_gpio.o
 .comment       0x0000000000000049       0x4a ./drivers/fsl_lpsci.o
 .comment       0x0000000000000049       0x4a ./drivers/fsl_uart.o
 .comment       0x0000000000000049       0x4a ./board/src/clock_config.o
 .comment       0x0000000000000049       0x4a ./CMSIS/system_MKL46Z4.o
 .comment       0x0000000000000049       0x4a /Applications/MCUXpressoIDE_11.7.0_9198/ide/plugins/com.nxp.mcuxpresso.tools.macosx_11.7.0.202209140929/tools/bin/../lib/gcc/arm-none-eabi/10.3.1/../../../../arm-none-eabi/lib/thumb/v6-m/nofp/libcr_semihost_nf.a(_cr__main.o)
 .comment       0x0000000000000049       0x4a /Applications/MCUXpressoIDE_11.7.0_9198/ide/plugins/com.nxp.mcuxpresso.tools.macosx_11.7.0.202209140929/tools/bin/../lib/gcc/arm-none-eabi/10.3.1/../../../../arm-none-eabi/lib/thumb/v6-m/nofp/libcr_semihost_nf.a(_cr_assert.o)
 .comment       0x0000000000000049       0x4a /Applications/MCUXpressoIDE_11.7.0_9198/ide/plugins/com.nxp.mcuxpresso.tools.macosx_11.7.0.202209140929/tools/bin/../lib/gcc/arm-none-eabi/10.3.1/../../../../arm-none-eabi/lib/thumb/v6-m/nofp/libcr_semihost_nf.a(__ciob.o)
 .comment       0x0000000000000049       0x4a /Applications/MCUXpressoIDE_11.7.0_9198/ide/plugins/com.nxp.mcuxpresso.tools.macosx_11.7.0.202209140929/tools/bin/../lib/gcc/arm-none-eabi/10.3.1/../../../../arm-none-eabi/lib/thumb/v6-m/nofp/libcr_c.a(memset.o)
 .comment       0x0000000000000049       0x4a /Applications/MCUXpressoIDE_11.7.0_9198/ide/plugins/com.nxp.mcuxpresso.tools.macosx_11.7.0.202209140929/tools/bin/../lib/gcc/arm-none-eabi/10.3.1/../../../../arm-none-eabi/lib/thumb/v6-m/nofp/libcr_c.a(_deferredlazyseek.o)
 .comment       0x0000000000000049       0x4a /Applications/MCUXpressoIDE_11.7.0_9198/ide/plugins/com.nxp.mcuxpresso.tools.macosx_11.7.0.202209140929/tools/bin/../lib/gcc/arm-none-eabi/10.3.1/../../../../arm-none-eabi/lib/thumb/v6-m/nofp/libcr_c.a(_fflush.o)
 .comment       0x0000000000000049       0x4a /Applications/MCUXpressoIDE_11.7.0_9198/ide/plugins/com.nxp.mcuxpresso.tools.macosx_11.7.0.202209140929/tools/bin/../lib/gcc/arm-none-eabi/10.3.1/../../../../arm-none-eabi/lib/thumb/v6-m/nofp/libcr_c.a(_writebuf.o)
 .comment       0x0000000000000049       0x4a /Applications/MCUXpressoIDE_11.7.0_9198/ide/plugins/com.nxp.mcuxpresso.tools.macosx_11.7.0.202209140929/tools/bin/../lib/gcc/arm-none-eabi/10.3.1/../../../../arm-none-eabi/lib/thumb/v6-m/nofp/libcr_c.a(alloc.o)
 .comment       0x0000000000000049       0x4a /Applications/MCUXpressoIDE_11.7.0_9198/ide/plugins/com.nxp.mcuxpresso.tools.macosx_11.7.0.202209140929/tools/bin/../lib/gcc/arm-none-eabi/10.3.1/../../../../arm-none-eabi/lib/thumb/v6-m/nofp/libcr_c.a(fpprintf.o)
 .comment       0x0000000000000049       0x4a /Applications/MCUXpressoIDE_11.7.0_9198/ide/plugins/com.nxp.mcuxpresso.tools.macosx_11.7.0.202209140929/tools/bin/../lib/gcc/arm-none-eabi/10.3.1/../../../../arm-none-eabi/lib/thumb/v6-m/nofp/libcr_c.a(fputs.o)
 .comment       0x0000000000000049       0x4a /Applications/MCUXpressoIDE_11.7.0_9198/ide/plugins/com.nxp.mcuxpresso.tools.macosx_11.7.0.202209140929/tools/bin/../lib/gcc/arm-none-eabi/10.3.1/../../../../arm-none-eabi/lib/thumb/v6-m/nofp/libcr_c.a(fseek.o)
 .comment       0x0000000000000049       0x4a /Applications/MCUXpressoIDE_11.7.0_9198/ide/plugins/com.nxp.mcuxpresso.tools.macosx_11.7.0.202209140929/tools/bin/../lib/gcc/arm-none-eabi/10.3.1/../../../../arm-none-eabi/lib/thumb/v6-m/nofp/libcr_c.a(ftell.o)
 .comment       0x0000000000000049       0x4a /Applications/MCUXpressoIDE_11.7.0_9198/ide/plugins/com.nxp.mcuxpresso.tools.macosx_11.7.0.202209140929/tools/bin/../lib/gcc/arm-none-eabi/10.3.1/../../../../arm-none-eabi/lib/thumb/v6-m/nofp/libcr_c.a(initio.o)
 .comment       0x0000000000000049       0x4a /Applications/MCUXpressoIDE_11.7.0_9198/ide/plugins/com.nxp.mcuxpresso.tools.macosx_11.7.0.202209140929/tools/bin/../lib/gcc/arm-none-eabi/10.3.1/../../../../arm-none-eabi/lib/thumb/v6-m/nofp/libcr_c.a(printf.o)
 .comment       0x0000000000000049       0x4a /Applications/MCUXpressoIDE_11.7.0_9198/ide/plugins/com.nxp.mcuxpresso.tools.macosx_11.7.0.202209140929/tools/bin/../lib/gcc/arm-none-eabi/10.3.1/../../../../arm-none-eabi/lib/thumb/v6-m/nofp/libcr_c.a(scanf.o)
 .comment       0x0000000000000049       0x4a /Applications/MCUXpressoIDE_11.7.0_9198/ide/plugins/com.nxp.mcuxpresso.tools.macosx_11.7.0.202209140929/tools/bin/../lib/gcc/arm-none-eabi/10.3.1/../../../../arm-none-eabi/lib/thumb/v6-m/nofp/libcr_c.a(setvbuf.o)
 .comment       0x0000000000000049       0x4a /Applications/MCUXpressoIDE_11.7.0_9198/ide/plugins/com.nxp.mcuxpresso.tools.macosx_11.7.0.202209140929/tools/bin/../lib/gcc/arm-none-eabi/10.3.1/../../../../arm-none-eabi/lib/thumb/v6-m/nofp/libcr_c.a(strlen.o)
 .comment       0x0000000000000049       0x4a /Applications/MCUXpressoIDE_11.7.0_9198/ide/plugins/com.nxp.mcuxpresso.tools.macosx_11.7.0.202209140929/tools/bin/../lib/gcc/arm-none-eabi/10.3.1/../../../../arm-none-eabi/lib/thumb/v6-m/nofp/libcr_c.a(__init_alloc.o)
 .comment       0x0000000000000049       0x4a /Applications/MCUXpressoIDE_11.7.0_9198/ide/plugins/com.nxp.mcuxpresso.tools.macosx_11.7.0.202209140929/tools/bin/../lib/gcc/arm-none-eabi/10.3.1/../../../../arm-none-eabi/lib/thumb/v6-m/nofp/libcr_c.a(_cr_sbrk.o)
 .comment       0x0000000000000049       0x4a /Applications/MCUXpressoIDE_11.7.0_9198/ide/plugins/com.nxp.mcuxpresso.tools.macosx_11.7.0.202209140929/tools/bin/../lib/gcc/arm-none-eabi/10.3.1/../../../../arm-none-eabi/lib/thumb/v6-m/nofp/libcr_c.a(_fdopen.o)
 .comment       0x0000000000000049       0x4a /Applications/MCUXpressoIDE_11.7.0_9198/ide/plugins/com.nxp.mcuxpresso.tools.macosx_11.7.0.202209140929/tools/bin/../lib/gcc/arm-none-eabi/10.3.1/../../../../arm-none-eabi/lib/thumb/v6-m/nofp/libcr_c.a(_frexpl.o)
 .comment       0x0000000000000049       0x4a /Applications/MCUXpressoIDE_11.7.0_9198/ide/plugins/com.nxp.mcuxpresso.tools.macosx_11.7.0.202209140929/tools/bin/../lib/gcc/arm-none-eabi/10.3.1/../../../../arm-none-eabi/lib/thumb/v6-m/nofp/libcr_c.a(_ldexpl.o)
 .comment       0x0000000000000049       0x4a /Applications/MCUXpressoIDE_11.7.0_9198/ide/plugins/com.nxp.mcuxpresso.tools.macosx_11.7.0.202209140929/tools/bin/../lib/gcc/arm-none-eabi/10.3.1/../../../../arm-none-eabi/lib/thumb/v6-m/nofp/libcr_c.a(ctype.o)
 .comment       0x0000000000000049       0x4a /Applications/MCUXpressoIDE_11.7.0_9198/ide/plugins/com.nxp.mcuxpresso.tools.macosx_11.7.0.202209140929/tools/bin/../lib/gcc/arm-none-eabi/10.3.1/../../../../arm-none-eabi/lib/thumb/v6-m/nofp/libcr_c.a(errno.o)
 .comment       0x0000000000000049       0x4a /Applications/MCUXpressoIDE_11.7.0_9198/ide/plugins/com.nxp.mcuxpresso.tools.macosx_11.7.0.202209140929/tools/bin/../lib/gcc/arm-none-eabi/10.3.1/../../../../arm-none-eabi/lib/thumb/v6-m/nofp/libcr_c.a(fclose.o)
 .comment       0x0000000000000049       0x4a /Applications/MCUXpressoIDE_11.7.0_9198/ide/plugins/com.nxp.mcuxpresso.tools.macosx_11.7.0.202209140929/tools/bin/../lib/gcc/arm-none-eabi/10.3.1/../../../../arm-none-eabi/lib/thumb/v6-m/nofp/libcr_c.a(fflush.o)
 .comment       0x0000000000000049       0x4a /Applications/MCUXpressoIDE_11.7.0_9198/ide/plugins/com.nxp.mcuxpresso.tools.macosx_11.7.0.202209140929/tools/bin/../lib/gcc/arm-none-eabi/10.3.1/../../../../arm-none-eabi/lib/thumb/v6-m/nofp/libcr_c.a(remove.o)
 .comment       0x0000000000000049       0x4a /Applications/MCUXpressoIDE_11.7.0_9198/ide/plugins/com.nxp.mcuxpresso.tools.macosx_11.7.0.202209140929/tools/bin/../lib/gcc/arm-none-eabi/10.3.1/../../../../arm-none-eabi/lib/thumb/v6-m/nofp/libcr_c.a(_cr_check_heap.o)
 .comment       0x0000000000000049       0x4a /Applications/MCUXpressoIDE_11.7.0_9198/ide/plugins/com.nxp.mcuxpresso.tools.macosx_11.7.0.202209140929/tools/bin/../lib/gcc/arm-none-eabi/10.3.1/../../../../arm-none-eabi/lib/thumb/v6-m/nofp/libcr_c.a(_do_fflush.o)
 .comment       0x0000000000000049       0x4a /Applications/MCUXpressoIDE_11.7.0_9198/ide/plugins/com.nxp.mcuxpresso.tools.macosx_11.7.0.202209140929/tools/bin/../lib/gcc/arm-none-eabi/10.3.1/thumb/v6-m/nofp/libcr_eabihelpers.a(double.o)

.ARM.attributes
                0x0000000000000000       0x2a
 .ARM.attributes
                0x0000000000000000       0x2c ./startup/startup_mkl46z4.o
 .ARM.attributes
                0x000000000000002c       0x2c ./source/SD2_board.o
 .ARM.attributes
                0x0000000000000058       0x2c ./source/ejemploTramas.o
 .ARM.attributes
                0x0000000000000084       0x2c ./source/mefRecTrama.o
 .ARM.attributes
                0x00000000000000b0       0x2c ./source/mtb.o
 .ARM.attributes
                0x00000000000000dc       0x2c ./source/procTrama.o
 .ARM.attributes
                0x0000000000000108       0x2c ./source/ringBuffer.o
 .ARM.attributes
                0x0000000000000134       0x2c ./source/semihost_hardfault.o
 .ARM.attributes
                0x0000000000000160       0x2c ./source/uart_ringBufer.o
 .ARM.attributes
                0x000000000000018c       0x2c ./drivers/fsl_clock.o
 .ARM.attributes
                0x00000000000001b8       0x2c ./drivers/fsl_gpio.o
 .ARM.attributes
                0x00000000000001e4       0x2c ./drivers/fsl_lpsci.o
 .ARM.attributes
                0x0000000000000210       0x2c ./drivers/fsl_uart.o
 .ARM.attributes
                0x000000000000023c       0x2c ./board/src/clock_config.o
 .ARM.attributes
                0x0000000000000268       0x2c ./CMSIS/system_MKL46Z4.o
 .ARM.attributes
                0x0000000000000294       0x2c /Applications/MCUXpressoIDE_11.7.0_9198/ide/plugins/com.nxp.mcuxpresso.tools.macosx_11.7.0.202209140929/tools/bin/../lib/gcc/arm-none-eabi/10.3.1/../../../../arm-none-eabi/lib/thumb/v6-m/nofp/libcr_semihost_nf.a(_cr__main.o)
 .ARM.attributes
                0x00000000000002c0       0x2c /Applications/MCUXpressoIDE_11.7.0_9198/ide/plugins/com.nxp.mcuxpresso.tools.macosx_11.7.0.202209140929/tools/bin/../lib/gcc/arm-none-eabi/10.3.1/../../../../arm-none-eabi/lib/thumb/v6-m/nofp/libcr_semihost_nf.a(_cr_assert.o)
 .ARM.attributes
                0x00000000000002ec       0x2c /Applications/MCUXpressoIDE_11.7.0_9198/ide/plugins/com.nxp.mcuxpresso.tools.macosx_11.7.0.202209140929/tools/bin/../lib/gcc/arm-none-eabi/10.3.1/../../../../arm-none-eabi/lib/thumb/v6-m/nofp/libcr_semihost_nf.a(__ciob.o)
 .ARM.attributes
                0x0000000000000318       0x1c /Applications/MCUXpressoIDE_11.7.0_9198/ide/plugins/com.nxp.mcuxpresso.tools.macosx_11.7.0.202209140929/tools/bin/../lib/gcc/arm-none-eabi/10.3.1/../../../../arm-none-eabi/lib/thumb/v6-m/nofp/libcr_semihost_nf.a(__sys_appexit.o)
 .ARM.attributes
                0x0000000000000334       0x2c /Applications/MCUXpressoIDE_11.7.0_9198/ide/plugins/com.nxp.mcuxpresso.tools.macosx_11.7.0.202209140929/tools/bin/../lib/gcc/arm-none-eabi/10.3.1/../../../../arm-none-eabi/lib/thumb/v6-m/nofp/libcr_c.a(memset.o)
 .ARM.attributes
                0x0000000000000360       0x2c /Applications/MCUXpressoIDE_11.7.0_9198/ide/plugins/com.nxp.mcuxpresso.tools.macosx_11.7.0.202209140929/tools/bin/../lib/gcc/arm-none-eabi/10.3.1/../../../../arm-none-eabi/lib/thumb/v6-m/nofp/libcr_c.a(_deferredlazyseek.o)
 .ARM.attributes
                0x000000000000038c       0x2c /Applications/MCUXpressoIDE_11.7.0_9198/ide/plugins/com.nxp.mcuxpresso.tools.macosx_11.7.0.202209140929/tools/bin/../lib/gcc/arm-none-eabi/10.3.1/../../../../arm-none-eabi/lib/thumb/v6-m/nofp/libcr_c.a(_fflush.o)
 .ARM.attributes
                0x00000000000003b8       0x2c /Applications/MCUXpressoIDE_11.7.0_9198/ide/plugins/com.nxp.mcuxpresso.tools.macosx_11.7.0.202209140929/tools/bin/../lib/gcc/arm-none-eabi/10.3.1/../../../../arm-none-eabi/lib/thumb/v6-m/nofp/libcr_c.a(_writebuf.o)
 .ARM.attributes
                0x00000000000003e4       0x2c /Applications/MCUXpressoIDE_11.7.0_9198/ide/plugins/com.nxp.mcuxpresso.tools.macosx_11.7.0.202209140929/tools/bin/../lib/gcc/arm-none-eabi/10.3.1/../../../../arm-none-eabi/lib/thumb/v6-m/nofp/libcr_c.a(alloc.o)
 .ARM.attributes
                0x0000000000000410       0x2c /Applications/MCUXpressoIDE_11.7.0_9198/ide/plugins/com.nxp.mcuxpresso.tools.macosx_11.7.0.202209140929/tools/bin/../lib/gcc/arm-none-eabi/10.3.1/../../../../arm-none-eabi/lib/thumb/v6-m/nofp/libcr_c.a(fpprintf.o)
 .ARM.attributes
                0x000000000000043c       0x2c /Applications/MCUXpressoIDE_11.7.0_9198/ide/plugins/com.nxp.mcuxpresso.tools.macosx_11.7.0.202209140929/tools/bin/../lib/gcc/arm-none-eabi/10.3.1/../../../../arm-none-eabi/lib/thumb/v6-m/nofp/libcr_c.a(fputs.o)
 .ARM.attributes
                0x0000000000000468       0x2c /Applications/MCUXpressoIDE_11.7.0_9198/ide/plugins/com.nxp.mcuxpresso.tools.macosx_11.7.0.202209140929/tools/bin/../lib/gcc/arm-none-eabi/10.3.1/../../../../arm-none-eabi/lib/thumb/v6-m/nofp/libcr_c.a(fseek.o)
 .ARM.attributes
                0x0000000000000494       0x2c /Applications/MCUXpressoIDE_11.7.0_9198/ide/plugins/com.nxp.mcuxpresso.tools.macosx_11.7.0.202209140929/tools/bin/../lib/gcc/arm-none-eabi/10.3.1/../../../../arm-none-eabi/lib/thumb/v6-m/nofp/libcr_c.a(ftell.o)
 .ARM.attributes
                0x00000000000004c0       0x2c /Applications/MCUXpressoIDE_11.7.0_9198/ide/plugins/com.nxp.mcuxpresso.tools.macosx_11.7.0.202209140929/tools/bin/../lib/gcc/arm-none-eabi/10.3.1/../../../../arm-none-eabi/lib/thumb/v6-m/nofp/libcr_c.a(initio.o)
 .ARM.attributes
                0x00000000000004ec       0x2c /Applications/MCUXpressoIDE_11.7.0_9198/ide/plugins/com.nxp.mcuxpresso.tools.macosx_11.7.0.202209140929/tools/bin/../lib/gcc/arm-none-eabi/10.3.1/../../../../arm-none-eabi/lib/thumb/v6-m/nofp/libcr_c.a(printf.o)
 .ARM.attributes
                0x0000000000000518       0x2c /Applications/MCUXpressoIDE_11.7.0_9198/ide/plugins/com.nxp.mcuxpresso.tools.macosx_11.7.0.202209140929/tools/bin/../lib/gcc/arm-none-eabi/10.3.1/../../../../arm-none-eabi/lib/thumb/v6-m/nofp/libcr_c.a(scanf.o)
 .ARM.attributes
                0x0000000000000544       0x2c /Applications/MCUXpressoIDE_11.7.0_9198/ide/plugins/com.nxp.mcuxpresso.tools.macosx_11.7.0.202209140929/tools/bin/../lib/gcc/arm-none-eabi/10.3.1/../../../../arm-none-eabi/lib/thumb/v6-m/nofp/libcr_c.a(setvbuf.o)
 .ARM.attributes
                0x0000000000000570       0x2c /Applications/MCUXpressoIDE_11.7.0_9198/ide/plugins/com.nxp.mcuxpresso.tools.macosx_11.7.0.202209140929/tools/bin/../lib/gcc/arm-none-eabi/10.3.1/../../../../arm-none-eabi/lib/thumb/v6-m/nofp/libcr_c.a(strlen.o)
 .ARM.attributes
                0x000000000000059c       0x2c /Applications/MCUXpressoIDE_11.7.0_9198/ide/plugins/com.nxp.mcuxpresso.tools.macosx_11.7.0.202209140929/tools/bin/../lib/gcc/arm-none-eabi/10.3.1/../../../../arm-none-eabi/lib/thumb/v6-m/nofp/libcr_c.a(__init_alloc.o)
 .ARM.attributes
                0x00000000000005c8       0x2c /Applications/MCUXpressoIDE_11.7.0_9198/ide/plugins/com.nxp.mcuxpresso.tools.macosx_11.7.0.202209140929/tools/bin/../lib/gcc/arm-none-eabi/10.3.1/../../../../arm-none-eabi/lib/thumb/v6-m/nofp/libcr_c.a(_cr_sbrk.o)
 .ARM.attributes
                0x00000000000005f4       0x2c /Applications/MCUXpressoIDE_11.7.0_9198/ide/plugins/com.nxp.mcuxpresso.tools.macosx_11.7.0.202209140929/tools/bin/../lib/gcc/arm-none-eabi/10.3.1/../../../../arm-none-eabi/lib/thumb/v6-m/nofp/libcr_c.a(_fdopen.o)
 .ARM.attributes
                0x0000000000000620       0x2c /Applications/MCUXpressoIDE_11.7.0_9198/ide/plugins/com.nxp.mcuxpresso.tools.macosx_11.7.0.202209140929/tools/bin/../lib/gcc/arm-none-eabi/10.3.1/../../../../arm-none-eabi/lib/thumb/v6-m/nofp/libcr_c.a(_frexpl.o)
 .ARM.attributes
                0x000000000000064c       0x2c /Applications/MCUXpressoIDE_11.7.0_9198/ide/plugins/com.nxp.mcuxpresso.tools.macosx_11.7.0.202209140929/tools/bin/../lib/gcc/arm-none-eabi/10.3.1/../../../../arm-none-eabi/lib/thumb/v6-m/nofp/libcr_c.a(_ldexpl.o)
 .ARM.attributes
                0x0000000000000678       0x2c /Applications/MCUXpressoIDE_11.7.0_9198/ide/plugins/com.nxp.mcuxpresso.tools.macosx_11.7.0.202209140929/tools/bin/../lib/gcc/arm-none-eabi/10.3.1/../../../../arm-none-eabi/lib/thumb/v6-m/nofp/libcr_c.a(ctype.o)
 .ARM.attributes
                0x00000000000006a4       0x2c /Applications/MCUXpressoIDE_11.7.0_9198/ide/plugins/com.nxp.mcuxpresso.tools.macosx_11.7.0.202209140929/tools/bin/../lib/gcc/arm-none-eabi/10.3.1/../../../../arm-none-eabi/lib/thumb/v6-m/nofp/libcr_c.a(errno.o)
 .ARM.attributes
                0x00000000000006d0       0x2c /Applications/MCUXpressoIDE_11.7.0_9198/ide/plugins/com.nxp.mcuxpresso.tools.macosx_11.7.0.202209140929/tools/bin/../lib/gcc/arm-none-eabi/10.3.1/../../../../arm-none-eabi/lib/thumb/v6-m/nofp/libcr_c.a(fclose.o)
 .ARM.attributes
                0x00000000000006fc       0x2c /Applications/MCUXpressoIDE_11.7.0_9198/ide/plugins/com.nxp.mcuxpresso.tools.macosx_11.7.0.202209140929/tools/bin/../lib/gcc/arm-none-eabi/10.3.1/../../../../arm-none-eabi/lib/thumb/v6-m/nofp/libcr_c.a(fflush.o)
 .ARM.attributes
                0x0000000000000728       0x2c /Applications/MCUXpressoIDE_11.7.0_9198/ide/plugins/com.nxp.mcuxpresso.tools.macosx_11.7.0.202209140929/tools/bin/../lib/gcc/arm-none-eabi/10.3.1/../../../../arm-none-eabi/lib/thumb/v6-m/nofp/libcr_c.a(remove.o)
 .ARM.attributes
                0x0000000000000754       0x2c /Applications/MCUXpressoIDE_11.7.0_9198/ide/plugins/com.nxp.mcuxpresso.tools.macosx_11.7.0.202209140929/tools/bin/../lib/gcc/arm-none-eabi/10.3.1/../../../../arm-none-eabi/lib/thumb/v6-m/nofp/libcr_c.a(_cr_check_heap.o)
 .ARM.attributes
                0x0000000000000780       0x2c /Applications/MCUXpressoIDE_11.7.0_9198/ide/plugins/com.nxp.mcuxpresso.tools.macosx_11.7.0.202209140929/tools/bin/../lib/gcc/arm-none-eabi/10.3.1/../../../../arm-none-eabi/lib/thumb/v6-m/nofp/libcr_c.a(_do_fflush.o)
 .ARM.attributes
                0x00000000000007ac       0x1c /Applications/MCUXpressoIDE_11.7.0_9198/ide/plugins/com.nxp.mcuxpresso.tools.macosx_11.7.0.202209140929/tools/bin/../lib/gcc/arm-none-eabi/10.3.1/thumb/v6-m/nofp/libcr_eabihelpers.a(division_32.o)
 .ARM.attributes
                0x00000000000007c8       0x1c /Applications/MCUXpressoIDE_11.7.0_9198/ide/plugins/com.nxp.mcuxpresso.tools.macosx_11.7.0.202209140929/tools/bin/../lib/gcc/arm-none-eabi/10.3.1/thumb/v6-m/nofp/libcr_eabihelpers.a(division_idiv0.o)
 .ARM.attributes
                0x00000000000007e4       0x2c /Applications/MCUXpressoIDE_11.7.0_9198/ide/plugins/com.nxp.mcuxpresso.tools.macosx_11.7.0.202209140929/tools/bin/../lib/gcc/arm-none-eabi/10.3.1/thumb/v6-m/nofp/libcr_eabihelpers.a(double.o)
 .ARM.attributes
                0x0000000000000810       0x1c /Applications/MCUXpressoIDE_11.7.0_9198/ide/plugins/com.nxp.mcuxpresso.tools.macosx_11.7.0.202209140929/tools/bin/../lib/gcc/arm-none-eabi/10.3.1/thumb/v6-m/nofp/libcr_eabihelpers.a(llong.o)
 .ARM.attributes
                0x000000000000082c       0x1c /Applications/MCUXpressoIDE_11.7.0_9198/ide/plugins/com.nxp.mcuxpresso.tools.macosx_11.7.0.202209140929/tools/bin/../lib/gcc/arm-none-eabi/10.3.1/thumb/v6-m/nofp/libcr_eabihelpers.a(memcpy.o)
 .ARM.attributes
                0x0000000000000848       0x1c /Applications/MCUXpressoIDE_11.7.0_9198/ide/plugins/com.nxp.mcuxpresso.tools.macosx_11.7.0.202209140929/tools/bin/../lib/gcc/arm-none-eabi/10.3.1/thumb/v6-m/nofp/libcr_eabihelpers.a(thumb1_switch_helpers.o)
 .ARM.attributes
                0x0000000000000864       0x1c /Applications/MCUXpressoIDE_11.7.0_9198/ide/plugins/com.nxp.mcuxpresso.tools.macosx_11.7.0.202209140929/tools/bin/../lib/gcc/arm-none-eabi/10.3.1/../../../../arm-none-eabi/lib/thumb/v6-m/nofp/libcr_semihost_nf.a(__sys_close.o)
 .ARM.attributes
                0x0000000000000880       0x1c /Applications/MCUXpressoIDE_11.7.0_9198/ide/plugins/com.nxp.mcuxpresso.tools.macosx_11.7.0.202209140929/tools/bin/../lib/gcc/arm-none-eabi/10.3.1/../../../../arm-none-eabi/lib/thumb/v6-m/nofp/libcr_semihost_nf.a(__sys_flen.o)
 .ARM.attributes
                0x000000000000089c       0x1c /Applications/MCUXpressoIDE_11.7.0_9198/ide/plugins/com.nxp.mcuxpresso.tools.macosx_11.7.0.202209140929/tools/bin/../lib/gcc/arm-none-eabi/10.3.1/../../../../arm-none-eabi/lib/thumb/v6-m/nofp/libcr_semihost_nf.a(__sys_istty.o)
 .ARM.attributes
                0x00000000000008b8       0x1c /Applications/MCUXpressoIDE_11.7.0_9198/ide/plugins/com.nxp.mcuxpresso.tools.macosx_11.7.0.202209140929/tools/bin/../lib/gcc/arm-none-eabi/10.3.1/../../../../arm-none-eabi/lib/thumb/v6-m/nofp/libcr_semihost_nf.a(__sys_remove.o)
 .ARM.attributes
                0x00000000000008d4       0x1c /Applications/MCUXpressoIDE_11.7.0_9198/ide/plugins/com.nxp.mcuxpresso.tools.macosx_11.7.0.202209140929/tools/bin/../lib/gcc/arm-none-eabi/10.3.1/../../../../arm-none-eabi/lib/thumb/v6-m/nofp/libcr_semihost_nf.a(__sys_seek.o)
 .ARM.attributes
                0x00000000000008f0       0x1c /Applications/MCUXpressoIDE_11.7.0_9198/ide/plugins/com.nxp.mcuxpresso.tools.macosx_11.7.0.202209140929/tools/bin/../lib/gcc/arm-none-eabi/10.3.1/../../../../arm-none-eabi/lib/thumb/v6-m/nofp/libcr_semihost_nf.a(__sys_tmpnam.o)
 .ARM.attributes
                0x000000000000090c       0x1c /Applications/MCUXpressoIDE_11.7.0_9198/ide/plugins/com.nxp.mcuxpresso.tools.macosx_11.7.0.202209140929/tools/bin/../lib/gcc/arm-none-eabi/10.3.1/../../../../arm-none-eabi/lib/thumb/v6-m/nofp/libcr_semihost_nf.a(__sys_write.o)

.debug_frame    0x0000000000000000     0x1aa4
 .debug_frame   0x0000000000000000      0x3b0 ./startup/startup_mkl46z4.o
 .debug_frame   0x00000000000003b0      0x150 ./source/SD2_board.o
 .debug_frame   0x0000000000000500       0x2c ./source/ejemploTramas.o
 .debug_frame   0x000000000000052c       0x30 ./source/mefRecTrama.o
 .debug_frame   0x000000000000055c       0xb4 ./source/procTrama.o
 .debug_frame   0x0000000000000610       0xd0 ./source/ringBuffer.o
 .debug_frame   0x00000000000006e0       0x20 ./source/semihost_hardfault.o
 .debug_frame   0x0000000000000700      0x170 ./source/uart_ringBufer.o
 .debug_frame   0x0000000000000870      0x6e0 ./drivers/fsl_clock.o
 .debug_frame   0x0000000000000f50      0x190 ./drivers/fsl_gpio.o
 .debug_frame   0x00000000000010e0      0x414 ./drivers/fsl_lpsci.o
 .debug_frame   0x00000000000014f4      0x464 ./drivers/fsl_uart.o
 .debug_frame   0x0000000000001958       0xe4 ./board/src/clock_config.o
 .debug_frame   0x0000000000001a3c       0x68 ./CMSIS/system_MKL46Z4.o
