Archive member included to satisfy reference by file (symbol)

c:/nxp/mcuxpressoide_11.6.1_8255/ide/plugins/com.nxp.mcuxpresso.tools.win32_11.6.1.202207200623/tools/bin/../lib/gcc/arm-none-eabi/10.3.1/../../../../arm-none-eabi/lib/thumb/v6-m/nofp\libcr_semihost_nf.a(_cr__main.o)
                              ./startup/startup_mkl46z4.o (__main)
c:/nxp/mcuxpressoide_11.6.1_8255/ide/plugins/com.nxp.mcuxpresso.tools.win32_11.6.1.202207200623/tools/bin/../lib/gcc/arm-none-eabi/10.3.1/../../../../arm-none-eabi/lib/thumb/v6-m/nofp\libcr_semihost_nf.a(_cr_assert.o)
                              ./utilities/fsl_debug_console.o (__assertion_failed)
c:/nxp/mcuxpressoide_11.6.1_8255/ide/plugins/com.nxp.mcuxpresso.tools.win32_11.6.1.202207200623/tools/bin/../lib/gcc/arm-none-eabi/10.3.1/../../../../arm-none-eabi/lib/thumb/v6-m/nofp\libcr_semihost_nf.a(__ciob.o)
                              c:/nxp/mcuxpressoide_11.6.1_8255/ide/plugins/com.nxp.mcuxpresso.tools.win32_11.6.1.202207200623/tools/bin/../lib/gcc/arm-none-eabi/10.3.1/../../../../arm-none-eabi/lib/thumb/v6-m/nofp\libcr_semihost_nf.a(_cr_assert.o) (__Ciob)
c:/nxp/mcuxpressoide_11.6.1_8255/ide/plugins/com.nxp.mcuxpresso.tools.win32_11.6.1.202207200623/tools/bin/../lib/gcc/arm-none-eabi/10.3.1/../../../../arm-none-eabi/lib/thumb/v6-m/nofp\libcr_semihost_nf.a(__sys_appexit.o)
                              c:/nxp/mcuxpressoide_11.6.1_8255/ide/plugins/com.nxp.mcuxpresso.tools.win32_11.6.1.202207200623/tools/bin/../lib/gcc/arm-none-eabi/10.3.1/../../../../arm-none-eabi/lib/thumb/v6-m/nofp\libcr_semihost_nf.a(_cr_assert.o) (__sys_appexit)
c:/nxp/mcuxpressoide_11.6.1_8255/ide/plugins/com.nxp.mcuxpresso.tools.win32_11.6.1.202207200623/tools/bin/../lib/gcc/arm-none-eabi/10.3.1/../../../../arm-none-eabi/lib/thumb/v6-m/nofp\libcr_c.a(memcpy.o)
                              ./drivers/fsl_ftfx_cache.o (memcpy)
c:/nxp/mcuxpressoide_11.6.1_8255/ide/plugins/com.nxp.mcuxpresso.tools.win32_11.6.1.202207200623/tools/bin/../lib/gcc/arm-none-eabi/10.3.1/../../../../arm-none-eabi/lib/thumb/v6-m/nofp\libcr_c.a(memset.o)
                              ./drivers/fsl_ftfx_cache.o (memset)
c:/nxp/mcuxpressoide_11.6.1_8255/ide/plugins/com.nxp.mcuxpresso.tools.win32_11.6.1.202207200623/tools/bin/../lib/gcc/arm-none-eabi/10.3.1/../../../../arm-none-eabi/lib/thumb/v6-m/nofp\libcr_c.a(_deferredlazyseek.o)
                              c:/nxp/mcuxpressoide_11.6.1_8255/ide/plugins/com.nxp.mcuxpresso.tools.win32_11.6.1.202207200623/tools/bin/../lib/gcc/arm-none-eabi/10.3.1/../../../../arm-none-eabi/lib/thumb/v6-m/nofp\libcr_semihost_nf.a(_cr_assert.o) (__flsbuf)
c:/nxp/mcuxpressoide_11.6.1_8255/ide/plugins/com.nxp.mcuxpresso.tools.win32_11.6.1.202207200623/tools/bin/../lib/gcc/arm-none-eabi/10.3.1/../../../../arm-none-eabi/lib/thumb/v6-m/nofp\libcr_c.a(_fflush.o)
                              c:/nxp/mcuxpressoide_11.6.1_8255/ide/plugins/com.nxp.mcuxpresso.tools.win32_11.6.1.202207200623/tools/bin/../lib/gcc/arm-none-eabi/10.3.1/../../../../arm-none-eabi/lib/thumb/v6-m/nofp\libcr_c.a(_deferredlazyseek.o) (_fflush)
c:/nxp/mcuxpressoide_11.6.1_8255/ide/plugins/com.nxp.mcuxpresso.tools.win32_11.6.1.202207200623/tools/bin/../lib/gcc/arm-none-eabi/10.3.1/../../../../arm-none-eabi/lib/thumb/v6-m/nofp\libcr_c.a(_writebuf.o)
                              c:/nxp/mcuxpressoide_11.6.1_8255/ide/plugins/com.nxp.mcuxpresso.tools.win32_11.6.1.202207200623/tools/bin/../lib/gcc/arm-none-eabi/10.3.1/../../../../arm-none-eabi/lib/thumb/v6-m/nofp\libcr_c.a(_deferredlazyseek.o) (_Cwritebuf)
c:/nxp/mcuxpressoide_11.6.1_8255/ide/plugins/com.nxp.mcuxpresso.tools.win32_11.6.1.202207200623/tools/bin/../lib/gcc/arm-none-eabi/10.3.1/../../../../arm-none-eabi/lib/thumb/v6-m/nofp\libcr_c.a(alloc.o)
                              ./source/ringBuffer.o (malloc)
c:/nxp/mcuxpressoide_11.6.1_8255/ide/plugins/com.nxp.mcuxpresso.tools.win32_11.6.1.202207200623/tools/bin/../lib/gcc/arm-none-eabi/10.3.1/../../../../arm-none-eabi/lib/thumb/v6-m/nofp\libcr_c.a(fputs.o)
                              c:/nxp/mcuxpressoide_11.6.1_8255/ide/plugins/com.nxp.mcuxpresso.tools.win32_11.6.1.202207200623/tools/bin/../lib/gcc/arm-none-eabi/10.3.1/../../../../arm-none-eabi/lib/thumb/v6-m/nofp\libcr_semihost_nf.a(_cr_assert.o) (fputs)
c:/nxp/mcuxpressoide_11.6.1_8255/ide/plugins/com.nxp.mcuxpresso.tools.win32_11.6.1.202207200623/tools/bin/../lib/gcc/arm-none-eabi/10.3.1/../../../../arm-none-eabi/lib/thumb/v6-m/nofp\libcr_c.a(fseek.o)
                              c:/nxp/mcuxpressoide_11.6.1_8255/ide/plugins/com.nxp.mcuxpresso.tools.win32_11.6.1.202207200623/tools/bin/../lib/gcc/arm-none-eabi/10.3.1/../../../../arm-none-eabi/lib/thumb/v6-m/nofp\libcr_c.a(_deferredlazyseek.o) (fseek)
c:/nxp/mcuxpressoide_11.6.1_8255/ide/plugins/com.nxp.mcuxpresso.tools.win32_11.6.1.202207200623/tools/bin/../lib/gcc/arm-none-eabi/10.3.1/../../../../arm-none-eabi/lib/thumb/v6-m/nofp\libcr_c.a(ftell.o)
[...]
Memory Configuration

Name             Origin             Length             Attributes
PROGRAM_FLASH    0x00000000         0x00040000         xr
SRAM             0x1fffe000         0x00008000         xrw
*default*        0x00000000         0xffffffff

Linker script and memory map

LOAD ./utilities/fsl_assert.o
LOAD ./utilities/fsl_debug_console.o
LOAD ./utilities/fsl_io.o
LOAD ./utilities/fsl_log.o
LOAD ./utilities/fsl_str.o
LOAD ./startup/startup_mkl46z4.o
LOAD ./source/SD2_board.o
LOAD ./source/ejemploTramas.o
LOAD ./source/mefRecTrama.o
LOAD ./source/mtb.o
LOAD ./source/procTrama.o
LOAD ./source/ringBuffer.o
LOAD ./source/semihost_hardfault.o
LOAD ./source/uart_ringBufer.o
LOAD ./drivers/fsl_clock.o
LOAD ./drivers/fsl_common.o
LOAD ./drivers/fsl_ftfx_cache.o
LOAD ./drivers/fsl_ftfx_controller.o
LOAD ./drivers/fsl_ftfx_flash.o
LOAD ./drivers/fsl_ftfx_flexnvm.o
LOAD ./drivers/fsl_gpio.o
LOAD ./drivers/fsl_lpsci.o
LOAD ./drivers/fsl_smc.o
LOAD ./drivers/fsl_uart.o
LOAD ./board/src/board.o
LOAD ./board/src/clock_config.o
LOAD ./board/peripherals.o
LOAD ./board/pin_mux.o
LOAD ./CMSIS/system_MKL46Z4.o
START GROUP
LOAD c:/nxp/mcuxpressoide_11.6.1_8255/ide/plugins/com.nxp.mcuxpresso.tools.win32_11.6.1.202207200623/tools/bin/../lib/gcc/arm-none-eabi/10.3.1/../../../../arm-none-eabi/lib/thumb/v6-m/nofp\libcr_semihost_nf.a
LOAD c:/nxp/mcuxpressoide_11.6.1_8255/ide/plugins/com.nxp.mcuxpresso.tools.win32_11.6.1.202207200623/tools/bin/../lib/gcc/arm-none-eabi/10.3.1/../../../../arm-none-eabi/lib/thumb/v6-m/nofp\libcr_c.a
LOAD c:/nxp/mcuxpressoide_11.6.1_8255/ide/plugins/com.nxp.mcuxpresso.tools.win32_11.6.1.202207200623/tools/bin/../lib/gcc/arm-none-eabi/10.3.1/thumb/v6-m/nofp\libcr_eabihelpers.a
LOAD c:/nxp/mcuxpressoide_11.6.1_8255/ide/plugins/com.nxp.mcuxpresso.tools.win32_11.6.1.202207200623/tools/bin/../lib/gcc/arm-none-eabi/10.3.1/thumb/v6-m/nofp\libgcc.a
END GROUP
                0x00000000                __base_PROGRAM_FLASH = 0x0
                0x00000000                __base_Flash = 0x0
                0x00040000                __top_PROGRAM_FLASH = 0x40000
                0x00040000                __top_Flash = 0x40000
                0x1fffe000                __base_SRAM = 0x1fffe000
                0x1fffe000                __base_RAM = 0x1fffe000
                0x20006000                __top_SRAM = 0x20006000
                0x20006000                __top_RAM = 0x20006000

.text           0x00000000     0x2a34
 FILL mask 0xff
                0x00000000                __vectors_start__ = ABSOLUTE (.)
 *(SORT_BY_ALIGNMENT(.isr_vector))
 .isr_vector    0x00000000       0xc0 ./startup/startup_mkl46z4.o
                0x00000000                g_pfnVectors
                0x00000000                __Vectors
                0x000000c0                . = ALIGN (0x4)
                0x000000c0                __section_table_start = .
                0x000000c0                __data_section_table = .
                0x000000c0        0x4 LONG 0x2a34 LOADADDR (.data)
                0x000000c4        0x4 LONG 0x1fffe080 ADDR (.data)
                0x000000c8        0x4 LONG 0xc SIZEOF (.data)
                0x000000cc                __data_section_table_end = .
                0x000000cc                __bss_section_table = .
                0x000000cc        0x4 LONG 0x1fffe08c ADDR (.bss)
                0x000000d0        0x4 LONG 0xf4 SIZEOF (.bss)
                0x000000d4                __bss_section_table_end = .
                0x000000d4                __section_table_end = .
 *(SORT_BY_ALIGNMENT(.after_vectors*))
 .after_vectors.reset
                0x000000d4       0x4c ./startup/startup_mkl46z4.o
                0x000000d4                ResetISR
 .after_vectors.init_data
                0x00000120       0x12 ./startup/startup_mkl46z4.o
                0x00000120                data_init
 .after_vectors.init_bss
                0x00000132       0x10 ./startup/startup_mkl46z4.o
                0x00000132                bss_init
 .after_vectors
                0x00000142      0x10c ./startup/startup_mkl46z4.o
                0x00000142                NMI_Handler
                0x00000146                SVC_Handler
                0x00000148                PendSV_Handler
                0x0000014a                SysTick_Handler
                0x0000014c                I2C0_DriverIRQHandler
                0x0000014c                PORTC_PORTD_DriverIRQHandler
                0x0000014c                SPI1_DriverIRQHandler
                0x0000014c                LPTMR0_DriverIRQHandler
                0x0000014c                DMA0_DriverIRQHandler
                0x0000014c                DMA2_DriverIRQHandler
                0x0000014c                CMP0_DriverIRQHandler
                0x0000014c                I2S0_DriverIRQHandler
                0x0000014c                ADC0_DriverIRQHandler
                0x0000014c                SPI0_DriverIRQHandler
                0x0000014c                TPM2_DriverIRQHandler
                0x0000014c                I2C1_DriverIRQHandler
                0x0000014c                Reserved20_DriverIRQHandler
                0x0000014c                DMA1_DriverIRQHandler
                0x0000014c                TSI0_DriverIRQHandler
                0x0000014c                RTC_Seconds_DriverIRQHandler
                0x0000014c                PIT_DriverIRQHandler
                0x0000014c                LLWU_DriverIRQHandler
                0x0000014c                MCG_DriverIRQHandler
                0x0000014c                LCD_DriverIRQHandler
                0x0000014c                RTC_DriverIRQHandler
                0x0000014c                FTFA_DriverIRQHandler
                0x0000014c                IntDefaultHandler
                0x0000014c                USB0_DriverIRQHandler
                0x0000014c                DAC0_DriverIRQHandler
                0x0000014c                LVD_LVW_DriverIRQHandler
                0x0000014c                TPM0_DriverIRQHandler
                0x0000014c                TPM1_DriverIRQHandler
                0x0000014c                PORTA_DriverIRQHandler
                0x0000014c                DMA3_DriverIRQHandler
                0x0000014e                DMA0_IRQHandler
                0x00000156                DMA1_IRQHandler
                0x0000015e                DMA2_IRQHandler
                0x00000166                DMA3_IRQHandler
                0x0000016e                Reserved20_IRQHandler
                0x00000176                FTFA_IRQHandler
                0x0000017e                LVD_LVW_IRQHandler
                0x00000186                LLWU_IRQHandler
                0x0000018e                I2C0_IRQHandler
                0x00000196                I2C1_IRQHandler
                0x0000019e                SPI0_IRQHandler
                0x000001a6                SPI1_IRQHandler
                0x000001b6                UART1_IRQHandler
                0x000001be                UART2_IRQHandler
                0x000001c6                ADC0_IRQHandler
                0x000001ce                CMP0_IRQHandler
                0x000001d6                TPM0_IRQHandler
                0x000001de                TPM1_IRQHandler
                0x000001e6                TPM2_IRQHandler
                0x000001ee                RTC_IRQHandler
                0x000001f6                RTC_Seconds_IRQHandler
                0x000001fe                PIT_IRQHandler
                0x00000206                I2S0_IRQHandler
                0x0000020e                USB0_IRQHandler
                0x00000216                DAC0_IRQHandler
                0x0000021e                TSI0_IRQHandler
                0x00000226                MCG_IRQHandler
                0x0000022e                LPTMR0_IRQHandler
                0x00000236                LCD_IRQHandler
                0x0000023e                PORTA_IRQHandler
                0x00000246                PORTC_PORTD_IRQHandler
                0x00000400                . = 0x400
 *fill*         0x0000024e      0x1b2 ff
                0x00000400                PROVIDE (__FLASH_CONFIG_START__ = .)
 *(SORT_BY_ALIGNMENT(.FlashConfig))
 .FlashConfig   0x00000400       0x10 ./startup/startup_mkl46z4.o
                0x00000400                Flash_Config
                0x00000410                PROVIDE (__FLASH_CONFIG_END__ = .)
                0x00000001                ASSERT (! ((__FLASH_CONFIG_START__ == __FLASH_CONFIG_END__)), Linker Flash Config Support Enabled, but no .FlashConfig section provided within application)
 *(SORT_BY_ALIGNMENT(.text*))
 .text.CLOCK_EnableClock
                0x00000410       0x34 ./source/SD2_board.o
 .text.PORT_SetPinConfig
                0x00000444       0x38 ./source/SD2_board.o
 .text.board_init
                0x0000047c      0x178 ./source/SD2_board.o
                0x0000047c                board_init
 .text.board_setLed
                0x000005f4       0xd8 ./source/SD2_board.o
                0x000005f4                board_setLed
 .text.mefRecTrama_task
                0x000006cc      0x128 ./source/mefRecTrama.o
                0x000006cc                mefRecTrama_task
 .text.HardFault_Handler
                0x000007f4       0x30 ./source/semihost_hardfault.o
                0x000007f4                HardFault_Handler
 .text.__NVIC_EnableIRQ
                0x00000824       0x34 ./source/uart_ringBufer.o
 .text.__NVIC_DisableIRQ
                0x00000858       0x44 ./source/uart_ringBufer.o
 .text.CLOCK_SetLpsci0Clock
                0x0000089c       0x38 ./source/uart_ringBufer.o
 .text.PORT_SetPinMux
                0x000008d4       0x40 ./source/uart_ringBufer.o
 .text.uart_ringBuffer_init
                0x00000914       0xb0 ./source/uart_ringBufer.o
                0x00000914                uart_ringBuffer_init
 .text.uart_ringBuffer_recDatos
                0x000009c4       0x6c ./source/uart_ringBufer.o
                0x000009c4                uart_ringBuffer_recDatos
 .text.UART0_IRQHandler
                0x00000a30       0xc4 ./source/uart_ringBufer.o
                0x00000a30                UART0_IRQHandler
 .text.CLOCK_SetEr32kClock
                0x00000af4       0x34 ./drivers/fsl_clock.o
 .text.CLOCK_SetPllFllSelClock
                0x00000b28       0x38 ./drivers/fsl_clock.o
 .text.CLOCK_GetMcgExtClkFreq
                0x00000b60       0x28 ./drivers/fsl_clock.o
 .text.CLOCK_GetFllExtRefClkFreq
                0x00000b88       0xa8 ./drivers/fsl_clock.o
 .text.CLOCK_GetInternalRefClkSelectFreq
                0x00000c30       0x40 ./drivers/fsl_clock.o
 .text.CLOCK_GetFllRefClkFreq
                0x00000c70       0x2c ./drivers/fsl_clock.o
 .text.CLOCK_GetOscRangeFromFreq
                0x00000c9c       0x4c ./drivers/fsl_clock.o
 .text.CLOCK_GetOsc0ErClkFreq
                0x00000ce8       0x3c ./drivers/fsl_clock.o
                0x00000ce8                CLOCK_GetOsc0ErClkFreq
 .text.CLOCK_GetEr32kClkFreq
                0x00000d24       0x78 ./drivers/fsl_clock.o
                0x00000d24                CLOCK_GetEr32kClkFreq
 .text.CLOCK_GetPllFllSelClkFreq
                0x00000d9c       0x4c ./drivers/fsl_clock.o
                0x00000d9c                CLOCK_GetPllFllSelClkFreq
 .text.CLOCK_GetFreq
                0x00000de8       0xe0 ./drivers/fsl_clock.o
                0x00000de8                CLOCK_GetFreq
 .text.CLOCK_SetSimConfig
                0x00000ec8       0x38 ./drivers/fsl_clock.o
                0x00000ec8                CLOCK_SetSimConfig
 .text.CLOCK_GetOutClkFreq
                0x00000f00       0x78 ./drivers/fsl_clock.o
                0x00000f00                CLOCK_GetOutClkFreq
 .text.CLOCK_GetFllFreq
                0x00000f78       0x84 ./drivers/fsl_clock.o
                0x00000f78                CLOCK_GetFllFreq
 .text.CLOCK_GetInternalRefClkFreq
                0x00000ffc       0x28 ./drivers/fsl_clock.o
                0x00000ffc                CLOCK_GetInternalRefClkFreq
 .text.CLOCK_GetPll0Freq
                0x00001024       0x70 ./drivers/fsl_clock.o
                0x00001024                CLOCK_GetPll0Freq
 .text.CLOCK_SetInternalRefClkConfig
                0x00001094      0x124 ./drivers/fsl_clock.o
                0x00001094                CLOCK_SetInternalRefClkConfig
 .text.CLOCK_EnablePll0
                0x000011b8       0x94 ./drivers/fsl_clock.o
                0x000011b8                CLOCK_EnablePll0
 .text.CLOCK_InitOsc0
                0x0000124c       0x94 ./drivers/fsl_clock.o
                0x0000124c                CLOCK_InitOsc0
 .text.CLOCK_SetPbeMode
                0x000012e0       0xb0 ./drivers/fsl_clock.o
                0x000012e0                CLOCK_SetPbeMode
 .text.CLOCK_BootToPeeMode
                0x00001390       0x70 ./drivers/fsl_clock.o
                0x00001390                CLOCK_BootToPeeMode
 .text.GPIO_PinInit
                0x00001400       0x64 ./drivers/fsl_gpio.o
                0x00001400                GPIO_PinInit
 .text.CLOCK_EnableClock
                0x00001464       0x34 ./drivers/fsl_lpsci.o
 .text.LPSCI_GetInstance
                0x00001498       0x48 ./drivers/fsl_lpsci.o
                0x00001498                LPSCI_GetInstance
 .text.LPSCI_Init
                0x000014e0      0x270 ./drivers/fsl_lpsci.o
                0x000014e0                LPSCI_Init
 .text.LPSCI_GetDefaultConfig
                0x00001750       0x48 ./drivers/fsl_lpsci.o
                0x00001750                LPSCI_GetDefaultConfig
 .text.LPSCI_EnableInterrupts
                0x00001798       0x58 ./drivers/fsl_lpsci.o
                0x00001798                LPSCI_EnableInterrupts
 .text.LPSCI_DisableInterrupts
                0x000017f0       0x64 ./drivers/fsl_lpsci.o
                0x000017f0                LPSCI_DisableInterrupts
 .text.LPSCI_GetEnabledInterrupts
                0x00001854       0x38 ./drivers/fsl_lpsci.o
                0x00001854                LPSCI_GetEnabledInterrupts
 .text.LPSCI_ClearStatusFlags
                0x0000188c       0x94 ./drivers/fsl_lpsci.o
                0x0000188c                LPSCI_ClearStatusFlags
 .text.UART0_DriverIRQHandler
                0x00001920       0x24 ./drivers/fsl_lpsci.o
                0x00001920                UART0_DriverIRQHandler
 .text.UART1_DriverIRQHandler
                0x00001944       0x24 ./drivers/fsl_uart.o
                0x00001944                UART1_DriverIRQHandler
 .text.UART2_DriverIRQHandler
                0x00001968       0x24 ./drivers/fsl_uart.o
                0x00001968                UART2_DriverIRQHandler
 .text.CLOCK_SetSimSafeDivs
                0x0000198c       0x20 ./board/src/clock_config.o
 .text.CLOCK_SetXtal0Freq
                0x000019ac       0x1c ./board/src/clock_config.o
 .text.CLOCK_CONFIG_SetFllExtRefDiv
                0x000019c8       0x3c ./board/src/clock_config.o
 .text.BOARD_BootClockRUN
                0x00001a04       0x64 ./board/src/clock_config.o
                0x00001a04                BOARD_BootClockRUN
 .text.SystemInit
                0x00001a68       0x1c ./CMSIS/system_MKL46Z4.o
                0x00001a68                SystemInit
 .text.__assertion_failed
                0x00001a84       0x4c c:/nxp/mcuxpressoide_11.6.1_8255/ide/plugins/com.nxp.mcuxpresso.tools.win32_11.6.1.202207200623/tools/bin/../lib/gcc/arm-none-eabi/10.3.1/../../../../arm-none-eabi/lib/thumb/v6-m/nofp\libcr_semihost_nf.a(_cr_assert.o)
                0x00001a84                __assertion_failed
 .text.__sys_appexit
                0x00001ad0        0xc c:/nxp/mcuxpressoide_11.6.1_8255/ide/plugins/com.nxp.mcuxpresso.tools.win32_11.6.1.202207200623/tools/bin/../lib/gcc/arm-none-eabi/10.3.1/../../../../arm-none-eabi/lib/thumb/v6-m/nofp\libcr_semihost_nf.a(__sys_appexit.o)
                0x00001ad0                __sys_appexit
                0x00001ad0                __exit
 .text._deferredlazyseek
                0x00001adc       0x40 c:/nxp/mcuxpressoide_11.6.1_8255/ide/plugins/com.nxp.mcuxpresso.tools.win32_11.6.1.202207200623/tools/bin/../lib/gcc/arm-none-eabi/10.3.1/../../../../arm-none-eabi/lib/thumb/v6-m/nofp\libcr_c.a(_deferredlazyseek.o)
                0x00001adc                _deferredlazyseek
 .text.__flsbuf
                0x00001b1c      0x150 c:/nxp/mcuxpressoide_11.6.1_8255/ide/plugins/com.nxp.mcuxpresso.tools.win32_11.6.1.202207200623/tools/bin/../lib/gcc/arm-none-eabi/10.3.1/../../../../arm-none-eabi/lib/thumb/v6-m/nofp\libcr_c.a(_deferredlazyseek.o)
                0x00001b1c                __flsbuf
 .text._fflush  0x00001c6c       0x60 c:/nxp/mcuxpressoide_11.6.1_8255/ide/plugins/com.nxp.mcuxpresso.tools.win32_11.6.1.202207200623/tools/bin/../lib/gcc/arm-none-eabi/10.3.1/../../../../arm-none-eabi/lib/thumb/v6-m/nofp\libcr_c.a(_fflush.o)
                0x00001c6c                _fflush
 .text._Cwritebuf
                0x00001ccc       0x68 c:/nxp/mcuxpressoide_11.6.1_8255/ide/plugins/com.nxp.mcuxpresso.tools.win32_11.6.1.202207200623/tools/bin/../lib/gcc/arm-none-eabi/10.3.1/../../../../arm-none-eabi/lib/thumb/v6-m/nofp\libcr_c.a(_writebuf.o)
                0x00001ccc                _Cwritebuf
 .text.malloc   0x00001d34       0xcc c:/nxp/mcuxpressoide_11.6.1_8255/ide/plugins/com.nxp.mcuxpresso.tools.win32_11.6.1.202207200623/tools/bin/../lib/gcc/arm-none-eabi/10.3.1/../../../../arm-none-eabi/lib/thumb/v6-m/nofp\libcr_c.a(alloc.o)
                0x00001d34                malloc
 .text._Csys_alloc
                0x00001e00       0x20 c:/nxp/mcuxpressoide_11.6.1_8255/ide/plugins/com.nxp.mcuxpresso.tools.win32_11.6.1.202207200623/tools/bin/../lib/gcc/arm-none-eabi/10.3.1/../../../../arm-none-eabi/lib/thumb/v6-m/nofp\libcr_c.a(alloc.o)
                0x00001e00                _Csys_alloc
 .text.fseek    0x00001e20       0xf0 c:/nxp/mcuxpressoide_11.6.1_8255/ide/plugins/com.nxp.mcuxpresso.tools.win32_11.6.1.202207200623/tools/bin/../lib/gcc/arm-none-eabi/10.3.1/../../../../arm-none-eabi/lib/thumb/v6-m/nofp\libcr_c.a(fseek.o)
                0x00001e20                fseek
 .text.ftell    0x00001f10       0x48 c:/nxp/mcuxpressoide_11.6.1_8255/ide/plugins/com.nxp.mcuxpresso.tools.win32_11.6.1.202207200623/tools/bin/../lib/gcc/arm-none-eabi/10.3.1/../../../../arm-none-eabi/lib/thumb/v6-m/nofp\libcr_c.a(ftell.o)
                0x00001f10                ftell
 .text._initio  0x00001f58       0x7c c:/nxp/mcuxpressoide_11.6.1_8255/ide/plugins/com.nxp.mcuxpresso.tools.win32_11.6.1.202207200623/tools/bin/../lib/gcc/arm-none-eabi/10.3.1/../../../../arm-none-eabi/lib/thumb/v6-m/nofp\libcr_c.a(initio.o)
                0x00001f58                _initio
 .text.setvbuf  0x00001fd4       0x4c c:/nxp/mcuxpressoide_11.6.1_8255/ide/plugins/com.nxp.mcuxpresso.tools.win32_11.6.1.202207200623/tools/bin/../lib/gcc/arm-none-eabi/10.3.1/../../../../arm-none-eabi/lib/thumb/v6-m/nofp\libcr_c.a(setvbuf.o)
                0x00001fd4                setvbuf
 .text.strlen   0x00002020       0x58 c:/nxp/mcuxpressoide_11.6.1_8255/ide/plugins/com.nxp.mcuxpresso.tools.win32_11.6.1.202207200623/tools/bin/../lib/gcc/arm-none-eabi/10.3.1/../../../../arm-none-eabi/lib/thumb/v6-m/nofp\libcr_c.a(strlen.o)
                0x00002020                strlen
 .text._sbrk    0x00002078       0x44 c:/nxp/mcuxpressoide_11.6.1_8255/ide/plugins/com.nxp.mcuxpresso.tools.win32_11.6.1.202207200623/tools/bin/../lib/gcc/arm-none-eabi/10.3.1/../../../../arm-none-eabi/lib/thumb/v6-m/nofp\libcr_c.a(_cr_sbrk.o)
                0x00002078                _sbrk
 .text._fdopen  0x000020bc       0x74 c:/nxp/mcuxpressoide_11.6.1_8255/ide/plugins/com.nxp.mcuxpresso.tools.win32_11.6.1.202207200623/tools/bin/../lib/gcc/arm-none-eabi/10.3.1/../../../../arm-none-eabi/lib/thumb/v6-m/nofp\libcr_c.a(_fdopen.o)
                0x000020bc                _fdopen
 .text.fclose   0x00002130       0x5c c:/nxp/mcuxpressoide_11.6.1_8255/ide/plugins/com.nxp.mcuxpresso.tools.win32_11.6.1.202207200623/tools/bin/../lib/gcc/arm-none-eabi/10.3.1/../../../../arm-none-eabi/lib/thumb/v6-m/nofp\libcr_c.a(fclose.o)
                0x00002130                fclose
 .text.fflush   0x0000218c       0x44 c:/nxp/mcuxpressoide_11.6.1_8255/ide/plugins/com.nxp.mcuxpresso.tools.win32_11.6.1.202207200623/tools/bin/../lib/gcc/arm-none-eabi/10.3.1/../../../../arm-none-eabi/lib/thumb/v6-m/nofp\libcr_c.a(fflush.o)
                0x0000218c                fflush
 .text.__check_heap_overflow
                0x000021d0       0x18 c:/nxp/mcuxpressoide_11.6.1_8255/ide/plugins/com.nxp.mcuxpresso.tools.win32_11.6.1.202207200623/tools/bin/../lib/gcc/arm-none-eabi/10.3.1/../../../../arm-none-eabi/lib/thumb/v6-m/nofp\libcr_c.a(_cr_check_heap.o)
                0x000021d0                __check_heap_overflow
 .text._do_fflush
                0x000021e8       0x48 c:/nxp/mcuxpressoide_11.6.1_8255/ide/plugins/com.nxp.mcuxpresso.tools.win32_11.6.1.202207200623/tools/bin/../lib/gcc/arm-none-eabi/10.3.1/../../../../arm-none-eabi/lib/thumb/v6-m/nofp\libcr_c.a(_do_fflush.o)
                0x000021e8                _do_fflush
 .text.GPIO_PortSet
                0x00002230       0x18 ./source/SD2_board.o
 .text.GPIO_PortClear
                0x00002248       0x18 ./source/SD2_board.o
 .text.GPIO_PortToggle
                0x00002260       0x18 ./source/SD2_board.o
 .text.main     0x00002278       0x16 ./source/ejemploTramas.o
                0x00002278                main
 .text.accionLed
                0x0000228e       0x44 ./source/procTrama.o
 .text.procTrama
                0x000022d2       0x56 ./source/procTrama.o
                0x000022d2                procTrama
 .text.ringBuffer_init
                0x00002328       0x42 ./source/ringBuffer.o
                0x00002328                ringBuffer_init
 .text.ringBuffer_putData
                0x0000236a       0x90 ./source/ringBuffer.o
                0x0000236a                ringBuffer_putData
 .text.ringBuffer_getData
                0x000023fa       0x6c ./source/ringBuffer.o
                0x000023fa                ringBuffer_getData
 .text.ringBuffer_isEmpty
                0x00002466       0x1e ./source/ringBuffer.o
                0x00002466                ringBuffer_isEmpty
 .text.EnableIRQ
                0x00002484       0x30 ./source/uart_ringBufer.o
 .text.LPSCI_WriteByte
                0x000024b4       0x1e ./source/uart_ringBufer.o
 .text.LPSCI_ReadByte
                0x000024d2       0x16 ./source/uart_ringBufer.o
 .text.OSC_SetExtRefClkConfig
                0x000024e8       0x3e ./drivers/fsl_clock.o
 .text.OSC_SetCapLoad
                0x00002526       0x42 ./drivers/fsl_clock.o
 .text.CLOCK_GetPll0RefFreq
                0x00002568       0x10 ./drivers/fsl_clock.o
 .text.CLOCK_GetFixedFreqClkFreq
                0x00002578       0x30 ./drivers/fsl_clock.o
                0x00002578                CLOCK_GetFixedFreqClkFreq
 .text.CLOCK_SetExternalRefClkConfig
                0x000025a8       0x16 ./drivers/fsl_clock.o
                0x000025a8                CLOCK_SetExternalRefClkConfig
 .text.GPIO_PinWrite
                0x000025be       0x34 ./drivers/fsl_gpio.o
 .text.GPIO_WritePinOutput
                0x000025f2       0x24 ./drivers/fsl_gpio.o
 .text.LPSCI_GetStatusFlags
                0x00002616       0x26 ./drivers/fsl_lpsci.o
                0x00002616                LPSCI_GetStatusFlags
 .text.SystemInitHook
                0x0000263c        0xa ./CMSIS/system_MKL46Z4.o
                0x0000263c                SystemInitHook
 .text.__main   0x00002646        0xc c:/nxp/mcuxpressoide_11.6.1_8255/ide/plugins/com.nxp.mcuxpresso.tools.win32_11.6.1.202207200623/tools/bin/../lib/gcc/arm-none-eabi/10.3.1/../../../../arm-none-eabi/lib/thumb/v6-m/nofp\libcr_semihost_nf.a(_cr__main.o)
                0x00002646                __CR_SEMIHOST
                0x00002646                __main
 .text.memset   0x00002652        0x8 c:/nxp/mcuxpressoide_11.6.1_8255/ide/plugins/com.nxp.mcuxpresso.tools.win32_11.6.1.202207200623/tools/bin/../lib/gcc/arm-none-eabi/10.3.1/../../../../arm-none-eabi/lib/thumb/v6-m/nofp\libcr_c.a(memset.o)
                0x00002652                memset
 .text.free     0x0000265a       0x2c c:/nxp/mcuxpressoide_11.6.1_8255/ide/plugins/com.nxp.mcuxpresso.tools.win32_11.6.1.202207200623/tools/bin/../lib/gcc/arm-none-eabi/10.3.1/../../../../arm-none-eabi/lib/thumb/v6-m/nofp\libcr_c.a(alloc.o)
                0x0000265a                free
 .text.fputs    0x00002686       0x2e c:/nxp/mcuxpressoide_11.6.1_8255/ide/plugins/com.nxp.mcuxpresso.tools.win32_11.6.1.202207200623/tools/bin/../lib/gcc/arm-none-eabi/10.3.1/../../../../arm-none-eabi/lib/thumb/v6-m/nofp\libcr_c.a(fputs.o)
                0x00002686                fputs
 .text.remove   0x000026b4       0x12 c:/nxp/mcuxpressoide_11.6.1_8255/ide/plugins/com.nxp.mcuxpresso.tools.win32_11.6.1.202207200623/tools/bin/../lib/gcc/arm-none-eabi/10.3.1/../../../../arm-none-eabi/lib/thumb/v6-m/nofp\libcr_c.a(remove.o)
                0x000026b4                remove
 .text.__aeabi_division_idivmod
                0x000026c6       0x78 c:/nxp/mcuxpressoide_11.6.1_8255/ide/plugins/com.nxp.mcuxpresso.tools.win32_11.6.1.202207200623/tools/bin/../lib/gcc/arm-none-eabi/10.3.1/thumb/v6-m/nofp\libcr_eabihelpers.a(division_32.o)
                0x000026c6                __aeabi_idivmod
                0x000026c6                __aeabi_idiv
                0x000026cc                __aeabi_uidivmod
                0x000026cc                __aeabi_uidiv
 .text.__aeabi_division_idiv0
                0x0000273e        0x2 c:/nxp/mcuxpressoide_11.6.1_8255/ide/plugins/com.nxp.mcuxpresso.tools.win32_11.6.1.202207200623/tools/bin/../lib/gcc/arm-none-eabi/10.3.1/thumb/v6-m/nofp\libcr_eabihelpers.a(division_idiv0.o)
                0x0000273e                __aeabi_idiv0
 .text.__aeabi_memset_lowlevel
                0x00002740       0x2a c:/nxp/mcuxpressoide_11.6.1_8255/ide/plugins/com.nxp.mcuxpresso.tools.win32_11.6.1.202207200623/tools/bin/../lib/gcc/arm-none-eabi/10.3.1/thumb/v6-m/nofp\libcr_eabihelpers.a(memcpy.o)
                0x00002740                __aeabi_lowlevel_memset
 .text.__sys_close
                0x0000276a        0xc c:/nxp/mcuxpressoide_11.6.1_8255/ide/plugins/com.nxp.mcuxpresso.tools.win32_11.6.1.202207200623/tools/bin/../lib/gcc/arm-none-eabi/10.3.1/../../../../arm-none-eabi/lib/thumb/v6-m/nofp\libcr_semihost_nf.a(__sys_close.o)
                0x0000276a                __sys_close
 .text.__sys_flen
                0x00002776        0xc c:/nxp/mcuxpressoide_11.6.1_8255/ide/plugins/com.nxp.mcuxpresso.tools.win32_11.6.1.202207200623/tools/bin/../lib/gcc/arm-none-eabi/10.3.1/../../../../arm-none-eabi/lib/thumb/v6-m/nofp\libcr_semihost_nf.a(__sys_flen.o)
                0x00002776                __sys_flen
 .text.__sys_istty
                0x00002782        0xc c:/nxp/mcuxpressoide_11.6.1_8255/ide/plugins/com.nxp.mcuxpresso.tools.win32_11.6.1.202207200623/tools/bin/../lib/gcc/arm-none-eabi/10.3.1/../../../../arm-none-eabi/lib/thumb/v6-m/nofp\libcr_semihost_nf.a(__sys_istty.o)
                0x00002782                __sys_istty
 .text.__sys_remove
                0x0000278e        0xc c:/nxp/mcuxpressoide_11.6.1_8255/ide/plugins/com.nxp.mcuxpresso.tools.win32_11.6.1.202207200623/tools/bin/../lib/gcc/arm-none-eabi/10.3.1/../../../../arm-none-eabi/lib/thumb/v6-m/nofp\libcr_semihost_nf.a(__sys_remove.o)
                0x0000278e                __sys_remove
 .text.__sys_seek
                0x0000279a        0xc c:/nxp/mcuxpressoide_11.6.1_8255/ide/plugins/com.nxp.mcuxpresso.tools.win32_11.6.1.202207200623/tools/bin/../lib/gcc/arm-none-eabi/10.3.1/../../../../arm-none-eabi/lib/thumb/v6-m/nofp\libcr_semihost_nf.a(__sys_seek.o)
                0x0000279a                __sys_seek
 .text.__sys_tmpnam
                0x000027a6        0xc c:/nxp/mcuxpressoide_11.6.1_8255/ide/plugins/com.nxp.mcuxpresso.tools.win32_11.6.1.202207200623/tools/bin/../lib/gcc/arm-none-eabi/10.3.1/../../../../arm-none-eabi/lib/thumb/v6-m/nofp\libcr_semihost_nf.a(__sys_tmpnam.o)
                0x000027a6                __sys_tmpnam
 .text.__sys_write
                0x000027b2        0xc c:/nxp/mcuxpressoide_11.6.1_8255/ide/plugins/com.nxp.mcuxpresso.tools.win32_11.6.1.202207200623/tools/bin/../lib/gcc/arm-none-eabi/10.3.1/../../../../arm-none-eabi/lib/thumb/v6-m/nofp\libcr_semihost_nf.a(__sys_write.o)
                0x000027b2                __sys_write
 *(SORT_BY_ALIGNMENT(.rodata) SORT_BY_ALIGNMENT(.rodata.*) SORT_BY_ALIGNMENT(.constdata) SORT_BY_ALIGNMENT(.constdata.*))
 *fill*         0x000027be        0x2 ff
 .rodata.PORT_SetPinConfig.str1.4
                0x000027c0       0x23 ./source/SD2_board.o
 *fill*         0x000027e3        0x1 ff
 .rodata.board_gpioLeds
                0x000027e4       0x18 ./source/SD2_board.o
 .rodata.board_gpioSw
                0x000027fc       0x18 ./source/SD2_board.o
 .rodata        0x00002814        0x2 ./source/SD2_board.o
 *fill*         0x00002816        0x2 ff
 .rodata.CLOCK_GetMcgExtClkFreq.str1.4
                0x00002818       0x1e ./drivers/fsl_clock.o
 *fill*         0x00002836        0x2 ff
 .rodata.CLOCK_GetOsc0ErClkFreq.str1.4
                0x00002838       0x1e ./drivers/fsl_clock.o
 *fill*         0x00002856        0x2 ff
 .rodata.CLOCK_GetEr32kClkFreq.str1.4
                0x00002858       0x1f ./drivers/fsl_clock.o
 *fill*         0x00002877        0x1 ff
 .rodata.CLOCK_GetFreq
                0x00002878       0x34 ./drivers/fsl_clock.o
 .rodata.CLOCK_GetPll0Freq.str1.4
                0x000028ac       0x1d ./drivers/fsl_clock.o
 *fill*         0x000028c9        0x3 ff
 .rodata.CLOCK_EnablePll0.str1.4
                0x000028cc       0x19 ./drivers/fsl_clock.o
 *fill*         0x000028e5        0x3 ff
 .rodata.CLOCK_SetPbeMode.str1.4
                0x000028e8       0x1a ./drivers/fsl_clock.o
 *fill*         0x00002902        0x2 ff
 .rodata.CLOCK_BootToPeeMode.str1.4
                0x00002904       0x1a ./drivers/fsl_clock.o
 *fill*         0x0000291e        0x2 ff
 .rodata.fllFactorTable.1
                0x00002920       0x10 ./drivers/fsl_clock.o
 .rodata.GPIO_PinInit.str1.4
                0x00002930       0x18 ./drivers/fsl_gpio.o
 .rodata.LPSCI_GetInstance.str1.4
                0x00002948       0x36 ./drivers/fsl_lpsci.o
 *fill*         0x0000297e        0x2 ff
 .rodata.LPSCI_Init.str1.4
                0x00002980       0x43 ./drivers/fsl_lpsci.o
 *fill*         0x000029c3        0x1 ff
 .rodata.LPSCI_GetDefaultConfig.str1.4
                0x000029c4       0x19 ./drivers/fsl_lpsci.o
 *fill*         0x000029dd        0x3 ff
 .rodata.mcgConfig_BOARD_BootClockRUN
                0x000029e0        0xa ./board/src/clock_config.o
                0x000029e0                mcgConfig_BOARD_BootClockRUN
 *fill*         0x000029ea        0x2 ff
 .rodata.simConfig_BOARD_BootClockRUN
                0x000029ec        0x8 ./board/src/clock_config.o
                0x000029ec                simConfig_BOARD_BootClockRUN
 .rodata.oscConfig_BOARD_BootClockRUN
                0x000029f4        0x8 ./board/src/clock_config.o
                0x000029f4                oscConfig_BOARD_BootClockRUN
 .rodata.__num_Ciob_streams
                0x000029fc        0x4 c:/nxp/mcuxpressoide_11.6.1_8255/ide/plugins/com.nxp.mcuxpresso.tools.win32_11.6.1.202207200623/tools/bin/../lib/gcc/arm-none-eabi/10.3.1/../../../../arm-none-eabi/lib/thumb/v6-m/nofp\libcr_semihost_nf.a(__ciob.o)
                0x000029fc                __num_Ciob_streams
 .rodata.__assertion_failed.str1.1
                0x00002a00       0x15 c:/nxp/mcuxpressoide_11.6.1_8255/ide/plugins/com.nxp.mcuxpresso.tools.win32_11.6.1.202207200623/tools/bin/../lib/gcc/arm-none-eabi/10.3.1/../../../../arm-none-eabi/lib/thumb/v6-m/nofp\libcr_semihost_nf.a(_cr_assert.o)
 .rodata._Csys_alloc.str1.1
                0x00002a15       0x18 c:/nxp/mcuxpressoide_11.6.1_8255/ide/plugins/com.nxp.mcuxpresso.tools.win32_11.6.1.202207200623/tools/bin/../lib/gcc/arm-none-eabi/10.3.1/../../../../arm-none-eabi/lib/thumb/v6-m/nofp\libcr_c.a(alloc.o)
 .rodata._initio.str1.1
                0x00002a2d        0x4 c:/nxp/mcuxpressoide_11.6.1_8255/ide/plugins/com.nxp.mcuxpresso.tools.win32_11.6.1.202207200623/tools/bin/../lib/gcc/arm-none-eabi/10.3.1/../../../../arm-none-eabi/lib/thumb/v6-m/nofp\libcr_c.a(initio.o)
                0x00002a34                . = ALIGN (0x4)
 *fill*         0x00002a31        0x3 ff
                0x00002a34                _etext = .

.glue_7         0x00002a34        0x0
 .glue_7        0x00002a34        0x0 linker stubs

.glue_7t        0x00002a34        0x0
 .glue_7t       0x00002a34        0x0 linker stubs

.vfp11_veneer   0x00002a34        0x0
 .vfp11_veneer  0x00002a34        0x0 linker stubs

.v4_bx          0x00002a34        0x0
 .v4_bx         0x00002a34        0x0 linker stubs

.iplt           0x00002a34        0x0
 .iplt          0x00002a34        0x0 ./startup/startup_mkl46z4.o

.rel.dyn        0x00002a34        0x0
 .rel.iplt      0x00002a34        0x0 ./startup/startup_mkl46z4.o

.m_usb_data
 *(SORT_BY_ALIGNMENT(m_usb_bdt))

.mtb_buffer_default
                0x1fffe000       0x80
 *(SORT_BY_ALIGNMENT(.mtb*))
 .mtb.$RAM1     0x1fffe000       0x80 ./source/mtb.o
                0x1fffe000                __mtb_buffer__

.uninit_RESERVED
                0x1fffe080        0x0
                0x1fffe080                _start_uninit_RESERVED = .
 *(SORT_BY_ALIGNMENT(.bss.$RESERVED*))
                0x1fffe080                . = ALIGN (0x4)
                0x1fffe080                _end_uninit_RESERVED = .

.data           0x1fffe080        0xc load address 0x00002a34
 FILL mask 0xff
                0x1fffe080                _data = .
                [!provide]                PROVIDE (__start_data_RAM = .)
                [!provide]                PROVIDE (__start_data_SRAM = .)
 *(SORT_BY_ALIGNMENT(vtable))
 *(SORT_BY_ALIGNMENT(.ramfunc*))
 *(SORT_BY_ALIGNMENT(CodeQuickAccess))
 *(SORT_BY_ALIGNMENT(DataQuickAccess))
 *(SORT_BY_ALIGNMENT(RamFunction))
 *(SORT_BY_ALIGNMENT(.data*))
 .data.s_slowIrcFreq
                0x1fffe080        0x4 ./drivers/fsl_clock.o
 .data.s_fastIrcFreq
                0x1fffe084        0x4 ./drivers/fsl_clock.o
 .data.SystemCoreClock
                0x1fffe088        0x4 ./CMSIS/system_MKL46Z4.o
                0x1fffe088                SystemCoreClock
                0x1fffe08c                . = ALIGN (0x4)
                0x1fffe08c                _edata = .
                [!provide]                PROVIDE (__end_data_RAM = .)
                [!provide]                PROVIDE (__end_data_SRAM = .)

.igot.plt       0x1fffe08c        0x0 load address 0x00002a40
 .igot.plt      0x1fffe08c        0x0 ./startup/startup_mkl46z4.o

.bss            0x1fffe08c       0xf4
                0x1fffe08c                _bss = .
                [!provide]                PROVIDE (__start_bss_RAM = .)
                [!provide]                PROVIDE (__start_bss_SRAM = .)
 *(SORT_BY_ALIGNMENT(.bss*))
 .bss.bufferRec
                0x1fffe08c        0x8 ./source/mefRecTrama.o
 .bss.pRingBufferRx
                0x1fffe094        0x4 ./source/uart_ringBufer.o
 .bss.pRingBufferTx
                0x1fffe098        0x4 ./source/uart_ringBufer.o
 .bss.g_xtal0Freq
                0x1fffe09c        0x4 ./drivers/fsl_clock.o
                0x1fffe09c                g_xtal0Freq
 .bss.g_xtal32Freq
                0x1fffe0a0        0x4 ./drivers/fsl_clock.o
                0x1fffe0a0                g_xtal32Freq
 .bss.s_lpsciHandle
                0x1fffe0a4        0x4 ./drivers/fsl_lpsci.o
 .bss.s_lpsciIsr
                0x1fffe0a8        0x4 ./drivers/fsl_lpsci.o
 .bss.s_uartHandle
                0x1fffe0ac        0xc ./drivers/fsl_uart.o
 .bss.s_uartIsr
                0x1fffe0b8        0x4 ./drivers/fsl_uart.o
 .bss.__Ciob    0x1fffe0bc       0xb4 c:/nxp/mcuxpressoide_11.6.1_8255/ide/plugins/com.nxp.mcuxpresso.tools.win32_11.6.1.202207200623/tools/bin/../lib/gcc/arm-none-eabi/10.3.1/../../../../arm-none-eabi/lib/thumb/v6-m/nofp\libcr_semihost_nf.a(__ciob.o)
                0x1fffe0bc                __Ciob
 .bss.__end_of_heap
                0x1fffe170        0x4 c:/nxp/mcuxpressoide_11.6.1_8255/ide/plugins/com.nxp.mcuxpresso.tools.win32_11.6.1.202207200623/tools/bin/../lib/gcc/arm-none-eabi/10.3.1/../../../../arm-none-eabi/lib/thumb/v6-m/nofp\libcr_c.a(__init_alloc.o)
                0x1fffe170                __end_of_heap
 .bss.__heaps   0x1fffe174        0x4 c:/nxp/mcuxpressoide_11.6.1_8255/ide/plugins/com.nxp.mcuxpresso.tools.win32_11.6.1.202207200623/tools/bin/../lib/gcc/arm-none-eabi/10.3.1/../../../../arm-none-eabi/lib/thumb/v6-m/nofp\libcr_c.a(__init_alloc.o)
                0x1fffe174                __heaps
 .bss.errno     0x1fffe178        0x4 c:/nxp/mcuxpressoide_11.6.1_8255/ide/plugins/com.nxp.mcuxpresso.tools.win32_11.6.1.202207200623/tools/bin/../lib/gcc/arm-none-eabi/10.3.1/../../../../arm-none-eabi/lib/thumb/v6-m/nofp\libcr_c.a(errno.o)
                0x1fffe178                errno
 .bss.estado.1  0x1fffe17c        0x1 ./source/mefRecTrama.o
 .bss.indexRec.0
                0x1fffe17d        0x1 ./source/mefRecTrama.o
 *(SORT_BY_ALIGNMENT(COMMON))
                0x1fffe180                . = ALIGN (0x4)
 *fill*         0x1fffe17e        0x2 
                0x1fffe180                _ebss = .
                [!provide]                PROVIDE (__end_bss_RAM = .)
                [!provide]                PROVIDE (__end_bss_SRAM = .)
                [!provide]                PROVIDE (end = .)

.noinit         0x1fffe180        0x0
                0x1fffe180                _noinit = .
                [!provide]                PROVIDE (__start_noinit_RAM = .)
                [!provide]                PROVIDE (__start_noinit_SRAM = .)
 *(SORT_BY_ALIGNMENT(.noinit*))
                0x1fffe180                . = ALIGN (0x4)
                0x1fffe180                _end_noinit = .
                [!provide]                PROVIDE (__end_noinit_RAM = .)
                [!provide]                PROVIDE (__end_noinit_SRAM = .)

.ARM.extab
 *(SORT_BY_ALIGNMENT(.ARM.extab*) SORT_BY_ALIGNMENT(.gnu.linkonce.armextab.*))

.ARM.exidx      0x00002a40        0x0
                0x00002a40                __exidx_start = .
 *(SORT_BY_ALIGNMENT(.ARM.exidx*) SORT_BY_ALIGNMENT(.gnu.linkonce.armexidx.*))
                0x00002a40                __exidx_end = .
                0x00000800                _HeapSize = 0x800

.heap           0x1fffe180      0x800
                0x1fffe180                _pvHeapStart = .
                0x1fffe980                . = (. + _HeapSize)
 *fill*         0x1fffe180      0x800 
                0x1fffe980                . = ALIGN (0x4)
                0x1fffe980                _pvHeapLimit = .
                0x00000800                _StackSize = 0x800

.heap2stackfill
                0x1fffe980      0x800
                0x1ffff180                . = (. + _StackSize)
 *fill*         0x1fffe980      0x800 

.stack          0x20005800        0x0
                0x20005800                _vStackBase = .
                0x20005800                . = ALIGN (0x4)
                0x20006000                _vStackTop = (. + _StackSize)
                0x00000000                _image_start = LOADADDR (.text)
                0x00002a40                _image_end = (LOADADDR (.data) + SIZEOF (.data))
                0x00002a40                _image_size = (_image_end - _image_start)
OUTPUT(SD2_UART0_ejemploTramas.axf elf32-littlearm)
LOAD linker stubs

.debug_info     0x00000000     0x7bb7
 .debug_info    0x00000000      0x4e7 ./startup/startup_mkl46z4.o
 .debug_info    0x000004e7      0x9a1 ./source/SD2_board.o
 .debug_info    0x00000e88       0x82 ./source/ejemploTramas.o
 .debug_info    0x00000f0a      0x12f ./source/mefRecTrama.o
 .debug_info    0x00001039       0x4f ./source/mtb.o
 .debug_info    0x00001088      0x139 ./source/procTrama.o
 .debug_info    0x000011c1      0x265 ./source/ringBuffer.o
 .debug_info    0x00001426       0x38 ./source/semihost_hardfault.o
 .debug_info    0x0000145e      0xd11 ./source/uart_ringBufer.o
 .debug_info    0x0000216f     0x1a87 ./drivers/fsl_clock.o
 .debug_info    0x00003bf6      0x7d8 ./drivers/fsl_gpio.o
 .debug_info    0x000043ce     0x14a8 ./drivers/fsl_lpsci.o
 .debug_info    0x00005876     0x1449 ./drivers/fsl_uart.o
 .debug_info    0x00006cbf      0xaee ./board/src/clock_config.o
 .debug_info    0x000077ad      0x40a ./CMSIS/system_MKL46Z4.o

.debug_abbrev   0x00000000     0x17c2
 .debug_abbrev  0x00000000      0x195 ./startup/startup_mkl46z4.o
 .debug_abbrev  0x00000195      0x296 ./source/SD2_board.o
 .debug_abbrev  0x0000042b       0x46 ./source/ejemploTramas.o
 .debug_abbrev  0x00000471       0x92 ./source/mefRecTrama.o
 .debug_abbrev  0x00000503       0x43 ./source/mtb.o
 .debug_abbrev  0x00000546       0xb4 ./source/procTrama.o
 .debug_abbrev  0x000005fa       0xf2 ./source/ringBuffer.o
 .debug_abbrev  0x000006ec       0x2e ./source/semihost_hardfault.o
 .debug_abbrev  0x0000071a      0x24a ./source/uart_ringBufer.o
 .debug_abbrev  0x00000964      0x348 ./drivers/fsl_clock.o
 .debug_abbrev  0x00000cac      0x1f3 ./drivers/fsl_gpio.o
 .debug_abbrev  0x00000e9f      0x2f0 ./drivers/fsl_lpsci.o
 .debug_abbrev  0x0000118f      0x2f0 ./drivers/fsl_uart.o
 .debug_abbrev  0x0000147f      0x1fe ./board/src/clock_config.o
 .debug_abbrev  0x0000167d      0x145 ./CMSIS/system_MKL46Z4.o

.debug_aranges  0x00000000      0x838
 .debug_aranges
                0x00000000      0x160 ./startup/startup_mkl46z4.o
 .debug_aranges
                0x00000160       0x68 ./source/SD2_board.o
 .debug_aranges
                0x000001c8       0x20 ./source/ejemploTramas.o
 .debug_aranges
                0x000001e8       0x20 ./source/mefRecTrama.o
 .debug_aranges
                0x00000208       0x18 ./source/mtb.o
 .debug_aranges
                0x00000220       0x28 ./source/procTrama.o
 .debug_aranges
                0x00000248       0x48 ./source/ringBuffer.o
 .debug_aranges
                0x00000290       0x20 ./source/semihost_hardfault.o
 .debug_aranges
                0x000002b0       0x70 ./source/uart_ringBufer.o
 .debug_aranges
                0x00000320      0x1d8 ./drivers/fsl_clock.o
 .debug_aranges
                0x000004f8       0x78 ./drivers/fsl_gpio.o
 .debug_aranges
                0x00000570      0x118 ./drivers/fsl_lpsci.o
 .debug_aranges
                0x00000688      0x130 ./drivers/fsl_uart.o
 .debug_aranges
                0x000007b8       0x50 ./board/src/clock_config.o
 .debug_aranges
                0x00000808       0x30 ./CMSIS/system_MKL46Z4.o

.debug_ranges   0x00000000      0x740
 .debug_ranges  0x00000000      0x150 ./startup/startup_mkl46z4.o
 .debug_ranges  0x00000150       0x58 ./source/SD2_board.o
 .debug_ranges  0x000001a8       0x10 ./source/ejemploTramas.o
 .debug_ranges  0x000001b8       0x10 ./source/mefRecTrama.o
 .debug_ranges  0x000001c8       0x18 ./source/procTrama.o
 .debug_ranges  0x000001e0       0x38 ./source/ringBuffer.o
 .debug_ranges  0x00000218       0x10 ./source/semihost_hardfault.o
 .debug_ranges  0x00000228       0x60 ./source/uart_ringBufer.o
 .debug_ranges  0x00000288      0x1c8 ./drivers/fsl_clock.o
 .debug_ranges  0x00000450       0x68 ./drivers/fsl_gpio.o
 .debug_ranges  0x000004b8      0x108 ./drivers/fsl_lpsci.o
 .debug_ranges  0x000005c0      0x120 ./drivers/fsl_uart.o
 .debug_ranges  0x000006e0       0x40 ./board/src/clock_config.o
 .debug_ranges  0x00000720       0x20 ./CMSIS/system_MKL46Z4.o

.debug_line     0x00000000     0x3fc3
 .debug_line    0x00000000      0x1ed ./startup/startup_mkl46z4.o
 .debug_line    0x000001ed      0x2dc ./source/SD2_board.o
 .debug_line    0x000004c9       0x57 ./source/ejemploTramas.o
 .debug_line    0x00000520      0x1a1 ./source/mefRecTrama.o
 .debug_line    0x000006c1       0x30 ./source/mtb.o
 .debug_line    0x000006f1      0x121 ./source/procTrama.o
 .debug_line    0x00000812      0x1e1 ./source/ringBuffer.o
 .debug_line    0x000009f3       0x5a ./source/semihost_hardfault.o
 .debug_line    0x00000a4d      0x377 ./source/uart_ringBufer.o
 .debug_line    0x00000dc4     0x1150 ./drivers/fsl_clock.o
 .debug_line    0x00001f14      0x307 ./drivers/fsl_gpio.o
 .debug_line    0x0000221b      0xcb0 ./drivers/fsl_lpsci.o
 .debug_line    0x00002ecb      0xcbb ./drivers/fsl_uart.o
 .debug_line    0x00003b86      0x215 ./board/src/clock_config.o
 .debug_line    0x00003d9b      0x228 ./CMSIS/system_MKL46Z4.o

.debug_str      0x00000000     0x3e3c
 .debug_str     0x00000000      0x4a8 ./startup/startup_mkl46z4.o
                                0x4bb (size before relaxing)
 .debug_str     0x000004a8      0xc91 ./source/SD2_board.o
                                0xe05 (size before relaxing)
 .debug_str     0x00001139       0x1f ./source/ejemploTramas.o
                                0x1c7 (size before relaxing)
 .debug_str     0x00001158       0xac ./source/mefRecTrama.o
                                0x26a (size before relaxing)
 .debug_str     0x00001204       0x1f ./source/mtb.o
                                0x160 (size before relaxing)
 .debug_str     0x00001223       0x42 ./source/procTrama.o
                                0x279 (size before relaxing)
 .debug_str     0x00001265       0xad ./source/ringBuffer.o
                                0x281 (size before relaxing)
 .debug_str     0x00001312       0x1f ./source/semihost_hardfault.o
                                0x160 (size before relaxing)
 .debug_str     0x00001331      0x990 ./source/uart_ringBufer.o
                               0x1223 (size before relaxing)
 .debug_str     0x00001cc1      0xd1f ./drivers/fsl_clock.o
                               0x18a3 (size before relaxing)
 .debug_str     0x000029e0       0xdd ./drivers/fsl_gpio.o
                                0x954 (size before relaxing)
 .debug_str     0x00002abd      0x6d1 ./drivers/fsl_lpsci.o
                               0x16ed (size before relaxing)
 .debug_str     0x0000318e      0x969 ./drivers/fsl_uart.o
                               0x16f4 (size before relaxing)
 .debug_str     0x00003af7      0x2e7 ./board/src/clock_config.o
                                0xe7b (size before relaxing)
 .debug_str     0x00003dde       0x5e ./CMSIS/system_MKL46Z4.o
                                0x31b (size before relaxing)

.comment        0x00000000       0x49
 .comment       0x00000000       0x49 ./startup/startup_mkl46z4.o
                                 0x4a (size before relaxing)
 .comment       0x00000049       0x4a ./source/SD2_board.o
 .comment       0x00000049       0x4a ./source/ejemploTramas.o
 .comment       0x00000049       0x4a ./source/mefRecTrama.o
 .comment       0x00000049       0x4a ./source/mtb.o
 .comment       0x00000049       0x4a ./source/procTrama.o
 .comment       0x00000049       0x4a ./source/ringBuffer.o
 .comment       0x00000049       0x4a ./source/semihost_hardfault.o
 .comment       0x00000049       0x4a ./source/uart_ringBufer.o
 .comment       0x00000049       0x4a ./drivers/fsl_clock.o
 .comment       0x00000049       0x4a ./drivers/fsl_gpio.o
 .comment       0x00000049       0x4a ./drivers/fsl_lpsci.o
 .comment       0x00000049       0x4a ./drivers/fsl_uart.o
 .comment       0x00000049       0x4a ./board/src/clock_config.o
 .comment       0x00000049       0x4a ./CMSIS/system_MKL46Z4.o
 .comment       0x00000049       0x4a c:/nxp/mcuxpressoide_11.6.1_8255/ide/plugins/com.nxp.mcuxpresso.tools.win32_11.6.1.202207200623/tools/bin/../lib/gcc/arm-none-eabi/10.3.1/../../../../arm-none-eabi/lib/thumb/v6-m/nofp\libcr_semihost_nf.a(_cr__main.o)
 .comment       0x00000049       0x4a c:/nxp/mcuxpressoide_11.6.1_8255/ide/plugins/com.nxp.mcuxpresso.tools.win32_11.6.1.202207200623/tools/bin/../lib/gcc/arm-none-eabi/10.3.1/../../../../arm-none-eabi/lib/thumb/v6-m/nofp\libcr_semihost_nf.a(_cr_assert.o)
 .comment       0x00000049       0x4a c:/nxp/mcuxpressoide_11.6.1_8255/ide/plugins/com.nxp.mcuxpresso.tools.win32_11.6.1.202207200623/tools/bin/../lib/gcc/arm-none-eabi/10.3.1/../../../../arm-none-eabi/lib/thumb/v6-m/nofp\libcr_semihost_nf.a(__ciob.o)
 .comment       0x00000049       0x4a c:/nxp/mcuxpressoide_11.6.1_8255/ide/plugins/com.nxp.mcuxpresso.tools.win32_11.6.1.202207200623/tools/bin/../lib/gcc/arm-none-eabi/10.3.1/../../../../arm-none-eabi/lib/thumb/v6-m/nofp\libcr_c.a(memset.o)
 .comment       0x00000049       0x4a c:/nxp/mcuxpressoide_11.6.1_8255/ide/plugins/com.nxp.mcuxpresso.tools.win32_11.6.1.202207200623/tools/bin/../lib/gcc/arm-none-eabi/10.3.1/../../../../arm-none-eabi/lib/thumb/v6-m/nofp\libcr_c.a(_deferredlazyseek.o)
 .comment       0x00000049       0x4a c:/nxp/mcuxpressoide_11.6.1_8255/ide/plugins/com.nxp.mcuxpresso.tools.win32_11.6.1.202207200623/tools/bin/../lib/gcc/arm-none-eabi/10.3.1/../../../../arm-none-eabi/lib/thumb/v6-m/nofp\libcr_c.a(_fflush.o)
 .comment       0x00000049       0x4a c:/nxp/mcuxpressoide_11.6.1_8255/ide/plugins/com.nxp.mcuxpresso.tools.win32_11.6.1.202207200623/tools/bin/../lib/gcc/arm-none-eabi/10.3.1/../../../../arm-none-eabi/lib/thumb/v6-m/nofp\libcr_c.a(_writebuf.o)
 .comment       0x00000049       0x4a c:/nxp/mcuxpressoide_11.6.1_8255/ide/plugins/com.nxp.mcuxpresso.tools.win32_11.6.1.202207200623/tools/bin/../lib/gcc/arm-none-eabi/10.3.1/../../../../arm-none-eabi/lib/thumb/v6-m/nofp\libcr_c.a(alloc.o)
 .comment       0x00000049       0x4a c:/nxp/mcuxpressoide_11.6.1_8255/ide/plugins/com.nxp.mcuxpresso.tools.win32_11.6.1.202207200623/tools/bin/../lib/gcc/arm-none-eabi/10.3.1/../../../../arm-none-eabi/lib/thumb/v6-m/nofp\libcr_c.a(fputs.o)
 .comment       0x00000049       0x4a c:/nxp/mcuxpressoide_11.6.1_8255/ide/plugins/com.nxp.mcuxpresso.tools.win32_11.6.1.202207200623/tools/bin/../lib/gcc/arm-none-eabi/10.3.1/../../../../arm-none-eabi/lib/thumb/v6-m/nofp\libcr_c.a(fseek.o)
 .comment       0x00000049       0x4a c:/nxp/mcuxpressoide_11.6.1_8255/ide/plugins/com.nxp.mcuxpresso.tools.win32_11.6.1.202207200623/tools/bin/../lib/gcc/arm-none-eabi/10.3.1/../../../../arm-none-eabi/lib/thumb/v6-m/nofp\libcr_c.a(ftell.o)
 .comment       0x00000049       0x4a c:/nxp/mcuxpressoide_11.6.1_8255/ide/plugins/com.nxp.mcuxpresso.tools.win32_11.6.1.202207200623/tools/bin/../lib/gcc/arm-none-eabi/10.3.1/../../../../arm-none-eabi/lib/thumb/v6-m/nofp\libcr_c.a(initio.o)
 .comment       0x00000049       0x4a c:/nxp/mcuxpressoide_11.6.1_8255/ide/plugins/com.nxp.mcuxpresso.tools.win32_11.6.1.202207200623/tools/bin/../lib/gcc/arm-none-eabi/10.3.1/../../../../arm-none-eabi/lib/thumb/v6-m/nofp\libcr_c.a(setvbuf.o)
 .comment       0x00000049       0x4a c:/nxp/mcuxpressoide_11.6.1_8255/ide/plugins/com.nxp.mcuxpresso.tools.win32_11.6.1.202207200623/tools/bin/../lib/gcc/arm-none-eabi/10.3.1/../../../../arm-none-eabi/lib/thumb/v6-m/nofp\libcr_c.a(strlen.o)
 .comment       0x00000049       0x4a c:/nxp/mcuxpressoide_11.6.1_8255/ide/plugins/com.nxp.mcuxpresso.tools.win32_11.6.1.202207200623/tools/bin/../lib/gcc/arm-none-eabi/10.3.1/../../../../arm-none-eabi/lib/thumb/v6-m/nofp\libcr_c.a(__init_alloc.o)
 .comment       0x00000049       0x4a c:/nxp/mcuxpressoide_11.6.1_8255/ide/plugins/com.nxp.mcuxpresso.tools.win32_11.6.1.202207200623/tools/bin/../lib/gcc/arm-none-eabi/10.3.1/../../../../arm-none-eabi/lib/thumb/v6-m/nofp\libcr_c.a(_cr_sbrk.o)
 .comment       0x00000049       0x4a c:/nxp/mcuxpressoide_11.6.1_8255/ide/plugins/com.nxp.mcuxpresso.tools.win32_11.6.1.202207200623/tools/bin/../lib/gcc/arm-none-eabi/10.3.1/../../../../arm-none-eabi/lib/thumb/v6-m/nofp\libcr_c.a(_fdopen.o)
 .comment       0x00000049       0x4a c:/nxp/mcuxpressoide_11.6.1_8255/ide/plugins/com.nxp.mcuxpresso.tools.win32_11.6.1.202207200623/tools/bin/../lib/gcc/arm-none-eabi/10.3.1/../../../../arm-none-eabi/lib/thumb/v6-m/nofp\libcr_c.a(errno.o)
 .comment       0x00000049       0x4a c:/nxp/mcuxpressoide_11.6.1_8255/ide/plugins/com.nxp.mcuxpresso.tools.win32_11.6.1.202207200623/tools/bin/../lib/gcc/arm-none-eabi/10.3.1/../../../../arm-none-eabi/lib/thumb/v6-m/nofp\libcr_c.a(fclose.o)
 .comment       0x00000049       0x4a c:/nxp/mcuxpressoide_11.6.1_8255/ide/plugins/com.nxp.mcuxpresso.tools.win32_11.6.1.202207200623/tools/bin/../lib/gcc/arm-none-eabi/10.3.1/../../../../arm-none-eabi/lib/thumb/v6-m/nofp\libcr_c.a(fflush.o)
 .comment       0x00000049       0x4a c:/nxp/mcuxpressoide_11.6.1_8255/ide/plugins/com.nxp.mcuxpresso.tools.win32_11.6.1.202207200623/tools/bin/../lib/gcc/arm-none-eabi/10.3.1/../../../../arm-none-eabi/lib/thumb/v6-m/nofp\libcr_c.a(remove.o)
 .comment       0x00000049       0x4a c:/nxp/mcuxpressoide_11.6.1_8255/ide/plugins/com.nxp.mcuxpresso.tools.win32_11.6.1.202207200623/tools/bin/../lib/gcc/arm-none-eabi/10.3.1/../../../../arm-none-eabi/lib/thumb/v6-m/nofp\libcr_c.a(_cr_check_heap.o)
 .comment       0x00000049       0x4a c:/nxp/mcuxpressoide_11.6.1_8255/ide/plugins/com.nxp.mcuxpresso.tools.win32_11.6.1.202207200623/tools/bin/../lib/gcc/arm-none-eabi/10.3.1/../../../../arm-none-eabi/lib/thumb/v6-m/nofp\libcr_c.a(_do_fflush.o)

.ARM.attributes
                0x00000000       0x2a
 .ARM.attributes
                0x00000000       0x2c ./startup/startup_mkl46z4.o
 .ARM.attributes
                0x0000002c       0x2c ./source/SD2_board.o
 .ARM.attributes
                0x00000058       0x2c ./source/ejemploTramas.o
 .ARM.attributes
                0x00000084       0x2c ./source/mefRecTrama.o
 .ARM.attributes
                0x000000b0       0x2c ./source/mtb.o
 .ARM.attributes
                0x000000dc       0x2c ./source/procTrama.o
 .ARM.attributes
                0x00000108       0x2c ./source/ringBuffer.o
 .ARM.attributes
                0x00000134       0x2c ./source/semihost_hardfault.o
 .ARM.attributes
                0x00000160       0x2c ./source/uart_ringBufer.o
 .ARM.attributes
                0x0000018c       0x2c ./drivers/fsl_clock.o
 .ARM.attributes
                0x000001b8       0x2c ./drivers/fsl_gpio.o
 .ARM.attributes
                0x000001e4       0x2c ./drivers/fsl_lpsci.o
 .ARM.attributes
                0x00000210       0x2c ./drivers/fsl_uart.o
 .ARM.attributes
                0x0000023c       0x2c ./board/src/clock_config.o
 .ARM.attributes
                0x00000268       0x2c ./CMSIS/system_MKL46Z4.o
 .ARM.attributes
                0x00000294       0x2c c:/nxp/mcuxpressoide_11.6.1_8255/ide/plugins/com.nxp.mcuxpresso.tools.win32_11.6.1.202207200623/tools/bin/../lib/gcc/arm-none-eabi/10.3.1/../../../../arm-none-eabi/lib/thumb/v6-m/nofp\libcr_semihost_nf.a(_cr__main.o)
 .ARM.attributes
                0x000002c0       0x2c c:/nxp/mcuxpressoide_11.6.1_8255/ide/plugins/com.nxp.mcuxpresso.tools.win32_11.6.1.202207200623/tools/bin/../lib/gcc/arm-none-eabi/10.3.1/../../../../arm-none-eabi/lib/thumb/v6-m/nofp\libcr_semihost_nf.a(_cr_assert.o)
 .ARM.attributes
                0x000002ec       0x2c c:/nxp/mcuxpressoide_11.6.1_8255/ide/plugins/com.nxp.mcuxpresso.tools.win32_11.6.1.202207200623/tools/bin/../lib/gcc/arm-none-eabi/10.3.1/../../../../arm-none-eabi/lib/thumb/v6-m/nofp\libcr_semihost_nf.a(__ciob.o)
 .ARM.attributes
                0x00000318       0x1c c:/nxp/mcuxpressoide_11.6.1_8255/ide/plugins/com.nxp.mcuxpresso.tools.win32_11.6.1.202207200623/tools/bin/../lib/gcc/arm-none-eabi/10.3.1/../../../../arm-none-eabi/lib/thumb/v6-m/nofp\libcr_semihost_nf.a(__sys_appexit.o)
 .ARM.attributes
                0x00000334       0x2c c:/nxp/mcuxpressoide_11.6.1_8255/ide/plugins/com.nxp.mcuxpresso.tools.win32_11.6.1.202207200623/tools/bin/../lib/gcc/arm-none-eabi/10.3.1/../../../../arm-none-eabi/lib/thumb/v6-m/nofp\libcr_c.a(memset.o)
 .ARM.attributes
                0x00000360       0x2c c:/nxp/mcuxpressoide_11.6.1_8255/ide/plugins/com.nxp.mcuxpresso.tools.win32_11.6.1.202207200623/tools/bin/../lib/gcc/arm-none-eabi/10.3.1/../../../../arm-none-eabi/lib/thumb/v6-m/nofp\libcr_c.a(_deferredlazyseek.o)
 .ARM.attributes
                0x0000038c       0x2c c:/nxp/mcuxpressoide_11.6.1_8255/ide/plugins/com.nxp.mcuxpresso.tools.win32_11.6.1.202207200623/tools/bin/../lib/gcc/arm-none-eabi/10.3.1/../../../../arm-none-eabi/lib/thumb/v6-m/nofp\libcr_c.a(_fflush.o)
 .ARM.attributes
                0x000003b8       0x2c c:/nxp/mcuxpressoide_11.6.1_8255/ide/plugins/com.nxp.mcuxpresso.tools.win32_11.6.1.202207200623/tools/bin/../lib/gcc/arm-none-eabi/10.3.1/../../../../arm-none-eabi/lib/thumb/v6-m/nofp\libcr_c.a(_writebuf.o)
 .ARM.attributes
                0x000003e4       0x2c c:/nxp/mcuxpressoide_11.6.1_8255/ide/plugins/com.nxp.mcuxpresso.tools.win32_11.6.1.202207200623/tools/bin/../lib/gcc/arm-none-eabi/10.3.1/../../../../arm-none-eabi/lib/thumb/v6-m/nofp\libcr_c.a(alloc.o)
 .ARM.attributes
                0x00000410       0x2c c:/nxp/mcuxpressoide_11.6.1_8255/ide/plugins/com.nxp.mcuxpresso.tools.win32_11.6.1.202207200623/tools/bin/../lib/gcc/arm-none-eabi/10.3.1/../../../../arm-none-eabi/lib/thumb/v6-m/nofp\libcr_c.a(fputs.o)
 .ARM.attributes
                0x0000043c       0x2c c:/nxp/mcuxpressoide_11.6.1_8255/ide/plugins/com.nxp.mcuxpresso.tools.win32_11.6.1.202207200623/tools/bin/../lib/gcc/arm-none-eabi/10.3.1/../../../../arm-none-eabi/lib/thumb/v6-m/nofp\libcr_c.a(fseek.o)
 .ARM.attributes
                0x00000468       0x2c c:/nxp/mcuxpressoide_11.6.1_8255/ide/plugins/com.nxp.mcuxpresso.tools.win32_11.6.1.202207200623/tools/bin/../lib/gcc/arm-none-eabi/10.3.1/../../../../arm-none-eabi/lib/thumb/v6-m/nofp\libcr_c.a(ftell.o)
 .ARM.attributes
                0x00000494       0x2c c:/nxp/mcuxpressoide_11.6.1_8255/ide/plugins/com.nxp.mcuxpresso.tools.win32_11.6.1.202207200623/tools/bin/../lib/gcc/arm-none-eabi/10.3.1/../../../../arm-none-eabi/lib/thumb/v6-m/nofp\libcr_c.a(initio.o)
 .ARM.attributes
                0x000004c0       0x2c c:/nxp/mcuxpressoide_11.6.1_8255/ide/plugins/com.nxp.mcuxpresso.tools.win32_11.6.1.202207200623/tools/bin/../lib/gcc/arm-none-eabi/10.3.1/../../../../arm-none-eabi/lib/thumb/v6-m/nofp\libcr_c.a(setvbuf.o)
 .ARM.attributes
                0x000004ec       0x2c c:/nxp/mcuxpressoide_11.6.1_8255/ide/plugins/com.nxp.mcuxpresso.tools.win32_11.6.1.202207200623/tools/bin/../lib/gcc/arm-none-eabi/10.3.1/../../../../arm-none-eabi/lib/thumb/v6-m/nofp\libcr_c.a(strlen.o)
 .ARM.attributes
                0x00000518       0x2c c:/nxp/mcuxpressoide_11.6.1_8255/ide/plugins/com.nxp.mcuxpresso.tools.win32_11.6.1.202207200623/tools/bin/../lib/gcc/arm-none-eabi/10.3.1/../../../../arm-none-eabi/lib/thumb/v6-m/nofp\libcr_c.a(__init_alloc.o)
 .ARM.attributes
                0x00000544       0x2c c:/nxp/mcuxpressoide_11.6.1_8255/ide/plugins/com.nxp.mcuxpresso.tools.win32_11.6.1.202207200623/tools/bin/../lib/gcc/arm-none-eabi/10.3.1/../../../../arm-none-eabi/lib/thumb/v6-m/nofp\libcr_c.a(_cr_sbrk.o)
 .ARM.attributes
                0x00000570       0x2c c:/nxp/mcuxpressoide_11.6.1_8255/ide/plugins/com.nxp.mcuxpresso.tools.win32_11.6.1.202207200623/tools/bin/../lib/gcc/arm-none-eabi/10.3.1/../../../../arm-none-eabi/lib/thumb/v6-m/nofp\libcr_c.a(_fdopen.o)
 .ARM.attributes
                0x0000059c       0x2c c:/nxp/mcuxpressoide_11.6.1_8255/ide/plugins/com.nxp.mcuxpresso.tools.win32_11.6.1.202207200623/tools/bin/../lib/gcc/arm-none-eabi/10.3.1/../../../../arm-none-eabi/lib/thumb/v6-m/nofp\libcr_c.a(errno.o)
 .ARM.attributes
                0x000005c8       0x2c c:/nxp/mcuxpressoide_11.6.1_8255/ide/plugins/com.nxp.mcuxpresso.tools.win32_11.6.1.202207200623/tools/bin/../lib/gcc/arm-none-eabi/10.3.1/../../../../arm-none-eabi/lib/thumb/v6-m/nofp\libcr_c.a(fclose.o)
 .ARM.attributes
                0x000005f4       0x2c c:/nxp/mcuxpressoide_11.6.1_8255/ide/plugins/com.nxp.mcuxpresso.tools.win32_11.6.1.202207200623/tools/bin/../lib/gcc/arm-none-eabi/10.3.1/../../../../arm-none-eabi/lib/thumb/v6-m/nofp\libcr_c.a(fflush.o)
 .ARM.attributes
                0x00000620       0x2c c:/nxp/mcuxpressoide_11.6.1_8255/ide/plugins/com.nxp.mcuxpresso.tools.win32_11.6.1.202207200623/tools/bin/../lib/gcc/arm-none-eabi/10.3.1/../../../../arm-none-eabi/lib/thumb/v6-m/nofp\libcr_c.a(remove.o)
 .ARM.attributes
                0x0000064c       0x2c c:/nxp/mcuxpressoide_11.6.1_8255/ide/plugins/com.nxp.mcuxpresso.tools.win32_11.6.1.202207200623/tools/bin/../lib/gcc/arm-none-eabi/10.3.1/../../../../arm-none-eabi/lib/thumb/v6-m/nofp\libcr_c.a(_cr_check_heap.o)
 .ARM.attributes
                0x00000678       0x2c c:/nxp/mcuxpressoide_11.6.1_8255/ide/plugins/com.nxp.mcuxpresso.tools.win32_11.6.1.202207200623/tools/bin/../lib/gcc/arm-none-eabi/10.3.1/../../../../arm-none-eabi/lib/thumb/v6-m/nofp\libcr_c.a(_do_fflush.o)
 .ARM.attributes
                0x000006a4       0x1c c:/nxp/mcuxpressoide_11.6.1_8255/ide/plugins/com.nxp.mcuxpresso.tools.win32_11.6.1.202207200623/tools/bin/../lib/gcc/arm-none-eabi/10.3.1/thumb/v6-m/nofp\libcr_eabihelpers.a(division_32.o)
 .ARM.attributes
                0x000006c0       0x1c c:/nxp/mcuxpressoide_11.6.1_8255/ide/plugins/com.nxp.mcuxpresso.tools.win32_11.6.1.202207200623/tools/bin/../lib/gcc/arm-none-eabi/10.3.1/thumb/v6-m/nofp\libcr_eabihelpers.a(division_idiv0.o)
 .ARM.attributes
                0x000006dc       0x1c c:/nxp/mcuxpressoide_11.6.1_8255/ide/plugins/com.nxp.mcuxpresso.tools.win32_11.6.1.202207200623/tools/bin/../lib/gcc/arm-none-eabi/10.3.1/thumb/v6-m/nofp\libcr_eabihelpers.a(memcpy.o)
 .ARM.attributes
                0x000006f8       0x1c c:/nxp/mcuxpressoide_11.6.1_8255/ide/plugins/com.nxp.mcuxpresso.tools.win32_11.6.1.202207200623/tools/bin/../lib/gcc/arm-none-eabi/10.3.1/../../../../arm-none-eabi/lib/thumb/v6-m/nofp\libcr_semihost_nf.a(__sys_close.o)
 .ARM.attributes
                0x00000714       0x1c c:/nxp/mcuxpressoide_11.6.1_8255/ide/plugins/com.nxp.mcuxpresso.tools.win32_11.6.1.202207200623/tools/bin/../lib/gcc/arm-none-eabi/10.3.1/../../../../arm-none-eabi/lib/thumb/v6-m/nofp\libcr_semihost_nf.a(__sys_flen.o)
 .ARM.attributes
                0x00000730       0x1c c:/nxp/mcuxpressoide_11.6.1_8255/ide/plugins/com.nxp.mcuxpresso.tools.win32_11.6.1.202207200623/tools/bin/../lib/gcc/arm-none-eabi/10.3.1/../../../../arm-none-eabi/lib/thumb/v6-m/nofp\libcr_semihost_nf.a(__sys_istty.o)
 .ARM.attributes
                0x0000074c       0x1c c:/nxp/mcuxpressoide_11.6.1_8255/ide/plugins/com.nxp.mcuxpresso.tools.win32_11.6.1.202207200623/tools/bin/../lib/gcc/arm-none-eabi/10.3.1/../../../../arm-none-eabi/lib/thumb/v6-m/nofp\libcr_semihost_nf.a(__sys_remove.o)
 .ARM.attributes
                0x00000768       0x1c c:/nxp/mcuxpressoide_11.6.1_8255/ide/plugins/com.nxp.mcuxpresso.tools.win32_11.6.1.202207200623/tools/bin/../lib/gcc/arm-none-eabi/10.3.1/../../../../arm-none-eabi/lib/thumb/v6-m/nofp\libcr_semihost_nf.a(__sys_seek.o)
 .ARM.attributes
                0x00000784       0x1c c:/nxp/mcuxpressoide_11.6.1_8255/ide/plugins/com.nxp.mcuxpresso.tools.win32_11.6.1.202207200623/tools/bin/../lib/gcc/arm-none-eabi/10.3.1/../../../../arm-none-eabi/lib/thumb/v6-m/nofp\libcr_semihost_nf.a(__sys_tmpnam.o)
 .ARM.attributes
                0x000007a0       0x1c c:/nxp/mcuxpressoide_11.6.1_8255/ide/plugins/com.nxp.mcuxpresso.tools.win32_11.6.1.202207200623/tools/bin/../lib/gcc/arm-none-eabi/10.3.1/../../../../arm-none-eabi/lib/thumb/v6-m/nofp\libcr_semihost_nf.a(__sys_write.o)

.debug_frame    0x00000000     0x1a40
 .debug_frame   0x00000000      0x3b0 ./startup/startup_mkl46z4.o
 .debug_frame   0x000003b0      0x150 ./source/SD2_board.o
 .debug_frame   0x00000500       0x2c ./source/ejemploTramas.o
 .debug_frame   0x0000052c       0x30 ./source/mefRecTrama.o
 .debug_frame   0x0000055c       0x50 ./source/procTrama.o
 .debug_frame   0x000005ac       0xd0 ./source/ringBuffer.o
 .debug_frame   0x0000067c       0x20 ./source/semihost_hardfault.o
 .debug_frame   0x0000069c      0x170 ./source/uart_ringBufer.o
 .debug_frame   0x0000080c      0x6e0 ./drivers/fsl_clock.o
 .debug_frame   0x00000eec      0x190 ./drivers/fsl_gpio.o
 .debug_frame   0x0000107c      0x414 ./drivers/fsl_lpsci.o
 .debug_frame   0x00001490      0x464 ./drivers/fsl_uart.o
 .debug_frame   0x000018f4       0xe4 ./board/src/clock_config.o
 .debug_frame   0x000019d8       0x68 ./CMSIS/system_MKL46Z4.o
