../CMSIS/core_cm0plus.h:733:22:__NVIC_EnableIRQ	16	static
../CMSIS/core_cm0plus.h:769:22:__NVIC_DisableIRQ	16	static
../CMSIS/core_cm0plus.h:840:22:__NVIC_SetPriority	24	static
../drivers/fsl_port.h:268:20:PORT_SetPinConfig	32	static
../drivers/fsl_port.h:439:20:PORT_SetPinInterruptConfig	24	static
../drivers/fsl_port.h:484:20:PORT_ClearPinsInterruptFlags	16	static
../source/mma8451.c:220:16:mma8451_read_reg	56	static
../source/mma8451.c:240:13:mma8451_read_multireg	56	static
../source/mma8451.c:260:13:mma8451_write_reg	48	static
../source/mma8451.c:279:13:config_port_int1	16	static
../source/mma8451.c:310:6:mma8451_disableInt	8	static
../source/mma8451.c:316:6:mma8451_init	32	static
../source/mma8451.c:377:6:mma8451_setDataRate	32	static
../source/mma8451.c:401:9:mma8451_getAcX	8	static
../source/mma8451.c:406:9:mma8451_getAcY	8	static
../source/mma8451.c:411:9:mma8451_getAcZ	8	static
../source/mma8451.c:418:6:PORTC_PORTD_IRQHandler	32	static
../source/mma8451.c:480:6:mma8451_getFFEv	16	static
../source/mma8451.c:493:6:mma8451_setFF_int	40	static
../source/mma8451.c:598:6:mma8451_setDR_int	32	static
