../source/oled.c:104:1:writeCommand	16	static
../source/oled.c:120:1:writeData	16	static
../source/oled.c:137:1:writeDataLen	160	static
../source/oled.c:159:1:runInitSequence	8	static
../source/oled.c:206:13:hLine	32	static
../source/oled.c:236:13:vLine	32	static
../source/oled.c:266:6:oled_init	16	static
../source/oled.c:293:6:oled_setContrast	16	static
../source/oled.c:309:6:oled_putPixel	48	static
../source/oled.c:370:6:oled_line	40	static
../source/oled.c:473:6:oled_circle	64	static
../source/oled.c:611:6:oled_rect	24	static
../source/oled.c:632:6:oled_fillRect	32	static
../source/oled.c:679:6:oled_clearScreen	32	static
../source/oled.c:696:9:oled_putChar	32	static
../source/oled.c:736:6:oled_putString	32	static
