../CMSIS/core_cm0plus.h:733:22:__NVIC_EnableIRQ	16	static
../drivers/fsl_clock.h:601:20:CLOCK_EnableClock	24	static
../drivers/fsl_clock.h:612:20:CLOCK_DisableClock	24	static
../drivers/fsl_common.h:405:28:EnableIRQ	16	static
../drivers/fsl_dma.h:365:20:DMA_EnableInterrupts	16	static
../drivers/fsl_dma.h:475:20:DMA_ClearChannelStatusFlags	24	static
../drivers/fsl_dma.c:79:17:DMA_GetInstance	24	static
../drivers/fsl_dma.c:97:6:DMA_Init	16	static
../drivers/fsl_dma.c:104:6:DMA_Deinit	16	static
../drivers/fsl_dma.c:111:6:DMA_ResetChannel	16	static
../drivers/fsl_dma.c:125:6:DMA_SetTransferConfig	32	static
../drivers/fsl_dma.c:146:6:DMA_SetChannelLinkConfig	32	static
../drivers/fsl_dma.c:159:6:DMA_SetModulo	32	static
../drivers/fsl_dma.c:171:6:DMA_CreateHandle	32	static
../drivers/fsl_dma.c:193:6:DMA_PrepareTransfer	24	static
../drivers/fsl_dma.c:257:6:DMA_SetCallback	24	static
../drivers/fsl_dma.c:265:10:DMA_SubmitTransfer	24	static
../drivers/fsl_dma.c:284:6:DMA_AbortTransfer	16	static
../drivers/fsl_dma.c:293:6:DMA_HandleIRQ	16	static
../drivers/fsl_dma.c:306:6:DMA0_DriverIRQHandler	8	static
../drivers/fsl_dma.c:316:6:DMA1_DriverIRQHandler	8	static
../drivers/fsl_dma.c:326:6:DMA2_DriverIRQHandler	8	static
../drivers/fsl_dma.c:336:6:DMA3_DriverIRQHandler	8	static
